
> frontend@1.0.0 test
> jest --passWithNoTests --no-coverage --watchAll=false

PASS __test__/Signin.test.jsx
  ● Console

    console.log
      Error checking login status: Error: Storage error
          at Object.<anonymous> (D:\Mobile\MobileProjectFinal\frontend\__test__\Signin.test.jsx:58:44)
          at Generator.next (<anonymous>)
          at asyncGeneratorStep (D:\Mobile\MobileProjectFinal\frontend\node_modules\@babel\runtime\helpers\asyncToGenerator.js:3:17)
          at _next (D:\Mobile\MobileProjectFinal\frontend\node_modules\@babel\runtime\helpers\asyncToGenerator.js:17:9)
          at D:\Mobile\MobileProjectFinal\frontend\node_modules\@babel\runtime\helpers\asyncToGenerator.js:22:7
          at new Promise (<anonymous>)
          at Object.<anonymous> (D:\Mobile\MobileProjectFinal\frontend\node_modules\@babel\runtime\helpers\asyncToGenerator.js:14:12)
          at Promise.then.completed (D:\Mobile\MobileProjectFinal\frontend\node_modules\jest-circus\build\utils.js:298:28)
          at new Promise (<anonymous>)
          at callAsyncCircusFn (D:\Mobile\MobileProjectFinal\frontend\node_modules\jest-circus\build\utils.js:231:10)
          at _callCircusTest (D:\Mobile\MobileProjectFinal\frontend\node_modules\jest-circus\build\run.js:316:40)
          at _runTest (D:\Mobile\MobileProjectFinal\frontend\node_modules\jest-circus\build\run.js:252:3)
          at _runTestsForDescribeBlock (D:\Mobile\MobileProjectFinal\frontend\node_modules\jest-circus\build\run.js:126:9)
          at _runTestsForDescribeBlock (D:\Mobile\MobileProjectFinal\frontend\node_modules\jest-circus\build\run.js:121:9)
          at run (D:\Mobile\MobileProjectFinal\frontend\node_modules\jest-circus\build\run.js:71:3)
          at runAndTransformResultsToJestFormat (D:\Mobile\MobileProjectFinal\frontend\node_modules\jest-circus\build\legacy-code-todo-rewrite\jestAdapterInit.js:122:21)
          at jestAdapter (D:\Mobile\MobileProjectFinal\frontend\node_modules\jest-circus\build\legacy-code-todo-rewrite\jestAdapter.js:79:19)
          at runTestInternal (d:\Mobile\MobileProjectFinal\frontend\node_modules\jest-runner\build\runTest.js:367:16)
          at runTest (d:\Mobile\MobileProjectFinal\frontend\node_modules\jest-runner\build\runTest.js:444:34)
          at Object.worker (d:\Mobile\MobileProjectFinal\frontend\node_modules\jest-runner\build\testWorker.js:106:12)

      at log (app/screens/Signin.jsx:38:15)
          at Generator.throw (<anonymous>)

PASS __test__/Signup.test.jsx
PASS __test__/UserPayment.test.jsx
  ● Console

    console.error
      An update to PaymentScreen inside a test was not wrapped in act(...).
      
      When testing, code that causes React state updates should be wrapped into act(...):
      
      act(() => {
        /* fire events that update state */
      });
      /* assert on the output */
      
      This ensures that you're testing the behavior the user would see in the browser. Learn more at https://react.dev/link/wrap-tests-with-act

    [0m [90m 49 |[39m         { headers[33m:[39m { [33mAuthorization[39m[33m:[39m [32m`Bearer ${token}`[39m } }
     [90m 50 |[39m       )[33m;[39m
    [31m[1m>[22m[39m[90m 51 |[39m       setBooking(response[33m.[39mdata[33m.[39mbooking)[33m;[39m
     [90m    |[39m       [31m[1m^[22m[39m
     [90m 52 |[39m     } [36mcatch[39m (error) {
     [90m 53 |[39m       console[33m.[39merror([32m'Error fetching booking:'[39m[33m,[39m error)[33m;[39m
     [90m 54 |[39m       [33mAlert[39m[33m.[39malert([32m'Error'[39m[33m,[39m [32m'Failed to load booking details'[39m)[33m;[39m[0m

      at node_modules/react-test-renderer/cjs/react-test-renderer.development.js:11801:19
      at runWithFiberInDEV (node_modules/react-test-renderer/cjs/react-test-renderer.development.js:1574:13)
      at warnIfUpdatesNotWrappedWithActDEV (node_modules/react-test-renderer/cjs/react-test-renderer.development.js:11800:9)
      at scheduleUpdateOnFiber (node_modules/react-test-renderer/cjs/react-test-renderer.development.js:10326:9)
      at dispatchSetStateInternal (node_modules/react-test-renderer/cjs/react-test-renderer.development.js:4148:13)
      at dispatchSetState (node_modules/react-test-renderer/cjs/react-test-renderer.development.js:4107:7)
      at setBooking (app/user/payment.jsx:51:7)
      at asyncGeneratorStep (node_modules/@babel/runtime/helpers/asyncToGenerator.js:3:17)
      at _next (node_modules/@babel/runtime/helpers/asyncToGenerator.js:17:9)

    console.error
      An update to PaymentScreen inside a test was not wrapped in act(...).
      
      When testing, code that causes React state updates should be wrapped into act(...):
      
      act(() => {
        /* fire events that update state */
      });
      /* assert on the output */
      
      This ensures that you're testing the behavior the user would see in the browser. Learn more at https://react.dev/link/wrap-tests-with-act

    [0m [90m 54 |[39m       [33mAlert[39m[33m.[39malert([32m'Error'[39m[33m,[39m [32m'Failed to load booking details'[39m)[33m;[39m
     [90m 55 |[39m     } [36mfinally[39m {
    [31m[1m>[22m[39m[90m 56 |[39m       setLoading([36mfalse[39m)[33m;[39m
     [90m    |[39m       [31m[1m^[22m[39m
     [90m 57 |[39m     }
     [90m 58 |[39m   }[33m;[39m
     [90m 59 |[39m[0m

      at node_modules/react-test-renderer/cjs/react-test-renderer.development.js:11801:19
      at runWithFiberInDEV (node_modules/react-test-renderer/cjs/react-test-renderer.development.js:1574:13)
      at warnIfUpdatesNotWrappedWithActDEV (node_modules/react-test-renderer/cjs/react-test-renderer.development.js:11800:9)
      at scheduleUpdateOnFiber (node_modules/react-test-renderer/cjs/react-test-renderer.development.js:10326:9)
      at dispatchSetStateInternal (node_modules/react-test-renderer/cjs/react-test-renderer.development.js:4148:13)
      at dispatchSetState (node_modules/react-test-renderer/cjs/react-test-renderer.development.js:4107:7)
      at setLoading (app/user/payment.jsx:56:7)
      at asyncGeneratorStep (node_modules/@babel/runtime/helpers/asyncToGenerator.js:3:17)
      at _next (node_modules/@babel/runtime/helpers/asyncToGenerator.js:17:9)

    console.error
      An update to PaymentScreen inside a test was not wrapped in act(...).
      
      When testing, code that causes React state updates should be wrapped into act(...):
      
      act(() => {
        /* fire events that update state */
      });
      /* assert on the output */
      
      This ensures that you're testing the behavior the user would see in the browser. Learn more at https://react.dev/link/wrap-tests-with-act

    [0m [90m 49 |[39m         { headers[33m:[39m { [33mAuthorization[39m[33m:[39m [32m`Bearer ${token}`[39m } }
     [90m 50 |[39m       )[33m;[39m
    [31m[1m>[22m[39m[90m 51 |[39m       setBooking(response[33m.[39mdata[33m.[39mbooking)[33m;[39m
     [90m    |[39m       [31m[1m^[22m[39m
     [90m 52 |[39m     } [36mcatch[39m (error) {
     [90m 53 |[39m       console[33m.[39merror([32m'Error fetching booking:'[39m[33m,[39m error)[33m;[39m
     [90m 54 |[39m       [33mAlert[39m[33m.[39malert([32m'Error'[39m[33m,[39m [32m'Failed to load booking details'[39m)[33m;[39m[0m

      at node_modules/react-test-renderer/cjs/react-test-renderer.development.js:11801:19
      at runWithFiberInDEV (node_modules/react-test-renderer/cjs/react-test-renderer.development.js:1574:13)
      at warnIfUpdatesNotWrappedWithActDEV (node_modules/react-test-renderer/cjs/react-test-renderer.development.js:11800:9)
      at scheduleUpdateOnFiber (node_modules/react-test-renderer/cjs/react-test-renderer.development.js:10326:9)
      at dispatchSetStateInternal (node_modules/react-test-renderer/cjs/react-test-renderer.development.js:4148:13)
      at dispatchSetState (node_modules/react-test-renderer/cjs/react-test-renderer.development.js:4107:7)
      at setBooking (app/user/payment.jsx:51:7)
      at asyncGeneratorStep (node_modules/@babel/runtime/helpers/asyncToGenerator.js:3:17)
      at _next (node_modules/@babel/runtime/helpers/asyncToGenerator.js:17:9)

    console.error
      An update to PaymentScreen inside a test was not wrapped in act(...).
      
      When testing, code that causes React state updates should be wrapped into act(...):
      
      act(() => {
        /* fire events that update state */
      });
      /* assert on the output */
      
      This ensures that you're testing the behavior the user would see in the browser. Learn more at https://react.dev/link/wrap-tests-with-act

    [0m [90m 54 |[39m       [33mAlert[39m[33m.[39malert([32m'Error'[39m[33m,[39m [32m'Failed to load booking details'[39m)[33m;[39m
     [90m 55 |[39m     } [36mfinally[39m {
    [31m[1m>[22m[39m[90m 56 |[39m       setLoading([36mfalse[39m)[33m;[39m
     [90m    |[39m       [31m[1m^[22m[39m
     [90m 57 |[39m     }
     [90m 58 |[39m   }[33m;[39m
     [90m 59 |[39m[0m

      at node_modules/react-test-renderer/cjs/react-test-renderer.development.js:11801:19
      at runWithFiberInDEV (node_modules/react-test-renderer/cjs/react-test-renderer.development.js:1574:13)
      at warnIfUpdatesNotWrappedWithActDEV (node_modules/react-test-renderer/cjs/react-test-renderer.development.js:11800:9)
      at scheduleUpdateOnFiber (node_modules/react-test-renderer/cjs/react-test-renderer.development.js:10326:9)
      at dispatchSetStateInternal (node_modules/react-test-renderer/cjs/react-test-renderer.development.js:4148:13)
      at dispatchSetState (node_modules/react-test-renderer/cjs/react-test-renderer.development.js:4107:7)
      at setLoading (app/user/payment.jsx:56:7)
      at asyncGeneratorStep (node_modules/@babel/runtime/helpers/asyncToGenerator.js:3:17)
      at _next (node_modules/@babel/runtime/helpers/asyncToGenerator.js:17:9)

    console.error
      An update to PaymentScreen inside a test was not wrapped in act(...).
      
      When testing, code that causes React state updates should be wrapped into act(...):
      
      act(() => {
        /* fire events that update state */
      });
      /* assert on the output */
      
      This ensures that you're testing the behavior the user would see in the browser. Learn more at https://react.dev/link/wrap-tests-with-act

    [0m [90m 49 |[39m         { headers[33m:[39m { [33mAuthorization[39m[33m:[39m [32m`Bearer ${token}`[39m } }
     [90m 50 |[39m       )[33m;[39m
    [31m[1m>[22m[39m[90m 51 |[39m       setBooking(response[33m.[39mdata[33m.[39mbooking)[33m;[39m
     [90m    |[39m       [31m[1m^[22m[39m
     [90m 52 |[39m     } [36mcatch[39m (error) {
     [90m 53 |[39m       console[33m.[39merror([32m'Error fetching booking:'[39m[33m,[39m error)[33m;[39m
     [90m 54 |[39m       [33mAlert[39m[33m.[39malert([32m'Error'[39m[33m,[39m [32m'Failed to load booking details'[39m)[33m;[39m[0m

      at node_modules/react-test-renderer/cjs/react-test-renderer.development.js:11801:19
      at runWithFiberInDEV (node_modules/react-test-renderer/cjs/react-test-renderer.development.js:1574:13)
      at warnIfUpdatesNotWrappedWithActDEV (node_modules/react-test-renderer/cjs/react-test-renderer.development.js:11800:9)
      at scheduleUpdateOnFiber (node_modules/react-test-renderer/cjs/react-test-renderer.development.js:10326:9)
      at dispatchSetStateInternal (node_modules/react-test-renderer/cjs/react-test-renderer.development.js:4148:13)
      at dispatchSetState (node_modules/react-test-renderer/cjs/react-test-renderer.development.js:4107:7)
      at setBooking (app/user/payment.jsx:51:7)
      at asyncGeneratorStep (node_modules/@babel/runtime/helpers/asyncToGenerator.js:3:17)
      at _next (node_modules/@babel/runtime/helpers/asyncToGenerator.js:17:9)

    console.error
      An update to PaymentScreen inside a test was not wrapped in act(...).
      
      When testing, code that causes React state updates should be wrapped into act(...):
      
      act(() => {
        /* fire events that update state */
      });
      /* assert on the output */
      
      This ensures that you're testing the behavior the user would see in the browser. Learn more at https://react.dev/link/wrap-tests-with-act

    [0m [90m 54 |[39m       [33mAlert[39m[33m.[39malert([32m'Error'[39m[33m,[39m [32m'Failed to load booking details'[39m)[33m;[39m
     [90m 55 |[39m     } [36mfinally[39m {
    [31m[1m>[22m[39m[90m 56 |[39m       setLoading([36mfalse[39m)[33m;[39m
     [90m    |[39m       [31m[1m^[22m[39m
     [90m 57 |[39m     }
     [90m 58 |[39m   }[33m;[39m
     [90m 59 |[39m[0m

      at node_modules/react-test-renderer/cjs/react-test-renderer.development.js:11801:19
      at runWithFiberInDEV (node_modules/react-test-renderer/cjs/react-test-renderer.development.js:1574:13)
      at warnIfUpdatesNotWrappedWithActDEV (node_modules/react-test-renderer/cjs/react-test-renderer.development.js:11800:9)
      at scheduleUpdateOnFiber (node_modules/react-test-renderer/cjs/react-test-renderer.development.js:10326:9)
      at dispatchSetStateInternal (node_modules/react-test-renderer/cjs/react-test-renderer.development.js:4148:13)
      at dispatchSetState (node_modules/react-test-renderer/cjs/react-test-renderer.development.js:4107:7)
      at setLoading (app/user/payment.jsx:56:7)
      at asyncGeneratorStep (node_modules/@babel/runtime/helpers/asyncToGenerator.js:3:17)
      at _next (node_modules/@babel/runtime/helpers/asyncToGenerator.js:17:9)

    console.error
      An update to PaymentScreen inside a test was not wrapped in act(...).
      
      When testing, code that causes React state updates should be wrapped into act(...):
      
      act(() => {
        /* fire events that update state */
      });
      /* assert on the output */
      
      This ensures that you're testing the behavior the user would see in the browser. Learn more at https://react.dev/link/wrap-tests-with-act

    [0m [90m 49 |[39m         { headers[33m:[39m { [33mAuthorization[39m[33m:[39m [32m`Bearer ${token}`[39m } }
     [90m 50 |[39m       )[33m;[39m
    [31m[1m>[22m[39m[90m 51 |[39m       setBooking(response[33m.[39mdata[33m.[39mbooking)[33m;[39m
     [90m    |[39m       [31m[1m^[22m[39m
     [90m 52 |[39m     } [36mcatch[39m (error) {
     [90m 53 |[39m       console[33m.[39merror([32m'Error fetching booking:'[39m[33m,[39m error)[33m;[39m
     [90m 54 |[39m       [33mAlert[39m[33m.[39malert([32m'Error'[39m[33m,[39m [32m'Failed to load booking details'[39m)[33m;[39m[0m

      at node_modules/react-test-renderer/cjs/react-test-renderer.development.js:11801:19
      at runWithFiberInDEV (node_modules/react-test-renderer/cjs/react-test-renderer.development.js:1574:13)
      at warnIfUpdatesNotWrappedWithActDEV (node_modules/react-test-renderer/cjs/react-test-renderer.development.js:11800:9)
      at scheduleUpdateOnFiber (node_modules/react-test-renderer/cjs/react-test-renderer.development.js:10326:9)
      at dispatchSetStateInternal (node_modules/react-test-renderer/cjs/react-test-renderer.development.js:4148:13)
      at dispatchSetState (node_modules/react-test-renderer/cjs/react-test-renderer.development.js:4107:7)
      at setBooking (app/user/payment.jsx:51:7)
      at asyncGeneratorStep (node_modules/@babel/runtime/helpers/asyncToGenerator.js:3:17)
      at _next (node_modules/@babel/runtime/helpers/asyncToGenerator.js:17:9)

    console.error
      An update to PaymentScreen inside a test was not wrapped in act(...).
      
      When testing, code that causes React state updates should be wrapped into act(...):
      
      act(() => {
        /* fire events that update state */
      });
      /* assert on the output */
      
      This ensures that you're testing the behavior the user would see in the browser. Learn more at https://react.dev/link/wrap-tests-with-act

    [0m [90m 54 |[39m       [33mAlert[39m[33m.[39malert([32m'Error'[39m[33m,[39m [32m'Failed to load booking details'[39m)[33m;[39m
     [90m 55 |[39m     } [36mfinally[39m {
    [31m[1m>[22m[39m[90m 56 |[39m       setLoading([36mfalse[39m)[33m;[39m
     [90m    |[39m       [31m[1m^[22m[39m
     [90m 57 |[39m     }
     [90m 58 |[39m   }[33m;[39m
     [90m 59 |[39m[0m

      at node_modules/react-test-renderer/cjs/react-test-renderer.development.js:11801:19
      at runWithFiberInDEV (node_modules/react-test-renderer/cjs/react-test-renderer.development.js:1574:13)
      at warnIfUpdatesNotWrappedWithActDEV (node_modules/react-test-renderer/cjs/react-test-renderer.development.js:11800:9)
      at scheduleUpdateOnFiber (node_modules/react-test-renderer/cjs/react-test-renderer.development.js:10326:9)
      at dispatchSetStateInternal (node_modules/react-test-renderer/cjs/react-test-renderer.development.js:4148:13)
      at dispatchSetState (node_modules/react-test-renderer/cjs/react-test-renderer.development.js:4107:7)
      at setLoading (app/user/payment.jsx:56:7)
      at asyncGeneratorStep (node_modules/@babel/runtime/helpers/asyncToGenerator.js:3:17)
      at _next (node_modules/@babel/runtime/helpers/asyncToGenerator.js:17:9)

    console.error
      An update to PaymentScreen inside a test was not wrapped in act(...).
      
      When testing, code that causes React state updates should be wrapped into act(...):
      
      act(() => {
        /* fire events that update state */
      });
      /* assert on the output */
      
      This ensures that you're testing the behavior the user would see in the browser. Learn more at https://react.dev/link/wrap-tests-with-act

    [0m [90m 49 |[39m         { headers[33m:[39m { [33mAuthorization[39m[33m:[39m [32m`Bearer ${token}`[39m } }
     [90m 50 |[39m       )[33m;[39m
    [31m[1m>[22m[39m[90m 51 |[39m       setBooking(response[33m.[39mdata[33m.[39mbooking)[33m;[39m
     [90m    |[39m       [31m[1m^[22m[39m
     [90m 52 |[39m     } [36mcatch[39m (error) {
     [90m 53 |[39m       console[33m.[39merror([32m'Error fetching booking:'[39m[33m,[39m error)[33m;[39m
     [90m 54 |[39m       [33mAlert[39m[33m.[39malert([32m'Error'[39m[33m,[39m [32m'Failed to load booking details'[39m)[33m;[39m[0m

      at node_modules/react-test-renderer/cjs/react-test-renderer.development.js:11801:19
      at runWithFiberInDEV (node_modules/react-test-renderer/cjs/react-test-renderer.development.js:1574:13)
      at warnIfUpdatesNotWrappedWithActDEV (node_modules/react-test-renderer/cjs/react-test-renderer.development.js:11800:9)
      at scheduleUpdateOnFiber (node_modules/react-test-renderer/cjs/react-test-renderer.development.js:10326:9)
      at dispatchSetStateInternal (node_modules/react-test-renderer/cjs/react-test-renderer.development.js:4148:13)
      at dispatchSetState (node_modules/react-test-renderer/cjs/react-test-renderer.development.js:4107:7)
      at setBooking (app/user/payment.jsx:51:7)
      at asyncGeneratorStep (node_modules/@babel/runtime/helpers/asyncToGenerator.js:3:17)
      at _next (node_modules/@babel/runtime/helpers/asyncToGenerator.js:17:9)

    console.error
      An update to PaymentScreen inside a test was not wrapped in act(...).
      
      When testing, code that causes React state updates should be wrapped into act(...):
      
      act(() => {
        /* fire events that update state */
      });
      /* assert on the output */
      
      This ensures that you're testing the behavior the user would see in the browser. Learn more at https://react.dev/link/wrap-tests-with-act

    [0m [90m 54 |[39m       [33mAlert[39m[33m.[39malert([32m'Error'[39m[33m,[39m [32m'Failed to load booking details'[39m)[33m;[39m
     [90m 55 |[39m     } [36mfinally[39m {
    [31m[1m>[22m[39m[90m 56 |[39m       setLoading([36mfalse[39m)[33m;[39m
     [90m    |[39m       [31m[1m^[22m[39m
     [90m 57 |[39m     }
     [90m 58 |[39m   }[33m;[39m
     [90m 59 |[39m[0m

      at node_modules/react-test-renderer/cjs/react-test-renderer.development.js:11801:19
      at runWithFiberInDEV (node_modules/react-test-renderer/cjs/react-test-renderer.development.js:1574:13)
      at warnIfUpdatesNotWrappedWithActDEV (node_modules/react-test-renderer/cjs/react-test-renderer.development.js:11800:9)
      at scheduleUpdateOnFiber (node_modules/react-test-renderer/cjs/react-test-renderer.development.js:10326:9)
      at dispatchSetStateInternal (node_modules/react-test-renderer/cjs/react-test-renderer.development.js:4148:13)
      at dispatchSetState (node_modules/react-test-renderer/cjs/react-test-renderer.development.js:4107:7)
      at setLoading (app/user/payment.jsx:56:7)
      at asyncGeneratorStep (node_modules/@babel/runtime/helpers/asyncToGenerator.js:3:17)
      at _next (node_modules/@babel/runtime/helpers/asyncToGenerator.js:17:9)

    console.error
      An update to PaymentScreen inside a test was not wrapped in act(...).
      
      When testing, code that causes React state updates should be wrapped into act(...):
      
      act(() => {
        /* fire events that update state */
      });
      /* assert on the output */
      
      This ensures that you're testing the behavior the user would see in the browser. Learn more at https://react.dev/link/wrap-tests-with-act

    [0m [90m 49 |[39m         { headers[33m:[39m { [33mAuthorization[39m[33m:[39m [32m`Bearer ${token}`[39m } }
     [90m 50 |[39m       )[33m;[39m
    [31m[1m>[22m[39m[90m 51 |[39m       setBooking(response[33m.[39mdata[33m.[39mbooking)[33m;[39m
     [90m    |[39m       [31m[1m^[22m[39m
     [90m 52 |[39m     } [36mcatch[39m (error) {
     [90m 53 |[39m       console[33m.[39merror([32m'Error fetching booking:'[39m[33m,[39m error)[33m;[39m
     [90m 54 |[39m       [33mAlert[39m[33m.[39malert([32m'Error'[39m[33m,[39m [32m'Failed to load booking details'[39m)[33m;[39m[0m

      at node_modules/react-test-renderer/cjs/react-test-renderer.development.js:11801:19
      at runWithFiberInDEV (node_modules/react-test-renderer/cjs/react-test-renderer.development.js:1574:13)
      at warnIfUpdatesNotWrappedWithActDEV (node_modules/react-test-renderer/cjs/react-test-renderer.development.js:11800:9)
      at scheduleUpdateOnFiber (node_modules/react-test-renderer/cjs/react-test-renderer.development.js:10326:9)
      at dispatchSetStateInternal (node_modules/react-test-renderer/cjs/react-test-renderer.development.js:4148:13)
      at dispatchSetState (node_modules/react-test-renderer/cjs/react-test-renderer.development.js:4107:7)
      at setBooking (app/user/payment.jsx:51:7)
      at asyncGeneratorStep (node_modules/@babel/runtime/helpers/asyncToGenerator.js:3:17)
      at _next (node_modules/@babel/runtime/helpers/asyncToGenerator.js:17:9)

    console.error
      An update to PaymentScreen inside a test was not wrapped in act(...).
      
      When testing, code that causes React state updates should be wrapped into act(...):
      
      act(() => {
        /* fire events that update state */
      });
      /* assert on the output */
      
      This ensures that you're testing the behavior the user would see in the browser. Learn more at https://react.dev/link/wrap-tests-with-act

    [0m [90m 54 |[39m       [33mAlert[39m[33m.[39malert([32m'Error'[39m[33m,[39m [32m'Failed to load booking details'[39m)[33m;[39m
     [90m 55 |[39m     } [36mfinally[39m {
    [31m[1m>[22m[39m[90m 56 |[39m       setLoading([36mfalse[39m)[33m;[39m
     [90m    |[39m       [31m[1m^[22m[39m
     [90m 57 |[39m     }
     [90m 58 |[39m   }[33m;[39m
     [90m 59 |[39m[0m

      at node_modules/react-test-renderer/cjs/react-test-renderer.development.js:11801:19
      at runWithFiberInDEV (node_modules/react-test-renderer/cjs/react-test-renderer.development.js:1574:13)
      at warnIfUpdatesNotWrappedWithActDEV (node_modules/react-test-renderer/cjs/react-test-renderer.development.js:11800:9)
      at scheduleUpdateOnFiber (node_modules/react-test-renderer/cjs/react-test-renderer.development.js:10326:9)
      at dispatchSetStateInternal (node_modules/react-test-renderer/cjs/react-test-renderer.development.js:4148:13)
      at dispatchSetState (node_modules/react-test-renderer/cjs/react-test-renderer.development.js:4107:7)
      at setLoading (app/user/payment.jsx:56:7)
      at asyncGeneratorStep (node_modules/@babel/runtime/helpers/asyncToGenerator.js:3:17)
      at _next (node_modules/@babel/runtime/helpers/asyncToGenerator.js:17:9)

    console.error
      An update to PaymentScreen inside a test was not wrapped in act(...).
      
      When testing, code that causes React state updates should be wrapped into act(...):
      
      act(() => {
        /* fire events that update state */
      });
      /* assert on the output */
      
      This ensures that you're testing the behavior the user would see in the browser. Learn more at https://react.dev/link/wrap-tests-with-act

    [0m [90m 49 |[39m         { headers[33m:[39m { [33mAuthorization[39m[33m:[39m [32m`Bearer ${token}`[39m } }
     [90m 50 |[39m       )[33m;[39m
    [31m[1m>[22m[39m[90m 51 |[39m       setBooking(response[33m.[39mdata[33m.[39mbooking)[33m;[39m
     [90m    |[39m       [31m[1m^[22m[39m
     [90m 52 |[39m     } [36mcatch[39m (error) {
     [90m 53 |[39m       console[33m.[39merror([32m'Error fetching booking:'[39m[33m,[39m error)[33m;[39m
     [90m 54 |[39m       [33mAlert[39m[33m.[39malert([32m'Error'[39m[33m,[39m [32m'Failed to load booking details'[39m)[33m;[39m[0m

      at node_modules/react-test-renderer/cjs/react-test-renderer.development.js:11801:19
      at runWithFiberInDEV (node_modules/react-test-renderer/cjs/react-test-renderer.development.js:1574:13)
      at warnIfUpdatesNotWrappedWithActDEV (node_modules/react-test-renderer/cjs/react-test-renderer.development.js:11800:9)
      at scheduleUpdateOnFiber (node_modules/react-test-renderer/cjs/react-test-renderer.development.js:10326:9)
      at dispatchSetStateInternal (node_modules/react-test-renderer/cjs/react-test-renderer.development.js:4148:13)
      at dispatchSetState (node_modules/react-test-renderer/cjs/react-test-renderer.development.js:4107:7)
      at setBooking (app/user/payment.jsx:51:7)
      at asyncGeneratorStep (node_modules/@babel/runtime/helpers/asyncToGenerator.js:3:17)
      at _next (node_modules/@babel/runtime/helpers/asyncToGenerator.js:17:9)

    console.error
      An update to PaymentScreen inside a test was not wrapped in act(...).
      
      When testing, code that causes React state updates should be wrapped into act(...):
      
      act(() => {
        /* fire events that update state */
      });
      /* assert on the output */
      
      This ensures that you're testing the behavior the user would see in the browser. Learn more at https://react.dev/link/wrap-tests-with-act

    [0m [90m 54 |[39m       [33mAlert[39m[33m.[39malert([32m'Error'[39m[33m,[39m [32m'Failed to load booking details'[39m)[33m;[39m
     [90m 55 |[39m     } [36mfinally[39m {
    [31m[1m>[22m[39m[90m 56 |[39m       setLoading([36mfalse[39m)[33m;[39m
     [90m    |[39m       [31m[1m^[22m[39m
     [90m 57 |[39m     }
     [90m 58 |[39m   }[33m;[39m
     [90m 59 |[39m[0m

      at node_modules/react-test-renderer/cjs/react-test-renderer.development.js:11801:19
      at runWithFiberInDEV (node_modules/react-test-renderer/cjs/react-test-renderer.development.js:1574:13)
      at warnIfUpdatesNotWrappedWithActDEV (node_modules/react-test-renderer/cjs/react-test-renderer.development.js:11800:9)
      at scheduleUpdateOnFiber (node_modules/react-test-renderer/cjs/react-test-renderer.development.js:10326:9)
      at dispatchSetStateInternal (node_modules/react-test-renderer/cjs/react-test-renderer.development.js:4148:13)
      at dispatchSetState (node_modules/react-test-renderer/cjs/react-test-renderer.development.js:4107:7)
      at setLoading (app/user/payment.jsx:56:7)
      at asyncGeneratorStep (node_modules/@babel/runtime/helpers/asyncToGenerator.js:3:17)
      at _next (node_modules/@babel/runtime/helpers/asyncToGenerator.js:17:9)

    console.error
      An update to PaymentScreen inside a test was not wrapped in act(...).
      
      When testing, code that causes React state updates should be wrapped into act(...):
      
      act(() => {
        /* fire events that update state */
      });
      /* assert on the output */
      
      This ensures that you're testing the behavior the user would see in the browser. Learn more at https://react.dev/link/wrap-tests-with-act

    [0m [90m 49 |[39m         { headers[33m:[39m { [33mAuthorization[39m[33m:[39m [32m`Bearer ${token}`[39m } }
     [90m 50 |[39m       )[33m;[39m
    [31m[1m>[22m[39m[90m 51 |[39m       setBooking(response[33m.[39mdata[33m.[39mbooking)[33m;[39m
     [90m    |[39m       [31m[1m^[22m[39m
     [90m 52 |[39m     } [36mcatch[39m (error) {
     [90m 53 |[39m       console[33m.[39merror([32m'Error fetching booking:'[39m[33m,[39m error)[33m;[39m
     [90m 54 |[39m       [33mAlert[39m[33m.[39malert([32m'Error'[39m[33m,[39m [32m'Failed to load booking details'[39m)[33m;[39m[0m

      at node_modules/react-test-renderer/cjs/react-test-renderer.development.js:11801:19
      at runWithFiberInDEV (node_modules/react-test-renderer/cjs/react-test-renderer.development.js:1574:13)
      at warnIfUpdatesNotWrappedWithActDEV (node_modules/react-test-renderer/cjs/react-test-renderer.development.js:11800:9)
      at scheduleUpdateOnFiber (node_modules/react-test-renderer/cjs/react-test-renderer.development.js:10326:9)
      at dispatchSetStateInternal (node_modules/react-test-renderer/cjs/react-test-renderer.development.js:4148:13)
      at dispatchSetState (node_modules/react-test-renderer/cjs/react-test-renderer.development.js:4107:7)
      at setBooking (app/user/payment.jsx:51:7)
      at asyncGeneratorStep (node_modules/@babel/runtime/helpers/asyncToGenerator.js:3:17)
      at _next (node_modules/@babel/runtime/helpers/asyncToGenerator.js:17:9)

    console.error
      An update to PaymentScreen inside a test was not wrapped in act(...).
      
      When testing, code that causes React state updates should be wrapped into act(...):
      
      act(() => {
        /* fire events that update state */
      });
      /* assert on the output */
      
      This ensures that you're testing the behavior the user would see in the browser. Learn more at https://react.dev/link/wrap-tests-with-act

    [0m [90m 54 |[39m       [33mAlert[39m[33m.[39malert([32m'Error'[39m[33m,[39m [32m'Failed to load booking details'[39m)[33m;[39m
     [90m 55 |[39m     } [36mfinally[39m {
    [31m[1m>[22m[39m[90m 56 |[39m       setLoading([36mfalse[39m)[33m;[39m
     [90m    |[39m       [31m[1m^[22m[39m
     [90m 57 |[39m     }
     [90m 58 |[39m   }[33m;[39m
     [90m 59 |[39m[0m

      at node_modules/react-test-renderer/cjs/react-test-renderer.development.js:11801:19
      at runWithFiberInDEV (node_modules/react-test-renderer/cjs/react-test-renderer.development.js:1574:13)
      at warnIfUpdatesNotWrappedWithActDEV (node_modules/react-test-renderer/cjs/react-test-renderer.development.js:11800:9)
      at scheduleUpdateOnFiber (node_modules/react-test-renderer/cjs/react-test-renderer.development.js:10326:9)
      at dispatchSetStateInternal (node_modules/react-test-renderer/cjs/react-test-renderer.development.js:4148:13)
      at dispatchSetState (node_modules/react-test-renderer/cjs/react-test-renderer.development.js:4107:7)
      at setLoading (app/user/payment.jsx:56:7)
      at asyncGeneratorStep (node_modules/@babel/runtime/helpers/asyncToGenerator.js:3:17)
      at _next (node_modules/@babel/runtime/helpers/asyncToGenerator.js:17:9)

PASS __test__/AdminRevenue.test.jsx
  ● Console

    console.error
      An update to RevenueScreen inside a test was not wrapped in act(...).
      
      When testing, code that causes React state updates should be wrapped into act(...):
      
      act(() => {
        /* fire events that update state */
      });
      /* assert on the output */
      
      This ensures that you're testing the behavior the user would see in the browser. Learn more at https://react.dev/link/wrap-tests-with-act

    [0m [90m 41 |[39m         { headers[33m:[39m { [33mAuthorization[39m[33m:[39m [32m`Bearer ${token}`[39m } }
     [90m 42 |[39m       )[33m;[39m
    [31m[1m>[22m[39m[90m 43 |[39m       setStats(response[33m.[39mdata)[33m;[39m
     [90m    |[39m       [31m[1m^[22m[39m
     [90m 44 |[39m     } [36mcatch[39m (error) {
     [90m 45 |[39m       console[33m.[39merror(error)[33m;[39m
     [90m 46 |[39m       [33mAlert[39m[33m.[39malert([32m'Error'[39m[33m,[39m [32m'Failed to load revenue data'[39m)[33m;[39m[0m

      at node_modules/react-test-renderer/cjs/react-test-renderer.development.js:11801:19
      at runWithFiberInDEV (node_modules/react-test-renderer/cjs/react-test-renderer.development.js:1574:13)
      at warnIfUpdatesNotWrappedWithActDEV (node_modules/react-test-renderer/cjs/react-test-renderer.development.js:11800:9)
      at scheduleUpdateOnFiber (node_modules/react-test-renderer/cjs/react-test-renderer.development.js:10326:9)
      at dispatchSetStateInternal (node_modules/react-test-renderer/cjs/react-test-renderer.development.js:4148:13)
      at dispatchSetState (node_modules/react-test-renderer/cjs/react-test-renderer.development.js:4107:7)
      at setStats (app/admin/revenue.jsx:43:7)
      at asyncGeneratorStep (node_modules/@babel/runtime/helpers/asyncToGenerator.js:3:17)
      at _next (node_modules/@babel/runtime/helpers/asyncToGenerator.js:17:9)

    console.error
      An update to RevenueScreen inside a test was not wrapped in act(...).
      
      When testing, code that causes React state updates should be wrapped into act(...):
      
      act(() => {
        /* fire events that update state */
      });
      /* assert on the output */
      
      This ensures that you're testing the behavior the user would see in the browser. Learn more at https://react.dev/link/wrap-tests-with-act

    [0m [90m 46 |[39m       [33mAlert[39m[33m.[39malert([32m'Error'[39m[33m,[39m [32m'Failed to load revenue data'[39m)[33m;[39m
     [90m 47 |[39m     } [36mfinally[39m {
    [31m[1m>[22m[39m[90m 48 |[39m       setLoading([36mfalse[39m)[33m;[39m
     [90m    |[39m       [31m[1m^[22m[39m
     [90m 49 |[39m     }
     [90m 50 |[39m   }[33m;[39m
     [90m 51 |[39m[0m

      at node_modules/react-test-renderer/cjs/react-test-renderer.development.js:11801:19
      at runWithFiberInDEV (node_modules/react-test-renderer/cjs/react-test-renderer.development.js:1574:13)
      at warnIfUpdatesNotWrappedWithActDEV (node_modules/react-test-renderer/cjs/react-test-renderer.development.js:11800:9)
      at scheduleUpdateOnFiber (node_modules/react-test-renderer/cjs/react-test-renderer.development.js:10326:9)
      at dispatchSetStateInternal (node_modules/react-test-renderer/cjs/react-test-renderer.development.js:4148:13)
      at dispatchSetState (node_modules/react-test-renderer/cjs/react-test-renderer.development.js:4107:7)
      at setLoading (app/admin/revenue.jsx:48:7)
      at asyncGeneratorStep (node_modules/@babel/runtime/helpers/asyncToGenerator.js:3:17)
      at _next (node_modules/@babel/runtime/helpers/asyncToGenerator.js:17:9)

    console.error
      An update to RevenueScreen inside a test was not wrapped in act(...).
      
      When testing, code that causes React state updates should be wrapped into act(...):
      
      act(() => {
        /* fire events that update state */
      });
      /* assert on the output */
      
      This ensures that you're testing the behavior the user would see in the browser. Learn more at https://react.dev/link/wrap-tests-with-act

    [0m [90m 41 |[39m         { headers[33m:[39m { [33mAuthorization[39m[33m:[39m [32m`Bearer ${token}`[39m } }
     [90m 42 |[39m       )[33m;[39m
    [31m[1m>[22m[39m[90m 43 |[39m       setStats(response[33m.[39mdata)[33m;[39m
     [90m    |[39m       [31m[1m^[22m[39m
     [90m 44 |[39m     } [36mcatch[39m (error) {
     [90m 45 |[39m       console[33m.[39merror(error)[33m;[39m
     [90m 46 |[39m       [33mAlert[39m[33m.[39malert([32m'Error'[39m[33m,[39m [32m'Failed to load revenue data'[39m)[33m;[39m[0m

      at node_modules/react-test-renderer/cjs/react-test-renderer.development.js:11801:19
      at runWithFiberInDEV (node_modules/react-test-renderer/cjs/react-test-renderer.development.js:1574:13)
      at warnIfUpdatesNotWrappedWithActDEV (node_modules/react-test-renderer/cjs/react-test-renderer.development.js:11800:9)
      at scheduleUpdateOnFiber (node_modules/react-test-renderer/cjs/react-test-renderer.development.js:10326:9)
      at dispatchSetStateInternal (node_modules/react-test-renderer/cjs/react-test-renderer.development.js:4148:13)
      at dispatchSetState (node_modules/react-test-renderer/cjs/react-test-renderer.development.js:4107:7)
      at setStats (app/admin/revenue.jsx:43:7)
      at asyncGeneratorStep (node_modules/@babel/runtime/helpers/asyncToGenerator.js:3:17)
      at _next (node_modules/@babel/runtime/helpers/asyncToGenerator.js:17:9)

    console.error
      An update to RevenueScreen inside a test was not wrapped in act(...).
      
      When testing, code that causes React state updates should be wrapped into act(...):
      
      act(() => {
        /* fire events that update state */
      });
      /* assert on the output */
      
      This ensures that you're testing the behavior the user would see in the browser. Learn more at https://react.dev/link/wrap-tests-with-act

    [0m [90m 46 |[39m       [33mAlert[39m[33m.[39malert([32m'Error'[39m[33m,[39m [32m'Failed to load revenue data'[39m)[33m;[39m
     [90m 47 |[39m     } [36mfinally[39m {
    [31m[1m>[22m[39m[90m 48 |[39m       setLoading([36mfalse[39m)[33m;[39m
     [90m    |[39m       [31m[1m^[22m[39m
     [90m 49 |[39m     }
     [90m 50 |[39m   }[33m;[39m
     [90m 51 |[39m[0m

      at node_modules/react-test-renderer/cjs/react-test-renderer.development.js:11801:19
      at runWithFiberInDEV (node_modules/react-test-renderer/cjs/react-test-renderer.development.js:1574:13)
      at warnIfUpdatesNotWrappedWithActDEV (node_modules/react-test-renderer/cjs/react-test-renderer.development.js:11800:9)
      at scheduleUpdateOnFiber (node_modules/react-test-renderer/cjs/react-test-renderer.development.js:10326:9)
      at dispatchSetStateInternal (node_modules/react-test-renderer/cjs/react-test-renderer.development.js:4148:13)
      at dispatchSetState (node_modules/react-test-renderer/cjs/react-test-renderer.development.js:4107:7)
      at setLoading (app/admin/revenue.jsx:48:7)
      at asyncGeneratorStep (node_modules/@babel/runtime/helpers/asyncToGenerator.js:3:17)
      at _next (node_modules/@babel/runtime/helpers/asyncToGenerator.js:17:9)

    console.error
      An update to RevenueScreen inside a test was not wrapped in act(...).
      
      When testing, code that causes React state updates should be wrapped into act(...):
      
      act(() => {
        /* fire events that update state */
      });
      /* assert on the output */
      
      This ensures that you're testing the behavior the user would see in the browser. Learn more at https://react.dev/link/wrap-tests-with-act

    [0m [90m 41 |[39m         { headers[33m:[39m { [33mAuthorization[39m[33m:[39m [32m`Bearer ${token}`[39m } }
     [90m 42 |[39m       )[33m;[39m
    [31m[1m>[22m[39m[90m 43 |[39m       setStats(response[33m.[39mdata)[33m;[39m
     [90m    |[39m       [31m[1m^[22m[39m
     [90m 44 |[39m     } [36mcatch[39m (error) {
     [90m 45 |[39m       console[33m.[39merror(error)[33m;[39m
     [90m 46 |[39m       [33mAlert[39m[33m.[39malert([32m'Error'[39m[33m,[39m [32m'Failed to load revenue data'[39m)[33m;[39m[0m

      at node_modules/react-test-renderer/cjs/react-test-renderer.development.js:11801:19
      at runWithFiberInDEV (node_modules/react-test-renderer/cjs/react-test-renderer.development.js:1574:13)
      at warnIfUpdatesNotWrappedWithActDEV (node_modules/react-test-renderer/cjs/react-test-renderer.development.js:11800:9)
      at scheduleUpdateOnFiber (node_modules/react-test-renderer/cjs/react-test-renderer.development.js:10326:9)
      at dispatchSetStateInternal (node_modules/react-test-renderer/cjs/react-test-renderer.development.js:4148:13)
      at dispatchSetState (node_modules/react-test-renderer/cjs/react-test-renderer.development.js:4107:7)
      at setStats (app/admin/revenue.jsx:43:7)
      at asyncGeneratorStep (node_modules/@babel/runtime/helpers/asyncToGenerator.js:3:17)
      at _next (node_modules/@babel/runtime/helpers/asyncToGenerator.js:17:9)

    console.error
      An update to RevenueScreen inside a test was not wrapped in act(...).
      
      When testing, code that causes React state updates should be wrapped into act(...):
      
      act(() => {
        /* fire events that update state */
      });
      /* assert on the output */
      
      This ensures that you're testing the behavior the user would see in the browser. Learn more at https://react.dev/link/wrap-tests-with-act

    [0m [90m 46 |[39m       [33mAlert[39m[33m.[39malert([32m'Error'[39m[33m,[39m [32m'Failed to load revenue data'[39m)[33m;[39m
     [90m 47 |[39m     } [36mfinally[39m {
    [31m[1m>[22m[39m[90m 48 |[39m       setLoading([36mfalse[39m)[33m;[39m
     [90m    |[39m       [31m[1m^[22m[39m
     [90m 49 |[39m     }
     [90m 50 |[39m   }[33m;[39m
     [90m 51 |[39m[0m

      at node_modules/react-test-renderer/cjs/react-test-renderer.development.js:11801:19
      at runWithFiberInDEV (node_modules/react-test-renderer/cjs/react-test-renderer.development.js:1574:13)
      at warnIfUpdatesNotWrappedWithActDEV (node_modules/react-test-renderer/cjs/react-test-renderer.development.js:11800:9)
      at scheduleUpdateOnFiber (node_modules/react-test-renderer/cjs/react-test-renderer.development.js:10326:9)
      at dispatchSetStateInternal (node_modules/react-test-renderer/cjs/react-test-renderer.development.js:4148:13)
      at dispatchSetState (node_modules/react-test-renderer/cjs/react-test-renderer.development.js:4107:7)
      at setLoading (app/admin/revenue.jsx:48:7)
      at asyncGeneratorStep (node_modules/@babel/runtime/helpers/asyncToGenerator.js:3:17)
      at _next (node_modules/@babel/runtime/helpers/asyncToGenerator.js:17:9)

    console.error
      An update to RevenueScreen inside a test was not wrapped in act(...).
      
      When testing, code that causes React state updates should be wrapped into act(...):
      
      act(() => {
        /* fire events that update state */
      });
      /* assert on the output */
      
      This ensures that you're testing the behavior the user would see in the browser. Learn more at https://react.dev/link/wrap-tests-with-act

    [0m [90m 41 |[39m         { headers[33m:[39m { [33mAuthorization[39m[33m:[39m [32m`Bearer ${token}`[39m } }
     [90m 42 |[39m       )[33m;[39m
    [31m[1m>[22m[39m[90m 43 |[39m       setStats(response[33m.[39mdata)[33m;[39m
     [90m    |[39m       [31m[1m^[22m[39m
     [90m 44 |[39m     } [36mcatch[39m (error) {
     [90m 45 |[39m       console[33m.[39merror(error)[33m;[39m
     [90m 46 |[39m       [33mAlert[39m[33m.[39malert([32m'Error'[39m[33m,[39m [32m'Failed to load revenue data'[39m)[33m;[39m[0m

      at node_modules/react-test-renderer/cjs/react-test-renderer.development.js:11801:19
      at runWithFiberInDEV (node_modules/react-test-renderer/cjs/react-test-renderer.development.js:1574:13)
      at warnIfUpdatesNotWrappedWithActDEV (node_modules/react-test-renderer/cjs/react-test-renderer.development.js:11800:9)
      at scheduleUpdateOnFiber (node_modules/react-test-renderer/cjs/react-test-renderer.development.js:10326:9)
      at dispatchSetStateInternal (node_modules/react-test-renderer/cjs/react-test-renderer.development.js:4148:13)
      at dispatchSetState (node_modules/react-test-renderer/cjs/react-test-renderer.development.js:4107:7)
      at setStats (app/admin/revenue.jsx:43:7)
      at asyncGeneratorStep (node_modules/@babel/runtime/helpers/asyncToGenerator.js:3:17)
      at _next (node_modules/@babel/runtime/helpers/asyncToGenerator.js:17:9)

    console.error
      An update to RevenueScreen inside a test was not wrapped in act(...).
      
      When testing, code that causes React state updates should be wrapped into act(...):
      
      act(() => {
        /* fire events that update state */
      });
      /* assert on the output */
      
      This ensures that you're testing the behavior the user would see in the browser. Learn more at https://react.dev/link/wrap-tests-with-act

    [0m [90m 46 |[39m       [33mAlert[39m[33m.[39malert([32m'Error'[39m[33m,[39m [32m'Failed to load revenue data'[39m)[33m;[39m
     [90m 47 |[39m     } [36mfinally[39m {
    [31m[1m>[22m[39m[90m 48 |[39m       setLoading([36mfalse[39m)[33m;[39m
     [90m    |[39m       [31m[1m^[22m[39m
     [90m 49 |[39m     }
     [90m 50 |[39m   }[33m;[39m
     [90m 51 |[39m[0m

      at node_modules/react-test-renderer/cjs/react-test-renderer.development.js:11801:19
      at runWithFiberInDEV (node_modules/react-test-renderer/cjs/react-test-renderer.development.js:1574:13)
      at warnIfUpdatesNotWrappedWithActDEV (node_modules/react-test-renderer/cjs/react-test-renderer.development.js:11800:9)
      at scheduleUpdateOnFiber (node_modules/react-test-renderer/cjs/react-test-renderer.development.js:10326:9)
      at dispatchSetStateInternal (node_modules/react-test-renderer/cjs/react-test-renderer.development.js:4148:13)
      at dispatchSetState (node_modules/react-test-renderer/cjs/react-test-renderer.development.js:4107:7)
      at setLoading (app/admin/revenue.jsx:48:7)
      at asyncGeneratorStep (node_modules/@babel/runtime/helpers/asyncToGenerator.js:3:17)
      at _next (node_modules/@babel/runtime/helpers/asyncToGenerator.js:17:9)

    console.error
      An update to RevenueScreen inside a test was not wrapped in act(...).
      
      When testing, code that causes React state updates should be wrapped into act(...):
      
      act(() => {
        /* fire events that update state */
      });
      /* assert on the output */
      
      This ensures that you're testing the behavior the user would see in the browser. Learn more at https://react.dev/link/wrap-tests-with-act

    [0m [90m 41 |[39m         { headers[33m:[39m { [33mAuthorization[39m[33m:[39m [32m`Bearer ${token}`[39m } }
     [90m 42 |[39m       )[33m;[39m
    [31m[1m>[22m[39m[90m 43 |[39m       setStats(response[33m.[39mdata)[33m;[39m
     [90m    |[39m       [31m[1m^[22m[39m
     [90m 44 |[39m     } [36mcatch[39m (error) {
     [90m 45 |[39m       console[33m.[39merror(error)[33m;[39m
     [90m 46 |[39m       [33mAlert[39m[33m.[39malert([32m'Error'[39m[33m,[39m [32m'Failed to load revenue data'[39m)[33m;[39m[0m

      at node_modules/react-test-renderer/cjs/react-test-renderer.development.js:11801:19
      at runWithFiberInDEV (node_modules/react-test-renderer/cjs/react-test-renderer.development.js:1574:13)
      at warnIfUpdatesNotWrappedWithActDEV (node_modules/react-test-renderer/cjs/react-test-renderer.development.js:11800:9)
      at scheduleUpdateOnFiber (node_modules/react-test-renderer/cjs/react-test-renderer.development.js:10326:9)
      at dispatchSetStateInternal (node_modules/react-test-renderer/cjs/react-test-renderer.development.js:4148:13)
      at dispatchSetState (node_modules/react-test-renderer/cjs/react-test-renderer.development.js:4107:7)
      at setStats (app/admin/revenue.jsx:43:7)
      at asyncGeneratorStep (node_modules/@babel/runtime/helpers/asyncToGenerator.js:3:17)
      at _next (node_modules/@babel/runtime/helpers/asyncToGenerator.js:17:9)

    console.error
      An update to RevenueScreen inside a test was not wrapped in act(...).
      
      When testing, code that causes React state updates should be wrapped into act(...):
      
      act(() => {
        /* fire events that update state */
      });
      /* assert on the output */
      
      This ensures that you're testing the behavior the user would see in the browser. Learn more at https://react.dev/link/wrap-tests-with-act

    [0m [90m 46 |[39m       [33mAlert[39m[33m.[39malert([32m'Error'[39m[33m,[39m [32m'Failed to load revenue data'[39m)[33m;[39m
     [90m 47 |[39m     } [36mfinally[39m {
    [31m[1m>[22m[39m[90m 48 |[39m       setLoading([36mfalse[39m)[33m;[39m
     [90m    |[39m       [31m[1m^[22m[39m
     [90m 49 |[39m     }
     [90m 50 |[39m   }[33m;[39m
     [90m 51 |[39m[0m

      at node_modules/react-test-renderer/cjs/react-test-renderer.development.js:11801:19
      at runWithFiberInDEV (node_modules/react-test-renderer/cjs/react-test-renderer.development.js:1574:13)
      at warnIfUpdatesNotWrappedWithActDEV (node_modules/react-test-renderer/cjs/react-test-renderer.development.js:11800:9)
      at scheduleUpdateOnFiber (node_modules/react-test-renderer/cjs/react-test-renderer.development.js:10326:9)
      at dispatchSetStateInternal (node_modules/react-test-renderer/cjs/react-test-renderer.development.js:4148:13)
      at dispatchSetState (node_modules/react-test-renderer/cjs/react-test-renderer.development.js:4107:7)
      at setLoading (app/admin/revenue.jsx:48:7)
      at asyncGeneratorStep (node_modules/@babel/runtime/helpers/asyncToGenerator.js:3:17)
      at _next (node_modules/@babel/runtime/helpers/asyncToGenerator.js:17:9)

    console.error
      An update to RevenueScreen inside a test was not wrapped in act(...).
      
      When testing, code that causes React state updates should be wrapped into act(...):
      
      act(() => {
        /* fire events that update state */
      });
      /* assert on the output */
      
      This ensures that you're testing the behavior the user would see in the browser. Learn more at https://react.dev/link/wrap-tests-with-act

    [0m [90m 41 |[39m         { headers[33m:[39m { [33mAuthorization[39m[33m:[39m [32m`Bearer ${token}`[39m } }
     [90m 42 |[39m       )[33m;[39m
    [31m[1m>[22m[39m[90m 43 |[39m       setStats(response[33m.[39mdata)[33m;[39m
     [90m    |[39m       [31m[1m^[22m[39m
     [90m 44 |[39m     } [36mcatch[39m (error) {
     [90m 45 |[39m       console[33m.[39merror(error)[33m;[39m
     [90m 46 |[39m       [33mAlert[39m[33m.[39malert([32m'Error'[39m[33m,[39m [32m'Failed to load revenue data'[39m)[33m;[39m[0m

      at node_modules/react-test-renderer/cjs/react-test-renderer.development.js:11801:19
      at runWithFiberInDEV (node_modules/react-test-renderer/cjs/react-test-renderer.development.js:1574:13)
      at warnIfUpdatesNotWrappedWithActDEV (node_modules/react-test-renderer/cjs/react-test-renderer.development.js:11800:9)
      at scheduleUpdateOnFiber (node_modules/react-test-renderer/cjs/react-test-renderer.development.js:10326:9)
      at dispatchSetStateInternal (node_modules/react-test-renderer/cjs/react-test-renderer.development.js:4148:13)
      at dispatchSetState (node_modules/react-test-renderer/cjs/react-test-renderer.development.js:4107:7)
      at setStats (app/admin/revenue.jsx:43:7)
      at asyncGeneratorStep (node_modules/@babel/runtime/helpers/asyncToGenerator.js:3:17)
      at _next (node_modules/@babel/runtime/helpers/asyncToGenerator.js:17:9)

    console.error
      An update to RevenueScreen inside a test was not wrapped in act(...).
      
      When testing, code that causes React state updates should be wrapped into act(...):
      
      act(() => {
        /* fire events that update state */
      });
      /* assert on the output */
      
      This ensures that you're testing the behavior the user would see in the browser. Learn more at https://react.dev/link/wrap-tests-with-act

    [0m [90m 46 |[39m       [33mAlert[39m[33m.[39malert([32m'Error'[39m[33m,[39m [32m'Failed to load revenue data'[39m)[33m;[39m
     [90m 47 |[39m     } [36mfinally[39m {
    [31m[1m>[22m[39m[90m 48 |[39m       setLoading([36mfalse[39m)[33m;[39m
     [90m    |[39m       [31m[1m^[22m[39m
     [90m 49 |[39m     }
     [90m 50 |[39m   }[33m;[39m
     [90m 51 |[39m[0m

      at node_modules/react-test-renderer/cjs/react-test-renderer.development.js:11801:19
      at runWithFiberInDEV (node_modules/react-test-renderer/cjs/react-test-renderer.development.js:1574:13)
      at warnIfUpdatesNotWrappedWithActDEV (node_modules/react-test-renderer/cjs/react-test-renderer.development.js:11800:9)
      at scheduleUpdateOnFiber (node_modules/react-test-renderer/cjs/react-test-renderer.development.js:10326:9)
      at dispatchSetStateInternal (node_modules/react-test-renderer/cjs/react-test-renderer.development.js:4148:13)
      at dispatchSetState (node_modules/react-test-renderer/cjs/react-test-renderer.development.js:4107:7)
      at setLoading (app/admin/revenue.jsx:48:7)
      at asyncGeneratorStep (node_modules/@babel/runtime/helpers/asyncToGenerator.js:3:17)
      at _next (node_modules/@babel/runtime/helpers/asyncToGenerator.js:17:9)

    console.error
      Error: API Error
          at Object.<anonymous> (D:\Mobile\MobileProjectFinal\frontend\__test__\AdminRevenue.test.jsx:77:33)
          at Generator.next (<anonymous>)
          at asyncGeneratorStep (D:\Mobile\MobileProjectFinal\frontend\node_modules\@babel\runtime\helpers\asyncToGenerator.js:3:17)
          at _next (D:\Mobile\MobileProjectFinal\frontend\node_modules\@babel\runtime\helpers\asyncToGenerator.js:17:9)
          at D:\Mobile\MobileProjectFinal\frontend\node_modules\@babel\runtime\helpers\asyncToGenerator.js:22:7
          at new Promise (<anonymous>)
          at Object.<anonymous> (D:\Mobile\MobileProjectFinal\frontend\node_modules\@babel\runtime\helpers\asyncToGenerator.js:14:12)
          at Promise.then.completed (D:\Mobile\MobileProjectFinal\frontend\node_modules\jest-circus\build\utils.js:298:28)
          at new Promise (<anonymous>)
          at callAsyncCircusFn (D:\Mobile\MobileProjectFinal\frontend\node_modules\jest-circus\build\utils.js:231:10)
          at _callCircusTest (D:\Mobile\MobileProjectFinal\frontend\node_modules\jest-circus\build\run.js:316:40)
          at _runTest (D:\Mobile\MobileProjectFinal\frontend\node_modules\jest-circus\build\run.js:252:3)
          at _runTestsForDescribeBlock (D:\Mobile\MobileProjectFinal\frontend\node_modules\jest-circus\build\run.js:126:9)
          at _runTestsForDescribeBlock (D:\Mobile\MobileProjectFinal\frontend\node_modules\jest-circus\build\run.js:121:9)
          at run (D:\Mobile\MobileProjectFinal\frontend\node_modules\jest-circus\build\run.js:71:3)
          at runAndTransformResultsToJestFormat (D:\Mobile\MobileProjectFinal\frontend\node_modules\jest-circus\build\legacy-code-todo-rewrite\jestAdapterInit.js:122:21)
          at jestAdapter (D:\Mobile\MobileProjectFinal\frontend\node_modules\jest-circus\build\legacy-code-todo-rewrite\jestAdapter.js:79:19)
          at runTestInternal (d:\Mobile\MobileProjectFinal\frontend\node_modules\jest-runner\build\runTest.js:367:16)
          at runTest (d:\Mobile\MobileProjectFinal\frontend\node_modules\jest-runner\build\runTest.js:444:34)
          at Object.worker (d:\Mobile\MobileProjectFinal\frontend\node_modules\jest-runner\build\testWorker.js:106:12)

    [0m [90m 43 |[39m       setStats(response[33m.[39mdata)[33m;[39m
     [90m 44 |[39m     } [36mcatch[39m (error) {
    [31m[1m>[22m[39m[90m 45 |[39m       console[33m.[39merror(error)[33m;[39m
     [90m    |[39m               [31m[1m^[22m[39m
     [90m 46 |[39m       [33mAlert[39m[33m.[39malert([32m'Error'[39m[33m,[39m [32m'Failed to load revenue data'[39m)[33m;[39m
     [90m 47 |[39m     } [36mfinally[39m {
     [90m 48 |[39m       setLoading([36mfalse[39m)[33m;[39m[0m

      at error (app/admin/revenue.jsx:45:15)
          at Generator.throw (<anonymous>)
      at asyncGeneratorStep (node_modules/@babel/runtime/helpers/asyncToGenerator.js:3:17)
      at _throw (node_modules/@babel/runtime/helpers/asyncToGenerator.js:20:9)

    console.error
      An update to RevenueScreen inside a test was not wrapped in act(...).
      
      When testing, code that causes React state updates should be wrapped into act(...):
      
      act(() => {
        /* fire events that update state */
      });
      /* assert on the output */
      
      This ensures that you're testing the behavior the user would see in the browser. Learn more at https://react.dev/link/wrap-tests-with-act

    [0m [90m 46 |[39m       [33mAlert[39m[33m.[39malert([32m'Error'[39m[33m,[39m [32m'Failed to load revenue data'[39m)[33m;[39m
     [90m 47 |[39m     } [36mfinally[39m {
    [31m[1m>[22m[39m[90m 48 |[39m       setLoading([36mfalse[39m)[33m;[39m
     [90m    |[39m       [31m[1m^[22m[39m
     [90m 49 |[39m     }
     [90m 50 |[39m   }[33m;[39m
     [90m 51 |[39m[0m

      at node_modules/react-test-renderer/cjs/react-test-renderer.development.js:11801:19
      at runWithFiberInDEV (node_modules/react-test-renderer/cjs/react-test-renderer.development.js:1574:13)
      at warnIfUpdatesNotWrappedWithActDEV (node_modules/react-test-renderer/cjs/react-test-renderer.development.js:11800:9)
      at scheduleUpdateOnFiber (node_modules/react-test-renderer/cjs/react-test-renderer.development.js:10326:9)
      at dispatchSetStateInternal (node_modules/react-test-renderer/cjs/react-test-renderer.development.js:4148:13)
      at dispatchSetState (node_modules/react-test-renderer/cjs/react-test-renderer.development.js:4107:7)
      at setLoading (app/admin/revenue.jsx:48:7)
          at Generator.throw (<anonymous>)
      at asyncGeneratorStep (node_modules/@babel/runtime/helpers/asyncToGenerator.js:3:17)
      at _throw (node_modules/@babel/runtime/helpers/asyncToGenerator.js:20:9)

PASS __test__/AdminDashboard.test.jsx
  ● Console

    console.error
      An update to AdminDashboard inside a test was not wrapped in act(...).
      
      When testing, code that causes React state updates should be wrapped into act(...):
      
      act(() => {
        /* fire events that update state */
      });
      /* assert on the output */
      
      This ensures that you're testing the behavior the user would see in the browser. Learn more at https://react.dev/link/wrap-tests-with-act

    [0m [90m 44 |[39m       ])[33m;[39m
     [90m 45 |[39m
    [31m[1m>[22m[39m[90m 46 |[39m       setStats({
     [90m    |[39m       [31m[1m^[22m[39m
     [90m 47 |[39m         totalRevenue[33m:[39m revenueRes[33m.[39mdata[33m.[39mtotalRevenue [33m||[39m [35m0[39m[33m,[39m
     [90m 48 |[39m         totalOrders[33m:[39m revenueRes[33m.[39mdata[33m.[39mtotalOrders [33m||[39m [35m0[39m[33m,[39m
     [90m 49 |[39m         availableTables[33m:[39m[0m

      at node_modules/react-test-renderer/cjs/react-test-renderer.development.js:11801:19
      at runWithFiberInDEV (node_modules/react-test-renderer/cjs/react-test-renderer.development.js:1574:13)
      at warnIfUpdatesNotWrappedWithActDEV (node_modules/react-test-renderer/cjs/react-test-renderer.development.js:11800:9)
      at scheduleUpdateOnFiber (node_modules/react-test-renderer/cjs/react-test-renderer.development.js:10326:9)
      at dispatchSetStateInternal (node_modules/react-test-renderer/cjs/react-test-renderer.development.js:4148:13)
      at dispatchSetState (node_modules/react-test-renderer/cjs/react-test-renderer.development.js:4107:7)
      at setStats (app/admin/index.jsx:46:7)
      at asyncGeneratorStep (node_modules/@babel/runtime/helpers/asyncToGenerator.js:3:17)
      at _next (node_modules/@babel/runtime/helpers/asyncToGenerator.js:17:9)

    console.error
      An update to AdminDashboard inside a test was not wrapped in act(...).
      
      When testing, code that causes React state updates should be wrapped into act(...):
      
      act(() => {
        /* fire events that update state */
      });
      /* assert on the output */
      
      This ensures that you're testing the behavior the user would see in the browser. Learn more at https://react.dev/link/wrap-tests-with-act

    [0m [90m 57 |[39m       [33mAlert[39m[33m.[39malert([32m'Error'[39m[33m,[39m [32m'Failed to load dashboard data'[39m)[33m;[39m
     [90m 58 |[39m     } [36mfinally[39m {
    [31m[1m>[22m[39m[90m 59 |[39m       setLoading([36mfalse[39m)[33m;[39m
     [90m    |[39m       [31m[1m^[22m[39m
     [90m 60 |[39m     }
     [90m 61 |[39m   }[33m;[39m
     [90m 62 |[39m[0m

      at node_modules/react-test-renderer/cjs/react-test-renderer.development.js:11801:19
      at runWithFiberInDEV (node_modules/react-test-renderer/cjs/react-test-renderer.development.js:1574:13)
      at warnIfUpdatesNotWrappedWithActDEV (node_modules/react-test-renderer/cjs/react-test-renderer.development.js:11800:9)
      at scheduleUpdateOnFiber (node_modules/react-test-renderer/cjs/react-test-renderer.development.js:10326:9)
      at dispatchSetStateInternal (node_modules/react-test-renderer/cjs/react-test-renderer.development.js:4148:13)
      at dispatchSetState (node_modules/react-test-renderer/cjs/react-test-renderer.development.js:4107:7)
      at setLoading (app/admin/index.jsx:59:7)
      at asyncGeneratorStep (node_modules/@babel/runtime/helpers/asyncToGenerator.js:3:17)
      at _next (node_modules/@babel/runtime/helpers/asyncToGenerator.js:17:9)

    console.error
      An update to AdminDashboard inside a test was not wrapped in act(...).
      
      When testing, code that causes React state updates should be wrapped into act(...):
      
      act(() => {
        /* fire events that update state */
      });
      /* assert on the output */
      
      This ensures that you're testing the behavior the user would see in the browser. Learn more at https://react.dev/link/wrap-tests-with-act

    [0m [90m 44 |[39m       ])[33m;[39m
     [90m 45 |[39m
    [31m[1m>[22m[39m[90m 46 |[39m       setStats({
     [90m    |[39m       [31m[1m^[22m[39m
     [90m 47 |[39m         totalRevenue[33m:[39m revenueRes[33m.[39mdata[33m.[39mtotalRevenue [33m||[39m [35m0[39m[33m,[39m
     [90m 48 |[39m         totalOrders[33m:[39m revenueRes[33m.[39mdata[33m.[39mtotalOrders [33m||[39m [35m0[39m[33m,[39m
     [90m 49 |[39m         availableTables[33m:[39m[0m

      at node_modules/react-test-renderer/cjs/react-test-renderer.development.js:11801:19
      at runWithFiberInDEV (node_modules/react-test-renderer/cjs/react-test-renderer.development.js:1574:13)
      at warnIfUpdatesNotWrappedWithActDEV (node_modules/react-test-renderer/cjs/react-test-renderer.development.js:11800:9)
      at scheduleUpdateOnFiber (node_modules/react-test-renderer/cjs/react-test-renderer.development.js:10326:9)
      at dispatchSetStateInternal (node_modules/react-test-renderer/cjs/react-test-renderer.development.js:4148:13)
      at dispatchSetState (node_modules/react-test-renderer/cjs/react-test-renderer.development.js:4107:7)
      at setStats (app/admin/index.jsx:46:7)
      at asyncGeneratorStep (node_modules/@babel/runtime/helpers/asyncToGenerator.js:3:17)
      at _next (node_modules/@babel/runtime/helpers/asyncToGenerator.js:17:9)

    console.error
      An update to AdminDashboard inside a test was not wrapped in act(...).
      
      When testing, code that causes React state updates should be wrapped into act(...):
      
      act(() => {
        /* fire events that update state */
      });
      /* assert on the output */
      
      This ensures that you're testing the behavior the user would see in the browser. Learn more at https://react.dev/link/wrap-tests-with-act

    [0m [90m 57 |[39m       [33mAlert[39m[33m.[39malert([32m'Error'[39m[33m,[39m [32m'Failed to load dashboard data'[39m)[33m;[39m
     [90m 58 |[39m     } [36mfinally[39m {
    [31m[1m>[22m[39m[90m 59 |[39m       setLoading([36mfalse[39m)[33m;[39m
     [90m    |[39m       [31m[1m^[22m[39m
     [90m 60 |[39m     }
     [90m 61 |[39m   }[33m;[39m
     [90m 62 |[39m[0m

      at node_modules/react-test-renderer/cjs/react-test-renderer.development.js:11801:19
      at runWithFiberInDEV (node_modules/react-test-renderer/cjs/react-test-renderer.development.js:1574:13)
      at warnIfUpdatesNotWrappedWithActDEV (node_modules/react-test-renderer/cjs/react-test-renderer.development.js:11800:9)
      at scheduleUpdateOnFiber (node_modules/react-test-renderer/cjs/react-test-renderer.development.js:10326:9)
      at dispatchSetStateInternal (node_modules/react-test-renderer/cjs/react-test-renderer.development.js:4148:13)
      at dispatchSetState (node_modules/react-test-renderer/cjs/react-test-renderer.development.js:4107:7)
      at setLoading (app/admin/index.jsx:59:7)
      at asyncGeneratorStep (node_modules/@babel/runtime/helpers/asyncToGenerator.js:3:17)
      at _next (node_modules/@babel/runtime/helpers/asyncToGenerator.js:17:9)

    console.error
      An update to AdminDashboard inside a test was not wrapped in act(...).
      
      When testing, code that causes React state updates should be wrapped into act(...):
      
      act(() => {
        /* fire events that update state */
      });
      /* assert on the output */
      
      This ensures that you're testing the behavior the user would see in the browser. Learn more at https://react.dev/link/wrap-tests-with-act

    [0m [90m 44 |[39m       ])[33m;[39m
     [90m 45 |[39m
    [31m[1m>[22m[39m[90m 46 |[39m       setStats({
     [90m    |[39m       [31m[1m^[22m[39m
     [90m 47 |[39m         totalRevenue[33m:[39m revenueRes[33m.[39mdata[33m.[39mtotalRevenue [33m||[39m [35m0[39m[33m,[39m
     [90m 48 |[39m         totalOrders[33m:[39m revenueRes[33m.[39mdata[33m.[39mtotalOrders [33m||[39m [35m0[39m[33m,[39m
     [90m 49 |[39m         availableTables[33m:[39m[0m

      at node_modules/react-test-renderer/cjs/react-test-renderer.development.js:11801:19
      at runWithFiberInDEV (node_modules/react-test-renderer/cjs/react-test-renderer.development.js:1574:13)
      at warnIfUpdatesNotWrappedWithActDEV (node_modules/react-test-renderer/cjs/react-test-renderer.development.js:11800:9)
      at scheduleUpdateOnFiber (node_modules/react-test-renderer/cjs/react-test-renderer.development.js:10326:9)
      at dispatchSetStateInternal (node_modules/react-test-renderer/cjs/react-test-renderer.development.js:4148:13)
      at dispatchSetState (node_modules/react-test-renderer/cjs/react-test-renderer.development.js:4107:7)
      at setStats (app/admin/index.jsx:46:7)
      at asyncGeneratorStep (node_modules/@babel/runtime/helpers/asyncToGenerator.js:3:17)
      at _next (node_modules/@babel/runtime/helpers/asyncToGenerator.js:17:9)

    console.error
      An update to AdminDashboard inside a test was not wrapped in act(...).
      
      When testing, code that causes React state updates should be wrapped into act(...):
      
      act(() => {
        /* fire events that update state */
      });
      /* assert on the output */
      
      This ensures that you're testing the behavior the user would see in the browser. Learn more at https://react.dev/link/wrap-tests-with-act

    [0m [90m 57 |[39m       [33mAlert[39m[33m.[39malert([32m'Error'[39m[33m,[39m [32m'Failed to load dashboard data'[39m)[33m;[39m
     [90m 58 |[39m     } [36mfinally[39m {
    [31m[1m>[22m[39m[90m 59 |[39m       setLoading([36mfalse[39m)[33m;[39m
     [90m    |[39m       [31m[1m^[22m[39m
     [90m 60 |[39m     }
     [90m 61 |[39m   }[33m;[39m
     [90m 62 |[39m[0m

      at node_modules/react-test-renderer/cjs/react-test-renderer.development.js:11801:19
      at runWithFiberInDEV (node_modules/react-test-renderer/cjs/react-test-renderer.development.js:1574:13)
      at warnIfUpdatesNotWrappedWithActDEV (node_modules/react-test-renderer/cjs/react-test-renderer.development.js:11800:9)
      at scheduleUpdateOnFiber (node_modules/react-test-renderer/cjs/react-test-renderer.development.js:10326:9)
      at dispatchSetStateInternal (node_modules/react-test-renderer/cjs/react-test-renderer.development.js:4148:13)
      at dispatchSetState (node_modules/react-test-renderer/cjs/react-test-renderer.development.js:4107:7)
      at setLoading (app/admin/index.jsx:59:7)
      at asyncGeneratorStep (node_modules/@babel/runtime/helpers/asyncToGenerator.js:3:17)
      at _next (node_modules/@babel/runtime/helpers/asyncToGenerator.js:17:9)

    console.error
      An update to AdminDashboard inside a test was not wrapped in act(...).
      
      When testing, code that causes React state updates should be wrapped into act(...):
      
      act(() => {
        /* fire events that update state */
      });
      /* assert on the output */
      
      This ensures that you're testing the behavior the user would see in the browser. Learn more at https://react.dev/link/wrap-tests-with-act

    [0m [90m 44 |[39m       ])[33m;[39m
     [90m 45 |[39m
    [31m[1m>[22m[39m[90m 46 |[39m       setStats({
     [90m    |[39m       [31m[1m^[22m[39m
     [90m 47 |[39m         totalRevenue[33m:[39m revenueRes[33m.[39mdata[33m.[39mtotalRevenue [33m||[39m [35m0[39m[33m,[39m
     [90m 48 |[39m         totalOrders[33m:[39m revenueRes[33m.[39mdata[33m.[39mtotalOrders [33m||[39m [35m0[39m[33m,[39m
     [90m 49 |[39m         availableTables[33m:[39m[0m

      at node_modules/react-test-renderer/cjs/react-test-renderer.development.js:11801:19
      at runWithFiberInDEV (node_modules/react-test-renderer/cjs/react-test-renderer.development.js:1574:13)
      at warnIfUpdatesNotWrappedWithActDEV (node_modules/react-test-renderer/cjs/react-test-renderer.development.js:11800:9)
      at scheduleUpdateOnFiber (node_modules/react-test-renderer/cjs/react-test-renderer.development.js:10326:9)
      at dispatchSetStateInternal (node_modules/react-test-renderer/cjs/react-test-renderer.development.js:4148:13)
      at dispatchSetState (node_modules/react-test-renderer/cjs/react-test-renderer.development.js:4107:7)
      at setStats (app/admin/index.jsx:46:7)
      at asyncGeneratorStep (node_modules/@babel/runtime/helpers/asyncToGenerator.js:3:17)
      at _next (node_modules/@babel/runtime/helpers/asyncToGenerator.js:17:9)

    console.error
      An update to AdminDashboard inside a test was not wrapped in act(...).
      
      When testing, code that causes React state updates should be wrapped into act(...):
      
      act(() => {
        /* fire events that update state */
      });
      /* assert on the output */
      
      This ensures that you're testing the behavior the user would see in the browser. Learn more at https://react.dev/link/wrap-tests-with-act

    [0m [90m 57 |[39m       [33mAlert[39m[33m.[39malert([32m'Error'[39m[33m,[39m [32m'Failed to load dashboard data'[39m)[33m;[39m
     [90m 58 |[39m     } [36mfinally[39m {
    [31m[1m>[22m[39m[90m 59 |[39m       setLoading([36mfalse[39m)[33m;[39m
     [90m    |[39m       [31m[1m^[22m[39m
     [90m 60 |[39m     }
     [90m 61 |[39m   }[33m;[39m
     [90m 62 |[39m[0m

      at node_modules/react-test-renderer/cjs/react-test-renderer.development.js:11801:19
      at runWithFiberInDEV (node_modules/react-test-renderer/cjs/react-test-renderer.development.js:1574:13)
      at warnIfUpdatesNotWrappedWithActDEV (node_modules/react-test-renderer/cjs/react-test-renderer.development.js:11800:9)
      at scheduleUpdateOnFiber (node_modules/react-test-renderer/cjs/react-test-renderer.development.js:10326:9)
      at dispatchSetStateInternal (node_modules/react-test-renderer/cjs/react-test-renderer.development.js:4148:13)
      at dispatchSetState (node_modules/react-test-renderer/cjs/react-test-renderer.development.js:4107:7)
      at setLoading (app/admin/index.jsx:59:7)
      at asyncGeneratorStep (node_modules/@babel/runtime/helpers/asyncToGenerator.js:3:17)
      at _next (node_modules/@babel/runtime/helpers/asyncToGenerator.js:17:9)

    console.error
      An update to AdminDashboard inside a test was not wrapped in act(...).
      
      When testing, code that causes React state updates should be wrapped into act(...):
      
      act(() => {
        /* fire events that update state */
      });
      /* assert on the output */
      
      This ensures that you're testing the behavior the user would see in the browser. Learn more at https://react.dev/link/wrap-tests-with-act

    [0m [90m 44 |[39m       ])[33m;[39m
     [90m 45 |[39m
    [31m[1m>[22m[39m[90m 46 |[39m       setStats({
     [90m    |[39m       [31m[1m^[22m[39m
     [90m 47 |[39m         totalRevenue[33m:[39m revenueRes[33m.[39mdata[33m.[39mtotalRevenue [33m||[39m [35m0[39m[33m,[39m
     [90m 48 |[39m         totalOrders[33m:[39m revenueRes[33m.[39mdata[33m.[39mtotalOrders [33m||[39m [35m0[39m[33m,[39m
     [90m 49 |[39m         availableTables[33m:[39m[0m

      at node_modules/react-test-renderer/cjs/react-test-renderer.development.js:11801:19
      at runWithFiberInDEV (node_modules/react-test-renderer/cjs/react-test-renderer.development.js:1574:13)
      at warnIfUpdatesNotWrappedWithActDEV (node_modules/react-test-renderer/cjs/react-test-renderer.development.js:11800:9)
      at scheduleUpdateOnFiber (node_modules/react-test-renderer/cjs/react-test-renderer.development.js:10326:9)
      at dispatchSetStateInternal (node_modules/react-test-renderer/cjs/react-test-renderer.development.js:4148:13)
      at dispatchSetState (node_modules/react-test-renderer/cjs/react-test-renderer.development.js:4107:7)
      at setStats (app/admin/index.jsx:46:7)
      at asyncGeneratorStep (node_modules/@babel/runtime/helpers/asyncToGenerator.js:3:17)
      at _next (node_modules/@babel/runtime/helpers/asyncToGenerator.js:17:9)

    console.error
      An update to AdminDashboard inside a test was not wrapped in act(...).
      
      When testing, code that causes React state updates should be wrapped into act(...):
      
      act(() => {
        /* fire events that update state */
      });
      /* assert on the output */
      
      This ensures that you're testing the behavior the user would see in the browser. Learn more at https://react.dev/link/wrap-tests-with-act

    [0m [90m 57 |[39m       [33mAlert[39m[33m.[39malert([32m'Error'[39m[33m,[39m [32m'Failed to load dashboard data'[39m)[33m;[39m
     [90m 58 |[39m     } [36mfinally[39m {
    [31m[1m>[22m[39m[90m 59 |[39m       setLoading([36mfalse[39m)[33m;[39m
     [90m    |[39m       [31m[1m^[22m[39m
     [90m 60 |[39m     }
     [90m 61 |[39m   }[33m;[39m
     [90m 62 |[39m[0m

      at node_modules/react-test-renderer/cjs/react-test-renderer.development.js:11801:19
      at runWithFiberInDEV (node_modules/react-test-renderer/cjs/react-test-renderer.development.js:1574:13)
      at warnIfUpdatesNotWrappedWithActDEV (node_modules/react-test-renderer/cjs/react-test-renderer.development.js:11800:9)
      at scheduleUpdateOnFiber (node_modules/react-test-renderer/cjs/react-test-renderer.development.js:10326:9)
      at dispatchSetStateInternal (node_modules/react-test-renderer/cjs/react-test-renderer.development.js:4148:13)
      at dispatchSetState (node_modules/react-test-renderer/cjs/react-test-renderer.development.js:4107:7)
      at setLoading (app/admin/index.jsx:59:7)
      at asyncGeneratorStep (node_modules/@babel/runtime/helpers/asyncToGenerator.js:3:17)
      at _next (node_modules/@babel/runtime/helpers/asyncToGenerator.js:17:9)

    console.error
      Error fetching dashboard data: Error: API Error
          at Object.<anonymous> (D:\Mobile\MobileProjectFinal\frontend\__test__\AdminDashboard.test.jsx:73:33)
          at Generator.next (<anonymous>)
          at asyncGeneratorStep (D:\Mobile\MobileProjectFinal\frontend\node_modules\@babel\runtime\helpers\asyncToGenerator.js:3:17)
          at _next (D:\Mobile\MobileProjectFinal\frontend\node_modules\@babel\runtime\helpers\asyncToGenerator.js:17:9)
          at D:\Mobile\MobileProjectFinal\frontend\node_modules\@babel\runtime\helpers\asyncToGenerator.js:22:7
          at new Promise (<anonymous>)
          at Object.<anonymous> (D:\Mobile\MobileProjectFinal\frontend\node_modules\@babel\runtime\helpers\asyncToGenerator.js:14:12)
          at Promise.then.completed (D:\Mobile\MobileProjectFinal\frontend\node_modules\jest-circus\build\utils.js:298:28)
          at new Promise (<anonymous>)
          at callAsyncCircusFn (D:\Mobile\MobileProjectFinal\frontend\node_modules\jest-circus\build\utils.js:231:10)
          at _callCircusTest (D:\Mobile\MobileProjectFinal\frontend\node_modules\jest-circus\build\run.js:316:40)
          at _runTest (D:\Mobile\MobileProjectFinal\frontend\node_modules\jest-circus\build\run.js:252:3)
          at _runTestsForDescribeBlock (D:\Mobile\MobileProjectFinal\frontend\node_modules\jest-circus\build\run.js:126:9)
          at _runTestsForDescribeBlock (D:\Mobile\MobileProjectFinal\frontend\node_modules\jest-circus\build\run.js:121:9)
          at run (D:\Mobile\MobileProjectFinal\frontend\node_modules\jest-circus\build\run.js:71:3)
          at runAndTransformResultsToJestFormat (D:\Mobile\MobileProjectFinal\frontend\node_modules\jest-circus\build\legacy-code-todo-rewrite\jestAdapterInit.js:122:21)
          at jestAdapter (D:\Mobile\MobileProjectFinal\frontend\node_modules\jest-circus\build\legacy-code-todo-rewrite\jestAdapter.js:79:19)
          at runTestInternal (d:\Mobile\MobileProjectFinal\frontend\node_modules\jest-runner\build\runTest.js:367:16)
          at runTest (d:\Mobile\MobileProjectFinal\frontend\node_modules\jest-runner\build\runTest.js:444:34)
          at Object.worker (d:\Mobile\MobileProjectFinal\frontend\node_modules\jest-runner\build\testWorker.js:106:12)

    [0m [90m 54 |[39m       })[33m;[39m
     [90m 55 |[39m     } [36mcatch[39m (error) {
    [31m[1m>[22m[39m[90m 56 |[39m       console[33m.[39merror([32m'Error fetching dashboard data:'[39m[33m,[39m error)[33m;[39m
     [90m    |[39m               [31m[1m^[22m[39m
     [90m 57 |[39m       [33mAlert[39m[33m.[39malert([32m'Error'[39m[33m,[39m [32m'Failed to load dashboard data'[39m)[33m;[39m
     [90m 58 |[39m     } [36mfinally[39m {
     [90m 59 |[39m       setLoading([36mfalse[39m)[33m;[39m[0m

      at error (app/admin/index.jsx:56:15)
          at Generator.throw (<anonymous>)
      at asyncGeneratorStep (node_modules/@babel/runtime/helpers/asyncToGenerator.js:3:17)
      at _throw (node_modules/@babel/runtime/helpers/asyncToGenerator.js:20:9)

    console.error
      An update to AdminDashboard inside a test was not wrapped in act(...).
      
      When testing, code that causes React state updates should be wrapped into act(...):
      
      act(() => {
        /* fire events that update state */
      });
      /* assert on the output */
      
      This ensures that you're testing the behavior the user would see in the browser. Learn more at https://react.dev/link/wrap-tests-with-act

    [0m [90m 57 |[39m       [33mAlert[39m[33m.[39malert([32m'Error'[39m[33m,[39m [32m'Failed to load dashboard data'[39m)[33m;[39m
     [90m 58 |[39m     } [36mfinally[39m {
    [31m[1m>[22m[39m[90m 59 |[39m       setLoading([36mfalse[39m)[33m;[39m
     [90m    |[39m       [31m[1m^[22m[39m
     [90m 60 |[39m     }
     [90m 61 |[39m   }[33m;[39m
     [90m 62 |[39m[0m

      at node_modules/react-test-renderer/cjs/react-test-renderer.development.js:11801:19
      at runWithFiberInDEV (node_modules/react-test-renderer/cjs/react-test-renderer.development.js:1574:13)
      at warnIfUpdatesNotWrappedWithActDEV (node_modules/react-test-renderer/cjs/react-test-renderer.development.js:11800:9)
      at scheduleUpdateOnFiber (node_modules/react-test-renderer/cjs/react-test-renderer.development.js:10326:9)
      at dispatchSetStateInternal (node_modules/react-test-renderer/cjs/react-test-renderer.development.js:4148:13)
      at dispatchSetState (node_modules/react-test-renderer/cjs/react-test-renderer.development.js:4107:7)
      at setLoading (app/admin/index.jsx:59:7)
          at Generator.throw (<anonymous>)
      at asyncGeneratorStep (node_modules/@babel/runtime/helpers/asyncToGenerator.js:3:17)
      at _throw (node_modules/@babel/runtime/helpers/asyncToGenerator.js:20:9)

PASS __test__/UserBookingsCreate.test.jsx
  ● Console

    console.error
      An update to BookingCreate inside a test was not wrapped in act(...).
      
      When testing, code that causes React state updates should be wrapped into act(...):
      
      act(() => {
        /* fire events that update state */
      });
      /* assert on the output */
      
      This ensures that you're testing the behavior the user would see in the browser. Learn more at https://react.dev/link/wrap-tests-with-act

    [0m [90m 44 |[39m       [36mconst[39m user [33m=[39m response[33m.[39mdata[33m.[39muser[33m;[39m
     [90m 45 |[39m
    [31m[1m>[22m[39m[90m 46 |[39m       setFormData((prev) [33m=>[39m ({
     [90m    |[39m       [31m[1m^[22m[39m
     [90m 47 |[39m         [33m...[39mprev[33m,[39m
     [90m 48 |[39m         guestName[33m:[39m user[33m.[39mdisplayName [33m||[39m [32m''[39m[33m,[39m
     [90m 49 |[39m         guestEmail[33m:[39m user[33m.[39memail [33m||[39m [32m''[39m[33m,[39m[0m

      at node_modules/react-test-renderer/cjs/react-test-renderer.development.js:11801:19
      at runWithFiberInDEV (node_modules/react-test-renderer/cjs/react-test-renderer.development.js:1574:13)
      at warnIfUpdatesNotWrappedWithActDEV (node_modules/react-test-renderer/cjs/react-test-renderer.development.js:11800:9)
      at scheduleUpdateOnFiber (node_modules/react-test-renderer/cjs/react-test-renderer.development.js:10326:9)
      at dispatchSetStateInternal (node_modules/react-test-renderer/cjs/react-test-renderer.development.js:4148:13)
      at dispatchSetState (node_modules/react-test-renderer/cjs/react-test-renderer.development.js:4107:7)
      at setFormData (app/user/bookings-create.jsx:46:7)
      at asyncGeneratorStep (node_modules/@babel/runtime/helpers/asyncToGenerator.js:3:17)
      at _next (node_modules/@babel/runtime/helpers/asyncToGenerator.js:17:9)

    console.error
      An update to BookingCreate inside a test was not wrapped in act(...).
      
      When testing, code that causes React state updates should be wrapped into act(...):
      
      act(() => {
        /* fire events that update state */
      });
      /* assert on the output */
      
      This ensures that you're testing the behavior the user would see in the browser. Learn more at https://react.dev/link/wrap-tests-with-act

    [0m [90m 44 |[39m       [36mconst[39m user [33m=[39m response[33m.[39mdata[33m.[39muser[33m;[39m
     [90m 45 |[39m
    [31m[1m>[22m[39m[90m 46 |[39m       setFormData((prev) [33m=>[39m ({
     [90m    |[39m       [31m[1m^[22m[39m
     [90m 47 |[39m         [33m...[39mprev[33m,[39m
     [90m 48 |[39m         guestName[33m:[39m user[33m.[39mdisplayName [33m||[39m [32m''[39m[33m,[39m
     [90m 49 |[39m         guestEmail[33m:[39m user[33m.[39memail [33m||[39m [32m''[39m[33m,[39m[0m

      at node_modules/react-test-renderer/cjs/react-test-renderer.development.js:11801:19
      at runWithFiberInDEV (node_modules/react-test-renderer/cjs/react-test-renderer.development.js:1574:13)
      at warnIfUpdatesNotWrappedWithActDEV (node_modules/react-test-renderer/cjs/react-test-renderer.development.js:11800:9)
      at scheduleUpdateOnFiber (node_modules/react-test-renderer/cjs/react-test-renderer.development.js:10326:9)
      at dispatchSetStateInternal (node_modules/react-test-renderer/cjs/react-test-renderer.development.js:4148:13)
      at dispatchSetState (node_modules/react-test-renderer/cjs/react-test-renderer.development.js:4107:7)
      at setFormData (app/user/bookings-create.jsx:46:7)
      at asyncGeneratorStep (node_modules/@babel/runtime/helpers/asyncToGenerator.js:3:17)
      at _next (node_modules/@babel/runtime/helpers/asyncToGenerator.js:17:9)

    console.error
      An update to BookingCreate inside a test was not wrapped in act(...).
      
      When testing, code that causes React state updates should be wrapped into act(...):
      
      act(() => {
        /* fire events that update state */
      });
      /* assert on the output */
      
      This ensures that you're testing the behavior the user would see in the browser. Learn more at https://react.dev/link/wrap-tests-with-act

    [0m [90m 44 |[39m       [36mconst[39m user [33m=[39m response[33m.[39mdata[33m.[39muser[33m;[39m
     [90m 45 |[39m
    [31m[1m>[22m[39m[90m 46 |[39m       setFormData((prev) [33m=>[39m ({
     [90m    |[39m       [31m[1m^[22m[39m
     [90m 47 |[39m         [33m...[39mprev[33m,[39m
     [90m 48 |[39m         guestName[33m:[39m user[33m.[39mdisplayName [33m||[39m [32m''[39m[33m,[39m
     [90m 49 |[39m         guestEmail[33m:[39m user[33m.[39memail [33m||[39m [32m''[39m[33m,[39m[0m

      at node_modules/react-test-renderer/cjs/react-test-renderer.development.js:11801:19
      at runWithFiberInDEV (node_modules/react-test-renderer/cjs/react-test-renderer.development.js:1574:13)
      at warnIfUpdatesNotWrappedWithActDEV (node_modules/react-test-renderer/cjs/react-test-renderer.development.js:11800:9)
      at scheduleUpdateOnFiber (node_modules/react-test-renderer/cjs/react-test-renderer.development.js:10326:9)
      at dispatchSetStateInternal (node_modules/react-test-renderer/cjs/react-test-renderer.development.js:4148:13)
      at dispatchSetState (node_modules/react-test-renderer/cjs/react-test-renderer.development.js:4107:7)
      at setFormData (app/user/bookings-create.jsx:46:7)
      at asyncGeneratorStep (node_modules/@babel/runtime/helpers/asyncToGenerator.js:3:17)
      at _next (node_modules/@babel/runtime/helpers/asyncToGenerator.js:17:9)

    console.error
      An update to BookingCreate inside a test was not wrapped in act(...).
      
      When testing, code that causes React state updates should be wrapped into act(...):
      
      act(() => {
        /* fire events that update state */
      });
      /* assert on the output */
      
      This ensures that you're testing the behavior the user would see in the browser. Learn more at https://react.dev/link/wrap-tests-with-act

    [0m [90m 44 |[39m       [36mconst[39m user [33m=[39m response[33m.[39mdata[33m.[39muser[33m;[39m
     [90m 45 |[39m
    [31m[1m>[22m[39m[90m 46 |[39m       setFormData((prev) [33m=>[39m ({
     [90m    |[39m       [31m[1m^[22m[39m
     [90m 47 |[39m         [33m...[39mprev[33m,[39m
     [90m 48 |[39m         guestName[33m:[39m user[33m.[39mdisplayName [33m||[39m [32m''[39m[33m,[39m
     [90m 49 |[39m         guestEmail[33m:[39m user[33m.[39memail [33m||[39m [32m''[39m[33m,[39m[0m

      at node_modules/react-test-renderer/cjs/react-test-renderer.development.js:11801:19
      at runWithFiberInDEV (node_modules/react-test-renderer/cjs/react-test-renderer.development.js:1574:13)
      at warnIfUpdatesNotWrappedWithActDEV (node_modules/react-test-renderer/cjs/react-test-renderer.development.js:11800:9)
      at scheduleUpdateOnFiber (node_modules/react-test-renderer/cjs/react-test-renderer.development.js:10326:9)
      at dispatchSetStateInternal (node_modules/react-test-renderer/cjs/react-test-renderer.development.js:4148:13)
      at dispatchSetState (node_modules/react-test-renderer/cjs/react-test-renderer.development.js:4107:7)
      at setFormData (app/user/bookings-create.jsx:46:7)
      at asyncGeneratorStep (node_modules/@babel/runtime/helpers/asyncToGenerator.js:3:17)
      at _next (node_modules/@babel/runtime/helpers/asyncToGenerator.js:17:9)

    console.error
      An update to BookingCreate inside a test was not wrapped in act(...).
      
      When testing, code that causes React state updates should be wrapped into act(...):
      
      act(() => {
        /* fire events that update state */
      });
      /* assert on the output */
      
      This ensures that you're testing the behavior the user would see in the browser. Learn more at https://react.dev/link/wrap-tests-with-act

    [0m [90m 44 |[39m       [36mconst[39m user [33m=[39m response[33m.[39mdata[33m.[39muser[33m;[39m
     [90m 45 |[39m
    [31m[1m>[22m[39m[90m 46 |[39m       setFormData((prev) [33m=>[39m ({
     [90m    |[39m       [31m[1m^[22m[39m
     [90m 47 |[39m         [33m...[39mprev[33m,[39m
     [90m 48 |[39m         guestName[33m:[39m user[33m.[39mdisplayName [33m||[39m [32m''[39m[33m,[39m
     [90m 49 |[39m         guestEmail[33m:[39m user[33m.[39memail [33m||[39m [32m''[39m[33m,[39m[0m

      at node_modules/react-test-renderer/cjs/react-test-renderer.development.js:11801:19
      at runWithFiberInDEV (node_modules/react-test-renderer/cjs/react-test-renderer.development.js:1574:13)
      at warnIfUpdatesNotWrappedWithActDEV (node_modules/react-test-renderer/cjs/react-test-renderer.development.js:11800:9)
      at scheduleUpdateOnFiber (node_modules/react-test-renderer/cjs/react-test-renderer.development.js:10326:9)
      at dispatchSetStateInternal (node_modules/react-test-renderer/cjs/react-test-renderer.development.js:4148:13)
      at dispatchSetState (node_modules/react-test-renderer/cjs/react-test-renderer.development.js:4107:7)
      at setFormData (app/user/bookings-create.jsx:46:7)
      at asyncGeneratorStep (node_modules/@babel/runtime/helpers/asyncToGenerator.js:3:17)
      at _next (node_modules/@babel/runtime/helpers/asyncToGenerator.js:17:9)

    console.error
      Error fetching user: Error: API Error
          at Object.<anonymous> (D:\Mobile\MobileProjectFinal\frontend\__test__\UserBookingsCreate.test.jsx:71:33)
          at Generator.next (<anonymous>)
          at asyncGeneratorStep (D:\Mobile\MobileProjectFinal\frontend\node_modules\@babel\runtime\helpers\asyncToGenerator.js:3:17)
          at _next (D:\Mobile\MobileProjectFinal\frontend\node_modules\@babel\runtime\helpers\asyncToGenerator.js:17:9)
          at D:\Mobile\MobileProjectFinal\frontend\node_modules\@babel\runtime\helpers\asyncToGenerator.js:22:7
          at new Promise (<anonymous>)
          at Object.<anonymous> (D:\Mobile\MobileProjectFinal\frontend\node_modules\@babel\runtime\helpers\asyncToGenerator.js:14:12)
          at Promise.then.completed (D:\Mobile\MobileProjectFinal\frontend\node_modules\jest-circus\build\utils.js:298:28)
          at new Promise (<anonymous>)
          at callAsyncCircusFn (D:\Mobile\MobileProjectFinal\frontend\node_modules\jest-circus\build\utils.js:231:10)
          at _callCircusTest (D:\Mobile\MobileProjectFinal\frontend\node_modules\jest-circus\build\run.js:316:40)
          at _runTest (D:\Mobile\MobileProjectFinal\frontend\node_modules\jest-circus\build\run.js:252:3)
          at _runTestsForDescribeBlock (D:\Mobile\MobileProjectFinal\frontend\node_modules\jest-circus\build\run.js:126:9)
          at _runTestsForDescribeBlock (D:\Mobile\MobileProjectFinal\frontend\node_modules\jest-circus\build\run.js:121:9)
          at run (D:\Mobile\MobileProjectFinal\frontend\node_modules\jest-circus\build\run.js:71:3)
          at runAndTransformResultsToJestFormat (D:\Mobile\MobileProjectFinal\frontend\node_modules\jest-circus\build\legacy-code-todo-rewrite\jestAdapterInit.js:122:21)
          at jestAdapter (D:\Mobile\MobileProjectFinal\frontend\node_modules\jest-circus\build\legacy-code-todo-rewrite\jestAdapter.js:79:19)
          at runTestInternal (d:\Mobile\MobileProjectFinal\frontend\node_modules\jest-runner\build\runTest.js:367:16)
          at runTest (d:\Mobile\MobileProjectFinal\frontend\node_modules\jest-runner\build\runTest.js:444:34)
          at Object.worker (d:\Mobile\MobileProjectFinal\frontend\node_modules\jest-runner\build\testWorker.js:106:12)

    [0m [90m 51 |[39m       }))[33m;[39m
     [90m 52 |[39m     } [36mcatch[39m (error) {
    [31m[1m>[22m[39m[90m 53 |[39m       console[33m.[39merror([32m'Error fetching user:'[39m[33m,[39m error)[33m;[39m
     [90m    |[39m               [31m[1m^[22m[39m
     [90m 54 |[39m     }
     [90m 55 |[39m   }[33m;[39m
     [90m 56 |[39m[0m

      at error (app/user/bookings-create.jsx:53:15)
          at Generator.throw (<anonymous>)
      at asyncGeneratorStep (node_modules/@babel/runtime/helpers/asyncToGenerator.js:3:17)
      at _throw (node_modules/@babel/runtime/helpers/asyncToGenerator.js:20:9)

PASS __test__/UserProfile.test.jsx
  ● Console

    console.error
      An update to UserProfile inside a test was not wrapped in act(...).
      
      When testing, code that causes React state updates should be wrapped into act(...):
      
      act(() => {
        /* fire events that update state */
      });
      /* assert on the output */
      
      This ensures that you're testing the behavior the user would see in the browser. Learn more at https://react.dev/link/wrap-tests-with-act

    [0m [90m 40 |[39m
     [90m 41 |[39m       [36mconst[39m userData [33m=[39m response[33m.[39mdata[33m.[39muser[33m;[39m
    [31m[1m>[22m[39m[90m 42 |[39m       setUser(userData)[33m;[39m
     [90m    |[39m       [31m[1m^[22m[39m
     [90m 43 |[39m       setFormData({
     [90m 44 |[39m         displayName[33m:[39m userData[33m.[39mdisplayName [33m||[39m [32m''[39m[33m,[39m
     [90m 45 |[39m         bio[33m:[39m userData[33m.[39mbio [33m||[39m [32m''[39m[33m,[39m[0m

      at node_modules/react-test-renderer/cjs/react-test-renderer.development.js:11801:19
      at runWithFiberInDEV (node_modules/react-test-renderer/cjs/react-test-renderer.development.js:1574:13)
      at warnIfUpdatesNotWrappedWithActDEV (node_modules/react-test-renderer/cjs/react-test-renderer.development.js:11800:9)
      at scheduleUpdateOnFiber (node_modules/react-test-renderer/cjs/react-test-renderer.development.js:10326:9)
      at dispatchSetStateInternal (node_modules/react-test-renderer/cjs/react-test-renderer.development.js:4148:13)
      at dispatchSetState (node_modules/react-test-renderer/cjs/react-test-renderer.development.js:4107:7)
      at setUser (app/user/profile.jsx:42:7)
      at asyncGeneratorStep (node_modules/@babel/runtime/helpers/asyncToGenerator.js:3:17)
      at _next (node_modules/@babel/runtime/helpers/asyncToGenerator.js:17:9)

    console.error
      An update to UserProfile inside a test was not wrapped in act(...).
      
      When testing, code that causes React state updates should be wrapped into act(...):
      
      act(() => {
        /* fire events that update state */
      });
      /* assert on the output */
      
      This ensures that you're testing the behavior the user would see in the browser. Learn more at https://react.dev/link/wrap-tests-with-act

    [0m [90m 41 |[39m       [36mconst[39m userData [33m=[39m response[33m.[39mdata[33m.[39muser[33m;[39m
     [90m 42 |[39m       setUser(userData)[33m;[39m
    [31m[1m>[22m[39m[90m 43 |[39m       setFormData({
     [90m    |[39m       [31m[1m^[22m[39m
     [90m 44 |[39m         displayName[33m:[39m userData[33m.[39mdisplayName [33m||[39m [32m''[39m[33m,[39m
     [90m 45 |[39m         bio[33m:[39m userData[33m.[39mbio [33m||[39m [32m''[39m[33m,[39m
     [90m 46 |[39m         phone[33m:[39m userData[33m.[39mphone [33m||[39m [32m''[39m[33m,[39m[0m

      at node_modules/react-test-renderer/cjs/react-test-renderer.development.js:11801:19
      at runWithFiberInDEV (node_modules/react-test-renderer/cjs/react-test-renderer.development.js:1574:13)
      at warnIfUpdatesNotWrappedWithActDEV (node_modules/react-test-renderer/cjs/react-test-renderer.development.js:11800:9)
      at scheduleUpdateOnFiber (node_modules/react-test-renderer/cjs/react-test-renderer.development.js:10326:9)
      at dispatchSetStateInternal (node_modules/react-test-renderer/cjs/react-test-renderer.development.js:4148:13)
      at dispatchSetState (node_modules/react-test-renderer/cjs/react-test-renderer.development.js:4107:7)
      at setFormData (app/user/profile.jsx:43:7)
      at asyncGeneratorStep (node_modules/@babel/runtime/helpers/asyncToGenerator.js:3:17)
      at _next (node_modules/@babel/runtime/helpers/asyncToGenerator.js:17:9)

    console.error
      An update to UserProfile inside a test was not wrapped in act(...).
      
      When testing, code that causes React state updates should be wrapped into act(...):
      
      act(() => {
        /* fire events that update state */
      });
      /* assert on the output */
      
      This ensures that you're testing the behavior the user would see in the browser. Learn more at https://react.dev/link/wrap-tests-with-act

    [0m [90m 50 |[39m       [33mAlert[39m[33m.[39malert([32m'Error'[39m[33m,[39m [32m'Failed to load profile'[39m)[33m;[39m
     [90m 51 |[39m     } [36mfinally[39m {
    [31m[1m>[22m[39m[90m 52 |[39m       setLoading([36mfalse[39m)[33m;[39m
     [90m    |[39m       [31m[1m^[22m[39m
     [90m 53 |[39m     }
     [90m 54 |[39m   }[33m;[39m
     [90m 55 |[39m[0m

      at node_modules/react-test-renderer/cjs/react-test-renderer.development.js:11801:19
      at runWithFiberInDEV (node_modules/react-test-renderer/cjs/react-test-renderer.development.js:1574:13)
      at warnIfUpdatesNotWrappedWithActDEV (node_modules/react-test-renderer/cjs/react-test-renderer.development.js:11800:9)
      at scheduleUpdateOnFiber (node_modules/react-test-renderer/cjs/react-test-renderer.development.js:10326:9)
      at dispatchSetStateInternal (node_modules/react-test-renderer/cjs/react-test-renderer.development.js:4148:13)
      at dispatchSetState (node_modules/react-test-renderer/cjs/react-test-renderer.development.js:4107:7)
      at setLoading (app/user/profile.jsx:52:7)
      at asyncGeneratorStep (node_modules/@babel/runtime/helpers/asyncToGenerator.js:3:17)
      at _next (node_modules/@babel/runtime/helpers/asyncToGenerator.js:17:9)

    console.error
      An update to UserProfile inside a test was not wrapped in act(...).
      
      When testing, code that causes React state updates should be wrapped into act(...):
      
      act(() => {
        /* fire events that update state */
      });
      /* assert on the output */
      
      This ensures that you're testing the behavior the user would see in the browser. Learn more at https://react.dev/link/wrap-tests-with-act

    [0m [90m 40 |[39m
     [90m 41 |[39m       [36mconst[39m userData [33m=[39m response[33m.[39mdata[33m.[39muser[33m;[39m
    [31m[1m>[22m[39m[90m 42 |[39m       setUser(userData)[33m;[39m
     [90m    |[39m       [31m[1m^[22m[39m
     [90m 43 |[39m       setFormData({
     [90m 44 |[39m         displayName[33m:[39m userData[33m.[39mdisplayName [33m||[39m [32m''[39m[33m,[39m
     [90m 45 |[39m         bio[33m:[39m userData[33m.[39mbio [33m||[39m [32m''[39m[33m,[39m[0m

      at node_modules/react-test-renderer/cjs/react-test-renderer.development.js:11801:19
      at runWithFiberInDEV (node_modules/react-test-renderer/cjs/react-test-renderer.development.js:1574:13)
      at warnIfUpdatesNotWrappedWithActDEV (node_modules/react-test-renderer/cjs/react-test-renderer.development.js:11800:9)
      at scheduleUpdateOnFiber (node_modules/react-test-renderer/cjs/react-test-renderer.development.js:10326:9)
      at dispatchSetStateInternal (node_modules/react-test-renderer/cjs/react-test-renderer.development.js:4148:13)
      at dispatchSetState (node_modules/react-test-renderer/cjs/react-test-renderer.development.js:4107:7)
      at setUser (app/user/profile.jsx:42:7)
      at asyncGeneratorStep (node_modules/@babel/runtime/helpers/asyncToGenerator.js:3:17)
      at _next (node_modules/@babel/runtime/helpers/asyncToGenerator.js:17:9)

    console.error
      An update to UserProfile inside a test was not wrapped in act(...).
      
      When testing, code that causes React state updates should be wrapped into act(...):
      
      act(() => {
        /* fire events that update state */
      });
      /* assert on the output */
      
      This ensures that you're testing the behavior the user would see in the browser. Learn more at https://react.dev/link/wrap-tests-with-act

    [0m [90m 41 |[39m       [36mconst[39m userData [33m=[39m response[33m.[39mdata[33m.[39muser[33m;[39m
     [90m 42 |[39m       setUser(userData)[33m;[39m
    [31m[1m>[22m[39m[90m 43 |[39m       setFormData({
     [90m    |[39m       [31m[1m^[22m[39m
     [90m 44 |[39m         displayName[33m:[39m userData[33m.[39mdisplayName [33m||[39m [32m''[39m[33m,[39m
     [90m 45 |[39m         bio[33m:[39m userData[33m.[39mbio [33m||[39m [32m''[39m[33m,[39m
     [90m 46 |[39m         phone[33m:[39m userData[33m.[39mphone [33m||[39m [32m''[39m[33m,[39m[0m

      at node_modules/react-test-renderer/cjs/react-test-renderer.development.js:11801:19
      at runWithFiberInDEV (node_modules/react-test-renderer/cjs/react-test-renderer.development.js:1574:13)
      at warnIfUpdatesNotWrappedWithActDEV (node_modules/react-test-renderer/cjs/react-test-renderer.development.js:11800:9)
      at scheduleUpdateOnFiber (node_modules/react-test-renderer/cjs/react-test-renderer.development.js:10326:9)
      at dispatchSetStateInternal (node_modules/react-test-renderer/cjs/react-test-renderer.development.js:4148:13)
      at dispatchSetState (node_modules/react-test-renderer/cjs/react-test-renderer.development.js:4107:7)
      at setFormData (app/user/profile.jsx:43:7)
      at asyncGeneratorStep (node_modules/@babel/runtime/helpers/asyncToGenerator.js:3:17)
      at _next (node_modules/@babel/runtime/helpers/asyncToGenerator.js:17:9)

    console.error
      An update to UserProfile inside a test was not wrapped in act(...).
      
      When testing, code that causes React state updates should be wrapped into act(...):
      
      act(() => {
        /* fire events that update state */
      });
      /* assert on the output */
      
      This ensures that you're testing the behavior the user would see in the browser. Learn more at https://react.dev/link/wrap-tests-with-act

    [0m [90m 50 |[39m       [33mAlert[39m[33m.[39malert([32m'Error'[39m[33m,[39m [32m'Failed to load profile'[39m)[33m;[39m
     [90m 51 |[39m     } [36mfinally[39m {
    [31m[1m>[22m[39m[90m 52 |[39m       setLoading([36mfalse[39m)[33m;[39m
     [90m    |[39m       [31m[1m^[22m[39m
     [90m 53 |[39m     }
     [90m 54 |[39m   }[33m;[39m
     [90m 55 |[39m[0m

      at node_modules/react-test-renderer/cjs/react-test-renderer.development.js:11801:19
      at runWithFiberInDEV (node_modules/react-test-renderer/cjs/react-test-renderer.development.js:1574:13)
      at warnIfUpdatesNotWrappedWithActDEV (node_modules/react-test-renderer/cjs/react-test-renderer.development.js:11800:9)
      at scheduleUpdateOnFiber (node_modules/react-test-renderer/cjs/react-test-renderer.development.js:10326:9)
      at dispatchSetStateInternal (node_modules/react-test-renderer/cjs/react-test-renderer.development.js:4148:13)
      at dispatchSetState (node_modules/react-test-renderer/cjs/react-test-renderer.development.js:4107:7)
      at setLoading (app/user/profile.jsx:52:7)
      at asyncGeneratorStep (node_modules/@babel/runtime/helpers/asyncToGenerator.js:3:17)
      at _next (node_modules/@babel/runtime/helpers/asyncToGenerator.js:17:9)

    console.error
      An update to UserProfile inside a test was not wrapped in act(...).
      
      When testing, code that causes React state updates should be wrapped into act(...):
      
      act(() => {
        /* fire events that update state */
      });
      /* assert on the output */
      
      This ensures that you're testing the behavior the user would see in the browser. Learn more at https://react.dev/link/wrap-tests-with-act

    [0m [90m 40 |[39m
     [90m 41 |[39m       [36mconst[39m userData [33m=[39m response[33m.[39mdata[33m.[39muser[33m;[39m
    [31m[1m>[22m[39m[90m 42 |[39m       setUser(userData)[33m;[39m
     [90m    |[39m       [31m[1m^[22m[39m
     [90m 43 |[39m       setFormData({
     [90m 44 |[39m         displayName[33m:[39m userData[33m.[39mdisplayName [33m||[39m [32m''[39m[33m,[39m
     [90m 45 |[39m         bio[33m:[39m userData[33m.[39mbio [33m||[39m [32m''[39m[33m,[39m[0m

      at node_modules/react-test-renderer/cjs/react-test-renderer.development.js:11801:19
      at runWithFiberInDEV (node_modules/react-test-renderer/cjs/react-test-renderer.development.js:1574:13)
      at warnIfUpdatesNotWrappedWithActDEV (node_modules/react-test-renderer/cjs/react-test-renderer.development.js:11800:9)
      at scheduleUpdateOnFiber (node_modules/react-test-renderer/cjs/react-test-renderer.development.js:10326:9)
      at dispatchSetStateInternal (node_modules/react-test-renderer/cjs/react-test-renderer.development.js:4148:13)
      at dispatchSetState (node_modules/react-test-renderer/cjs/react-test-renderer.development.js:4107:7)
      at setUser (app/user/profile.jsx:42:7)
      at asyncGeneratorStep (node_modules/@babel/runtime/helpers/asyncToGenerator.js:3:17)
      at _next (node_modules/@babel/runtime/helpers/asyncToGenerator.js:17:9)

    console.error
      An update to UserProfile inside a test was not wrapped in act(...).
      
      When testing, code that causes React state updates should be wrapped into act(...):
      
      act(() => {
        /* fire events that update state */
      });
      /* assert on the output */
      
      This ensures that you're testing the behavior the user would see in the browser. Learn more at https://react.dev/link/wrap-tests-with-act

    [0m [90m 41 |[39m       [36mconst[39m userData [33m=[39m response[33m.[39mdata[33m.[39muser[33m;[39m
     [90m 42 |[39m       setUser(userData)[33m;[39m
    [31m[1m>[22m[39m[90m 43 |[39m       setFormData({
     [90m    |[39m       [31m[1m^[22m[39m
     [90m 44 |[39m         displayName[33m:[39m userData[33m.[39mdisplayName [33m||[39m [32m''[39m[33m,[39m
     [90m 45 |[39m         bio[33m:[39m userData[33m.[39mbio [33m||[39m [32m''[39m[33m,[39m
     [90m 46 |[39m         phone[33m:[39m userData[33m.[39mphone [33m||[39m [32m''[39m[33m,[39m[0m

      at node_modules/react-test-renderer/cjs/react-test-renderer.development.js:11801:19
      at runWithFiberInDEV (node_modules/react-test-renderer/cjs/react-test-renderer.development.js:1574:13)
      at warnIfUpdatesNotWrappedWithActDEV (node_modules/react-test-renderer/cjs/react-test-renderer.development.js:11800:9)
      at scheduleUpdateOnFiber (node_modules/react-test-renderer/cjs/react-test-renderer.development.js:10326:9)
      at dispatchSetStateInternal (node_modules/react-test-renderer/cjs/react-test-renderer.development.js:4148:13)
      at dispatchSetState (node_modules/react-test-renderer/cjs/react-test-renderer.development.js:4107:7)
      at setFormData (app/user/profile.jsx:43:7)
      at asyncGeneratorStep (node_modules/@babel/runtime/helpers/asyncToGenerator.js:3:17)
      at _next (node_modules/@babel/runtime/helpers/asyncToGenerator.js:17:9)

    console.error
      An update to UserProfile inside a test was not wrapped in act(...).
      
      When testing, code that causes React state updates should be wrapped into act(...):
      
      act(() => {
        /* fire events that update state */
      });
      /* assert on the output */
      
      This ensures that you're testing the behavior the user would see in the browser. Learn more at https://react.dev/link/wrap-tests-with-act

    [0m [90m 50 |[39m       [33mAlert[39m[33m.[39malert([32m'Error'[39m[33m,[39m [32m'Failed to load profile'[39m)[33m;[39m
     [90m 51 |[39m     } [36mfinally[39m {
    [31m[1m>[22m[39m[90m 52 |[39m       setLoading([36mfalse[39m)[33m;[39m
     [90m    |[39m       [31m[1m^[22m[39m
     [90m 53 |[39m     }
     [90m 54 |[39m   }[33m;[39m
     [90m 55 |[39m[0m

      at node_modules/react-test-renderer/cjs/react-test-renderer.development.js:11801:19
      at runWithFiberInDEV (node_modules/react-test-renderer/cjs/react-test-renderer.development.js:1574:13)
      at warnIfUpdatesNotWrappedWithActDEV (node_modules/react-test-renderer/cjs/react-test-renderer.development.js:11800:9)
      at scheduleUpdateOnFiber (node_modules/react-test-renderer/cjs/react-test-renderer.development.js:10326:9)
      at dispatchSetStateInternal (node_modules/react-test-renderer/cjs/react-test-renderer.development.js:4148:13)
      at dispatchSetState (node_modules/react-test-renderer/cjs/react-test-renderer.development.js:4107:7)
      at setLoading (app/user/profile.jsx:52:7)
      at asyncGeneratorStep (node_modules/@babel/runtime/helpers/asyncToGenerator.js:3:17)
      at _next (node_modules/@babel/runtime/helpers/asyncToGenerator.js:17:9)

    console.error
      An update to UserProfile inside a test was not wrapped in act(...).
      
      When testing, code that causes React state updates should be wrapped into act(...):
      
      act(() => {
        /* fire events that update state */
      });
      /* assert on the output */
      
      This ensures that you're testing the behavior the user would see in the browser. Learn more at https://react.dev/link/wrap-tests-with-act

    [0m [90m 40 |[39m
     [90m 41 |[39m       [36mconst[39m userData [33m=[39m response[33m.[39mdata[33m.[39muser[33m;[39m
    [31m[1m>[22m[39m[90m 42 |[39m       setUser(userData)[33m;[39m
     [90m    |[39m       [31m[1m^[22m[39m
     [90m 43 |[39m       setFormData({
     [90m 44 |[39m         displayName[33m:[39m userData[33m.[39mdisplayName [33m||[39m [32m''[39m[33m,[39m
     [90m 45 |[39m         bio[33m:[39m userData[33m.[39mbio [33m||[39m [32m''[39m[33m,[39m[0m

      at node_modules/react-test-renderer/cjs/react-test-renderer.development.js:11801:19
      at runWithFiberInDEV (node_modules/react-test-renderer/cjs/react-test-renderer.development.js:1574:13)
      at warnIfUpdatesNotWrappedWithActDEV (node_modules/react-test-renderer/cjs/react-test-renderer.development.js:11800:9)
      at scheduleUpdateOnFiber (node_modules/react-test-renderer/cjs/react-test-renderer.development.js:10326:9)
      at dispatchSetStateInternal (node_modules/react-test-renderer/cjs/react-test-renderer.development.js:4148:13)
      at dispatchSetState (node_modules/react-test-renderer/cjs/react-test-renderer.development.js:4107:7)
      at setUser (app/user/profile.jsx:42:7)
      at asyncGeneratorStep (node_modules/@babel/runtime/helpers/asyncToGenerator.js:3:17)
      at _next (node_modules/@babel/runtime/helpers/asyncToGenerator.js:17:9)

    console.error
      An update to UserProfile inside a test was not wrapped in act(...).
      
      When testing, code that causes React state updates should be wrapped into act(...):
      
      act(() => {
        /* fire events that update state */
      });
      /* assert on the output */
      
      This ensures that you're testing the behavior the user would see in the browser. Learn more at https://react.dev/link/wrap-tests-with-act

    [0m [90m 41 |[39m       [36mconst[39m userData [33m=[39m response[33m.[39mdata[33m.[39muser[33m;[39m
     [90m 42 |[39m       setUser(userData)[33m;[39m
    [31m[1m>[22m[39m[90m 43 |[39m       setFormData({
     [90m    |[39m       [31m[1m^[22m[39m
     [90m 44 |[39m         displayName[33m:[39m userData[33m.[39mdisplayName [33m||[39m [32m''[39m[33m,[39m
     [90m 45 |[39m         bio[33m:[39m userData[33m.[39mbio [33m||[39m [32m''[39m[33m,[39m
     [90m 46 |[39m         phone[33m:[39m userData[33m.[39mphone [33m||[39m [32m''[39m[33m,[39m[0m

      at node_modules/react-test-renderer/cjs/react-test-renderer.development.js:11801:19
      at runWithFiberInDEV (node_modules/react-test-renderer/cjs/react-test-renderer.development.js:1574:13)
      at warnIfUpdatesNotWrappedWithActDEV (node_modules/react-test-renderer/cjs/react-test-renderer.development.js:11800:9)
      at scheduleUpdateOnFiber (node_modules/react-test-renderer/cjs/react-test-renderer.development.js:10326:9)
      at dispatchSetStateInternal (node_modules/react-test-renderer/cjs/react-test-renderer.development.js:4148:13)
      at dispatchSetState (node_modules/react-test-renderer/cjs/react-test-renderer.development.js:4107:7)
      at setFormData (app/user/profile.jsx:43:7)
      at asyncGeneratorStep (node_modules/@babel/runtime/helpers/asyncToGenerator.js:3:17)
      at _next (node_modules/@babel/runtime/helpers/asyncToGenerator.js:17:9)

    console.error
      An update to UserProfile inside a test was not wrapped in act(...).
      
      When testing, code that causes React state updates should be wrapped into act(...):
      
      act(() => {
        /* fire events that update state */
      });
      /* assert on the output */
      
      This ensures that you're testing the behavior the user would see in the browser. Learn more at https://react.dev/link/wrap-tests-with-act

    [0m [90m 50 |[39m       [33mAlert[39m[33m.[39malert([32m'Error'[39m[33m,[39m [32m'Failed to load profile'[39m)[33m;[39m
     [90m 51 |[39m     } [36mfinally[39m {
    [31m[1m>[22m[39m[90m 52 |[39m       setLoading([36mfalse[39m)[33m;[39m
     [90m    |[39m       [31m[1m^[22m[39m
     [90m 53 |[39m     }
     [90m 54 |[39m   }[33m;[39m
     [90m 55 |[39m[0m

      at node_modules/react-test-renderer/cjs/react-test-renderer.development.js:11801:19
      at runWithFiberInDEV (node_modules/react-test-renderer/cjs/react-test-renderer.development.js:1574:13)
      at warnIfUpdatesNotWrappedWithActDEV (node_modules/react-test-renderer/cjs/react-test-renderer.development.js:11800:9)
      at scheduleUpdateOnFiber (node_modules/react-test-renderer/cjs/react-test-renderer.development.js:10326:9)
      at dispatchSetStateInternal (node_modules/react-test-renderer/cjs/react-test-renderer.development.js:4148:13)
      at dispatchSetState (node_modules/react-test-renderer/cjs/react-test-renderer.development.js:4107:7)
      at setLoading (app/user/profile.jsx:52:7)
      at asyncGeneratorStep (node_modules/@babel/runtime/helpers/asyncToGenerator.js:3:17)
      at _next (node_modules/@babel/runtime/helpers/asyncToGenerator.js:17:9)

    console.error
      An update to UserProfile inside a test was not wrapped in act(...).
      
      When testing, code that causes React state updates should be wrapped into act(...):
      
      act(() => {
        /* fire events that update state */
      });
      /* assert on the output */
      
      This ensures that you're testing the behavior the user would see in the browser. Learn more at https://react.dev/link/wrap-tests-with-act

    [0m [90m 40 |[39m
     [90m 41 |[39m       [36mconst[39m userData [33m=[39m response[33m.[39mdata[33m.[39muser[33m;[39m
    [31m[1m>[22m[39m[90m 42 |[39m       setUser(userData)[33m;[39m
     [90m    |[39m       [31m[1m^[22m[39m
     [90m 43 |[39m       setFormData({
     [90m 44 |[39m         displayName[33m:[39m userData[33m.[39mdisplayName [33m||[39m [32m''[39m[33m,[39m
     [90m 45 |[39m         bio[33m:[39m userData[33m.[39mbio [33m||[39m [32m''[39m[33m,[39m[0m

      at node_modules/react-test-renderer/cjs/react-test-renderer.development.js:11801:19
      at runWithFiberInDEV (node_modules/react-test-renderer/cjs/react-test-renderer.development.js:1574:13)
      at warnIfUpdatesNotWrappedWithActDEV (node_modules/react-test-renderer/cjs/react-test-renderer.development.js:11800:9)
      at scheduleUpdateOnFiber (node_modules/react-test-renderer/cjs/react-test-renderer.development.js:10326:9)
      at dispatchSetStateInternal (node_modules/react-test-renderer/cjs/react-test-renderer.development.js:4148:13)
      at dispatchSetState (node_modules/react-test-renderer/cjs/react-test-renderer.development.js:4107:7)
      at setUser (app/user/profile.jsx:42:7)
      at asyncGeneratorStep (node_modules/@babel/runtime/helpers/asyncToGenerator.js:3:17)
      at _next (node_modules/@babel/runtime/helpers/asyncToGenerator.js:17:9)

    console.error
      An update to UserProfile inside a test was not wrapped in act(...).
      
      When testing, code that causes React state updates should be wrapped into act(...):
      
      act(() => {
        /* fire events that update state */
      });
      /* assert on the output */
      
      This ensures that you're testing the behavior the user would see in the browser. Learn more at https://react.dev/link/wrap-tests-with-act

    [0m [90m 41 |[39m       [36mconst[39m userData [33m=[39m response[33m.[39mdata[33m.[39muser[33m;[39m
     [90m 42 |[39m       setUser(userData)[33m;[39m
    [31m[1m>[22m[39m[90m 43 |[39m       setFormData({
     [90m    |[39m       [31m[1m^[22m[39m
     [90m 44 |[39m         displayName[33m:[39m userData[33m.[39mdisplayName [33m||[39m [32m''[39m[33m,[39m
     [90m 45 |[39m         bio[33m:[39m userData[33m.[39mbio [33m||[39m [32m''[39m[33m,[39m
     [90m 46 |[39m         phone[33m:[39m userData[33m.[39mphone [33m||[39m [32m''[39m[33m,[39m[0m

      at node_modules/react-test-renderer/cjs/react-test-renderer.development.js:11801:19
      at runWithFiberInDEV (node_modules/react-test-renderer/cjs/react-test-renderer.development.js:1574:13)
      at warnIfUpdatesNotWrappedWithActDEV (node_modules/react-test-renderer/cjs/react-test-renderer.development.js:11800:9)
      at scheduleUpdateOnFiber (node_modules/react-test-renderer/cjs/react-test-renderer.development.js:10326:9)
      at dispatchSetStateInternal (node_modules/react-test-renderer/cjs/react-test-renderer.development.js:4148:13)
      at dispatchSetState (node_modules/react-test-renderer/cjs/react-test-renderer.development.js:4107:7)
      at setFormData (app/user/profile.jsx:43:7)
      at asyncGeneratorStep (node_modules/@babel/runtime/helpers/asyncToGenerator.js:3:17)
      at _next (node_modules/@babel/runtime/helpers/asyncToGenerator.js:17:9)

    console.error
      An update to UserProfile inside a test was not wrapped in act(...).
      
      When testing, code that causes React state updates should be wrapped into act(...):
      
      act(() => {
        /* fire events that update state */
      });
      /* assert on the output */
      
      This ensures that you're testing the behavior the user would see in the browser. Learn more at https://react.dev/link/wrap-tests-with-act

    [0m [90m 50 |[39m       [33mAlert[39m[33m.[39malert([32m'Error'[39m[33m,[39m [32m'Failed to load profile'[39m)[33m;[39m
     [90m 51 |[39m     } [36mfinally[39m {
    [31m[1m>[22m[39m[90m 52 |[39m       setLoading([36mfalse[39m)[33m;[39m
     [90m    |[39m       [31m[1m^[22m[39m
     [90m 53 |[39m     }
     [90m 54 |[39m   }[33m;[39m
     [90m 55 |[39m[0m

      at node_modules/react-test-renderer/cjs/react-test-renderer.development.js:11801:19
      at runWithFiberInDEV (node_modules/react-test-renderer/cjs/react-test-renderer.development.js:1574:13)
      at warnIfUpdatesNotWrappedWithActDEV (node_modules/react-test-renderer/cjs/react-test-renderer.development.js:11800:9)
      at scheduleUpdateOnFiber (node_modules/react-test-renderer/cjs/react-test-renderer.development.js:10326:9)
      at dispatchSetStateInternal (node_modules/react-test-renderer/cjs/react-test-renderer.development.js:4148:13)
      at dispatchSetState (node_modules/react-test-renderer/cjs/react-test-renderer.development.js:4107:7)
      at setLoading (app/user/profile.jsx:52:7)
      at asyncGeneratorStep (node_modules/@babel/runtime/helpers/asyncToGenerator.js:3:17)
      at _next (node_modules/@babel/runtime/helpers/asyncToGenerator.js:17:9)

    console.error
      Error fetching profile: Error: API Error
          at Object.<anonymous> (D:\Mobile\MobileProjectFinal\frontend\__test__\UserProfile.test.jsx:82:33)
          at Generator.next (<anonymous>)
          at asyncGeneratorStep (D:\Mobile\MobileProjectFinal\frontend\node_modules\@babel\runtime\helpers\asyncToGenerator.js:3:17)
          at _next (D:\Mobile\MobileProjectFinal\frontend\node_modules\@babel\runtime\helpers\asyncToGenerator.js:17:9)
          at D:\Mobile\MobileProjectFinal\frontend\node_modules\@babel\runtime\helpers\asyncToGenerator.js:22:7
          at new Promise (<anonymous>)
          at Object.<anonymous> (D:\Mobile\MobileProjectFinal\frontend\node_modules\@babel\runtime\helpers\asyncToGenerator.js:14:12)
          at Promise.then.completed (D:\Mobile\MobileProjectFinal\frontend\node_modules\jest-circus\build\utils.js:298:28)
          at new Promise (<anonymous>)
          at callAsyncCircusFn (D:\Mobile\MobileProjectFinal\frontend\node_modules\jest-circus\build\utils.js:231:10)
          at _callCircusTest (D:\Mobile\MobileProjectFinal\frontend\node_modules\jest-circus\build\run.js:316:40)
          at _runTest (D:\Mobile\MobileProjectFinal\frontend\node_modules\jest-circus\build\run.js:252:3)
          at _runTestsForDescribeBlock (D:\Mobile\MobileProjectFinal\frontend\node_modules\jest-circus\build\run.js:126:9)
          at _runTestsForDescribeBlock (D:\Mobile\MobileProjectFinal\frontend\node_modules\jest-circus\build\run.js:121:9)
          at run (D:\Mobile\MobileProjectFinal\frontend\node_modules\jest-circus\build\run.js:71:3)
          at runAndTransformResultsToJestFormat (D:\Mobile\MobileProjectFinal\frontend\node_modules\jest-circus\build\legacy-code-todo-rewrite\jestAdapterInit.js:122:21)
          at jestAdapter (D:\Mobile\MobileProjectFinal\frontend\node_modules\jest-circus\build\legacy-code-todo-rewrite\jestAdapter.js:79:19)
          at runTestInternal (d:\Mobile\MobileProjectFinal\frontend\node_modules\jest-runner\build\runTest.js:367:16)
          at runTest (d:\Mobile\MobileProjectFinal\frontend\node_modules\jest-runner\build\runTest.js:444:34)
          at Object.worker (d:\Mobile\MobileProjectFinal\frontend\node_modules\jest-runner\build\testWorker.js:106:12)

    [0m [90m 47 |[39m       })[33m;[39m
     [90m 48 |[39m     } [36mcatch[39m (error) {
    [31m[1m>[22m[39m[90m 49 |[39m       console[33m.[39merror([32m'Error fetching profile:'[39m[33m,[39m error)[33m;[39m
     [90m    |[39m               [31m[1m^[22m[39m
     [90m 50 |[39m       [33mAlert[39m[33m.[39malert([32m'Error'[39m[33m,[39m [32m'Failed to load profile'[39m)[33m;[39m
     [90m 51 |[39m     } [36mfinally[39m {
     [90m 52 |[39m       setLoading([36mfalse[39m)[33m;[39m[0m

      at error (app/user/profile.jsx:49:15)
          at Generator.throw (<anonymous>)
      at asyncGeneratorStep (node_modules/@babel/runtime/helpers/asyncToGenerator.js:3:17)
      at _throw (node_modules/@babel/runtime/helpers/asyncToGenerator.js:20:9)

    console.error
      An update to UserProfile inside a test was not wrapped in act(...).
      
      When testing, code that causes React state updates should be wrapped into act(...):
      
      act(() => {
        /* fire events that update state */
      });
      /* assert on the output */
      
      This ensures that you're testing the behavior the user would see in the browser. Learn more at https://react.dev/link/wrap-tests-with-act

    [0m [90m 50 |[39m       [33mAlert[39m[33m.[39malert([32m'Error'[39m[33m,[39m [32m'Failed to load profile'[39m)[33m;[39m
     [90m 51 |[39m     } [36mfinally[39m {
    [31m[1m>[22m[39m[90m 52 |[39m       setLoading([36mfalse[39m)[33m;[39m
     [90m    |[39m       [31m[1m^[22m[39m
     [90m 53 |[39m     }
     [90m 54 |[39m   }[33m;[39m
     [90m 55 |[39m[0m

      at node_modules/react-test-renderer/cjs/react-test-renderer.development.js:11801:19
      at runWithFiberInDEV (node_modules/react-test-renderer/cjs/react-test-renderer.development.js:1574:13)
      at warnIfUpdatesNotWrappedWithActDEV (node_modules/react-test-renderer/cjs/react-test-renderer.development.js:11800:9)
      at scheduleUpdateOnFiber (node_modules/react-test-renderer/cjs/react-test-renderer.development.js:10326:9)
      at dispatchSetStateInternal (node_modules/react-test-renderer/cjs/react-test-renderer.development.js:4148:13)
      at dispatchSetState (node_modules/react-test-renderer/cjs/react-test-renderer.development.js:4107:7)
      at setLoading (app/user/profile.jsx:52:7)
          at Generator.throw (<anonymous>)
      at asyncGeneratorStep (node_modules/@babel/runtime/helpers/asyncToGenerator.js:3:17)
      at _throw (node_modules/@babel/runtime/helpers/asyncToGenerator.js:20:9)

PASS __test__/UserTables.test.jsx
  ● Console

    console.error
      An update to UserTables inside a test was not wrapped in act(...).
      
      When testing, code that causes React state updates should be wrapped into act(...):
      
      act(() => {
        /* fire events that update state */
      });
      /* assert on the output */
      
      This ensures that you're testing the behavior the user would see in the browser. Learn more at https://react.dev/link/wrap-tests-with-act

    [0m [90m 42 |[39m       })[33m;[39m
     [90m 43 |[39m
    [31m[1m>[22m[39m[90m 44 |[39m       setTables(response[33m.[39mdata[33m.[39mtables [33m||[39m [])[33m;[39m
     [90m    |[39m       [31m[1m^[22m[39m
     [90m 45 |[39m       setFilteredTables(response[33m.[39mdata[33m.[39mtables [33m||[39m [])[33m;[39m
     [90m 46 |[39m     } [36mcatch[39m (error) {
     [90m 47 |[39m       console[33m.[39merror([32m'Error fetching tables:'[39m[33m,[39m error)[33m;[39m[0m

      at node_modules/react-test-renderer/cjs/react-test-renderer.development.js:11801:19
      at runWithFiberInDEV (node_modules/react-test-renderer/cjs/react-test-renderer.development.js:1574:13)
      at warnIfUpdatesNotWrappedWithActDEV (node_modules/react-test-renderer/cjs/react-test-renderer.development.js:11800:9)
      at scheduleUpdateOnFiber (node_modules/react-test-renderer/cjs/react-test-renderer.development.js:10326:9)
      at dispatchSetStateInternal (node_modules/react-test-renderer/cjs/react-test-renderer.development.js:4148:13)
      at dispatchSetState (node_modules/react-test-renderer/cjs/react-test-renderer.development.js:4107:7)
      at setTables (app/user/tables.jsx:44:7)
      at asyncGeneratorStep (node_modules/@babel/runtime/helpers/asyncToGenerator.js:3:17)
      at _next (node_modules/@babel/runtime/helpers/asyncToGenerator.js:17:9)

    console.error
      An update to UserTables inside a test was not wrapped in act(...).
      
      When testing, code that causes React state updates should be wrapped into act(...):
      
      act(() => {
        /* fire events that update state */
      });
      /* assert on the output */
      
      This ensures that you're testing the behavior the user would see in the browser. Learn more at https://react.dev/link/wrap-tests-with-act

    [0m [90m 43 |[39m
     [90m 44 |[39m       setTables(response[33m.[39mdata[33m.[39mtables [33m||[39m [])[33m;[39m
    [31m[1m>[22m[39m[90m 45 |[39m       setFilteredTables(response[33m.[39mdata[33m.[39mtables [33m||[39m [])[33m;[39m
     [90m    |[39m       [31m[1m^[22m[39m
     [90m 46 |[39m     } [36mcatch[39m (error) {
     [90m 47 |[39m       console[33m.[39merror([32m'Error fetching tables:'[39m[33m,[39m error)[33m;[39m
     [90m 48 |[39m       [33mAlert[39m[33m.[39malert([32m'Error'[39m[33m,[39m [32m'Failed to load tables'[39m)[33m;[39m[0m

      at node_modules/react-test-renderer/cjs/react-test-renderer.development.js:11801:19
      at runWithFiberInDEV (node_modules/react-test-renderer/cjs/react-test-renderer.development.js:1574:13)
      at warnIfUpdatesNotWrappedWithActDEV (node_modules/react-test-renderer/cjs/react-test-renderer.development.js:11800:9)
      at scheduleUpdateOnFiber (node_modules/react-test-renderer/cjs/react-test-renderer.development.js:10326:9)
      at dispatchSetStateInternal (node_modules/react-test-renderer/cjs/react-test-renderer.development.js:4148:13)
      at dispatchSetState (node_modules/react-test-renderer/cjs/react-test-renderer.development.js:4107:7)
      at setFilteredTables (app/user/tables.jsx:45:7)
      at asyncGeneratorStep (node_modules/@babel/runtime/helpers/asyncToGenerator.js:3:17)
      at _next (node_modules/@babel/runtime/helpers/asyncToGenerator.js:17:9)

    console.error
      An update to UserTables inside a test was not wrapped in act(...).
      
      When testing, code that causes React state updates should be wrapped into act(...):
      
      act(() => {
        /* fire events that update state */
      });
      /* assert on the output */
      
      This ensures that you're testing the behavior the user would see in the browser. Learn more at https://react.dev/link/wrap-tests-with-act

    [0m [90m 48 |[39m       [33mAlert[39m[33m.[39malert([32m'Error'[39m[33m,[39m [32m'Failed to load tables'[39m)[33m;[39m
     [90m 49 |[39m     } [36mfinally[39m {
    [31m[1m>[22m[39m[90m 50 |[39m       setLoading([36mfalse[39m)[33m;[39m
     [90m    |[39m       [31m[1m^[22m[39m
     [90m 51 |[39m     }
     [90m 52 |[39m   }[33m;[39m
     [90m 53 |[39m[0m

      at node_modules/react-test-renderer/cjs/react-test-renderer.development.js:11801:19
      at runWithFiberInDEV (node_modules/react-test-renderer/cjs/react-test-renderer.development.js:1574:13)
      at warnIfUpdatesNotWrappedWithActDEV (node_modules/react-test-renderer/cjs/react-test-renderer.development.js:11800:9)
      at scheduleUpdateOnFiber (node_modules/react-test-renderer/cjs/react-test-renderer.development.js:10326:9)
      at dispatchSetStateInternal (node_modules/react-test-renderer/cjs/react-test-renderer.development.js:4148:13)
      at dispatchSetState (node_modules/react-test-renderer/cjs/react-test-renderer.development.js:4107:7)
      at setLoading (app/user/tables.jsx:50:7)
      at asyncGeneratorStep (node_modules/@babel/runtime/helpers/asyncToGenerator.js:3:17)
      at _next (node_modules/@babel/runtime/helpers/asyncToGenerator.js:17:9)

    console.error
      An update to UserTables inside a test was not wrapped in act(...).
      
      When testing, code that causes React state updates should be wrapped into act(...):
      
      act(() => {
        /* fire events that update state */
      });
      /* assert on the output */
      
      This ensures that you're testing the behavior the user would see in the browser. Learn more at https://react.dev/link/wrap-tests-with-act

    [0m [90m 42 |[39m       })[33m;[39m
     [90m 43 |[39m
    [31m[1m>[22m[39m[90m 44 |[39m       setTables(response[33m.[39mdata[33m.[39mtables [33m||[39m [])[33m;[39m
     [90m    |[39m       [31m[1m^[22m[39m
     [90m 45 |[39m       setFilteredTables(response[33m.[39mdata[33m.[39mtables [33m||[39m [])[33m;[39m
     [90m 46 |[39m     } [36mcatch[39m (error) {
     [90m 47 |[39m       console[33m.[39merror([32m'Error fetching tables:'[39m[33m,[39m error)[33m;[39m[0m

      at node_modules/react-test-renderer/cjs/react-test-renderer.development.js:11801:19
      at runWithFiberInDEV (node_modules/react-test-renderer/cjs/react-test-renderer.development.js:1574:13)
      at warnIfUpdatesNotWrappedWithActDEV (node_modules/react-test-renderer/cjs/react-test-renderer.development.js:11800:9)
      at scheduleUpdateOnFiber (node_modules/react-test-renderer/cjs/react-test-renderer.development.js:10326:9)
      at dispatchSetStateInternal (node_modules/react-test-renderer/cjs/react-test-renderer.development.js:4148:13)
      at dispatchSetState (node_modules/react-test-renderer/cjs/react-test-renderer.development.js:4107:7)
      at setTables (app/user/tables.jsx:44:7)
      at asyncGeneratorStep (node_modules/@babel/runtime/helpers/asyncToGenerator.js:3:17)
      at _next (node_modules/@babel/runtime/helpers/asyncToGenerator.js:17:9)

    console.error
      An update to UserTables inside a test was not wrapped in act(...).
      
      When testing, code that causes React state updates should be wrapped into act(...):
      
      act(() => {
        /* fire events that update state */
      });
      /* assert on the output */
      
      This ensures that you're testing the behavior the user would see in the browser. Learn more at https://react.dev/link/wrap-tests-with-act

    [0m [90m 43 |[39m
     [90m 44 |[39m       setTables(response[33m.[39mdata[33m.[39mtables [33m||[39m [])[33m;[39m
    [31m[1m>[22m[39m[90m 45 |[39m       setFilteredTables(response[33m.[39mdata[33m.[39mtables [33m||[39m [])[33m;[39m
     [90m    |[39m       [31m[1m^[22m[39m
     [90m 46 |[39m     } [36mcatch[39m (error) {
     [90m 47 |[39m       console[33m.[39merror([32m'Error fetching tables:'[39m[33m,[39m error)[33m;[39m
     [90m 48 |[39m       [33mAlert[39m[33m.[39malert([32m'Error'[39m[33m,[39m [32m'Failed to load tables'[39m)[33m;[39m[0m

      at node_modules/react-test-renderer/cjs/react-test-renderer.development.js:11801:19
      at runWithFiberInDEV (node_modules/react-test-renderer/cjs/react-test-renderer.development.js:1574:13)
      at warnIfUpdatesNotWrappedWithActDEV (node_modules/react-test-renderer/cjs/react-test-renderer.development.js:11800:9)
      at scheduleUpdateOnFiber (node_modules/react-test-renderer/cjs/react-test-renderer.development.js:10326:9)
      at dispatchSetStateInternal (node_modules/react-test-renderer/cjs/react-test-renderer.development.js:4148:13)
      at dispatchSetState (node_modules/react-test-renderer/cjs/react-test-renderer.development.js:4107:7)
      at setFilteredTables (app/user/tables.jsx:45:7)
      at asyncGeneratorStep (node_modules/@babel/runtime/helpers/asyncToGenerator.js:3:17)
      at _next (node_modules/@babel/runtime/helpers/asyncToGenerator.js:17:9)

    console.error
      An update to UserTables inside a test was not wrapped in act(...).
      
      When testing, code that causes React state updates should be wrapped into act(...):
      
      act(() => {
        /* fire events that update state */
      });
      /* assert on the output */
      
      This ensures that you're testing the behavior the user would see in the browser. Learn more at https://react.dev/link/wrap-tests-with-act

    [0m [90m 48 |[39m       [33mAlert[39m[33m.[39malert([32m'Error'[39m[33m,[39m [32m'Failed to load tables'[39m)[33m;[39m
     [90m 49 |[39m     } [36mfinally[39m {
    [31m[1m>[22m[39m[90m 50 |[39m       setLoading([36mfalse[39m)[33m;[39m
     [90m    |[39m       [31m[1m^[22m[39m
     [90m 51 |[39m     }
     [90m 52 |[39m   }[33m;[39m
     [90m 53 |[39m[0m

      at node_modules/react-test-renderer/cjs/react-test-renderer.development.js:11801:19
      at runWithFiberInDEV (node_modules/react-test-renderer/cjs/react-test-renderer.development.js:1574:13)
      at warnIfUpdatesNotWrappedWithActDEV (node_modules/react-test-renderer/cjs/react-test-renderer.development.js:11800:9)
      at scheduleUpdateOnFiber (node_modules/react-test-renderer/cjs/react-test-renderer.development.js:10326:9)
      at dispatchSetStateInternal (node_modules/react-test-renderer/cjs/react-test-renderer.development.js:4148:13)
      at dispatchSetState (node_modules/react-test-renderer/cjs/react-test-renderer.development.js:4107:7)
      at setLoading (app/user/tables.jsx:50:7)
      at asyncGeneratorStep (node_modules/@babel/runtime/helpers/asyncToGenerator.js:3:17)
      at _next (node_modules/@babel/runtime/helpers/asyncToGenerator.js:17:9)

    console.error
      An update to UserTables inside a test was not wrapped in act(...).
      
      When testing, code that causes React state updates should be wrapped into act(...):
      
      act(() => {
        /* fire events that update state */
      });
      /* assert on the output */
      
      This ensures that you're testing the behavior the user would see in the browser. Learn more at https://react.dev/link/wrap-tests-with-act

    [0m [90m 42 |[39m       })[33m;[39m
     [90m 43 |[39m
    [31m[1m>[22m[39m[90m 44 |[39m       setTables(response[33m.[39mdata[33m.[39mtables [33m||[39m [])[33m;[39m
     [90m    |[39m       [31m[1m^[22m[39m
     [90m 45 |[39m       setFilteredTables(response[33m.[39mdata[33m.[39mtables [33m||[39m [])[33m;[39m
     [90m 46 |[39m     } [36mcatch[39m (error) {
     [90m 47 |[39m       console[33m.[39merror([32m'Error fetching tables:'[39m[33m,[39m error)[33m;[39m[0m

      at node_modules/react-test-renderer/cjs/react-test-renderer.development.js:11801:19
      at runWithFiberInDEV (node_modules/react-test-renderer/cjs/react-test-renderer.development.js:1574:13)
      at warnIfUpdatesNotWrappedWithActDEV (node_modules/react-test-renderer/cjs/react-test-renderer.development.js:11800:9)
      at scheduleUpdateOnFiber (node_modules/react-test-renderer/cjs/react-test-renderer.development.js:10326:9)
      at dispatchSetStateInternal (node_modules/react-test-renderer/cjs/react-test-renderer.development.js:4148:13)
      at dispatchSetState (node_modules/react-test-renderer/cjs/react-test-renderer.development.js:4107:7)
      at setTables (app/user/tables.jsx:44:7)
      at asyncGeneratorStep (node_modules/@babel/runtime/helpers/asyncToGenerator.js:3:17)
      at _next (node_modules/@babel/runtime/helpers/asyncToGenerator.js:17:9)

    console.error
      An update to UserTables inside a test was not wrapped in act(...).
      
      When testing, code that causes React state updates should be wrapped into act(...):
      
      act(() => {
        /* fire events that update state */
      });
      /* assert on the output */
      
      This ensures that you're testing the behavior the user would see in the browser. Learn more at https://react.dev/link/wrap-tests-with-act

    [0m [90m 43 |[39m
     [90m 44 |[39m       setTables(response[33m.[39mdata[33m.[39mtables [33m||[39m [])[33m;[39m
    [31m[1m>[22m[39m[90m 45 |[39m       setFilteredTables(response[33m.[39mdata[33m.[39mtables [33m||[39m [])[33m;[39m
     [90m    |[39m       [31m[1m^[22m[39m
     [90m 46 |[39m     } [36mcatch[39m (error) {
     [90m 47 |[39m       console[33m.[39merror([32m'Error fetching tables:'[39m[33m,[39m error)[33m;[39m
     [90m 48 |[39m       [33mAlert[39m[33m.[39malert([32m'Error'[39m[33m,[39m [32m'Failed to load tables'[39m)[33m;[39m[0m

      at node_modules/react-test-renderer/cjs/react-test-renderer.development.js:11801:19
      at runWithFiberInDEV (node_modules/react-test-renderer/cjs/react-test-renderer.development.js:1574:13)
      at warnIfUpdatesNotWrappedWithActDEV (node_modules/react-test-renderer/cjs/react-test-renderer.development.js:11800:9)
      at scheduleUpdateOnFiber (node_modules/react-test-renderer/cjs/react-test-renderer.development.js:10326:9)
      at dispatchSetStateInternal (node_modules/react-test-renderer/cjs/react-test-renderer.development.js:4148:13)
      at dispatchSetState (node_modules/react-test-renderer/cjs/react-test-renderer.development.js:4107:7)
      at setFilteredTables (app/user/tables.jsx:45:7)
      at asyncGeneratorStep (node_modules/@babel/runtime/helpers/asyncToGenerator.js:3:17)
      at _next (node_modules/@babel/runtime/helpers/asyncToGenerator.js:17:9)

    console.error
      An update to UserTables inside a test was not wrapped in act(...).
      
      When testing, code that causes React state updates should be wrapped into act(...):
      
      act(() => {
        /* fire events that update state */
      });
      /* assert on the output */
      
      This ensures that you're testing the behavior the user would see in the browser. Learn more at https://react.dev/link/wrap-tests-with-act

    [0m [90m 48 |[39m       [33mAlert[39m[33m.[39malert([32m'Error'[39m[33m,[39m [32m'Failed to load tables'[39m)[33m;[39m
     [90m 49 |[39m     } [36mfinally[39m {
    [31m[1m>[22m[39m[90m 50 |[39m       setLoading([36mfalse[39m)[33m;[39m
     [90m    |[39m       [31m[1m^[22m[39m
     [90m 51 |[39m     }
     [90m 52 |[39m   }[33m;[39m
     [90m 53 |[39m[0m

      at node_modules/react-test-renderer/cjs/react-test-renderer.development.js:11801:19
      at runWithFiberInDEV (node_modules/react-test-renderer/cjs/react-test-renderer.development.js:1574:13)
      at warnIfUpdatesNotWrappedWithActDEV (node_modules/react-test-renderer/cjs/react-test-renderer.development.js:11800:9)
      at scheduleUpdateOnFiber (node_modules/react-test-renderer/cjs/react-test-renderer.development.js:10326:9)
      at dispatchSetStateInternal (node_modules/react-test-renderer/cjs/react-test-renderer.development.js:4148:13)
      at dispatchSetState (node_modules/react-test-renderer/cjs/react-test-renderer.development.js:4107:7)
      at setLoading (app/user/tables.jsx:50:7)
      at asyncGeneratorStep (node_modules/@babel/runtime/helpers/asyncToGenerator.js:3:17)
      at _next (node_modules/@babel/runtime/helpers/asyncToGenerator.js:17:9)

    console.error
      An update to UserTables inside a test was not wrapped in act(...).
      
      When testing, code that causes React state updates should be wrapped into act(...):
      
      act(() => {
        /* fire events that update state */
      });
      /* assert on the output */
      
      This ensures that you're testing the behavior the user would see in the browser. Learn more at https://react.dev/link/wrap-tests-with-act

    [0m [90m 42 |[39m       })[33m;[39m
     [90m 43 |[39m
    [31m[1m>[22m[39m[90m 44 |[39m       setTables(response[33m.[39mdata[33m.[39mtables [33m||[39m [])[33m;[39m
     [90m    |[39m       [31m[1m^[22m[39m
     [90m 45 |[39m       setFilteredTables(response[33m.[39mdata[33m.[39mtables [33m||[39m [])[33m;[39m
     [90m 46 |[39m     } [36mcatch[39m (error) {
     [90m 47 |[39m       console[33m.[39merror([32m'Error fetching tables:'[39m[33m,[39m error)[33m;[39m[0m

      at node_modules/react-test-renderer/cjs/react-test-renderer.development.js:11801:19
      at runWithFiberInDEV (node_modules/react-test-renderer/cjs/react-test-renderer.development.js:1574:13)
      at warnIfUpdatesNotWrappedWithActDEV (node_modules/react-test-renderer/cjs/react-test-renderer.development.js:11800:9)
      at scheduleUpdateOnFiber (node_modules/react-test-renderer/cjs/react-test-renderer.development.js:10326:9)
      at dispatchSetStateInternal (node_modules/react-test-renderer/cjs/react-test-renderer.development.js:4148:13)
      at dispatchSetState (node_modules/react-test-renderer/cjs/react-test-renderer.development.js:4107:7)
      at setTables (app/user/tables.jsx:44:7)
      at asyncGeneratorStep (node_modules/@babel/runtime/helpers/asyncToGenerator.js:3:17)
      at _next (node_modules/@babel/runtime/helpers/asyncToGenerator.js:17:9)

    console.error
      An update to UserTables inside a test was not wrapped in act(...).
      
      When testing, code that causes React state updates should be wrapped into act(...):
      
      act(() => {
        /* fire events that update state */
      });
      /* assert on the output */
      
      This ensures that you're testing the behavior the user would see in the browser. Learn more at https://react.dev/link/wrap-tests-with-act

    [0m [90m 43 |[39m
     [90m 44 |[39m       setTables(response[33m.[39mdata[33m.[39mtables [33m||[39m [])[33m;[39m
    [31m[1m>[22m[39m[90m 45 |[39m       setFilteredTables(response[33m.[39mdata[33m.[39mtables [33m||[39m [])[33m;[39m
     [90m    |[39m       [31m[1m^[22m[39m
     [90m 46 |[39m     } [36mcatch[39m (error) {
     [90m 47 |[39m       console[33m.[39merror([32m'Error fetching tables:'[39m[33m,[39m error)[33m;[39m
     [90m 48 |[39m       [33mAlert[39m[33m.[39malert([32m'Error'[39m[33m,[39m [32m'Failed to load tables'[39m)[33m;[39m[0m

      at node_modules/react-test-renderer/cjs/react-test-renderer.development.js:11801:19
      at runWithFiberInDEV (node_modules/react-test-renderer/cjs/react-test-renderer.development.js:1574:13)
      at warnIfUpdatesNotWrappedWithActDEV (node_modules/react-test-renderer/cjs/react-test-renderer.development.js:11800:9)
      at scheduleUpdateOnFiber (node_modules/react-test-renderer/cjs/react-test-renderer.development.js:10326:9)
      at dispatchSetStateInternal (node_modules/react-test-renderer/cjs/react-test-renderer.development.js:4148:13)
      at dispatchSetState (node_modules/react-test-renderer/cjs/react-test-renderer.development.js:4107:7)
      at setFilteredTables (app/user/tables.jsx:45:7)
      at asyncGeneratorStep (node_modules/@babel/runtime/helpers/asyncToGenerator.js:3:17)
      at _next (node_modules/@babel/runtime/helpers/asyncToGenerator.js:17:9)

    console.error
      An update to UserTables inside a test was not wrapped in act(...).
      
      When testing, code that causes React state updates should be wrapped into act(...):
      
      act(() => {
        /* fire events that update state */
      });
      /* assert on the output */
      
      This ensures that you're testing the behavior the user would see in the browser. Learn more at https://react.dev/link/wrap-tests-with-act

    [0m [90m 48 |[39m       [33mAlert[39m[33m.[39malert([32m'Error'[39m[33m,[39m [32m'Failed to load tables'[39m)[33m;[39m
     [90m 49 |[39m     } [36mfinally[39m {
    [31m[1m>[22m[39m[90m 50 |[39m       setLoading([36mfalse[39m)[33m;[39m
     [90m    |[39m       [31m[1m^[22m[39m
     [90m 51 |[39m     }
     [90m 52 |[39m   }[33m;[39m
     [90m 53 |[39m[0m

      at node_modules/react-test-renderer/cjs/react-test-renderer.development.js:11801:19
      at runWithFiberInDEV (node_modules/react-test-renderer/cjs/react-test-renderer.development.js:1574:13)
      at warnIfUpdatesNotWrappedWithActDEV (node_modules/react-test-renderer/cjs/react-test-renderer.development.js:11800:9)
      at scheduleUpdateOnFiber (node_modules/react-test-renderer/cjs/react-test-renderer.development.js:10326:9)
      at dispatchSetStateInternal (node_modules/react-test-renderer/cjs/react-test-renderer.development.js:4148:13)
      at dispatchSetState (node_modules/react-test-renderer/cjs/react-test-renderer.development.js:4107:7)
      at setLoading (app/user/tables.jsx:50:7)
      at asyncGeneratorStep (node_modules/@babel/runtime/helpers/asyncToGenerator.js:3:17)
      at _next (node_modules/@babel/runtime/helpers/asyncToGenerator.js:17:9)

    console.error
      Error fetching tables: Error: API Error
          at Object.<anonymous> (D:\Mobile\MobileProjectFinal\frontend\__test__\UserTables.test.jsx:63:33)
          at Generator.next (<anonymous>)
          at asyncGeneratorStep (D:\Mobile\MobileProjectFinal\frontend\node_modules\@babel\runtime\helpers\asyncToGenerator.js:3:17)
          at _next (D:\Mobile\MobileProjectFinal\frontend\node_modules\@babel\runtime\helpers\asyncToGenerator.js:17:9)
          at D:\Mobile\MobileProjectFinal\frontend\node_modules\@babel\runtime\helpers\asyncToGenerator.js:22:7
          at new Promise (<anonymous>)
          at Object.<anonymous> (D:\Mobile\MobileProjectFinal\frontend\node_modules\@babel\runtime\helpers\asyncToGenerator.js:14:12)
          at Promise.then.completed (D:\Mobile\MobileProjectFinal\frontend\node_modules\jest-circus\build\utils.js:298:28)
          at new Promise (<anonymous>)
          at callAsyncCircusFn (D:\Mobile\MobileProjectFinal\frontend\node_modules\jest-circus\build\utils.js:231:10)
          at _callCircusTest (D:\Mobile\MobileProjectFinal\frontend\node_modules\jest-circus\build\run.js:316:40)
          at _runTest (D:\Mobile\MobileProjectFinal\frontend\node_modules\jest-circus\build\run.js:252:3)
          at _runTestsForDescribeBlock (D:\Mobile\MobileProjectFinal\frontend\node_modules\jest-circus\build\run.js:126:9)
          at _runTestsForDescribeBlock (D:\Mobile\MobileProjectFinal\frontend\node_modules\jest-circus\build\run.js:121:9)
          at run (D:\Mobile\MobileProjectFinal\frontend\node_modules\jest-circus\build\run.js:71:3)
          at runAndTransformResultsToJestFormat (D:\Mobile\MobileProjectFinal\frontend\node_modules\jest-circus\build\legacy-code-todo-rewrite\jestAdapterInit.js:122:21)
          at jestAdapter (D:\Mobile\MobileProjectFinal\frontend\node_modules\jest-circus\build\legacy-code-todo-rewrite\jestAdapter.js:79:19)
          at runTestInternal (d:\Mobile\MobileProjectFinal\frontend\node_modules\jest-runner\build\runTest.js:367:16)
          at runTest (d:\Mobile\MobileProjectFinal\frontend\node_modules\jest-runner\build\runTest.js:444:34)
          at Object.worker (d:\Mobile\MobileProjectFinal\frontend\node_modules\jest-runner\build\testWorker.js:106:12)

    [0m [90m 45 |[39m       setFilteredTables(response[33m.[39mdata[33m.[39mtables [33m||[39m [])[33m;[39m
     [90m 46 |[39m     } [36mcatch[39m (error) {
    [31m[1m>[22m[39m[90m 47 |[39m       console[33m.[39merror([32m'Error fetching tables:'[39m[33m,[39m error)[33m;[39m
     [90m    |[39m               [31m[1m^[22m[39m
     [90m 48 |[39m       [33mAlert[39m[33m.[39malert([32m'Error'[39m[33m,[39m [32m'Failed to load tables'[39m)[33m;[39m
     [90m 49 |[39m     } [36mfinally[39m {
     [90m 50 |[39m       setLoading([36mfalse[39m)[33m;[39m[0m

      at error (app/user/tables.jsx:47:15)
          at Generator.throw (<anonymous>)
      at asyncGeneratorStep (node_modules/@babel/runtime/helpers/asyncToGenerator.js:3:17)
      at _throw (node_modules/@babel/runtime/helpers/asyncToGenerator.js:20:9)

    console.error
      An update to UserTables inside a test was not wrapped in act(...).
      
      When testing, code that causes React state updates should be wrapped into act(...):
      
      act(() => {
        /* fire events that update state */
      });
      /* assert on the output */
      
      This ensures that you're testing the behavior the user would see in the browser. Learn more at https://react.dev/link/wrap-tests-with-act

    [0m [90m 48 |[39m       [33mAlert[39m[33m.[39malert([32m'Error'[39m[33m,[39m [32m'Failed to load tables'[39m)[33m;[39m
     [90m 49 |[39m     } [36mfinally[39m {
    [31m[1m>[22m[39m[90m 50 |[39m       setLoading([36mfalse[39m)[33m;[39m
     [90m    |[39m       [31m[1m^[22m[39m
     [90m 51 |[39m     }
     [90m 52 |[39m   }[33m;[39m
     [90m 53 |[39m[0m

      at node_modules/react-test-renderer/cjs/react-test-renderer.development.js:11801:19
      at runWithFiberInDEV (node_modules/react-test-renderer/cjs/react-test-renderer.development.js:1574:13)
      at warnIfUpdatesNotWrappedWithActDEV (node_modules/react-test-renderer/cjs/react-test-renderer.development.js:11800:9)
      at scheduleUpdateOnFiber (node_modules/react-test-renderer/cjs/react-test-renderer.development.js:10326:9)
      at dispatchSetStateInternal (node_modules/react-test-renderer/cjs/react-test-renderer.development.js:4148:13)
      at dispatchSetState (node_modules/react-test-renderer/cjs/react-test-renderer.development.js:4107:7)
      at setLoading (app/user/tables.jsx:50:7)
          at Generator.throw (<anonymous>)
      at asyncGeneratorStep (node_modules/@babel/runtime/helpers/asyncToGenerator.js:3:17)
      at _throw (node_modules/@babel/runtime/helpers/asyncToGenerator.js:20:9)

PASS __test__/UserHome.test.jsx
PASS __test__/AdminOrders.test.jsx
  ● Console

    console.error
      An update to OrdersScreen inside a test was not wrapped in act(...).
      
      When testing, code that causes React state updates should be wrapped into act(...):
      
      act(() => {
        /* fire events that update state */
      });
      /* assert on the output */
      
      This ensures that you're testing the behavior the user would see in the browser. Learn more at https://react.dev/link/wrap-tests-with-act

    [0m [90m 42 |[39m       })[33m;[39m
     [90m 43 |[39m       [90m// For demo, using stats data[39m
    [31m[1m>[22m[39m[90m 44 |[39m       setOrders([])[33m;[39m
     [90m    |[39m       [31m[1m^[22m[39m
     [90m 45 |[39m     } [36mcatch[39m (error) {
     [90m 46 |[39m       console[33m.[39merror(error)[33m;[39m
     [90m 47 |[39m       [33mAlert[39m[33m.[39malert([32m'Error'[39m[33m,[39m [32m'Failed to load orders'[39m)[33m;[39m[0m

      at node_modules/react-test-renderer/cjs/react-test-renderer.development.js:11801:19
      at runWithFiberInDEV (node_modules/react-test-renderer/cjs/react-test-renderer.development.js:1574:13)
      at warnIfUpdatesNotWrappedWithActDEV (node_modules/react-test-renderer/cjs/react-test-renderer.development.js:11800:9)
      at scheduleUpdateOnFiber (node_modules/react-test-renderer/cjs/react-test-renderer.development.js:10326:9)
      at dispatchSetStateInternal (node_modules/react-test-renderer/cjs/react-test-renderer.development.js:4148:13)
      at dispatchSetState (node_modules/react-test-renderer/cjs/react-test-renderer.development.js:4107:7)
      at setOrders (app/admin/orders.jsx:44:7)
      at asyncGeneratorStep (node_modules/@babel/runtime/helpers/asyncToGenerator.js:3:17)
      at _next (node_modules/@babel/runtime/helpers/asyncToGenerator.js:17:9)

    console.error
      An update to OrdersScreen inside a test was not wrapped in act(...).
      
      When testing, code that causes React state updates should be wrapped into act(...):
      
      act(() => {
        /* fire events that update state */
      });
      /* assert on the output */
      
      This ensures that you're testing the behavior the user would see in the browser. Learn more at https://react.dev/link/wrap-tests-with-act

    [0m [90m 47 |[39m       [33mAlert[39m[33m.[39malert([32m'Error'[39m[33m,[39m [32m'Failed to load orders'[39m)[33m;[39m
     [90m 48 |[39m     } [36mfinally[39m {
    [31m[1m>[22m[39m[90m 49 |[39m       setLoading([36mfalse[39m)[33m;[39m
     [90m    |[39m       [31m[1m^[22m[39m
     [90m 50 |[39m     }
     [90m 51 |[39m   }[33m;[39m
     [90m 52 |[39m[0m

      at node_modules/react-test-renderer/cjs/react-test-renderer.development.js:11801:19
      at runWithFiberInDEV (node_modules/react-test-renderer/cjs/react-test-renderer.development.js:1574:13)
      at warnIfUpdatesNotWrappedWithActDEV (node_modules/react-test-renderer/cjs/react-test-renderer.development.js:11800:9)
      at scheduleUpdateOnFiber (node_modules/react-test-renderer/cjs/react-test-renderer.development.js:10326:9)
      at dispatchSetStateInternal (node_modules/react-test-renderer/cjs/react-test-renderer.development.js:4148:13)
      at dispatchSetState (node_modules/react-test-renderer/cjs/react-test-renderer.development.js:4107:7)
      at setLoading (app/admin/orders.jsx:49:7)
      at asyncGeneratorStep (node_modules/@babel/runtime/helpers/asyncToGenerator.js:3:17)
      at _next (node_modules/@babel/runtime/helpers/asyncToGenerator.js:17:9)

    console.error
      An update to OrdersScreen inside a test was not wrapped in act(...).
      
      When testing, code that causes React state updates should be wrapped into act(...):
      
      act(() => {
        /* fire events that update state */
      });
      /* assert on the output */
      
      This ensures that you're testing the behavior the user would see in the browser. Learn more at https://react.dev/link/wrap-tests-with-act

    [0m [90m 42 |[39m       })[33m;[39m
     [90m 43 |[39m       [90m// For demo, using stats data[39m
    [31m[1m>[22m[39m[90m 44 |[39m       setOrders([])[33m;[39m
     [90m    |[39m       [31m[1m^[22m[39m
     [90m 45 |[39m     } [36mcatch[39m (error) {
     [90m 46 |[39m       console[33m.[39merror(error)[33m;[39m
     [90m 47 |[39m       [33mAlert[39m[33m.[39malert([32m'Error'[39m[33m,[39m [32m'Failed to load orders'[39m)[33m;[39m[0m

      at node_modules/react-test-renderer/cjs/react-test-renderer.development.js:11801:19
      at runWithFiberInDEV (node_modules/react-test-renderer/cjs/react-test-renderer.development.js:1574:13)
      at warnIfUpdatesNotWrappedWithActDEV (node_modules/react-test-renderer/cjs/react-test-renderer.development.js:11800:9)
      at scheduleUpdateOnFiber (node_modules/react-test-renderer/cjs/react-test-renderer.development.js:10326:9)
      at dispatchSetStateInternal (node_modules/react-test-renderer/cjs/react-test-renderer.development.js:4148:13)
      at dispatchSetState (node_modules/react-test-renderer/cjs/react-test-renderer.development.js:4107:7)
      at setOrders (app/admin/orders.jsx:44:7)
      at asyncGeneratorStep (node_modules/@babel/runtime/helpers/asyncToGenerator.js:3:17)
      at _next (node_modules/@babel/runtime/helpers/asyncToGenerator.js:17:9)

    console.error
      An update to OrdersScreen inside a test was not wrapped in act(...).
      
      When testing, code that causes React state updates should be wrapped into act(...):
      
      act(() => {
        /* fire events that update state */
      });
      /* assert on the output */
      
      This ensures that you're testing the behavior the user would see in the browser. Learn more at https://react.dev/link/wrap-tests-with-act

    [0m [90m 47 |[39m       [33mAlert[39m[33m.[39malert([32m'Error'[39m[33m,[39m [32m'Failed to load orders'[39m)[33m;[39m
     [90m 48 |[39m     } [36mfinally[39m {
    [31m[1m>[22m[39m[90m 49 |[39m       setLoading([36mfalse[39m)[33m;[39m
     [90m    |[39m       [31m[1m^[22m[39m
     [90m 50 |[39m     }
     [90m 51 |[39m   }[33m;[39m
     [90m 52 |[39m[0m

      at node_modules/react-test-renderer/cjs/react-test-renderer.development.js:11801:19
      at runWithFiberInDEV (node_modules/react-test-renderer/cjs/react-test-renderer.development.js:1574:13)
      at warnIfUpdatesNotWrappedWithActDEV (node_modules/react-test-renderer/cjs/react-test-renderer.development.js:11800:9)
      at scheduleUpdateOnFiber (node_modules/react-test-renderer/cjs/react-test-renderer.development.js:10326:9)
      at dispatchSetStateInternal (node_modules/react-test-renderer/cjs/react-test-renderer.development.js:4148:13)
      at dispatchSetState (node_modules/react-test-renderer/cjs/react-test-renderer.development.js:4107:7)
      at setLoading (app/admin/orders.jsx:49:7)
      at asyncGeneratorStep (node_modules/@babel/runtime/helpers/asyncToGenerator.js:3:17)
      at _next (node_modules/@babel/runtime/helpers/asyncToGenerator.js:17:9)

    console.error
      An update to OrdersScreen inside a test was not wrapped in act(...).
      
      When testing, code that causes React state updates should be wrapped into act(...):
      
      act(() => {
        /* fire events that update state */
      });
      /* assert on the output */
      
      This ensures that you're testing the behavior the user would see in the browser. Learn more at https://react.dev/link/wrap-tests-with-act

    [0m [90m 42 |[39m       })[33m;[39m
     [90m 43 |[39m       [90m// For demo, using stats data[39m
    [31m[1m>[22m[39m[90m 44 |[39m       setOrders([])[33m;[39m
     [90m    |[39m       [31m[1m^[22m[39m
     [90m 45 |[39m     } [36mcatch[39m (error) {
     [90m 46 |[39m       console[33m.[39merror(error)[33m;[39m
     [90m 47 |[39m       [33mAlert[39m[33m.[39malert([32m'Error'[39m[33m,[39m [32m'Failed to load orders'[39m)[33m;[39m[0m

      at node_modules/react-test-renderer/cjs/react-test-renderer.development.js:11801:19
      at runWithFiberInDEV (node_modules/react-test-renderer/cjs/react-test-renderer.development.js:1574:13)
      at warnIfUpdatesNotWrappedWithActDEV (node_modules/react-test-renderer/cjs/react-test-renderer.development.js:11800:9)
      at scheduleUpdateOnFiber (node_modules/react-test-renderer/cjs/react-test-renderer.development.js:10326:9)
      at dispatchSetStateInternal (node_modules/react-test-renderer/cjs/react-test-renderer.development.js:4148:13)
      at dispatchSetState (node_modules/react-test-renderer/cjs/react-test-renderer.development.js:4107:7)
      at setOrders (app/admin/orders.jsx:44:7)
      at asyncGeneratorStep (node_modules/@babel/runtime/helpers/asyncToGenerator.js:3:17)
      at _next (node_modules/@babel/runtime/helpers/asyncToGenerator.js:17:9)

    console.error
      An update to OrdersScreen inside a test was not wrapped in act(...).
      
      When testing, code that causes React state updates should be wrapped into act(...):
      
      act(() => {
        /* fire events that update state */
      });
      /* assert on the output */
      
      This ensures that you're testing the behavior the user would see in the browser. Learn more at https://react.dev/link/wrap-tests-with-act

    [0m [90m 47 |[39m       [33mAlert[39m[33m.[39malert([32m'Error'[39m[33m,[39m [32m'Failed to load orders'[39m)[33m;[39m
     [90m 48 |[39m     } [36mfinally[39m {
    [31m[1m>[22m[39m[90m 49 |[39m       setLoading([36mfalse[39m)[33m;[39m
     [90m    |[39m       [31m[1m^[22m[39m
     [90m 50 |[39m     }
     [90m 51 |[39m   }[33m;[39m
     [90m 52 |[39m[0m

      at node_modules/react-test-renderer/cjs/react-test-renderer.development.js:11801:19
      at runWithFiberInDEV (node_modules/react-test-renderer/cjs/react-test-renderer.development.js:1574:13)
      at warnIfUpdatesNotWrappedWithActDEV (node_modules/react-test-renderer/cjs/react-test-renderer.development.js:11800:9)
      at scheduleUpdateOnFiber (node_modules/react-test-renderer/cjs/react-test-renderer.development.js:10326:9)
      at dispatchSetStateInternal (node_modules/react-test-renderer/cjs/react-test-renderer.development.js:4148:13)
      at dispatchSetState (node_modules/react-test-renderer/cjs/react-test-renderer.development.js:4107:7)
      at setLoading (app/admin/orders.jsx:49:7)
      at asyncGeneratorStep (node_modules/@babel/runtime/helpers/asyncToGenerator.js:3:17)
      at _next (node_modules/@babel/runtime/helpers/asyncToGenerator.js:17:9)

    console.error
      An update to OrdersScreen inside a test was not wrapped in act(...).
      
      When testing, code that causes React state updates should be wrapped into act(...):
      
      act(() => {
        /* fire events that update state */
      });
      /* assert on the output */
      
      This ensures that you're testing the behavior the user would see in the browser. Learn more at https://react.dev/link/wrap-tests-with-act

    [0m [90m 42 |[39m       })[33m;[39m
     [90m 43 |[39m       [90m// For demo, using stats data[39m
    [31m[1m>[22m[39m[90m 44 |[39m       setOrders([])[33m;[39m
     [90m    |[39m       [31m[1m^[22m[39m
     [90m 45 |[39m     } [36mcatch[39m (error) {
     [90m 46 |[39m       console[33m.[39merror(error)[33m;[39m
     [90m 47 |[39m       [33mAlert[39m[33m.[39malert([32m'Error'[39m[33m,[39m [32m'Failed to load orders'[39m)[33m;[39m[0m

      at node_modules/react-test-renderer/cjs/react-test-renderer.development.js:11801:19
      at runWithFiberInDEV (node_modules/react-test-renderer/cjs/react-test-renderer.development.js:1574:13)
      at warnIfUpdatesNotWrappedWithActDEV (node_modules/react-test-renderer/cjs/react-test-renderer.development.js:11800:9)
      at scheduleUpdateOnFiber (node_modules/react-test-renderer/cjs/react-test-renderer.development.js:10326:9)
      at dispatchSetStateInternal (node_modules/react-test-renderer/cjs/react-test-renderer.development.js:4148:13)
      at dispatchSetState (node_modules/react-test-renderer/cjs/react-test-renderer.development.js:4107:7)
      at setOrders (app/admin/orders.jsx:44:7)
      at asyncGeneratorStep (node_modules/@babel/runtime/helpers/asyncToGenerator.js:3:17)
      at _next (node_modules/@babel/runtime/helpers/asyncToGenerator.js:17:9)

    console.error
      An update to OrdersScreen inside a test was not wrapped in act(...).
      
      When testing, code that causes React state updates should be wrapped into act(...):
      
      act(() => {
        /* fire events that update state */
      });
      /* assert on the output */
      
      This ensures that you're testing the behavior the user would see in the browser. Learn more at https://react.dev/link/wrap-tests-with-act

    [0m [90m 47 |[39m       [33mAlert[39m[33m.[39malert([32m'Error'[39m[33m,[39m [32m'Failed to load orders'[39m)[33m;[39m
     [90m 48 |[39m     } [36mfinally[39m {
    [31m[1m>[22m[39m[90m 49 |[39m       setLoading([36mfalse[39m)[33m;[39m
     [90m    |[39m       [31m[1m^[22m[39m
     [90m 50 |[39m     }
     [90m 51 |[39m   }[33m;[39m
     [90m 52 |[39m[0m

      at node_modules/react-test-renderer/cjs/react-test-renderer.development.js:11801:19
      at runWithFiberInDEV (node_modules/react-test-renderer/cjs/react-test-renderer.development.js:1574:13)
      at warnIfUpdatesNotWrappedWithActDEV (node_modules/react-test-renderer/cjs/react-test-renderer.development.js:11800:9)
      at scheduleUpdateOnFiber (node_modules/react-test-renderer/cjs/react-test-renderer.development.js:10326:9)
      at dispatchSetStateInternal (node_modules/react-test-renderer/cjs/react-test-renderer.development.js:4148:13)
      at dispatchSetState (node_modules/react-test-renderer/cjs/react-test-renderer.development.js:4107:7)
      at setLoading (app/admin/orders.jsx:49:7)
      at asyncGeneratorStep (node_modules/@babel/runtime/helpers/asyncToGenerator.js:3:17)
      at _next (node_modules/@babel/runtime/helpers/asyncToGenerator.js:17:9)

    console.error
      An update to OrdersScreen inside a test was not wrapped in act(...).
      
      When testing, code that causes React state updates should be wrapped into act(...):
      
      act(() => {
        /* fire events that update state */
      });
      /* assert on the output */
      
      This ensures that you're testing the behavior the user would see in the browser. Learn more at https://react.dev/link/wrap-tests-with-act

    [0m [90m 42 |[39m       })[33m;[39m
     [90m 43 |[39m       [90m// For demo, using stats data[39m
    [31m[1m>[22m[39m[90m 44 |[39m       setOrders([])[33m;[39m
     [90m    |[39m       [31m[1m^[22m[39m
     [90m 45 |[39m     } [36mcatch[39m (error) {
     [90m 46 |[39m       console[33m.[39merror(error)[33m;[39m
     [90m 47 |[39m       [33mAlert[39m[33m.[39malert([32m'Error'[39m[33m,[39m [32m'Failed to load orders'[39m)[33m;[39m[0m

      at node_modules/react-test-renderer/cjs/react-test-renderer.development.js:11801:19
      at runWithFiberInDEV (node_modules/react-test-renderer/cjs/react-test-renderer.development.js:1574:13)
      at warnIfUpdatesNotWrappedWithActDEV (node_modules/react-test-renderer/cjs/react-test-renderer.development.js:11800:9)
      at scheduleUpdateOnFiber (node_modules/react-test-renderer/cjs/react-test-renderer.development.js:10326:9)
      at dispatchSetStateInternal (node_modules/react-test-renderer/cjs/react-test-renderer.development.js:4148:13)
      at dispatchSetState (node_modules/react-test-renderer/cjs/react-test-renderer.development.js:4107:7)
      at setOrders (app/admin/orders.jsx:44:7)
      at asyncGeneratorStep (node_modules/@babel/runtime/helpers/asyncToGenerator.js:3:17)
      at _next (node_modules/@babel/runtime/helpers/asyncToGenerator.js:17:9)

    console.error
      An update to OrdersScreen inside a test was not wrapped in act(...).
      
      When testing, code that causes React state updates should be wrapped into act(...):
      
      act(() => {
        /* fire events that update state */
      });
      /* assert on the output */
      
      This ensures that you're testing the behavior the user would see in the browser. Learn more at https://react.dev/link/wrap-tests-with-act

    [0m [90m 47 |[39m       [33mAlert[39m[33m.[39malert([32m'Error'[39m[33m,[39m [32m'Failed to load orders'[39m)[33m;[39m
     [90m 48 |[39m     } [36mfinally[39m {
    [31m[1m>[22m[39m[90m 49 |[39m       setLoading([36mfalse[39m)[33m;[39m
     [90m    |[39m       [31m[1m^[22m[39m
     [90m 50 |[39m     }
     [90m 51 |[39m   }[33m;[39m
     [90m 52 |[39m[0m

      at node_modules/react-test-renderer/cjs/react-test-renderer.development.js:11801:19
      at runWithFiberInDEV (node_modules/react-test-renderer/cjs/react-test-renderer.development.js:1574:13)
      at warnIfUpdatesNotWrappedWithActDEV (node_modules/react-test-renderer/cjs/react-test-renderer.development.js:11800:9)
      at scheduleUpdateOnFiber (node_modules/react-test-renderer/cjs/react-test-renderer.development.js:10326:9)
      at dispatchSetStateInternal (node_modules/react-test-renderer/cjs/react-test-renderer.development.js:4148:13)
      at dispatchSetState (node_modules/react-test-renderer/cjs/react-test-renderer.development.js:4107:7)
      at setLoading (app/admin/orders.jsx:49:7)
      at asyncGeneratorStep (node_modules/@babel/runtime/helpers/asyncToGenerator.js:3:17)
      at _next (node_modules/@babel/runtime/helpers/asyncToGenerator.js:17:9)

    console.error
      Error: API Error
          at Object.<anonymous> (D:\Mobile\MobileProjectFinal\frontend\__test__\AdminOrders.test.jsx:76:33)
          at Generator.next (<anonymous>)
          at asyncGeneratorStep (D:\Mobile\MobileProjectFinal\frontend\node_modules\@babel\runtime\helpers\asyncToGenerator.js:3:17)
          at _next (D:\Mobile\MobileProjectFinal\frontend\node_modules\@babel\runtime\helpers\asyncToGenerator.js:17:9)
          at D:\Mobile\MobileProjectFinal\frontend\node_modules\@babel\runtime\helpers\asyncToGenerator.js:22:7
          at new Promise (<anonymous>)
          at Object.<anonymous> (D:\Mobile\MobileProjectFinal\frontend\node_modules\@babel\runtime\helpers\asyncToGenerator.js:14:12)
          at Promise.then.completed (D:\Mobile\MobileProjectFinal\frontend\node_modules\jest-circus\build\utils.js:298:28)
          at new Promise (<anonymous>)
          at callAsyncCircusFn (D:\Mobile\MobileProjectFinal\frontend\node_modules\jest-circus\build\utils.js:231:10)
          at _callCircusTest (D:\Mobile\MobileProjectFinal\frontend\node_modules\jest-circus\build\run.js:316:40)
          at _runTest (D:\Mobile\MobileProjectFinal\frontend\node_modules\jest-circus\build\run.js:252:3)
          at _runTestsForDescribeBlock (D:\Mobile\MobileProjectFinal\frontend\node_modules\jest-circus\build\run.js:126:9)
          at _runTestsForDescribeBlock (D:\Mobile\MobileProjectFinal\frontend\node_modules\jest-circus\build\run.js:121:9)
          at run (D:\Mobile\MobileProjectFinal\frontend\node_modules\jest-circus\build\run.js:71:3)
          at runAndTransformResultsToJestFormat (D:\Mobile\MobileProjectFinal\frontend\node_modules\jest-circus\build\legacy-code-todo-rewrite\jestAdapterInit.js:122:21)
          at jestAdapter (D:\Mobile\MobileProjectFinal\frontend\node_modules\jest-circus\build\legacy-code-todo-rewrite\jestAdapter.js:79:19)
          at runTestInternal (d:\Mobile\MobileProjectFinal\frontend\node_modules\jest-runner\build\runTest.js:367:16)
          at runTest (d:\Mobile\MobileProjectFinal\frontend\node_modules\jest-runner\build\runTest.js:444:34)
          at Object.worker (d:\Mobile\MobileProjectFinal\frontend\node_modules\jest-runner\build\testWorker.js:106:12)

    [0m [90m 44 |[39m       setOrders([])[33m;[39m
     [90m 45 |[39m     } [36mcatch[39m (error) {
    [31m[1m>[22m[39m[90m 46 |[39m       console[33m.[39merror(error)[33m;[39m
     [90m    |[39m               [31m[1m^[22m[39m
     [90m 47 |[39m       [33mAlert[39m[33m.[39malert([32m'Error'[39m[33m,[39m [32m'Failed to load orders'[39m)[33m;[39m
     [90m 48 |[39m     } [36mfinally[39m {
     [90m 49 |[39m       setLoading([36mfalse[39m)[33m;[39m[0m

      at error (app/admin/orders.jsx:46:15)
          at Generator.throw (<anonymous>)
      at asyncGeneratorStep (node_modules/@babel/runtime/helpers/asyncToGenerator.js:3:17)
      at _throw (node_modules/@babel/runtime/helpers/asyncToGenerator.js:20:9)

    console.error
      An update to OrdersScreen inside a test was not wrapped in act(...).
      
      When testing, code that causes React state updates should be wrapped into act(...):
      
      act(() => {
        /* fire events that update state */
      });
      /* assert on the output */
      
      This ensures that you're testing the behavior the user would see in the browser. Learn more at https://react.dev/link/wrap-tests-with-act

    [0m [90m 47 |[39m       [33mAlert[39m[33m.[39malert([32m'Error'[39m[33m,[39m [32m'Failed to load orders'[39m)[33m;[39m
     [90m 48 |[39m     } [36mfinally[39m {
    [31m[1m>[22m[39m[90m 49 |[39m       setLoading([36mfalse[39m)[33m;[39m
     [90m    |[39m       [31m[1m^[22m[39m
     [90m 50 |[39m     }
     [90m 51 |[39m   }[33m;[39m
     [90m 52 |[39m[0m

      at node_modules/react-test-renderer/cjs/react-test-renderer.development.js:11801:19
      at runWithFiberInDEV (node_modules/react-test-renderer/cjs/react-test-renderer.development.js:1574:13)
      at warnIfUpdatesNotWrappedWithActDEV (node_modules/react-test-renderer/cjs/react-test-renderer.development.js:11800:9)
      at scheduleUpdateOnFiber (node_modules/react-test-renderer/cjs/react-test-renderer.development.js:10326:9)
      at dispatchSetStateInternal (node_modules/react-test-renderer/cjs/react-test-renderer.development.js:4148:13)
      at dispatchSetState (node_modules/react-test-renderer/cjs/react-test-renderer.development.js:4107:7)
      at setLoading (app/admin/orders.jsx:49:7)
          at Generator.throw (<anonymous>)
      at asyncGeneratorStep (node_modules/@babel/runtime/helpers/asyncToGenerator.js:3:17)
      at _throw (node_modules/@babel/runtime/helpers/asyncToGenerator.js:20:9)

PASS __test__/UserOrders.test.jsx
PASS __test__/UserBookings.test.jsx
PASS __test__/AdminBookings.test.jsx
  ● Console

    console.error
      An update to BookingsScreen inside a test was not wrapped in act(...).
      
      When testing, code that causes React state updates should be wrapped into act(...):
      
      act(() => {
        /* fire events that update state */
      });
      /* assert on the output */
      
      This ensures that you're testing the behavior the user would see in the browser. Learn more at https://react.dev/link/wrap-tests-with-act

    [0m [90m 41 |[39m         headers[33m:[39m { [33mAuthorization[39m[33m:[39m [32m`Bearer ${token}`[39m }[33m,[39m
     [90m 42 |[39m       })[33m;[39m
    [31m[1m>[22m[39m[90m 43 |[39m       setBookings(response[33m.[39mdata[33m.[39mbookings [33m||[39m [])[33m;[39m
     [90m    |[39m       [31m[1m^[22m[39m
     [90m 44 |[39m     } [36mcatch[39m (error) {
     [90m 45 |[39m       console[33m.[39merror(error)[33m;[39m
     [90m 46 |[39m       [90m// Silently fail - endpoint may not exist yet[39m[0m

      at node_modules/react-test-renderer/cjs/react-test-renderer.development.js:11801:19
      at runWithFiberInDEV (node_modules/react-test-renderer/cjs/react-test-renderer.development.js:1574:13)
      at warnIfUpdatesNotWrappedWithActDEV (node_modules/react-test-renderer/cjs/react-test-renderer.development.js:11800:9)
      at scheduleUpdateOnFiber (node_modules/react-test-renderer/cjs/react-test-renderer.development.js:10326:9)
      at dispatchSetStateInternal (node_modules/react-test-renderer/cjs/react-test-renderer.development.js:4148:13)
      at dispatchSetState (node_modules/react-test-renderer/cjs/react-test-renderer.development.js:4107:7)
      at setBookings (app/admin/bookings.jsx:43:7)
      at asyncGeneratorStep (node_modules/@babel/runtime/helpers/asyncToGenerator.js:3:17)
      at _next (node_modules/@babel/runtime/helpers/asyncToGenerator.js:17:9)

    console.error
      An update to BookingsScreen inside a test was not wrapped in act(...).
      
      When testing, code that causes React state updates should be wrapped into act(...):
      
      act(() => {
        /* fire events that update state */
      });
      /* assert on the output */
      
      This ensures that you're testing the behavior the user would see in the browser. Learn more at https://react.dev/link/wrap-tests-with-act

    [0m [90m 47 |[39m       setBookings([])[33m;[39m
     [90m 48 |[39m     } [36mfinally[39m {
    [31m[1m>[22m[39m[90m 49 |[39m       setLoading([36mfalse[39m)[33m;[39m
     [90m    |[39m       [31m[1m^[22m[39m
     [90m 50 |[39m     }
     [90m 51 |[39m   }[33m;[39m
     [90m 52 |[39m[0m

      at node_modules/react-test-renderer/cjs/react-test-renderer.development.js:11801:19
      at runWithFiberInDEV (node_modules/react-test-renderer/cjs/react-test-renderer.development.js:1574:13)
      at warnIfUpdatesNotWrappedWithActDEV (node_modules/react-test-renderer/cjs/react-test-renderer.development.js:11800:9)
      at scheduleUpdateOnFiber (node_modules/react-test-renderer/cjs/react-test-renderer.development.js:10326:9)
      at dispatchSetStateInternal (node_modules/react-test-renderer/cjs/react-test-renderer.development.js:4148:13)
      at dispatchSetState (node_modules/react-test-renderer/cjs/react-test-renderer.development.js:4107:7)
      at setLoading (app/admin/bookings.jsx:49:7)
      at asyncGeneratorStep (node_modules/@babel/runtime/helpers/asyncToGenerator.js:3:17)
      at _next (node_modules/@babel/runtime/helpers/asyncToGenerator.js:17:9)

    console.error
      An update to BookingsScreen inside a test was not wrapped in act(...).
      
      When testing, code that causes React state updates should be wrapped into act(...):
      
      act(() => {
        /* fire events that update state */
      });
      /* assert on the output */
      
      This ensures that you're testing the behavior the user would see in the browser. Learn more at https://react.dev/link/wrap-tests-with-act

    [0m [90m 41 |[39m         headers[33m:[39m { [33mAuthorization[39m[33m:[39m [32m`Bearer ${token}`[39m }[33m,[39m
     [90m 42 |[39m       })[33m;[39m
    [31m[1m>[22m[39m[90m 43 |[39m       setBookings(response[33m.[39mdata[33m.[39mbookings [33m||[39m [])[33m;[39m
     [90m    |[39m       [31m[1m^[22m[39m
     [90m 44 |[39m     } [36mcatch[39m (error) {
     [90m 45 |[39m       console[33m.[39merror(error)[33m;[39m
     [90m 46 |[39m       [90m// Silently fail - endpoint may not exist yet[39m[0m

      at node_modules/react-test-renderer/cjs/react-test-renderer.development.js:11801:19
      at runWithFiberInDEV (node_modules/react-test-renderer/cjs/react-test-renderer.development.js:1574:13)
      at warnIfUpdatesNotWrappedWithActDEV (node_modules/react-test-renderer/cjs/react-test-renderer.development.js:11800:9)
      at scheduleUpdateOnFiber (node_modules/react-test-renderer/cjs/react-test-renderer.development.js:10326:9)
      at dispatchSetStateInternal (node_modules/react-test-renderer/cjs/react-test-renderer.development.js:4148:13)
      at dispatchSetState (node_modules/react-test-renderer/cjs/react-test-renderer.development.js:4107:7)
      at setBookings (app/admin/bookings.jsx:43:7)
      at asyncGeneratorStep (node_modules/@babel/runtime/helpers/asyncToGenerator.js:3:17)
      at _next (node_modules/@babel/runtime/helpers/asyncToGenerator.js:17:9)

    console.error
      An update to BookingsScreen inside a test was not wrapped in act(...).
      
      When testing, code that causes React state updates should be wrapped into act(...):
      
      act(() => {
        /* fire events that update state */
      });
      /* assert on the output */
      
      This ensures that you're testing the behavior the user would see in the browser. Learn more at https://react.dev/link/wrap-tests-with-act

    [0m [90m 47 |[39m       setBookings([])[33m;[39m
     [90m 48 |[39m     } [36mfinally[39m {
    [31m[1m>[22m[39m[90m 49 |[39m       setLoading([36mfalse[39m)[33m;[39m
     [90m    |[39m       [31m[1m^[22m[39m
     [90m 50 |[39m     }
     [90m 51 |[39m   }[33m;[39m
     [90m 52 |[39m[0m

      at node_modules/react-test-renderer/cjs/react-test-renderer.development.js:11801:19
      at runWithFiberInDEV (node_modules/react-test-renderer/cjs/react-test-renderer.development.js:1574:13)
      at warnIfUpdatesNotWrappedWithActDEV (node_modules/react-test-renderer/cjs/react-test-renderer.development.js:11800:9)
      at scheduleUpdateOnFiber (node_modules/react-test-renderer/cjs/react-test-renderer.development.js:10326:9)
      at dispatchSetStateInternal (node_modules/react-test-renderer/cjs/react-test-renderer.development.js:4148:13)
      at dispatchSetState (node_modules/react-test-renderer/cjs/react-test-renderer.development.js:4107:7)
      at setLoading (app/admin/bookings.jsx:49:7)
      at asyncGeneratorStep (node_modules/@babel/runtime/helpers/asyncToGenerator.js:3:17)
      at _next (node_modules/@babel/runtime/helpers/asyncToGenerator.js:17:9)

    console.error
      An update to BookingsScreen inside a test was not wrapped in act(...).
      
      When testing, code that causes React state updates should be wrapped into act(...):
      
      act(() => {
        /* fire events that update state */
      });
      /* assert on the output */
      
      This ensures that you're testing the behavior the user would see in the browser. Learn more at https://react.dev/link/wrap-tests-with-act

    [0m [90m 41 |[39m         headers[33m:[39m { [33mAuthorization[39m[33m:[39m [32m`Bearer ${token}`[39m }[33m,[39m
     [90m 42 |[39m       })[33m;[39m
    [31m[1m>[22m[39m[90m 43 |[39m       setBookings(response[33m.[39mdata[33m.[39mbookings [33m||[39m [])[33m;[39m
     [90m    |[39m       [31m[1m^[22m[39m
     [90m 44 |[39m     } [36mcatch[39m (error) {
     [90m 45 |[39m       console[33m.[39merror(error)[33m;[39m
     [90m 46 |[39m       [90m// Silently fail - endpoint may not exist yet[39m[0m

      at node_modules/react-test-renderer/cjs/react-test-renderer.development.js:11801:19
      at runWithFiberInDEV (node_modules/react-test-renderer/cjs/react-test-renderer.development.js:1574:13)
      at warnIfUpdatesNotWrappedWithActDEV (node_modules/react-test-renderer/cjs/react-test-renderer.development.js:11800:9)
      at scheduleUpdateOnFiber (node_modules/react-test-renderer/cjs/react-test-renderer.development.js:10326:9)
      at dispatchSetStateInternal (node_modules/react-test-renderer/cjs/react-test-renderer.development.js:4148:13)
      at dispatchSetState (node_modules/react-test-renderer/cjs/react-test-renderer.development.js:4107:7)
      at setBookings (app/admin/bookings.jsx:43:7)
      at asyncGeneratorStep (node_modules/@babel/runtime/helpers/asyncToGenerator.js:3:17)
      at _next (node_modules/@babel/runtime/helpers/asyncToGenerator.js:17:9)

    console.error
      An update to BookingsScreen inside a test was not wrapped in act(...).
      
      When testing, code that causes React state updates should be wrapped into act(...):
      
      act(() => {
        /* fire events that update state */
      });
      /* assert on the output */
      
      This ensures that you're testing the behavior the user would see in the browser. Learn more at https://react.dev/link/wrap-tests-with-act

    [0m [90m 47 |[39m       setBookings([])[33m;[39m
     [90m 48 |[39m     } [36mfinally[39m {
    [31m[1m>[22m[39m[90m 49 |[39m       setLoading([36mfalse[39m)[33m;[39m
     [90m    |[39m       [31m[1m^[22m[39m
     [90m 50 |[39m     }
     [90m 51 |[39m   }[33m;[39m
     [90m 52 |[39m[0m

      at node_modules/react-test-renderer/cjs/react-test-renderer.development.js:11801:19
      at runWithFiberInDEV (node_modules/react-test-renderer/cjs/react-test-renderer.development.js:1574:13)
      at warnIfUpdatesNotWrappedWithActDEV (node_modules/react-test-renderer/cjs/react-test-renderer.development.js:11800:9)
      at scheduleUpdateOnFiber (node_modules/react-test-renderer/cjs/react-test-renderer.development.js:10326:9)
      at dispatchSetStateInternal (node_modules/react-test-renderer/cjs/react-test-renderer.development.js:4148:13)
      at dispatchSetState (node_modules/react-test-renderer/cjs/react-test-renderer.development.js:4107:7)
      at setLoading (app/admin/bookings.jsx:49:7)
      at asyncGeneratorStep (node_modules/@babel/runtime/helpers/asyncToGenerator.js:3:17)
      at _next (node_modules/@babel/runtime/helpers/asyncToGenerator.js:17:9)

    console.error
      An update to BookingsScreen inside a test was not wrapped in act(...).
      
      When testing, code that causes React state updates should be wrapped into act(...):
      
      act(() => {
        /* fire events that update state */
      });
      /* assert on the output */
      
      This ensures that you're testing the behavior the user would see in the browser. Learn more at https://react.dev/link/wrap-tests-with-act

    [0m [90m 41 |[39m         headers[33m:[39m { [33mAuthorization[39m[33m:[39m [32m`Bearer ${token}`[39m }[33m,[39m
     [90m 42 |[39m       })[33m;[39m
    [31m[1m>[22m[39m[90m 43 |[39m       setBookings(response[33m.[39mdata[33m.[39mbookings [33m||[39m [])[33m;[39m
     [90m    |[39m       [31m[1m^[22m[39m
     [90m 44 |[39m     } [36mcatch[39m (error) {
     [90m 45 |[39m       console[33m.[39merror(error)[33m;[39m
     [90m 46 |[39m       [90m// Silently fail - endpoint may not exist yet[39m[0m

      at node_modules/react-test-renderer/cjs/react-test-renderer.development.js:11801:19
      at runWithFiberInDEV (node_modules/react-test-renderer/cjs/react-test-renderer.development.js:1574:13)
      at warnIfUpdatesNotWrappedWithActDEV (node_modules/react-test-renderer/cjs/react-test-renderer.development.js:11800:9)
      at scheduleUpdateOnFiber (node_modules/react-test-renderer/cjs/react-test-renderer.development.js:10326:9)
      at dispatchSetStateInternal (node_modules/react-test-renderer/cjs/react-test-renderer.development.js:4148:13)
      at dispatchSetState (node_modules/react-test-renderer/cjs/react-test-renderer.development.js:4107:7)
      at setBookings (app/admin/bookings.jsx:43:7)
      at asyncGeneratorStep (node_modules/@babel/runtime/helpers/asyncToGenerator.js:3:17)
      at _next (node_modules/@babel/runtime/helpers/asyncToGenerator.js:17:9)

    console.error
      An update to BookingsScreen inside a test was not wrapped in act(...).
      
      When testing, code that causes React state updates should be wrapped into act(...):
      
      act(() => {
        /* fire events that update state */
      });
      /* assert on the output */
      
      This ensures that you're testing the behavior the user would see in the browser. Learn more at https://react.dev/link/wrap-tests-with-act

    [0m [90m 47 |[39m       setBookings([])[33m;[39m
     [90m 48 |[39m     } [36mfinally[39m {
    [31m[1m>[22m[39m[90m 49 |[39m       setLoading([36mfalse[39m)[33m;[39m
     [90m    |[39m       [31m[1m^[22m[39m
     [90m 50 |[39m     }
     [90m 51 |[39m   }[33m;[39m
     [90m 52 |[39m[0m

      at node_modules/react-test-renderer/cjs/react-test-renderer.development.js:11801:19
      at runWithFiberInDEV (node_modules/react-test-renderer/cjs/react-test-renderer.development.js:1574:13)
      at warnIfUpdatesNotWrappedWithActDEV (node_modules/react-test-renderer/cjs/react-test-renderer.development.js:11800:9)
      at scheduleUpdateOnFiber (node_modules/react-test-renderer/cjs/react-test-renderer.development.js:10326:9)
      at dispatchSetStateInternal (node_modules/react-test-renderer/cjs/react-test-renderer.development.js:4148:13)
      at dispatchSetState (node_modules/react-test-renderer/cjs/react-test-renderer.development.js:4107:7)
      at setLoading (app/admin/bookings.jsx:49:7)
      at asyncGeneratorStep (node_modules/@babel/runtime/helpers/asyncToGenerator.js:3:17)
      at _next (node_modules/@babel/runtime/helpers/asyncToGenerator.js:17:9)

    console.error
      An update to BookingsScreen inside a test was not wrapped in act(...).
      
      When testing, code that causes React state updates should be wrapped into act(...):
      
      act(() => {
        /* fire events that update state */
      });
      /* assert on the output */
      
      This ensures that you're testing the behavior the user would see in the browser. Learn more at https://react.dev/link/wrap-tests-with-act

    [0m [90m 41 |[39m         headers[33m:[39m { [33mAuthorization[39m[33m:[39m [32m`Bearer ${token}`[39m }[33m,[39m
     [90m 42 |[39m       })[33m;[39m
    [31m[1m>[22m[39m[90m 43 |[39m       setBookings(response[33m.[39mdata[33m.[39mbookings [33m||[39m [])[33m;[39m
     [90m    |[39m       [31m[1m^[22m[39m
     [90m 44 |[39m     } [36mcatch[39m (error) {
     [90m 45 |[39m       console[33m.[39merror(error)[33m;[39m
     [90m 46 |[39m       [90m// Silently fail - endpoint may not exist yet[39m[0m

      at node_modules/react-test-renderer/cjs/react-test-renderer.development.js:11801:19
      at runWithFiberInDEV (node_modules/react-test-renderer/cjs/react-test-renderer.development.js:1574:13)
      at warnIfUpdatesNotWrappedWithActDEV (node_modules/react-test-renderer/cjs/react-test-renderer.development.js:11800:9)
      at scheduleUpdateOnFiber (node_modules/react-test-renderer/cjs/react-test-renderer.development.js:10326:9)
      at dispatchSetStateInternal (node_modules/react-test-renderer/cjs/react-test-renderer.development.js:4148:13)
      at dispatchSetState (node_modules/react-test-renderer/cjs/react-test-renderer.development.js:4107:7)
      at setBookings (app/admin/bookings.jsx:43:7)
      at asyncGeneratorStep (node_modules/@babel/runtime/helpers/asyncToGenerator.js:3:17)
      at _next (node_modules/@babel/runtime/helpers/asyncToGenerator.js:17:9)

    console.error
      An update to BookingsScreen inside a test was not wrapped in act(...).
      
      When testing, code that causes React state updates should be wrapped into act(...):
      
      act(() => {
        /* fire events that update state */
      });
      /* assert on the output */
      
      This ensures that you're testing the behavior the user would see in the browser. Learn more at https://react.dev/link/wrap-tests-with-act

    [0m [90m 47 |[39m       setBookings([])[33m;[39m
     [90m 48 |[39m     } [36mfinally[39m {
    [31m[1m>[22m[39m[90m 49 |[39m       setLoading([36mfalse[39m)[33m;[39m
     [90m    |[39m       [31m[1m^[22m[39m
     [90m 50 |[39m     }
     [90m 51 |[39m   }[33m;[39m
     [90m 52 |[39m[0m

      at node_modules/react-test-renderer/cjs/react-test-renderer.development.js:11801:19
      at runWithFiberInDEV (node_modules/react-test-renderer/cjs/react-test-renderer.development.js:1574:13)
      at warnIfUpdatesNotWrappedWithActDEV (node_modules/react-test-renderer/cjs/react-test-renderer.development.js:11800:9)
      at scheduleUpdateOnFiber (node_modules/react-test-renderer/cjs/react-test-renderer.development.js:10326:9)
      at dispatchSetStateInternal (node_modules/react-test-renderer/cjs/react-test-renderer.development.js:4148:13)
      at dispatchSetState (node_modules/react-test-renderer/cjs/react-test-renderer.development.js:4107:7)
      at setLoading (app/admin/bookings.jsx:49:7)
      at asyncGeneratorStep (node_modules/@babel/runtime/helpers/asyncToGenerator.js:3:17)
      at _next (node_modules/@babel/runtime/helpers/asyncToGenerator.js:17:9)

    console.error
      Error: API Error
          at Object.<anonymous> (D:\Mobile\MobileProjectFinal\frontend\__test__\AdminBookings.test.jsx:76:33)
          at Generator.next (<anonymous>)
          at asyncGeneratorStep (D:\Mobile\MobileProjectFinal\frontend\node_modules\@babel\runtime\helpers\asyncToGenerator.js:3:17)
          at _next (D:\Mobile\MobileProjectFinal\frontend\node_modules\@babel\runtime\helpers\asyncToGenerator.js:17:9)
          at D:\Mobile\MobileProjectFinal\frontend\node_modules\@babel\runtime\helpers\asyncToGenerator.js:22:7
          at new Promise (<anonymous>)
          at Object.<anonymous> (D:\Mobile\MobileProjectFinal\frontend\node_modules\@babel\runtime\helpers\asyncToGenerator.js:14:12)
          at Promise.then.completed (D:\Mobile\MobileProjectFinal\frontend\node_modules\jest-circus\build\utils.js:298:28)
          at new Promise (<anonymous>)
          at callAsyncCircusFn (D:\Mobile\MobileProjectFinal\frontend\node_modules\jest-circus\build\utils.js:231:10)
          at _callCircusTest (D:\Mobile\MobileProjectFinal\frontend\node_modules\jest-circus\build\run.js:316:40)
          at _runTest (D:\Mobile\MobileProjectFinal\frontend\node_modules\jest-circus\build\run.js:252:3)
          at _runTestsForDescribeBlock (D:\Mobile\MobileProjectFinal\frontend\node_modules\jest-circus\build\run.js:126:9)
          at _runTestsForDescribeBlock (D:\Mobile\MobileProjectFinal\frontend\node_modules\jest-circus\build\run.js:121:9)
          at run (D:\Mobile\MobileProjectFinal\frontend\node_modules\jest-circus\build\run.js:71:3)
          at runAndTransformResultsToJestFormat (D:\Mobile\MobileProjectFinal\frontend\node_modules\jest-circus\build\legacy-code-todo-rewrite\jestAdapterInit.js:122:21)
          at jestAdapter (D:\Mobile\MobileProjectFinal\frontend\node_modules\jest-circus\build\legacy-code-todo-rewrite\jestAdapter.js:79:19)
          at runTestInternal (d:\Mobile\MobileProjectFinal\frontend\node_modules\jest-runner\build\runTest.js:367:16)
          at runTest (d:\Mobile\MobileProjectFinal\frontend\node_modules\jest-runner\build\runTest.js:444:34)
          at Object.worker (d:\Mobile\MobileProjectFinal\frontend\node_modules\jest-runner\build\testWorker.js:106:12)

    [0m [90m 43 |[39m       setBookings(response[33m.[39mdata[33m.[39mbookings [33m||[39m [])[33m;[39m
     [90m 44 |[39m     } [36mcatch[39m (error) {
    [31m[1m>[22m[39m[90m 45 |[39m       console[33m.[39merror(error)[33m;[39m
     [90m    |[39m               [31m[1m^[22m[39m
     [90m 46 |[39m       [90m// Silently fail - endpoint may not exist yet[39m
     [90m 47 |[39m       setBookings([])[33m;[39m
     [90m 48 |[39m     } [36mfinally[39m {[0m

      at error (app/admin/bookings.jsx:45:15)
          at Generator.throw (<anonymous>)
      at asyncGeneratorStep (node_modules/@babel/runtime/helpers/asyncToGenerator.js:3:17)
      at _throw (node_modules/@babel/runtime/helpers/asyncToGenerator.js:20:9)

    console.error
      An update to BookingsScreen inside a test was not wrapped in act(...).
      
      When testing, code that causes React state updates should be wrapped into act(...):
      
      act(() => {
        /* fire events that update state */
      });
      /* assert on the output */
      
      This ensures that you're testing the behavior the user would see in the browser. Learn more at https://react.dev/link/wrap-tests-with-act

    [0m [90m 45 |[39m       console[33m.[39merror(error)[33m;[39m
     [90m 46 |[39m       [90m// Silently fail - endpoint may not exist yet[39m
    [31m[1m>[22m[39m[90m 47 |[39m       setBookings([])[33m;[39m
     [90m    |[39m       [31m[1m^[22m[39m
     [90m 48 |[39m     } [36mfinally[39m {
     [90m 49 |[39m       setLoading([36mfalse[39m)[33m;[39m
     [90m 50 |[39m     }[0m

      at node_modules/react-test-renderer/cjs/react-test-renderer.development.js:11801:19
      at runWithFiberInDEV (node_modules/react-test-renderer/cjs/react-test-renderer.development.js:1574:13)
      at warnIfUpdatesNotWrappedWithActDEV (node_modules/react-test-renderer/cjs/react-test-renderer.development.js:11800:9)
      at scheduleUpdateOnFiber (node_modules/react-test-renderer/cjs/react-test-renderer.development.js:10326:9)
      at dispatchSetStateInternal (node_modules/react-test-renderer/cjs/react-test-renderer.development.js:4148:13)
      at dispatchSetState (node_modules/react-test-renderer/cjs/react-test-renderer.development.js:4107:7)
      at setBookings (app/admin/bookings.jsx:47:7)
          at Generator.throw (<anonymous>)
      at asyncGeneratorStep (node_modules/@babel/runtime/helpers/asyncToGenerator.js:3:17)
      at _throw (node_modules/@babel/runtime/helpers/asyncToGenerator.js:20:9)

    console.error
      An update to BookingsScreen inside a test was not wrapped in act(...).
      
      When testing, code that causes React state updates should be wrapped into act(...):
      
      act(() => {
        /* fire events that update state */
      });
      /* assert on the output */
      
      This ensures that you're testing the behavior the user would see in the browser. Learn more at https://react.dev/link/wrap-tests-with-act

    [0m [90m 47 |[39m       setBookings([])[33m;[39m
     [90m 48 |[39m     } [36mfinally[39m {
    [31m[1m>[22m[39m[90m 49 |[39m       setLoading([36mfalse[39m)[33m;[39m
     [90m    |[39m       [31m[1m^[22m[39m
     [90m 50 |[39m     }
     [90m 51 |[39m   }[33m;[39m
     [90m 52 |[39m[0m

      at node_modules/react-test-renderer/cjs/react-test-renderer.development.js:11801:19
      at runWithFiberInDEV (node_modules/react-test-renderer/cjs/react-test-renderer.development.js:1574:13)
      at warnIfUpdatesNotWrappedWithActDEV (node_modules/react-test-renderer/cjs/react-test-renderer.development.js:11800:9)
      at scheduleUpdateOnFiber (node_modules/react-test-renderer/cjs/react-test-renderer.development.js:10326:9)
      at dispatchSetStateInternal (node_modules/react-test-renderer/cjs/react-test-renderer.development.js:4148:13)
      at dispatchSetState (node_modules/react-test-renderer/cjs/react-test-renderer.development.js:4107:7)
      at setLoading (app/admin/bookings.jsx:49:7)
          at Generator.throw (<anonymous>)
      at asyncGeneratorStep (node_modules/@babel/runtime/helpers/asyncToGenerator.js:3:17)
      at _throw (node_modules/@babel/runtime/helpers/asyncToGenerator.js:20:9)

PASS __test__/AdminTables.test.jsx
  ● Console

    console.error
      An update to TablesScreen inside a test was not wrapped in act(...).
      
      When testing, code that causes React state updates should be wrapped into act(...):
      
      act(() => {
        /* fire events that update state */
      });
      /* assert on the output */
      
      This ensures that you're testing the behavior the user would see in the browser. Learn more at https://react.dev/link/wrap-tests-with-act

    [0m [90m 43 |[39m         headers[33m:[39m { [33mAuthorization[39m[33m:[39m [32m`Bearer ${token}`[39m }[33m,[39m
     [90m 44 |[39m       })[33m;[39m
    [31m[1m>[22m[39m[90m 45 |[39m       setTables(response[33m.[39mdata[33m.[39mtables [33m||[39m [])[33m;[39m
     [90m    |[39m       [31m[1m^[22m[39m
     [90m 46 |[39m       setFilteredTables(response[33m.[39mdata[33m.[39mtables [33m||[39m [])[33m;[39m
     [90m 47 |[39m     } [36mcatch[39m (error) {
     [90m 48 |[39m       console[33m.[39merror(error)[33m;[39m[0m

      at node_modules/react-test-renderer/cjs/react-test-renderer.development.js:11801:19
      at runWithFiberInDEV (node_modules/react-test-renderer/cjs/react-test-renderer.development.js:1574:13)
      at warnIfUpdatesNotWrappedWithActDEV (node_modules/react-test-renderer/cjs/react-test-renderer.development.js:11800:9)
      at scheduleUpdateOnFiber (node_modules/react-test-renderer/cjs/react-test-renderer.development.js:10326:9)
      at dispatchSetStateInternal (node_modules/react-test-renderer/cjs/react-test-renderer.development.js:4148:13)
      at dispatchSetState (node_modules/react-test-renderer/cjs/react-test-renderer.development.js:4107:7)
      at setTables (app/admin/tables.jsx:45:7)
      at asyncGeneratorStep (node_modules/@babel/runtime/helpers/asyncToGenerator.js:3:17)
      at _next (node_modules/@babel/runtime/helpers/asyncToGenerator.js:17:9)

    console.error
      An update to TablesScreen inside a test was not wrapped in act(...).
      
      When testing, code that causes React state updates should be wrapped into act(...):
      
      act(() => {
        /* fire events that update state */
      });
      /* assert on the output */
      
      This ensures that you're testing the behavior the user would see in the browser. Learn more at https://react.dev/link/wrap-tests-with-act

    [0m [90m 44 |[39m       })[33m;[39m
     [90m 45 |[39m       setTables(response[33m.[39mdata[33m.[39mtables [33m||[39m [])[33m;[39m
    [31m[1m>[22m[39m[90m 46 |[39m       setFilteredTables(response[33m.[39mdata[33m.[39mtables [33m||[39m [])[33m;[39m
     [90m    |[39m       [31m[1m^[22m[39m
     [90m 47 |[39m     } [36mcatch[39m (error) {
     [90m 48 |[39m       console[33m.[39merror(error)[33m;[39m
     [90m 49 |[39m       [33mAlert[39m[33m.[39malert([32m'Error'[39m[33m,[39m [32m'Failed to load tables'[39m)[33m;[39m[0m

      at node_modules/react-test-renderer/cjs/react-test-renderer.development.js:11801:19
      at runWithFiberInDEV (node_modules/react-test-renderer/cjs/react-test-renderer.development.js:1574:13)
      at warnIfUpdatesNotWrappedWithActDEV (node_modules/react-test-renderer/cjs/react-test-renderer.development.js:11800:9)
      at scheduleUpdateOnFiber (node_modules/react-test-renderer/cjs/react-test-renderer.development.js:10326:9)
      at dispatchSetStateInternal (node_modules/react-test-renderer/cjs/react-test-renderer.development.js:4148:13)
      at dispatchSetState (node_modules/react-test-renderer/cjs/react-test-renderer.development.js:4107:7)
      at setFilteredTables (app/admin/tables.jsx:46:7)
      at asyncGeneratorStep (node_modules/@babel/runtime/helpers/asyncToGenerator.js:3:17)
      at _next (node_modules/@babel/runtime/helpers/asyncToGenerator.js:17:9)

    console.error
      An update to TablesScreen inside a test was not wrapped in act(...).
      
      When testing, code that causes React state updates should be wrapped into act(...):
      
      act(() => {
        /* fire events that update state */
      });
      /* assert on the output */
      
      This ensures that you're testing the behavior the user would see in the browser. Learn more at https://react.dev/link/wrap-tests-with-act

    [0m [90m 49 |[39m       [33mAlert[39m[33m.[39malert([32m'Error'[39m[33m,[39m [32m'Failed to load tables'[39m)[33m;[39m
     [90m 50 |[39m     } [36mfinally[39m {
    [31m[1m>[22m[39m[90m 51 |[39m       setLoading([36mfalse[39m)[33m;[39m
     [90m    |[39m       [31m[1m^[22m[39m
     [90m 52 |[39m     }
     [90m 53 |[39m   }[33m;[39m
     [90m 54 |[39m[0m

      at node_modules/react-test-renderer/cjs/react-test-renderer.development.js:11801:19
      at runWithFiberInDEV (node_modules/react-test-renderer/cjs/react-test-renderer.development.js:1574:13)
      at warnIfUpdatesNotWrappedWithActDEV (node_modules/react-test-renderer/cjs/react-test-renderer.development.js:11800:9)
      at scheduleUpdateOnFiber (node_modules/react-test-renderer/cjs/react-test-renderer.development.js:10326:9)
      at dispatchSetStateInternal (node_modules/react-test-renderer/cjs/react-test-renderer.development.js:4148:13)
      at dispatchSetState (node_modules/react-test-renderer/cjs/react-test-renderer.development.js:4107:7)
      at setLoading (app/admin/tables.jsx:51:7)
      at asyncGeneratorStep (node_modules/@babel/runtime/helpers/asyncToGenerator.js:3:17)
      at _next (node_modules/@babel/runtime/helpers/asyncToGenerator.js:17:9)

    console.error
      An update to TablesScreen inside a test was not wrapped in act(...).
      
      When testing, code that causes React state updates should be wrapped into act(...):
      
      act(() => {
        /* fire events that update state */
      });
      /* assert on the output */
      
      This ensures that you're testing the behavior the user would see in the browser. Learn more at https://react.dev/link/wrap-tests-with-act

    [0m [90m 43 |[39m         headers[33m:[39m { [33mAuthorization[39m[33m:[39m [32m`Bearer ${token}`[39m }[33m,[39m
     [90m 44 |[39m       })[33m;[39m
    [31m[1m>[22m[39m[90m 45 |[39m       setTables(response[33m.[39mdata[33m.[39mtables [33m||[39m [])[33m;[39m
     [90m    |[39m       [31m[1m^[22m[39m
     [90m 46 |[39m       setFilteredTables(response[33m.[39mdata[33m.[39mtables [33m||[39m [])[33m;[39m
     [90m 47 |[39m     } [36mcatch[39m (error) {
     [90m 48 |[39m       console[33m.[39merror(error)[33m;[39m[0m

      at node_modules/react-test-renderer/cjs/react-test-renderer.development.js:11801:19
      at runWithFiberInDEV (node_modules/react-test-renderer/cjs/react-test-renderer.development.js:1574:13)
      at warnIfUpdatesNotWrappedWithActDEV (node_modules/react-test-renderer/cjs/react-test-renderer.development.js:11800:9)
      at scheduleUpdateOnFiber (node_modules/react-test-renderer/cjs/react-test-renderer.development.js:10326:9)
      at dispatchSetStateInternal (node_modules/react-test-renderer/cjs/react-test-renderer.development.js:4148:13)
      at dispatchSetState (node_modules/react-test-renderer/cjs/react-test-renderer.development.js:4107:7)
      at setTables (app/admin/tables.jsx:45:7)
      at asyncGeneratorStep (node_modules/@babel/runtime/helpers/asyncToGenerator.js:3:17)
      at _next (node_modules/@babel/runtime/helpers/asyncToGenerator.js:17:9)

    console.error
      An update to TablesScreen inside a test was not wrapped in act(...).
      
      When testing, code that causes React state updates should be wrapped into act(...):
      
      act(() => {
        /* fire events that update state */
      });
      /* assert on the output */
      
      This ensures that you're testing the behavior the user would see in the browser. Learn more at https://react.dev/link/wrap-tests-with-act

    [0m [90m 44 |[39m       })[33m;[39m
     [90m 45 |[39m       setTables(response[33m.[39mdata[33m.[39mtables [33m||[39m [])[33m;[39m
    [31m[1m>[22m[39m[90m 46 |[39m       setFilteredTables(response[33m.[39mdata[33m.[39mtables [33m||[39m [])[33m;[39m
     [90m    |[39m       [31m[1m^[22m[39m
     [90m 47 |[39m     } [36mcatch[39m (error) {
     [90m 48 |[39m       console[33m.[39merror(error)[33m;[39m
     [90m 49 |[39m       [33mAlert[39m[33m.[39malert([32m'Error'[39m[33m,[39m [32m'Failed to load tables'[39m)[33m;[39m[0m

      at node_modules/react-test-renderer/cjs/react-test-renderer.development.js:11801:19
      at runWithFiberInDEV (node_modules/react-test-renderer/cjs/react-test-renderer.development.js:1574:13)
      at warnIfUpdatesNotWrappedWithActDEV (node_modules/react-test-renderer/cjs/react-test-renderer.development.js:11800:9)
      at scheduleUpdateOnFiber (node_modules/react-test-renderer/cjs/react-test-renderer.development.js:10326:9)
      at dispatchSetStateInternal (node_modules/react-test-renderer/cjs/react-test-renderer.development.js:4148:13)
      at dispatchSetState (node_modules/react-test-renderer/cjs/react-test-renderer.development.js:4107:7)
      at setFilteredTables (app/admin/tables.jsx:46:7)
      at asyncGeneratorStep (node_modules/@babel/runtime/helpers/asyncToGenerator.js:3:17)
      at _next (node_modules/@babel/runtime/helpers/asyncToGenerator.js:17:9)

    console.error
      An update to TablesScreen inside a test was not wrapped in act(...).
      
      When testing, code that causes React state updates should be wrapped into act(...):
      
      act(() => {
        /* fire events that update state */
      });
      /* assert on the output */
      
      This ensures that you're testing the behavior the user would see in the browser. Learn more at https://react.dev/link/wrap-tests-with-act

    [0m [90m 49 |[39m       [33mAlert[39m[33m.[39malert([32m'Error'[39m[33m,[39m [32m'Failed to load tables'[39m)[33m;[39m
     [90m 50 |[39m     } [36mfinally[39m {
    [31m[1m>[22m[39m[90m 51 |[39m       setLoading([36mfalse[39m)[33m;[39m
     [90m    |[39m       [31m[1m^[22m[39m
     [90m 52 |[39m     }
     [90m 53 |[39m   }[33m;[39m
     [90m 54 |[39m[0m

      at node_modules/react-test-renderer/cjs/react-test-renderer.development.js:11801:19
      at runWithFiberInDEV (node_modules/react-test-renderer/cjs/react-test-renderer.development.js:1574:13)
      at warnIfUpdatesNotWrappedWithActDEV (node_modules/react-test-renderer/cjs/react-test-renderer.development.js:11800:9)
      at scheduleUpdateOnFiber (node_modules/react-test-renderer/cjs/react-test-renderer.development.js:10326:9)
      at dispatchSetStateInternal (node_modules/react-test-renderer/cjs/react-test-renderer.development.js:4148:13)
      at dispatchSetState (node_modules/react-test-renderer/cjs/react-test-renderer.development.js:4107:7)
      at setLoading (app/admin/tables.jsx:51:7)
      at asyncGeneratorStep (node_modules/@babel/runtime/helpers/asyncToGenerator.js:3:17)
      at _next (node_modules/@babel/runtime/helpers/asyncToGenerator.js:17:9)

    console.error
      An update to TablesScreen inside a test was not wrapped in act(...).
      
      When testing, code that causes React state updates should be wrapped into act(...):
      
      act(() => {
        /* fire events that update state */
      });
      /* assert on the output */
      
      This ensures that you're testing the behavior the user would see in the browser. Learn more at https://react.dev/link/wrap-tests-with-act

    [0m [90m 43 |[39m         headers[33m:[39m { [33mAuthorization[39m[33m:[39m [32m`Bearer ${token}`[39m }[33m,[39m
     [90m 44 |[39m       })[33m;[39m
    [31m[1m>[22m[39m[90m 45 |[39m       setTables(response[33m.[39mdata[33m.[39mtables [33m||[39m [])[33m;[39m
     [90m    |[39m       [31m[1m^[22m[39m
     [90m 46 |[39m       setFilteredTables(response[33m.[39mdata[33m.[39mtables [33m||[39m [])[33m;[39m
     [90m 47 |[39m     } [36mcatch[39m (error) {
     [90m 48 |[39m       console[33m.[39merror(error)[33m;[39m[0m

      at node_modules/react-test-renderer/cjs/react-test-renderer.development.js:11801:19
      at runWithFiberInDEV (node_modules/react-test-renderer/cjs/react-test-renderer.development.js:1574:13)
      at warnIfUpdatesNotWrappedWithActDEV (node_modules/react-test-renderer/cjs/react-test-renderer.development.js:11800:9)
      at scheduleUpdateOnFiber (node_modules/react-test-renderer/cjs/react-test-renderer.development.js:10326:9)
      at dispatchSetStateInternal (node_modules/react-test-renderer/cjs/react-test-renderer.development.js:4148:13)
      at dispatchSetState (node_modules/react-test-renderer/cjs/react-test-renderer.development.js:4107:7)
      at setTables (app/admin/tables.jsx:45:7)
      at asyncGeneratorStep (node_modules/@babel/runtime/helpers/asyncToGenerator.js:3:17)
      at _next (node_modules/@babel/runtime/helpers/asyncToGenerator.js:17:9)

    console.error
      An update to TablesScreen inside a test was not wrapped in act(...).
      
      When testing, code that causes React state updates should be wrapped into act(...):
      
      act(() => {
        /* fire events that update state */
      });
      /* assert on the output */
      
      This ensures that you're testing the behavior the user would see in the browser. Learn more at https://react.dev/link/wrap-tests-with-act

    [0m [90m 44 |[39m       })[33m;[39m
     [90m 45 |[39m       setTables(response[33m.[39mdata[33m.[39mtables [33m||[39m [])[33m;[39m
    [31m[1m>[22m[39m[90m 46 |[39m       setFilteredTables(response[33m.[39mdata[33m.[39mtables [33m||[39m [])[33m;[39m
     [90m    |[39m       [31m[1m^[22m[39m
     [90m 47 |[39m     } [36mcatch[39m (error) {
     [90m 48 |[39m       console[33m.[39merror(error)[33m;[39m
     [90m 49 |[39m       [33mAlert[39m[33m.[39malert([32m'Error'[39m[33m,[39m [32m'Failed to load tables'[39m)[33m;[39m[0m

      at node_modules/react-test-renderer/cjs/react-test-renderer.development.js:11801:19
      at runWithFiberInDEV (node_modules/react-test-renderer/cjs/react-test-renderer.development.js:1574:13)
      at warnIfUpdatesNotWrappedWithActDEV (node_modules/react-test-renderer/cjs/react-test-renderer.development.js:11800:9)
      at scheduleUpdateOnFiber (node_modules/react-test-renderer/cjs/react-test-renderer.development.js:10326:9)
      at dispatchSetStateInternal (node_modules/react-test-renderer/cjs/react-test-renderer.development.js:4148:13)
      at dispatchSetState (node_modules/react-test-renderer/cjs/react-test-renderer.development.js:4107:7)
      at setFilteredTables (app/admin/tables.jsx:46:7)
      at asyncGeneratorStep (node_modules/@babel/runtime/helpers/asyncToGenerator.js:3:17)
      at _next (node_modules/@babel/runtime/helpers/asyncToGenerator.js:17:9)

    console.error
      An update to TablesScreen inside a test was not wrapped in act(...).
      
      When testing, code that causes React state updates should be wrapped into act(...):
      
      act(() => {
        /* fire events that update state */
      });
      /* assert on the output */
      
      This ensures that you're testing the behavior the user would see in the browser. Learn more at https://react.dev/link/wrap-tests-with-act

    [0m [90m 49 |[39m       [33mAlert[39m[33m.[39malert([32m'Error'[39m[33m,[39m [32m'Failed to load tables'[39m)[33m;[39m
     [90m 50 |[39m     } [36mfinally[39m {
    [31m[1m>[22m[39m[90m 51 |[39m       setLoading([36mfalse[39m)[33m;[39m
     [90m    |[39m       [31m[1m^[22m[39m
     [90m 52 |[39m     }
     [90m 53 |[39m   }[33m;[39m
     [90m 54 |[39m[0m

      at node_modules/react-test-renderer/cjs/react-test-renderer.development.js:11801:19
      at runWithFiberInDEV (node_modules/react-test-renderer/cjs/react-test-renderer.development.js:1574:13)
      at warnIfUpdatesNotWrappedWithActDEV (node_modules/react-test-renderer/cjs/react-test-renderer.development.js:11800:9)
      at scheduleUpdateOnFiber (node_modules/react-test-renderer/cjs/react-test-renderer.development.js:10326:9)
      at dispatchSetStateInternal (node_modules/react-test-renderer/cjs/react-test-renderer.development.js:4148:13)
      at dispatchSetState (node_modules/react-test-renderer/cjs/react-test-renderer.development.js:4107:7)
      at setLoading (app/admin/tables.jsx:51:7)
      at asyncGeneratorStep (node_modules/@babel/runtime/helpers/asyncToGenerator.js:3:17)
      at _next (node_modules/@babel/runtime/helpers/asyncToGenerator.js:17:9)

    console.error
      An update to TablesScreen inside a test was not wrapped in act(...).
      
      When testing, code that causes React state updates should be wrapped into act(...):
      
      act(() => {
        /* fire events that update state */
      });
      /* assert on the output */
      
      This ensures that you're testing the behavior the user would see in the browser. Learn more at https://react.dev/link/wrap-tests-with-act

    [0m [90m 43 |[39m         headers[33m:[39m { [33mAuthorization[39m[33m:[39m [32m`Bearer ${token}`[39m }[33m,[39m
     [90m 44 |[39m       })[33m;[39m
    [31m[1m>[22m[39m[90m 45 |[39m       setTables(response[33m.[39mdata[33m.[39mtables [33m||[39m [])[33m;[39m
     [90m    |[39m       [31m[1m^[22m[39m
     [90m 46 |[39m       setFilteredTables(response[33m.[39mdata[33m.[39mtables [33m||[39m [])[33m;[39m
     [90m 47 |[39m     } [36mcatch[39m (error) {
     [90m 48 |[39m       console[33m.[39merror(error)[33m;[39m[0m

      at node_modules/react-test-renderer/cjs/react-test-renderer.development.js:11801:19
      at runWithFiberInDEV (node_modules/react-test-renderer/cjs/react-test-renderer.development.js:1574:13)
      at warnIfUpdatesNotWrappedWithActDEV (node_modules/react-test-renderer/cjs/react-test-renderer.development.js:11800:9)
      at scheduleUpdateOnFiber (node_modules/react-test-renderer/cjs/react-test-renderer.development.js:10326:9)
      at dispatchSetStateInternal (node_modules/react-test-renderer/cjs/react-test-renderer.development.js:4148:13)
      at dispatchSetState (node_modules/react-test-renderer/cjs/react-test-renderer.development.js:4107:7)
      at setTables (app/admin/tables.jsx:45:7)
      at asyncGeneratorStep (node_modules/@babel/runtime/helpers/asyncToGenerator.js:3:17)
      at _next (node_modules/@babel/runtime/helpers/asyncToGenerator.js:17:9)

    console.error
      An update to TablesScreen inside a test was not wrapped in act(...).
      
      When testing, code that causes React state updates should be wrapped into act(...):
      
      act(() => {
        /* fire events that update state */
      });
      /* assert on the output */
      
      This ensures that you're testing the behavior the user would see in the browser. Learn more at https://react.dev/link/wrap-tests-with-act

    [0m [90m 44 |[39m       })[33m;[39m
     [90m 45 |[39m       setTables(response[33m.[39mdata[33m.[39mtables [33m||[39m [])[33m;[39m
    [31m[1m>[22m[39m[90m 46 |[39m       setFilteredTables(response[33m.[39mdata[33m.[39mtables [33m||[39m [])[33m;[39m
     [90m    |[39m       [31m[1m^[22m[39m
     [90m 47 |[39m     } [36mcatch[39m (error) {
     [90m 48 |[39m       console[33m.[39merror(error)[33m;[39m
     [90m 49 |[39m       [33mAlert[39m[33m.[39malert([32m'Error'[39m[33m,[39m [32m'Failed to load tables'[39m)[33m;[39m[0m

      at node_modules/react-test-renderer/cjs/react-test-renderer.development.js:11801:19
      at runWithFiberInDEV (node_modules/react-test-renderer/cjs/react-test-renderer.development.js:1574:13)
      at warnIfUpdatesNotWrappedWithActDEV (node_modules/react-test-renderer/cjs/react-test-renderer.development.js:11800:9)
      at scheduleUpdateOnFiber (node_modules/react-test-renderer/cjs/react-test-renderer.development.js:10326:9)
      at dispatchSetStateInternal (node_modules/react-test-renderer/cjs/react-test-renderer.development.js:4148:13)
      at dispatchSetState (node_modules/react-test-renderer/cjs/react-test-renderer.development.js:4107:7)
      at setFilteredTables (app/admin/tables.jsx:46:7)
      at asyncGeneratorStep (node_modules/@babel/runtime/helpers/asyncToGenerator.js:3:17)
      at _next (node_modules/@babel/runtime/helpers/asyncToGenerator.js:17:9)

    console.error
      An update to TablesScreen inside a test was not wrapped in act(...).
      
      When testing, code that causes React state updates should be wrapped into act(...):
      
      act(() => {
        /* fire events that update state */
      });
      /* assert on the output */
      
      This ensures that you're testing the behavior the user would see in the browser. Learn more at https://react.dev/link/wrap-tests-with-act

    [0m [90m 49 |[39m       [33mAlert[39m[33m.[39malert([32m'Error'[39m[33m,[39m [32m'Failed to load tables'[39m)[33m;[39m
     [90m 50 |[39m     } [36mfinally[39m {
    [31m[1m>[22m[39m[90m 51 |[39m       setLoading([36mfalse[39m)[33m;[39m
     [90m    |[39m       [31m[1m^[22m[39m
     [90m 52 |[39m     }
     [90m 53 |[39m   }[33m;[39m
     [90m 54 |[39m[0m

      at node_modules/react-test-renderer/cjs/react-test-renderer.development.js:11801:19
      at runWithFiberInDEV (node_modules/react-test-renderer/cjs/react-test-renderer.development.js:1574:13)
      at warnIfUpdatesNotWrappedWithActDEV (node_modules/react-test-renderer/cjs/react-test-renderer.development.js:11800:9)
      at scheduleUpdateOnFiber (node_modules/react-test-renderer/cjs/react-test-renderer.development.js:10326:9)
      at dispatchSetStateInternal (node_modules/react-test-renderer/cjs/react-test-renderer.development.js:4148:13)
      at dispatchSetState (node_modules/react-test-renderer/cjs/react-test-renderer.development.js:4107:7)
      at setLoading (app/admin/tables.jsx:51:7)
      at asyncGeneratorStep (node_modules/@babel/runtime/helpers/asyncToGenerator.js:3:17)
      at _next (node_modules/@babel/runtime/helpers/asyncToGenerator.js:17:9)

    console.error
      An update to TablesScreen inside a test was not wrapped in act(...).
      
      When testing, code that causes React state updates should be wrapped into act(...):
      
      act(() => {
        /* fire events that update state */
      });
      /* assert on the output */
      
      This ensures that you're testing the behavior the user would see in the browser. Learn more at https://react.dev/link/wrap-tests-with-act

    [0m [90m 43 |[39m         headers[33m:[39m { [33mAuthorization[39m[33m:[39m [32m`Bearer ${token}`[39m }[33m,[39m
     [90m 44 |[39m       })[33m;[39m
    [31m[1m>[22m[39m[90m 45 |[39m       setTables(response[33m.[39mdata[33m.[39mtables [33m||[39m [])[33m;[39m
     [90m    |[39m       [31m[1m^[22m[39m
     [90m 46 |[39m       setFilteredTables(response[33m.[39mdata[33m.[39mtables [33m||[39m [])[33m;[39m
     [90m 47 |[39m     } [36mcatch[39m (error) {
     [90m 48 |[39m       console[33m.[39merror(error)[33m;[39m[0m

      at node_modules/react-test-renderer/cjs/react-test-renderer.development.js:11801:19
      at runWithFiberInDEV (node_modules/react-test-renderer/cjs/react-test-renderer.development.js:1574:13)
      at warnIfUpdatesNotWrappedWithActDEV (node_modules/react-test-renderer/cjs/react-test-renderer.development.js:11800:9)
      at scheduleUpdateOnFiber (node_modules/react-test-renderer/cjs/react-test-renderer.development.js:10326:9)
      at dispatchSetStateInternal (node_modules/react-test-renderer/cjs/react-test-renderer.development.js:4148:13)
      at dispatchSetState (node_modules/react-test-renderer/cjs/react-test-renderer.development.js:4107:7)
      at setTables (app/admin/tables.jsx:45:7)
      at asyncGeneratorStep (node_modules/@babel/runtime/helpers/asyncToGenerator.js:3:17)
      at _next (node_modules/@babel/runtime/helpers/asyncToGenerator.js:17:9)

    console.error
      An update to TablesScreen inside a test was not wrapped in act(...).
      
      When testing, code that causes React state updates should be wrapped into act(...):
      
      act(() => {
        /* fire events that update state */
      });
      /* assert on the output */
      
      This ensures that you're testing the behavior the user would see in the browser. Learn more at https://react.dev/link/wrap-tests-with-act

    [0m [90m 44 |[39m       })[33m;[39m
     [90m 45 |[39m       setTables(response[33m.[39mdata[33m.[39mtables [33m||[39m [])[33m;[39m
    [31m[1m>[22m[39m[90m 46 |[39m       setFilteredTables(response[33m.[39mdata[33m.[39mtables [33m||[39m [])[33m;[39m
     [90m    |[39m       [31m[1m^[22m[39m
     [90m 47 |[39m     } [36mcatch[39m (error) {
     [90m 48 |[39m       console[33m.[39merror(error)[33m;[39m
     [90m 49 |[39m       [33mAlert[39m[33m.[39malert([32m'Error'[39m[33m,[39m [32m'Failed to load tables'[39m)[33m;[39m[0m

      at node_modules/react-test-renderer/cjs/react-test-renderer.development.js:11801:19
      at runWithFiberInDEV (node_modules/react-test-renderer/cjs/react-test-renderer.development.js:1574:13)
      at warnIfUpdatesNotWrappedWithActDEV (node_modules/react-test-renderer/cjs/react-test-renderer.development.js:11800:9)
      at scheduleUpdateOnFiber (node_modules/react-test-renderer/cjs/react-test-renderer.development.js:10326:9)
      at dispatchSetStateInternal (node_modules/react-test-renderer/cjs/react-test-renderer.development.js:4148:13)
      at dispatchSetState (node_modules/react-test-renderer/cjs/react-test-renderer.development.js:4107:7)
      at setFilteredTables (app/admin/tables.jsx:46:7)
      at asyncGeneratorStep (node_modules/@babel/runtime/helpers/asyncToGenerator.js:3:17)
      at _next (node_modules/@babel/runtime/helpers/asyncToGenerator.js:17:9)

    console.error
      An update to TablesScreen inside a test was not wrapped in act(...).
      
      When testing, code that causes React state updates should be wrapped into act(...):
      
      act(() => {
        /* fire events that update state */
      });
      /* assert on the output */
      
      This ensures that you're testing the behavior the user would see in the browser. Learn more at https://react.dev/link/wrap-tests-with-act

    [0m [90m 49 |[39m       [33mAlert[39m[33m.[39malert([32m'Error'[39m[33m,[39m [32m'Failed to load tables'[39m)[33m;[39m
     [90m 50 |[39m     } [36mfinally[39m {
    [31m[1m>[22m[39m[90m 51 |[39m       setLoading([36mfalse[39m)[33m;[39m
     [90m    |[39m       [31m[1m^[22m[39m
     [90m 52 |[39m     }
     [90m 53 |[39m   }[33m;[39m
     [90m 54 |[39m[0m

      at node_modules/react-test-renderer/cjs/react-test-renderer.development.js:11801:19
      at runWithFiberInDEV (node_modules/react-test-renderer/cjs/react-test-renderer.development.js:1574:13)
      at warnIfUpdatesNotWrappedWithActDEV (node_modules/react-test-renderer/cjs/react-test-renderer.development.js:11800:9)
      at scheduleUpdateOnFiber (node_modules/react-test-renderer/cjs/react-test-renderer.development.js:10326:9)
      at dispatchSetStateInternal (node_modules/react-test-renderer/cjs/react-test-renderer.development.js:4148:13)
      at dispatchSetState (node_modules/react-test-renderer/cjs/react-test-renderer.development.js:4107:7)
      at setLoading (app/admin/tables.jsx:51:7)
      at asyncGeneratorStep (node_modules/@babel/runtime/helpers/asyncToGenerator.js:3:17)
      at _next (node_modules/@babel/runtime/helpers/asyncToGenerator.js:17:9)

    console.error
      An update to TablesScreen inside a test was not wrapped in act(...).
      
      When testing, code that causes React state updates should be wrapped into act(...):
      
      act(() => {
        /* fire events that update state */
      });
      /* assert on the output */
      
      This ensures that you're testing the behavior the user would see in the browser. Learn more at https://react.dev/link/wrap-tests-with-act

    [0m [90m 43 |[39m         headers[33m:[39m { [33mAuthorization[39m[33m:[39m [32m`Bearer ${token}`[39m }[33m,[39m
     [90m 44 |[39m       })[33m;[39m
    [31m[1m>[22m[39m[90m 45 |[39m       setTables(response[33m.[39mdata[33m.[39mtables [33m||[39m [])[33m;[39m
     [90m    |[39m       [31m[1m^[22m[39m
     [90m 46 |[39m       setFilteredTables(response[33m.[39mdata[33m.[39mtables [33m||[39m [])[33m;[39m
     [90m 47 |[39m     } [36mcatch[39m (error) {
     [90m 48 |[39m       console[33m.[39merror(error)[33m;[39m[0m

      at node_modules/react-test-renderer/cjs/react-test-renderer.development.js:11801:19
      at runWithFiberInDEV (node_modules/react-test-renderer/cjs/react-test-renderer.development.js:1574:13)
      at warnIfUpdatesNotWrappedWithActDEV (node_modules/react-test-renderer/cjs/react-test-renderer.development.js:11800:9)
      at scheduleUpdateOnFiber (node_modules/react-test-renderer/cjs/react-test-renderer.development.js:10326:9)
      at dispatchSetStateInternal (node_modules/react-test-renderer/cjs/react-test-renderer.development.js:4148:13)
      at dispatchSetState (node_modules/react-test-renderer/cjs/react-test-renderer.development.js:4107:7)
      at setTables (app/admin/tables.jsx:45:7)
      at asyncGeneratorStep (node_modules/@babel/runtime/helpers/asyncToGenerator.js:3:17)
      at _next (node_modules/@babel/runtime/helpers/asyncToGenerator.js:17:9)

    console.error
      An update to TablesScreen inside a test was not wrapped in act(...).
      
      When testing, code that causes React state updates should be wrapped into act(...):
      
      act(() => {
        /* fire events that update state */
      });
      /* assert on the output */
      
      This ensures that you're testing the behavior the user would see in the browser. Learn more at https://react.dev/link/wrap-tests-with-act

    [0m [90m 44 |[39m       })[33m;[39m
     [90m 45 |[39m       setTables(response[33m.[39mdata[33m.[39mtables [33m||[39m [])[33m;[39m
    [31m[1m>[22m[39m[90m 46 |[39m       setFilteredTables(response[33m.[39mdata[33m.[39mtables [33m||[39m [])[33m;[39m
     [90m    |[39m       [31m[1m^[22m[39m
     [90m 47 |[39m     } [36mcatch[39m (error) {
     [90m 48 |[39m       console[33m.[39merror(error)[33m;[39m
     [90m 49 |[39m       [33mAlert[39m[33m.[39malert([32m'Error'[39m[33m,[39m [32m'Failed to load tables'[39m)[33m;[39m[0m

      at node_modules/react-test-renderer/cjs/react-test-renderer.development.js:11801:19
      at runWithFiberInDEV (node_modules/react-test-renderer/cjs/react-test-renderer.development.js:1574:13)
      at warnIfUpdatesNotWrappedWithActDEV (node_modules/react-test-renderer/cjs/react-test-renderer.development.js:11800:9)
      at scheduleUpdateOnFiber (node_modules/react-test-renderer/cjs/react-test-renderer.development.js:10326:9)
      at dispatchSetStateInternal (node_modules/react-test-renderer/cjs/react-test-renderer.development.js:4148:13)
      at dispatchSetState (node_modules/react-test-renderer/cjs/react-test-renderer.development.js:4107:7)
      at setFilteredTables (app/admin/tables.jsx:46:7)
      at asyncGeneratorStep (node_modules/@babel/runtime/helpers/asyncToGenerator.js:3:17)
      at _next (node_modules/@babel/runtime/helpers/asyncToGenerator.js:17:9)

    console.error
      An update to TablesScreen inside a test was not wrapped in act(...).
      
      When testing, code that causes React state updates should be wrapped into act(...):
      
      act(() => {
        /* fire events that update state */
      });
      /* assert on the output */
      
      This ensures that you're testing the behavior the user would see in the browser. Learn more at https://react.dev/link/wrap-tests-with-act

    [0m [90m 49 |[39m       [33mAlert[39m[33m.[39malert([32m'Error'[39m[33m,[39m [32m'Failed to load tables'[39m)[33m;[39m
     [90m 50 |[39m     } [36mfinally[39m {
    [31m[1m>[22m[39m[90m 51 |[39m       setLoading([36mfalse[39m)[33m;[39m
     [90m    |[39m       [31m[1m^[22m[39m
     [90m 52 |[39m     }
     [90m 53 |[39m   }[33m;[39m
     [90m 54 |[39m[0m

      at node_modules/react-test-renderer/cjs/react-test-renderer.development.js:11801:19
      at runWithFiberInDEV (node_modules/react-test-renderer/cjs/react-test-renderer.development.js:1574:13)
      at warnIfUpdatesNotWrappedWithActDEV (node_modules/react-test-renderer/cjs/react-test-renderer.development.js:11800:9)
      at scheduleUpdateOnFiber (node_modules/react-test-renderer/cjs/react-test-renderer.development.js:10326:9)
      at dispatchSetStateInternal (node_modules/react-test-renderer/cjs/react-test-renderer.development.js:4148:13)
      at dispatchSetState (node_modules/react-test-renderer/cjs/react-test-renderer.development.js:4107:7)
      at setLoading (app/admin/tables.jsx:51:7)
      at asyncGeneratorStep (node_modules/@babel/runtime/helpers/asyncToGenerator.js:3:17)
      at _next (node_modules/@babel/runtime/helpers/asyncToGenerator.js:17:9)

    console.error
      Error: API Error
          at Object.<anonymous> (D:\Mobile\MobileProjectFinal\frontend\__test__\AdminTables.test.jsx:80:33)
          at Generator.next (<anonymous>)
          at asyncGeneratorStep (D:\Mobile\MobileProjectFinal\frontend\node_modules\@babel\runtime\helpers\asyncToGenerator.js:3:17)
          at _next (D:\Mobile\MobileProjectFinal\frontend\node_modules\@babel\runtime\helpers\asyncToGenerator.js:17:9)
          at D:\Mobile\MobileProjectFinal\frontend\node_modules\@babel\runtime\helpers\asyncToGenerator.js:22:7
          at new Promise (<anonymous>)
          at Object.<anonymous> (D:\Mobile\MobileProjectFinal\frontend\node_modules\@babel\runtime\helpers\asyncToGenerator.js:14:12)
          at Promise.then.completed (D:\Mobile\MobileProjectFinal\frontend\node_modules\jest-circus\build\utils.js:298:28)
          at new Promise (<anonymous>)
          at callAsyncCircusFn (D:\Mobile\MobileProjectFinal\frontend\node_modules\jest-circus\build\utils.js:231:10)
          at _callCircusTest (D:\Mobile\MobileProjectFinal\frontend\node_modules\jest-circus\build\run.js:316:40)
          at _runTest (D:\Mobile\MobileProjectFinal\frontend\node_modules\jest-circus\build\run.js:252:3)
          at _runTestsForDescribeBlock (D:\Mobile\MobileProjectFinal\frontend\node_modules\jest-circus\build\run.js:126:9)
          at _runTestsForDescribeBlock (D:\Mobile\MobileProjectFinal\frontend\node_modules\jest-circus\build\run.js:121:9)
          at run (D:\Mobile\MobileProjectFinal\frontend\node_modules\jest-circus\build\run.js:71:3)
          at runAndTransformResultsToJestFormat (D:\Mobile\MobileProjectFinal\frontend\node_modules\jest-circus\build\legacy-code-todo-rewrite\jestAdapterInit.js:122:21)
          at jestAdapter (D:\Mobile\MobileProjectFinal\frontend\node_modules\jest-circus\build\legacy-code-todo-rewrite\jestAdapter.js:79:19)
          at runTestInternal (d:\Mobile\MobileProjectFinal\frontend\node_modules\jest-runner\build\runTest.js:367:16)
          at runTest (d:\Mobile\MobileProjectFinal\frontend\node_modules\jest-runner\build\runTest.js:444:34)
          at Object.worker (d:\Mobile\MobileProjectFinal\frontend\node_modules\jest-runner\build\testWorker.js:106:12)

    [0m [90m 46 |[39m       setFilteredTables(response[33m.[39mdata[33m.[39mtables [33m||[39m [])[33m;[39m
     [90m 47 |[39m     } [36mcatch[39m (error) {
    [31m[1m>[22m[39m[90m 48 |[39m       console[33m.[39merror(error)[33m;[39m
     [90m    |[39m               [31m[1m^[22m[39m
     [90m 49 |[39m       [33mAlert[39m[33m.[39malert([32m'Error'[39m[33m,[39m [32m'Failed to load tables'[39m)[33m;[39m
     [90m 50 |[39m     } [36mfinally[39m {
     [90m 51 |[39m       setLoading([36mfalse[39m)[33m;[39m[0m

      at error (app/admin/tables.jsx:48:15)
          at Generator.throw (<anonymous>)
      at asyncGeneratorStep (node_modules/@babel/runtime/helpers/asyncToGenerator.js:3:17)
      at _throw (node_modules/@babel/runtime/helpers/asyncToGenerator.js:20:9)

    console.error
      An update to TablesScreen inside a test was not wrapped in act(...).
      
      When testing, code that causes React state updates should be wrapped into act(...):
      
      act(() => {
        /* fire events that update state */
      });
      /* assert on the output */
      
      This ensures that you're testing the behavior the user would see in the browser. Learn more at https://react.dev/link/wrap-tests-with-act

    [0m [90m 49 |[39m       [33mAlert[39m[33m.[39malert([32m'Error'[39m[33m,[39m [32m'Failed to load tables'[39m)[33m;[39m
     [90m 50 |[39m     } [36mfinally[39m {
    [31m[1m>[22m[39m[90m 51 |[39m       setLoading([36mfalse[39m)[33m;[39m
     [90m    |[39m       [31m[1m^[22m[39m
     [90m 52 |[39m     }
     [90m 53 |[39m   }[33m;[39m
     [90m 54 |[39m[0m

      at node_modules/react-test-renderer/cjs/react-test-renderer.development.js:11801:19
      at runWithFiberInDEV (node_modules/react-test-renderer/cjs/react-test-renderer.development.js:1574:13)
      at warnIfUpdatesNotWrappedWithActDEV (node_modules/react-test-renderer/cjs/react-test-renderer.development.js:11800:9)
      at scheduleUpdateOnFiber (node_modules/react-test-renderer/cjs/react-test-renderer.development.js:10326:9)
      at dispatchSetStateInternal (node_modules/react-test-renderer/cjs/react-test-renderer.development.js:4148:13)
      at dispatchSetState (node_modules/react-test-renderer/cjs/react-test-renderer.development.js:4107:7)
      at setLoading (app/admin/tables.jsx:51:7)
          at Generator.throw (<anonymous>)
      at asyncGeneratorStep (node_modules/@babel/runtime/helpers/asyncToGenerator.js:3:17)
      at _throw (node_modules/@babel/runtime/helpers/asyncToGenerator.js:20:9)

PASS __test__/AdminFoods.test.jsx
  ● Console

    console.error
      An update to FoodsScreen inside a test was not wrapped in act(...).
      
      When testing, code that causes React state updates should be wrapped into act(...):
      
      act(() => {
        /* fire events that update state */
      });
      /* assert on the output */
      
      This ensures that you're testing the behavior the user would see in the browser. Learn more at https://react.dev/link/wrap-tests-with-act

    [0m [90m 44 |[39m         headers[33m:[39m { [33mAuthorization[39m[33m:[39m [32m`Bearer ${token}`[39m }[33m,[39m
     [90m 45 |[39m       })[33m;[39m
    [31m[1m>[22m[39m[90m 46 |[39m       setFoods(response[33m.[39mdata[33m.[39mfoods [33m||[39m [])[33m;[39m
     [90m    |[39m       [31m[1m^[22m[39m
     [90m 47 |[39m     } [36mcatch[39m (error) {
     [90m 48 |[39m       console[33m.[39merror(error)[33m;[39m
     [90m 49 |[39m       [33mAlert[39m[33m.[39malert([32m'Error'[39m[33m,[39m [32m'Failed to load foods'[39m)[33m;[39m[0m

      at node_modules/react-test-renderer/cjs/react-test-renderer.development.js:11801:19
      at runWithFiberInDEV (node_modules/react-test-renderer/cjs/react-test-renderer.development.js:1574:13)
      at warnIfUpdatesNotWrappedWithActDEV (node_modules/react-test-renderer/cjs/react-test-renderer.development.js:11800:9)
      at scheduleUpdateOnFiber (node_modules/react-test-renderer/cjs/react-test-renderer.development.js:10326:9)
      at dispatchSetStateInternal (node_modules/react-test-renderer/cjs/react-test-renderer.development.js:4148:13)
      at dispatchSetState (node_modules/react-test-renderer/cjs/react-test-renderer.development.js:4107:7)
      at setFoods (app/admin/foods.jsx:46:7)
      at asyncGeneratorStep (node_modules/@babel/runtime/helpers/asyncToGenerator.js:3:17)
      at _next (node_modules/@babel/runtime/helpers/asyncToGenerator.js:17:9)

    console.error
      An update to FoodsScreen inside a test was not wrapped in act(...).
      
      When testing, code that causes React state updates should be wrapped into act(...):
      
      act(() => {
        /* fire events that update state */
      });
      /* assert on the output */
      
      This ensures that you're testing the behavior the user would see in the browser. Learn more at https://react.dev/link/wrap-tests-with-act

    [0m [90m 49 |[39m       [33mAlert[39m[33m.[39malert([32m'Error'[39m[33m,[39m [32m'Failed to load foods'[39m)[33m;[39m
     [90m 50 |[39m     } [36mfinally[39m {
    [31m[1m>[22m[39m[90m 51 |[39m       setLoading([36mfalse[39m)[33m;[39m
     [90m    |[39m       [31m[1m^[22m[39m
     [90m 52 |[39m     }
     [90m 53 |[39m   }[33m;[39m
     [90m 54 |[39m[0m

      at node_modules/react-test-renderer/cjs/react-test-renderer.development.js:11801:19
      at runWithFiberInDEV (node_modules/react-test-renderer/cjs/react-test-renderer.development.js:1574:13)
      at warnIfUpdatesNotWrappedWithActDEV (node_modules/react-test-renderer/cjs/react-test-renderer.development.js:11800:9)
      at scheduleUpdateOnFiber (node_modules/react-test-renderer/cjs/react-test-renderer.development.js:10326:9)
      at dispatchSetStateInternal (node_modules/react-test-renderer/cjs/react-test-renderer.development.js:4148:13)
      at dispatchSetState (node_modules/react-test-renderer/cjs/react-test-renderer.development.js:4107:7)
      at setLoading (app/admin/foods.jsx:51:7)
      at asyncGeneratorStep (node_modules/@babel/runtime/helpers/asyncToGenerator.js:3:17)
      at _next (node_modules/@babel/runtime/helpers/asyncToGenerator.js:17:9)

    console.error
      An update to FoodsScreen inside a test was not wrapped in act(...).
      
      When testing, code that causes React state updates should be wrapped into act(...):
      
      act(() => {
        /* fire events that update state */
      });
      /* assert on the output */
      
      This ensures that you're testing the behavior the user would see in the browser. Learn more at https://react.dev/link/wrap-tests-with-act

    [0m [90m 44 |[39m         headers[33m:[39m { [33mAuthorization[39m[33m:[39m [32m`Bearer ${token}`[39m }[33m,[39m
     [90m 45 |[39m       })[33m;[39m
    [31m[1m>[22m[39m[90m 46 |[39m       setFoods(response[33m.[39mdata[33m.[39mfoods [33m||[39m [])[33m;[39m
     [90m    |[39m       [31m[1m^[22m[39m
     [90m 47 |[39m     } [36mcatch[39m (error) {
     [90m 48 |[39m       console[33m.[39merror(error)[33m;[39m
     [90m 49 |[39m       [33mAlert[39m[33m.[39malert([32m'Error'[39m[33m,[39m [32m'Failed to load foods'[39m)[33m;[39m[0m

      at node_modules/react-test-renderer/cjs/react-test-renderer.development.js:11801:19
      at runWithFiberInDEV (node_modules/react-test-renderer/cjs/react-test-renderer.development.js:1574:13)
      at warnIfUpdatesNotWrappedWithActDEV (node_modules/react-test-renderer/cjs/react-test-renderer.development.js:11800:9)
      at scheduleUpdateOnFiber (node_modules/react-test-renderer/cjs/react-test-renderer.development.js:10326:9)
      at dispatchSetStateInternal (node_modules/react-test-renderer/cjs/react-test-renderer.development.js:4148:13)
      at dispatchSetState (node_modules/react-test-renderer/cjs/react-test-renderer.development.js:4107:7)
      at setFoods (app/admin/foods.jsx:46:7)
      at asyncGeneratorStep (node_modules/@babel/runtime/helpers/asyncToGenerator.js:3:17)
      at _next (node_modules/@babel/runtime/helpers/asyncToGenerator.js:17:9)

    console.error
      An update to FoodsScreen inside a test was not wrapped in act(...).
      
      When testing, code that causes React state updates should be wrapped into act(...):
      
      act(() => {
        /* fire events that update state */
      });
      /* assert on the output */
      
      This ensures that you're testing the behavior the user would see in the browser. Learn more at https://react.dev/link/wrap-tests-with-act

    [0m [90m 49 |[39m       [33mAlert[39m[33m.[39malert([32m'Error'[39m[33m,[39m [32m'Failed to load foods'[39m)[33m;[39m
     [90m 50 |[39m     } [36mfinally[39m {
    [31m[1m>[22m[39m[90m 51 |[39m       setLoading([36mfalse[39m)[33m;[39m
     [90m    |[39m       [31m[1m^[22m[39m
     [90m 52 |[39m     }
     [90m 53 |[39m   }[33m;[39m
     [90m 54 |[39m[0m

      at node_modules/react-test-renderer/cjs/react-test-renderer.development.js:11801:19
      at runWithFiberInDEV (node_modules/react-test-renderer/cjs/react-test-renderer.development.js:1574:13)
      at warnIfUpdatesNotWrappedWithActDEV (node_modules/react-test-renderer/cjs/react-test-renderer.development.js:11800:9)
      at scheduleUpdateOnFiber (node_modules/react-test-renderer/cjs/react-test-renderer.development.js:10326:9)
      at dispatchSetStateInternal (node_modules/react-test-renderer/cjs/react-test-renderer.development.js:4148:13)
      at dispatchSetState (node_modules/react-test-renderer/cjs/react-test-renderer.development.js:4107:7)
      at setLoading (app/admin/foods.jsx:51:7)
      at asyncGeneratorStep (node_modules/@babel/runtime/helpers/asyncToGenerator.js:3:17)
      at _next (node_modules/@babel/runtime/helpers/asyncToGenerator.js:17:9)

    console.error
      An update to FoodsScreen inside a test was not wrapped in act(...).
      
      When testing, code that causes React state updates should be wrapped into act(...):
      
      act(() => {
        /* fire events that update state */
      });
      /* assert on the output */
      
      This ensures that you're testing the behavior the user would see in the browser. Learn more at https://react.dev/link/wrap-tests-with-act

    [0m [90m 44 |[39m         headers[33m:[39m { [33mAuthorization[39m[33m:[39m [32m`Bearer ${token}`[39m }[33m,[39m
     [90m 45 |[39m       })[33m;[39m
    [31m[1m>[22m[39m[90m 46 |[39m       setFoods(response[33m.[39mdata[33m.[39mfoods [33m||[39m [])[33m;[39m
     [90m    |[39m       [31m[1m^[22m[39m
     [90m 47 |[39m     } [36mcatch[39m (error) {
     [90m 48 |[39m       console[33m.[39merror(error)[33m;[39m
     [90m 49 |[39m       [33mAlert[39m[33m.[39malert([32m'Error'[39m[33m,[39m [32m'Failed to load foods'[39m)[33m;[39m[0m

      at node_modules/react-test-renderer/cjs/react-test-renderer.development.js:11801:19
      at runWithFiberInDEV (node_modules/react-test-renderer/cjs/react-test-renderer.development.js:1574:13)
      at warnIfUpdatesNotWrappedWithActDEV (node_modules/react-test-renderer/cjs/react-test-renderer.development.js:11800:9)
      at scheduleUpdateOnFiber (node_modules/react-test-renderer/cjs/react-test-renderer.development.js:10326:9)
      at dispatchSetStateInternal (node_modules/react-test-renderer/cjs/react-test-renderer.development.js:4148:13)
      at dispatchSetState (node_modules/react-test-renderer/cjs/react-test-renderer.development.js:4107:7)
      at setFoods (app/admin/foods.jsx:46:7)
      at asyncGeneratorStep (node_modules/@babel/runtime/helpers/asyncToGenerator.js:3:17)
      at _next (node_modules/@babel/runtime/helpers/asyncToGenerator.js:17:9)

    console.error
      An update to FoodsScreen inside a test was not wrapped in act(...).
      
      When testing, code that causes React state updates should be wrapped into act(...):
      
      act(() => {
        /* fire events that update state */
      });
      /* assert on the output */
      
      This ensures that you're testing the behavior the user would see in the browser. Learn more at https://react.dev/link/wrap-tests-with-act

    [0m [90m 49 |[39m       [33mAlert[39m[33m.[39malert([32m'Error'[39m[33m,[39m [32m'Failed to load foods'[39m)[33m;[39m
     [90m 50 |[39m     } [36mfinally[39m {
    [31m[1m>[22m[39m[90m 51 |[39m       setLoading([36mfalse[39m)[33m;[39m
     [90m    |[39m       [31m[1m^[22m[39m
     [90m 52 |[39m     }
     [90m 53 |[39m   }[33m;[39m
     [90m 54 |[39m[0m

      at node_modules/react-test-renderer/cjs/react-test-renderer.development.js:11801:19
      at runWithFiberInDEV (node_modules/react-test-renderer/cjs/react-test-renderer.development.js:1574:13)
      at warnIfUpdatesNotWrappedWithActDEV (node_modules/react-test-renderer/cjs/react-test-renderer.development.js:11800:9)
      at scheduleUpdateOnFiber (node_modules/react-test-renderer/cjs/react-test-renderer.development.js:10326:9)
      at dispatchSetStateInternal (node_modules/react-test-renderer/cjs/react-test-renderer.development.js:4148:13)
      at dispatchSetState (node_modules/react-test-renderer/cjs/react-test-renderer.development.js:4107:7)
      at setLoading (app/admin/foods.jsx:51:7)
      at asyncGeneratorStep (node_modules/@babel/runtime/helpers/asyncToGenerator.js:3:17)
      at _next (node_modules/@babel/runtime/helpers/asyncToGenerator.js:17:9)

    console.error
      An update to FoodsScreen inside a test was not wrapped in act(...).
      
      When testing, code that causes React state updates should be wrapped into act(...):
      
      act(() => {
        /* fire events that update state */
      });
      /* assert on the output */
      
      This ensures that you're testing the behavior the user would see in the browser. Learn more at https://react.dev/link/wrap-tests-with-act

    [0m [90m 44 |[39m         headers[33m:[39m { [33mAuthorization[39m[33m:[39m [32m`Bearer ${token}`[39m }[33m,[39m
     [90m 45 |[39m       })[33m;[39m
    [31m[1m>[22m[39m[90m 46 |[39m       setFoods(response[33m.[39mdata[33m.[39mfoods [33m||[39m [])[33m;[39m
     [90m    |[39m       [31m[1m^[22m[39m
     [90m 47 |[39m     } [36mcatch[39m (error) {
     [90m 48 |[39m       console[33m.[39merror(error)[33m;[39m
     [90m 49 |[39m       [33mAlert[39m[33m.[39malert([32m'Error'[39m[33m,[39m [32m'Failed to load foods'[39m)[33m;[39m[0m

      at node_modules/react-test-renderer/cjs/react-test-renderer.development.js:11801:19
      at runWithFiberInDEV (node_modules/react-test-renderer/cjs/react-test-renderer.development.js:1574:13)
      at warnIfUpdatesNotWrappedWithActDEV (node_modules/react-test-renderer/cjs/react-test-renderer.development.js:11800:9)
      at scheduleUpdateOnFiber (node_modules/react-test-renderer/cjs/react-test-renderer.development.js:10326:9)
      at dispatchSetStateInternal (node_modules/react-test-renderer/cjs/react-test-renderer.development.js:4148:13)
      at dispatchSetState (node_modules/react-test-renderer/cjs/react-test-renderer.development.js:4107:7)
      at setFoods (app/admin/foods.jsx:46:7)
      at asyncGeneratorStep (node_modules/@babel/runtime/helpers/asyncToGenerator.js:3:17)
      at _next (node_modules/@babel/runtime/helpers/asyncToGenerator.js:17:9)

    console.error
      An update to FoodsScreen inside a test was not wrapped in act(...).
      
      When testing, code that causes React state updates should be wrapped into act(...):
      
      act(() => {
        /* fire events that update state */
      });
      /* assert on the output */
      
      This ensures that you're testing the behavior the user would see in the browser. Learn more at https://react.dev/link/wrap-tests-with-act

    [0m [90m 49 |[39m       [33mAlert[39m[33m.[39malert([32m'Error'[39m[33m,[39m [32m'Failed to load foods'[39m)[33m;[39m
     [90m 50 |[39m     } [36mfinally[39m {
    [31m[1m>[22m[39m[90m 51 |[39m       setLoading([36mfalse[39m)[33m;[39m
     [90m    |[39m       [31m[1m^[22m[39m
     [90m 52 |[39m     }
     [90m 53 |[39m   }[33m;[39m
     [90m 54 |[39m[0m

      at node_modules/react-test-renderer/cjs/react-test-renderer.development.js:11801:19
      at runWithFiberInDEV (node_modules/react-test-renderer/cjs/react-test-renderer.development.js:1574:13)
      at warnIfUpdatesNotWrappedWithActDEV (node_modules/react-test-renderer/cjs/react-test-renderer.development.js:11800:9)
      at scheduleUpdateOnFiber (node_modules/react-test-renderer/cjs/react-test-renderer.development.js:10326:9)
      at dispatchSetStateInternal (node_modules/react-test-renderer/cjs/react-test-renderer.development.js:4148:13)
      at dispatchSetState (node_modules/react-test-renderer/cjs/react-test-renderer.development.js:4107:7)
      at setLoading (app/admin/foods.jsx:51:7)
      at asyncGeneratorStep (node_modules/@babel/runtime/helpers/asyncToGenerator.js:3:17)
      at _next (node_modules/@babel/runtime/helpers/asyncToGenerator.js:17:9)

    console.error
      An update to FoodsScreen inside a test was not wrapped in act(...).
      
      When testing, code that causes React state updates should be wrapped into act(...):
      
      act(() => {
        /* fire events that update state */
      });
      /* assert on the output */
      
      This ensures that you're testing the behavior the user would see in the browser. Learn more at https://react.dev/link/wrap-tests-with-act

    [0m [90m 44 |[39m         headers[33m:[39m { [33mAuthorization[39m[33m:[39m [32m`Bearer ${token}`[39m }[33m,[39m
     [90m 45 |[39m       })[33m;[39m
    [31m[1m>[22m[39m[90m 46 |[39m       setFoods(response[33m.[39mdata[33m.[39mfoods [33m||[39m [])[33m;[39m
     [90m    |[39m       [31m[1m^[22m[39m
     [90m 47 |[39m     } [36mcatch[39m (error) {
     [90m 48 |[39m       console[33m.[39merror(error)[33m;[39m
     [90m 49 |[39m       [33mAlert[39m[33m.[39malert([32m'Error'[39m[33m,[39m [32m'Failed to load foods'[39m)[33m;[39m[0m

      at node_modules/react-test-renderer/cjs/react-test-renderer.development.js:11801:19
      at runWithFiberInDEV (node_modules/react-test-renderer/cjs/react-test-renderer.development.js:1574:13)
      at warnIfUpdatesNotWrappedWithActDEV (node_modules/react-test-renderer/cjs/react-test-renderer.development.js:11800:9)
      at scheduleUpdateOnFiber (node_modules/react-test-renderer/cjs/react-test-renderer.development.js:10326:9)
      at dispatchSetStateInternal (node_modules/react-test-renderer/cjs/react-test-renderer.development.js:4148:13)
      at dispatchSetState (node_modules/react-test-renderer/cjs/react-test-renderer.development.js:4107:7)
      at setFoods (app/admin/foods.jsx:46:7)
      at asyncGeneratorStep (node_modules/@babel/runtime/helpers/asyncToGenerator.js:3:17)
      at _next (node_modules/@babel/runtime/helpers/asyncToGenerator.js:17:9)

    console.error
      An update to FoodsScreen inside a test was not wrapped in act(...).
      
      When testing, code that causes React state updates should be wrapped into act(...):
      
      act(() => {
        /* fire events that update state */
      });
      /* assert on the output */
      
      This ensures that you're testing the behavior the user would see in the browser. Learn more at https://react.dev/link/wrap-tests-with-act

    [0m [90m 49 |[39m       [33mAlert[39m[33m.[39malert([32m'Error'[39m[33m,[39m [32m'Failed to load foods'[39m)[33m;[39m
     [90m 50 |[39m     } [36mfinally[39m {
    [31m[1m>[22m[39m[90m 51 |[39m       setLoading([36mfalse[39m)[33m;[39m
     [90m    |[39m       [31m[1m^[22m[39m
     [90m 52 |[39m     }
     [90m 53 |[39m   }[33m;[39m
     [90m 54 |[39m[0m

      at node_modules/react-test-renderer/cjs/react-test-renderer.development.js:11801:19
      at runWithFiberInDEV (node_modules/react-test-renderer/cjs/react-test-renderer.development.js:1574:13)
      at warnIfUpdatesNotWrappedWithActDEV (node_modules/react-test-renderer/cjs/react-test-renderer.development.js:11800:9)
      at scheduleUpdateOnFiber (node_modules/react-test-renderer/cjs/react-test-renderer.development.js:10326:9)
      at dispatchSetStateInternal (node_modules/react-test-renderer/cjs/react-test-renderer.development.js:4148:13)
      at dispatchSetState (node_modules/react-test-renderer/cjs/react-test-renderer.development.js:4107:7)
      at setLoading (app/admin/foods.jsx:51:7)
      at asyncGeneratorStep (node_modules/@babel/runtime/helpers/asyncToGenerator.js:3:17)
      at _next (node_modules/@babel/runtime/helpers/asyncToGenerator.js:17:9)

    console.error
      An update to FoodsScreen inside a test was not wrapped in act(...).
      
      When testing, code that causes React state updates should be wrapped into act(...):
      
      act(() => {
        /* fire events that update state */
      });
      /* assert on the output */
      
      This ensures that you're testing the behavior the user would see in the browser. Learn more at https://react.dev/link/wrap-tests-with-act

    [0m [90m 44 |[39m         headers[33m:[39m { [33mAuthorization[39m[33m:[39m [32m`Bearer ${token}`[39m }[33m,[39m
     [90m 45 |[39m       })[33m;[39m
    [31m[1m>[22m[39m[90m 46 |[39m       setFoods(response[33m.[39mdata[33m.[39mfoods [33m||[39m [])[33m;[39m
     [90m    |[39m       [31m[1m^[22m[39m
     [90m 47 |[39m     } [36mcatch[39m (error) {
     [90m 48 |[39m       console[33m.[39merror(error)[33m;[39m
     [90m 49 |[39m       [33mAlert[39m[33m.[39malert([32m'Error'[39m[33m,[39m [32m'Failed to load foods'[39m)[33m;[39m[0m

      at node_modules/react-test-renderer/cjs/react-test-renderer.development.js:11801:19
      at runWithFiberInDEV (node_modules/react-test-renderer/cjs/react-test-renderer.development.js:1574:13)
      at warnIfUpdatesNotWrappedWithActDEV (node_modules/react-test-renderer/cjs/react-test-renderer.development.js:11800:9)
      at scheduleUpdateOnFiber (node_modules/react-test-renderer/cjs/react-test-renderer.development.js:10326:9)
      at dispatchSetStateInternal (node_modules/react-test-renderer/cjs/react-test-renderer.development.js:4148:13)
      at dispatchSetState (node_modules/react-test-renderer/cjs/react-test-renderer.development.js:4107:7)
      at setFoods (app/admin/foods.jsx:46:7)
      at asyncGeneratorStep (node_modules/@babel/runtime/helpers/asyncToGenerator.js:3:17)
      at _next (node_modules/@babel/runtime/helpers/asyncToGenerator.js:17:9)

    console.error
      An update to FoodsScreen inside a test was not wrapped in act(...).
      
      When testing, code that causes React state updates should be wrapped into act(...):
      
      act(() => {
        /* fire events that update state */
      });
      /* assert on the output */
      
      This ensures that you're testing the behavior the user would see in the browser. Learn more at https://react.dev/link/wrap-tests-with-act

    [0m [90m 49 |[39m       [33mAlert[39m[33m.[39malert([32m'Error'[39m[33m,[39m [32m'Failed to load foods'[39m)[33m;[39m
     [90m 50 |[39m     } [36mfinally[39m {
    [31m[1m>[22m[39m[90m 51 |[39m       setLoading([36mfalse[39m)[33m;[39m
     [90m    |[39m       [31m[1m^[22m[39m
     [90m 52 |[39m     }
     [90m 53 |[39m   }[33m;[39m
     [90m 54 |[39m[0m

      at node_modules/react-test-renderer/cjs/react-test-renderer.development.js:11801:19
      at runWithFiberInDEV (node_modules/react-test-renderer/cjs/react-test-renderer.development.js:1574:13)
      at warnIfUpdatesNotWrappedWithActDEV (node_modules/react-test-renderer/cjs/react-test-renderer.development.js:11800:9)
      at scheduleUpdateOnFiber (node_modules/react-test-renderer/cjs/react-test-renderer.development.js:10326:9)
      at dispatchSetStateInternal (node_modules/react-test-renderer/cjs/react-test-renderer.development.js:4148:13)
      at dispatchSetState (node_modules/react-test-renderer/cjs/react-test-renderer.development.js:4107:7)
      at setLoading (app/admin/foods.jsx:51:7)
      at asyncGeneratorStep (node_modules/@babel/runtime/helpers/asyncToGenerator.js:3:17)
      at _next (node_modules/@babel/runtime/helpers/asyncToGenerator.js:17:9)

    console.error
      Error: API Error
          at Object.<anonymous> (D:\Mobile\MobileProjectFinal\frontend\__test__\AdminFoods.test.jsx:80:33)
          at Generator.next (<anonymous>)
          at asyncGeneratorStep (D:\Mobile\MobileProjectFinal\frontend\node_modules\@babel\runtime\helpers\asyncToGenerator.js:3:17)
          at _next (D:\Mobile\MobileProjectFinal\frontend\node_modules\@babel\runtime\helpers\asyncToGenerator.js:17:9)
          at D:\Mobile\MobileProjectFinal\frontend\node_modules\@babel\runtime\helpers\asyncToGenerator.js:22:7
          at new Promise (<anonymous>)
          at Object.<anonymous> (D:\Mobile\MobileProjectFinal\frontend\node_modules\@babel\runtime\helpers\asyncToGenerator.js:14:12)
          at Promise.then.completed (D:\Mobile\MobileProjectFinal\frontend\node_modules\jest-circus\build\utils.js:298:28)
          at new Promise (<anonymous>)
          at callAsyncCircusFn (D:\Mobile\MobileProjectFinal\frontend\node_modules\jest-circus\build\utils.js:231:10)
          at _callCircusTest (D:\Mobile\MobileProjectFinal\frontend\node_modules\jest-circus\build\run.js:316:40)
          at _runTest (D:\Mobile\MobileProjectFinal\frontend\node_modules\jest-circus\build\run.js:252:3)
          at _runTestsForDescribeBlock (D:\Mobile\MobileProjectFinal\frontend\node_modules\jest-circus\build\run.js:126:9)
          at _runTestsForDescribeBlock (D:\Mobile\MobileProjectFinal\frontend\node_modules\jest-circus\build\run.js:121:9)
          at run (D:\Mobile\MobileProjectFinal\frontend\node_modules\jest-circus\build\run.js:71:3)
          at runAndTransformResultsToJestFormat (D:\Mobile\MobileProjectFinal\frontend\node_modules\jest-circus\build\legacy-code-todo-rewrite\jestAdapterInit.js:122:21)
          at jestAdapter (D:\Mobile\MobileProjectFinal\frontend\node_modules\jest-circus\build\legacy-code-todo-rewrite\jestAdapter.js:79:19)
          at runTestInternal (d:\Mobile\MobileProjectFinal\frontend\node_modules\jest-runner\build\runTest.js:367:16)
          at runTest (d:\Mobile\MobileProjectFinal\frontend\node_modules\jest-runner\build\runTest.js:444:34)
          at Object.worker (d:\Mobile\MobileProjectFinal\frontend\node_modules\jest-runner\build\testWorker.js:106:12)

    [0m [90m 46 |[39m       setFoods(response[33m.[39mdata[33m.[39mfoods [33m||[39m [])[33m;[39m
     [90m 47 |[39m     } [36mcatch[39m (error) {
    [31m[1m>[22m[39m[90m 48 |[39m       console[33m.[39merror(error)[33m;[39m
     [90m    |[39m               [31m[1m^[22m[39m
     [90m 49 |[39m       [33mAlert[39m[33m.[39malert([32m'Error'[39m[33m,[39m [32m'Failed to load foods'[39m)[33m;[39m
     [90m 50 |[39m     } [36mfinally[39m {
     [90m 51 |[39m       setLoading([36mfalse[39m)[33m;[39m[0m

      at error (app/admin/foods.jsx:48:15)
          at Generator.throw (<anonymous>)
      at asyncGeneratorStep (node_modules/@babel/runtime/helpers/asyncToGenerator.js:3:17)
      at _throw (node_modules/@babel/runtime/helpers/asyncToGenerator.js:20:9)

    console.error
      An update to FoodsScreen inside a test was not wrapped in act(...).
      
      When testing, code that causes React state updates should be wrapped into act(...):
      
      act(() => {
        /* fire events that update state */
      });
      /* assert on the output */
      
      This ensures that you're testing the behavior the user would see in the browser. Learn more at https://react.dev/link/wrap-tests-with-act

    [0m [90m 49 |[39m       [33mAlert[39m[33m.[39malert([32m'Error'[39m[33m,[39m [32m'Failed to load foods'[39m)[33m;[39m
     [90m 50 |[39m     } [36mfinally[39m {
    [31m[1m>[22m[39m[90m 51 |[39m       setLoading([36mfalse[39m)[33m;[39m
     [90m    |[39m       [31m[1m^[22m[39m
     [90m 52 |[39m     }
     [90m 53 |[39m   }[33m;[39m
     [90m 54 |[39m[0m

      at node_modules/react-test-renderer/cjs/react-test-renderer.development.js:11801:19
      at runWithFiberInDEV (node_modules/react-test-renderer/cjs/react-test-renderer.development.js:1574:13)
      at warnIfUpdatesNotWrappedWithActDEV (node_modules/react-test-renderer/cjs/react-test-renderer.development.js:11800:9)
      at scheduleUpdateOnFiber (node_modules/react-test-renderer/cjs/react-test-renderer.development.js:10326:9)
      at dispatchSetStateInternal (node_modules/react-test-renderer/cjs/react-test-renderer.development.js:4148:13)
      at dispatchSetState (node_modules/react-test-renderer/cjs/react-test-renderer.development.js:4107:7)
      at setLoading (app/admin/foods.jsx:51:7)
          at Generator.throw (<anonymous>)
      at asyncGeneratorStep (node_modules/@babel/runtime/helpers/asyncToGenerator.js:3:17)
      at _throw (node_modules/@babel/runtime/helpers/asyncToGenerator.js:20:9)


Test Suites: 15 passed, 15 total
Tests:       121 passed, 121 total
Snapshots:   0 total
Time:        3.195 s, estimated 8 s
Ran all test suites.
