
> frontend@1.0.0 test
> jest --passWithNoTests --no-coverage --watchAll=false

FAIL __test__/libs/axiosConfig.test.js
  ● Axios Configuration › Axios Module › should be able to create instances

    expect(received).toBeDefined()

    Received: undefined

    [0m [90m 21 |[39m     test([32m'should be able to create instances'[39m[33m,[39m () [33m=>[39m {
     [90m 22 |[39m       [36mconst[39m instance [33m=[39m axios[33m.[39mcreate()[33m;[39m
    [31m[1m>[22m[39m[90m 23 |[39m       expect(instance)[33m.[39mtoBeDefined()[33m;[39m
     [90m    |[39m                        [31m[1m^[22m[39m
     [90m 24 |[39m     })[33m;[39m
     [90m 25 |[39m   })[33m;[39m
     [90m 26 |[39m[0m

      at Object.toBeDefined (__test__/libs/axiosConfig.test.js:23:24)

  ● Axios Configuration › API Methods Structure › should support HTTP GET requests

    TypeError: Cannot read properties of undefined (reading 'get')

    [0m [90m 47 |[39m     test([32m'should support HTTP GET requests'[39m[33m,[39m () [33m=>[39m {
     [90m 48 |[39m       [36mconst[39m instance [33m=[39m axios[33m.[39mcreate()[33m;[39m
    [31m[1m>[22m[39m[90m 49 |[39m       expect(instance[33m.[39m[36mget[39m)[33m.[39mtoBeDefined()[33m;[39m
     [90m    |[39m                       [31m[1m^[22m[39m
     [90m 50 |[39m     })[33m;[39m
     [90m 51 |[39m
     [90m 52 |[39m     test([32m'should support HTTP POST requests'[39m[33m,[39m () [33m=>[39m {[0m

      at Object.get (__test__/libs/axiosConfig.test.js:49:23)

  ● Axios Configuration › API Methods Structure › should support HTTP POST requests

    TypeError: Cannot read properties of undefined (reading 'post')

    [0m [90m 52 |[39m     test([32m'should support HTTP POST requests'[39m[33m,[39m () [33m=>[39m {
     [90m 53 |[39m       [36mconst[39m instance [33m=[39m axios[33m.[39mcreate()[33m;[39m
    [31m[1m>[22m[39m[90m 54 |[39m       expect(instance[33m.[39mpost)[33m.[39mtoBeDefined()[33m;[39m
     [90m    |[39m                       [31m[1m^[22m[39m
     [90m 55 |[39m     })[33m;[39m
     [90m 56 |[39m
     [90m 57 |[39m     test([32m'should support HTTP PUT requests'[39m[33m,[39m () [33m=>[39m {[0m

      at Object.post (__test__/libs/axiosConfig.test.js:54:23)

  ● Axios Configuration › API Methods Structure › should support HTTP PUT requests

    TypeError: Cannot read properties of undefined (reading 'put')

    [0m [90m 57 |[39m     test([32m'should support HTTP PUT requests'[39m[33m,[39m () [33m=>[39m {
     [90m 58 |[39m       [36mconst[39m instance [33m=[39m axios[33m.[39mcreate()[33m;[39m
    [31m[1m>[22m[39m[90m 59 |[39m       expect(instance[33m.[39mput)[33m.[39mtoBeDefined()[33m;[39m
     [90m    |[39m                       [31m[1m^[22m[39m
     [90m 60 |[39m     })[33m;[39m
     [90m 61 |[39m
     [90m 62 |[39m     test([32m'should support HTTP DELETE requests'[39m[33m,[39m () [33m=>[39m {[0m

      at Object.put (__test__/libs/axiosConfig.test.js:59:23)

  ● Axios Configuration › API Methods Structure › should support HTTP DELETE requests

    TypeError: Cannot read properties of undefined (reading 'delete')

    [0m [90m 62 |[39m     test([32m'should support HTTP DELETE requests'[39m[33m,[39m () [33m=>[39m {
     [90m 63 |[39m       [36mconst[39m instance [33m=[39m axios[33m.[39mcreate()[33m;[39m
    [31m[1m>[22m[39m[90m 64 |[39m       expect(instance[33m.[39m[36mdelete[39m)[33m.[39mtoBeDefined()[33m;[39m
     [90m    |[39m                       [31m[1m^[22m[39m
     [90m 65 |[39m     })[33m;[39m
     [90m 66 |[39m   })[33m;[39m
     [90m 67 |[39m[0m

      at Object.delete (__test__/libs/axiosConfig.test.js:64:23)

PASS __test__/components/Card.test.jsx
PASS __test__/components/EmptyState.test.jsx
PASS __test__/components/Badge.test.jsx
PASS __test__/components/Input.test.jsx
PASS __test__/hooks/useAuth.test.js
  ● Console

    console.error
      An update to HookContainer inside a test was not wrapped in act(...).
      
      When testing, code that causes React state updates should be wrapped into act(...):
      
      act(() => {
        /* fire events that update state */
      });
      /* assert on the output */
      
      This ensures that you're testing the behavior the user would see in the browser. Learn more at https://react.dev/link/wrap-tests-with-act

    [0m [90m 20 |[39m         console[33m.[39mlog([32m'Error loading user:'[39m[33m,[39m error)[33m;[39m
     [90m 21 |[39m       } [36mfinally[39m {
    [31m[1m>[22m[39m[90m 22 |[39m         setLoading([36mfalse[39m)[33m;[39m
     [90m    |[39m         [31m[1m^[22m[39m
     [90m 23 |[39m       }
     [90m 24 |[39m     }[33m;[39m
     [90m 25 |[39m[0m

      at node_modules/react-test-renderer/cjs/react-test-renderer.development.js:11801:19
      at runWithFiberInDEV (node_modules/react-test-renderer/cjs/react-test-renderer.development.js:1574:13)
      at warnIfUpdatesNotWrappedWithActDEV (node_modules/react-test-renderer/cjs/react-test-renderer.development.js:11800:9)
      at scheduleUpdateOnFiber (node_modules/react-test-renderer/cjs/react-test-renderer.development.js:10326:9)
      at dispatchSetStateInternal (node_modules/react-test-renderer/cjs/react-test-renderer.development.js:4148:13)
      at dispatchSetState (node_modules/react-test-renderer/cjs/react-test-renderer.development.js:4107:7)
      at setLoading (hooks/useAuth.js:22:9)
      at asyncGeneratorStep (node_modules/@babel/runtime/helpers/asyncToGenerator.js:3:17)
      at _next (node_modules/@babel/runtime/helpers/asyncToGenerator.js:17:9)

    console.log
      Error loading user: Error: Storage error
          at Object.<anonymous> (D:\Mobile\MobileProjectFinal\frontend\__test__\hooks\useAuth.test.js:66:48)
          at Generator.next (<anonymous>)
          at asyncGeneratorStep (D:\Mobile\MobileProjectFinal\frontend\node_modules\@babel\runtime\helpers\asyncToGenerator.js:3:17)
          at _next (D:\Mobile\MobileProjectFinal\frontend\node_modules\@babel\runtime\helpers\asyncToGenerator.js:17:9)
          at D:\Mobile\MobileProjectFinal\frontend\node_modules\@babel\runtime\helpers\asyncToGenerator.js:22:7
          at new Promise (<anonymous>)
          at Object.<anonymous> (D:\Mobile\MobileProjectFinal\frontend\node_modules\@babel\runtime\helpers\asyncToGenerator.js:14:12)
          at Promise.then.completed (D:\Mobile\MobileProjectFinal\frontend\node_modules\jest-circus\build\utils.js:298:28)
          at new Promise (<anonymous>)
          at callAsyncCircusFn (D:\Mobile\MobileProjectFinal\frontend\node_modules\jest-circus\build\utils.js:231:10)
          at _callCircusTest (D:\Mobile\MobileProjectFinal\frontend\node_modules\jest-circus\build\run.js:316:40)
          at _runTest (D:\Mobile\MobileProjectFinal\frontend\node_modules\jest-circus\build\run.js:252:3)
          at _runTestsForDescribeBlock (D:\Mobile\MobileProjectFinal\frontend\node_modules\jest-circus\build\run.js:126:9)
          at _runTestsForDescribeBlock (D:\Mobile\MobileProjectFinal\frontend\node_modules\jest-circus\build\run.js:121:9)
          at run (D:\Mobile\MobileProjectFinal\frontend\node_modules\jest-circus\build\run.js:71:3)
          at runAndTransformResultsToJestFormat (D:\Mobile\MobileProjectFinal\frontend\node_modules\jest-circus\build\legacy-code-todo-rewrite\jestAdapterInit.js:122:21)
          at jestAdapter (D:\Mobile\MobileProjectFinal\frontend\node_modules\jest-circus\build\legacy-code-todo-rewrite\jestAdapter.js:79:19)
          at runTestInternal (d:\Mobile\MobileProjectFinal\frontend\node_modules\jest-runner\build\runTest.js:367:16)
          at runTest (d:\Mobile\MobileProjectFinal\frontend\node_modules\jest-runner\build\runTest.js:444:34)
          at Object.worker (d:\Mobile\MobileProjectFinal\frontend\node_modules\jest-runner\build\testWorker.js:106:12)

      at log (hooks/useAuth.js:20:17)
          at Generator.throw (<anonymous>)

PASS __test__/components/Button.test.jsx
FAIL __test__/components/GuestCounter.test.jsx
  ● GuestCounter Component › should render with initial count

    Element type is invalid: expected a string (for built-in components) or a class/function (for composite components) but got: undefined. You likely forgot to export your component from the file it's defined in, or you might have mixed up default and named imports.

    Check the render method of `GuestCounter`.

    [0m [90m  5 |[39m describe([32m'GuestCounter Component'[39m[33m,[39m () [33m=>[39m {
     [90m  6 |[39m   test([32m'should render with initial count'[39m[33m,[39m () [33m=>[39m {
    [31m[1m>[22m[39m[90m  7 |[39m     [36mconst[39m { getByText } [33m=[39m render(
     [90m    |[39m                                 [31m[1m^[22m[39m
     [90m  8 |[39m       [33m<[39m[33mGuestCounter[39m count[33m=[39m{[35m2[39m} onIncrement[33m=[39m{() [33m=>[39m {}} onDecrement[33m=[39m{() [33m=>[39m {}} [33m/[39m[33m>[39m
     [90m  9 |[39m     )[33m;[39m
     [90m 10 |[39m     [90m// Count should be displayed[39m[0m

      at createFiberFromTypeAndProps (node_modules/react-test-renderer/cjs/react-test-renderer.development.js:12185:28)
      at createFiberFromElement (node_modules/react-test-renderer/cjs/react-test-renderer.development.js:12199:14)
      at createChild (node_modules/react-test-renderer/cjs/react-test-renderer.development.js:4475:26)
      at reconcileChildrenArray (node_modules/react-test-renderer/cjs/react-test-renderer.development.js:4805:25)
      at reconcileChildFibersImpl (node_modules/react-test-renderer/cjs/react-test-renderer.development.js:5122:30)
      at node_modules/react-test-renderer/cjs/react-test-renderer.development.js:5227:33
      at reconcileChildren (node_modules/react-test-renderer/cjs/react-test-renderer.development.js:5735:13)
      at beginWork (node_modules/react-test-renderer/cjs/react-test-renderer.development.js:7551:13)
      at runWithFiberInDEV (node_modules/react-test-renderer/cjs/react-test-renderer.development.js:1574:13)
      at performUnitOfWork (node_modules/react-test-renderer/cjs/react-test-renderer.development.js:10972:22)
      at workLoopSync (node_modules/react-test-renderer/cjs/react-test-renderer.development.js:10816:41)
      at renderRootSync (node_modules/react-test-renderer/cjs/react-test-renderer.development.js:10797:11)
      at performWorkOnRoot (node_modules/react-test-renderer/cjs/react-test-renderer.development.js:10384:39)
      at performWorkOnRootViaSchedulerTask (node_modules/react-test-renderer/cjs/react-test-renderer.development.js:2094:7)
      at flushActQueue (node_modules/react/cjs/react.development.js:566:34)
      at Object.<anonymous>.process.env.NODE_ENV.exports.act (node_modules/react/cjs/react.development.js:859:10)
      at actImplementation (node_modules/@testing-library/react-native/src/act.ts:30:25)
      at renderWithAct (node_modules/@testing-library/react-native/src/render-act.ts:13:11)
      at renderInternal (node_modules/@testing-library/react-native/src/render.tsx:69:33)
      at renderInternal (node_modules/@testing-library/react-native/src/render.tsx:44:10)
      at Object.<anonymous> (__test__/components/GuestCounter.test.jsx:7:33)

  ● GuestCounter Component › should display count formatted with leading zero or as is

    Element type is invalid: expected a string (for built-in components) or a class/function (for composite components) but got: undefined. You likely forgot to export your component from the file it's defined in, or you might have mixed up default and named imports.

    Check the render method of `GuestCounter`.

    [0m [90m 13 |[39m
     [90m 14 |[39m   test([32m'should display count formatted with leading zero or as is'[39m[33m,[39m () [33m=>[39m {
    [31m[1m>[22m[39m[90m 15 |[39m     [36mconst[39m { root } [33m=[39m render(
     [90m    |[39m                            [31m[1m^[22m[39m
     [90m 16 |[39m       [33m<[39m[33mGuestCounter[39m count[33m=[39m{[35m1[39m} onIncrement[33m=[39m{() [33m=>[39m {}} onDecrement[33m=[39m{() [33m=>[39m {}} [33m/[39m[33m>[39m
     [90m 17 |[39m     )[33m;[39m
     [90m 18 |[39m     expect(root)[33m.[39mtoBeTruthy()[33m;[39m[0m

      at createFiberFromTypeAndProps (node_modules/react-test-renderer/cjs/react-test-renderer.development.js:12185:28)
      at createFiberFromElement (node_modules/react-test-renderer/cjs/react-test-renderer.development.js:12199:14)
      at createChild (node_modules/react-test-renderer/cjs/react-test-renderer.development.js:4475:26)
      at reconcileChildrenArray (node_modules/react-test-renderer/cjs/react-test-renderer.development.js:4805:25)
      at reconcileChildFibersImpl (node_modules/react-test-renderer/cjs/react-test-renderer.development.js:5122:30)
      at node_modules/react-test-renderer/cjs/react-test-renderer.development.js:5227:33
      at reconcileChildren (node_modules/react-test-renderer/cjs/react-test-renderer.development.js:5735:13)
      at beginWork (node_modules/react-test-renderer/cjs/react-test-renderer.development.js:7551:13)
      at runWithFiberInDEV (node_modules/react-test-renderer/cjs/react-test-renderer.development.js:1574:13)
      at performUnitOfWork (node_modules/react-test-renderer/cjs/react-test-renderer.development.js:10972:22)
      at workLoopSync (node_modules/react-test-renderer/cjs/react-test-renderer.development.js:10816:41)
      at renderRootSync (node_modules/react-test-renderer/cjs/react-test-renderer.development.js:10797:11)
      at performWorkOnRoot (node_modules/react-test-renderer/cjs/react-test-renderer.development.js:10384:39)
      at performWorkOnRootViaSchedulerTask (node_modules/react-test-renderer/cjs/react-test-renderer.development.js:2094:7)
      at flushActQueue (node_modules/react/cjs/react.development.js:566:34)
      at Object.<anonymous>.process.env.NODE_ENV.exports.act (node_modules/react/cjs/react.development.js:859:10)
      at actImplementation (node_modules/@testing-library/react-native/src/act.ts:30:25)
      at renderWithAct (node_modules/@testing-library/react-native/src/render-act.ts:13:11)
      at renderInternal (node_modules/@testing-library/react-native/src/render.tsx:69:33)
      at renderInternal (node_modules/@testing-library/react-native/src/render.tsx:44:10)
      at Object.<anonymous> (__test__/components/GuestCounter.test.jsx:15:28)

  ● GuestCounter Component › should call onIncrement when increment button is pressed

    Element type is invalid: expected a string (for built-in components) or a class/function (for composite components) but got: undefined. You likely forgot to export your component from the file it's defined in, or you might have mixed up default and named imports.

    Check the render method of `GuestCounter`.

    [0m [90m 21 |[39m   test([32m'should call onIncrement when increment button is pressed'[39m[33m,[39m () [33m=>[39m {
     [90m 22 |[39m     [36mconst[39m mockOnIncrement [33m=[39m jest[33m.[39mfn()[33m;[39m
    [31m[1m>[22m[39m[90m 23 |[39m     [36mconst[39m { getByText } [33m=[39m render(
     [90m    |[39m                                 [31m[1m^[22m[39m
     [90m 24 |[39m       [33m<[39m[33mGuestCounter[39m 
     [90m 25 |[39m         count[33m=[39m{[35m2[39m} 
     [90m 26 |[39m         onIncrement[33m=[39m{mockOnIncrement} [0m

      at createFiberFromTypeAndProps (node_modules/react-test-renderer/cjs/react-test-renderer.development.js:12185:28)
      at createFiberFromElement (node_modules/react-test-renderer/cjs/react-test-renderer.development.js:12199:14)
      at createChild (node_modules/react-test-renderer/cjs/react-test-renderer.development.js:4475:26)
      at reconcileChildrenArray (node_modules/react-test-renderer/cjs/react-test-renderer.development.js:4805:25)
      at reconcileChildFibersImpl (node_modules/react-test-renderer/cjs/react-test-renderer.development.js:5122:30)
      at node_modules/react-test-renderer/cjs/react-test-renderer.development.js:5227:33
      at reconcileChildren (node_modules/react-test-renderer/cjs/react-test-renderer.development.js:5735:13)
      at beginWork (node_modules/react-test-renderer/cjs/react-test-renderer.development.js:7551:13)
      at runWithFiberInDEV (node_modules/react-test-renderer/cjs/react-test-renderer.development.js:1574:13)
      at performUnitOfWork (node_modules/react-test-renderer/cjs/react-test-renderer.development.js:10972:22)
      at workLoopSync (node_modules/react-test-renderer/cjs/react-test-renderer.development.js:10816:41)
      at renderRootSync (node_modules/react-test-renderer/cjs/react-test-renderer.development.js:10797:11)
      at performWorkOnRoot (node_modules/react-test-renderer/cjs/react-test-renderer.development.js:10384:39)
      at performWorkOnRootViaSchedulerTask (node_modules/react-test-renderer/cjs/react-test-renderer.development.js:2094:7)
      at flushActQueue (node_modules/react/cjs/react.development.js:566:34)
      at Object.<anonymous>.process.env.NODE_ENV.exports.act (node_modules/react/cjs/react.development.js:859:10)
      at actImplementation (node_modules/@testing-library/react-native/src/act.ts:30:25)
      at renderWithAct (node_modules/@testing-library/react-native/src/render-act.ts:13:11)
      at renderInternal (node_modules/@testing-library/react-native/src/render.tsx:69:33)
      at renderInternal (node_modules/@testing-library/react-native/src/render.tsx:44:10)
      at Object.<anonymous> (__test__/components/GuestCounter.test.jsx:23:33)

  ● GuestCounter Component › should display count 1 through 20

    Element type is invalid: expected a string (for built-in components) or a class/function (for composite components) but got: undefined. You likely forgot to export your component from the file it's defined in, or you might have mixed up default and named imports.

    Check the render method of `GuestCounter`.

    [0m [90m 35 |[39m     
     [90m 36 |[39m     testCounts[33m.[39mforEach(count [33m=>[39m {
    [31m[1m>[22m[39m[90m 37 |[39m       [36mconst[39m { getByText } [33m=[39m render(
     [90m    |[39m                                   [31m[1m^[22m[39m
     [90m 38 |[39m         [33m<[39m[33mGuestCounter[39m 
     [90m 39 |[39m           count[33m=[39m{count} 
     [90m 40 |[39m           onIncrement[33m=[39m{() [33m=>[39m {}} [0m

      at createFiberFromTypeAndProps (node_modules/react-test-renderer/cjs/react-test-renderer.development.js:12185:28)
      at createFiberFromElement (node_modules/react-test-renderer/cjs/react-test-renderer.development.js:12199:14)
      at createChild (node_modules/react-test-renderer/cjs/react-test-renderer.development.js:4475:26)
      at reconcileChildrenArray (node_modules/react-test-renderer/cjs/react-test-renderer.development.js:4805:25)
      at reconcileChildFibersImpl (node_modules/react-test-renderer/cjs/react-test-renderer.development.js:5122:30)
      at node_modules/react-test-renderer/cjs/react-test-renderer.development.js:5227:33
      at reconcileChildren (node_modules/react-test-renderer/cjs/react-test-renderer.development.js:5735:13)
      at beginWork (node_modules/react-test-renderer/cjs/react-test-renderer.development.js:7551:13)
      at runWithFiberInDEV (node_modules/react-test-renderer/cjs/react-test-renderer.development.js:1574:13)
      at performUnitOfWork (node_modules/react-test-renderer/cjs/react-test-renderer.development.js:10972:22)
      at workLoopSync (node_modules/react-test-renderer/cjs/react-test-renderer.development.js:10816:41)
      at renderRootSync (node_modules/react-test-renderer/cjs/react-test-renderer.development.js:10797:11)
      at performWorkOnRoot (node_modules/react-test-renderer/cjs/react-test-renderer.development.js:10384:39)
      at performWorkOnRootViaSchedulerTask (node_modules/react-test-renderer/cjs/react-test-renderer.development.js:2094:7)
      at flushActQueue (node_modules/react/cjs/react.development.js:566:34)
      at Object.<anonymous>.process.env.NODE_ENV.exports.act (node_modules/react/cjs/react.development.js:859:10)
      at actImplementation (node_modules/@testing-library/react-native/src/act.ts:30:25)
      at renderWithAct (node_modules/@testing-library/react-native/src/render-act.ts:13:11)
      at renderInternal (node_modules/@testing-library/react-native/src/render.tsx:69:33)
      at renderInternal (node_modules/@testing-library/react-native/src/render.tsx:44:10)
      at __test__/components/GuestCounter.test.jsx:37:35
          at Array.forEach (<anonymous>)
      at Object.forEach (__test__/components/GuestCounter.test.jsx:36:16)

  ● GuestCounter Component › should handle count of 0

    Element type is invalid: expected a string (for built-in components) or a class/function (for composite components) but got: undefined. You likely forgot to export your component from the file it's defined in, or you might have mixed up default and named imports.

    Check the render method of `GuestCounter`.

    [0m [90m 47 |[39m
     [90m 48 |[39m   test([32m'should handle count of 0'[39m[33m,[39m () [33m=>[39m {
    [31m[1m>[22m[39m[90m 49 |[39m     [36mconst[39m { getByText } [33m=[39m render(
     [90m    |[39m                                 [31m[1m^[22m[39m
     [90m 50 |[39m       [33m<[39m[33mGuestCounter[39m count[33m=[39m{[35m0[39m} onIncrement[33m=[39m{() [33m=>[39m {}} onDecrement[33m=[39m{() [33m=>[39m {}} [33m/[39m[33m>[39m
     [90m 51 |[39m     )[33m;[39m
     [90m 52 |[39m     expect(getByText([32m'0'[39m))[33m.[39mtoBeTruthy()[33m;[39m[0m

      at createFiberFromTypeAndProps (node_modules/react-test-renderer/cjs/react-test-renderer.development.js:12185:28)
      at createFiberFromElement (node_modules/react-test-renderer/cjs/react-test-renderer.development.js:12199:14)
      at createChild (node_modules/react-test-renderer/cjs/react-test-renderer.development.js:4475:26)
      at reconcileChildrenArray (node_modules/react-test-renderer/cjs/react-test-renderer.development.js:4805:25)
      at reconcileChildFibersImpl (node_modules/react-test-renderer/cjs/react-test-renderer.development.js:5122:30)
      at node_modules/react-test-renderer/cjs/react-test-renderer.development.js:5227:33
      at reconcileChildren (node_modules/react-test-renderer/cjs/react-test-renderer.development.js:5735:13)
      at beginWork (node_modules/react-test-renderer/cjs/react-test-renderer.development.js:7551:13)
      at runWithFiberInDEV (node_modules/react-test-renderer/cjs/react-test-renderer.development.js:1574:13)
      at performUnitOfWork (node_modules/react-test-renderer/cjs/react-test-renderer.development.js:10972:22)
      at workLoopSync (node_modules/react-test-renderer/cjs/react-test-renderer.development.js:10816:41)
      at renderRootSync (node_modules/react-test-renderer/cjs/react-test-renderer.development.js:10797:11)
      at performWorkOnRoot (node_modules/react-test-renderer/cjs/react-test-renderer.development.js:10384:39)
      at performWorkOnRootViaSchedulerTask (node_modules/react-test-renderer/cjs/react-test-renderer.development.js:2094:7)
      at flushActQueue (node_modules/react/cjs/react.development.js:566:34)
      at Object.<anonymous>.process.env.NODE_ENV.exports.act (node_modules/react/cjs/react.development.js:859:10)
      at actImplementation (node_modules/@testing-library/react-native/src/act.ts:30:25)
      at renderWithAct (node_modules/@testing-library/react-native/src/render-act.ts:13:11)
      at renderInternal (node_modules/@testing-library/react-native/src/render.tsx:69:33)
      at renderInternal (node_modules/@testing-library/react-native/src/render.tsx:44:10)
      at Object.<anonymous> (__test__/components/GuestCounter.test.jsx:49:33)

  ● GuestCounter Component › should accept custom style

    Element type is invalid: expected a string (for built-in components) or a class/function (for composite components) but got: undefined. You likely forgot to export your component from the file it's defined in, or you might have mixed up default and named imports.

    Check the render method of `GuestCounter`.

    [0m [90m 55 |[39m   test([32m'should accept custom style'[39m[33m,[39m () [33m=>[39m {
     [90m 56 |[39m     [36mconst[39m customStyle [33m=[39m { marginBottom[33m:[39m [35m15[39m[33m,[39m paddingVertical[33m:[39m [35m10[39m }[33m;[39m
    [31m[1m>[22m[39m[90m 57 |[39m     [36mconst[39m { root } [33m=[39m render(
     [90m    |[39m                            [31m[1m^[22m[39m
     [90m 58 |[39m       [33m<[39m[33mGuestCounter[39m 
     [90m 59 |[39m         count[33m=[39m{[35m2[39m} 
     [90m 60 |[39m         onIncrement[33m=[39m{() [33m=>[39m {}} [0m

      at createFiberFromTypeAndProps (node_modules/react-test-renderer/cjs/react-test-renderer.development.js:12185:28)
      at createFiberFromElement (node_modules/react-test-renderer/cjs/react-test-renderer.development.js:12199:14)
      at createChild (node_modules/react-test-renderer/cjs/react-test-renderer.development.js:4475:26)
      at reconcileChildrenArray (node_modules/react-test-renderer/cjs/react-test-renderer.development.js:4805:25)
      at reconcileChildFibersImpl (node_modules/react-test-renderer/cjs/react-test-renderer.development.js:5122:30)
      at node_modules/react-test-renderer/cjs/react-test-renderer.development.js:5227:33
      at reconcileChildren (node_modules/react-test-renderer/cjs/react-test-renderer.development.js:5735:13)
      at beginWork (node_modules/react-test-renderer/cjs/react-test-renderer.development.js:7551:13)
      at runWithFiberInDEV (node_modules/react-test-renderer/cjs/react-test-renderer.development.js:1574:13)
      at performUnitOfWork (node_modules/react-test-renderer/cjs/react-test-renderer.development.js:10972:22)
      at workLoopSync (node_modules/react-test-renderer/cjs/react-test-renderer.development.js:10816:41)
      at renderRootSync (node_modules/react-test-renderer/cjs/react-test-renderer.development.js:10797:11)
      at performWorkOnRoot (node_modules/react-test-renderer/cjs/react-test-renderer.development.js:10384:39)
      at performWorkOnRootViaSchedulerTask (node_modules/react-test-renderer/cjs/react-test-renderer.development.js:2094:7)
      at flushActQueue (node_modules/react/cjs/react.development.js:566:34)
      at Object.<anonymous>.process.env.NODE_ENV.exports.act (node_modules/react/cjs/react.development.js:859:10)
      at actImplementation (node_modules/@testing-library/react-native/src/act.ts:30:25)
      at renderWithAct (node_modules/@testing-library/react-native/src/render-act.ts:13:11)
      at renderInternal (node_modules/@testing-library/react-native/src/render.tsx:69:33)
      at renderInternal (node_modules/@testing-library/react-native/src/render.tsx:44:10)
      at Object.<anonymous> (__test__/components/GuestCounter.test.jsx:57:28)

  ● GuestCounter Component › should have increment and decrement buttons

    Element type is invalid: expected a string (for built-in components) or a class/function (for composite components) but got: undefined. You likely forgot to export your component from the file it's defined in, or you might have mixed up default and named imports.

    Check the render method of `GuestCounter`.

    [0m [90m 67 |[39m
     [90m 68 |[39m   test([32m'should have increment and decrement buttons'[39m[33m,[39m () [33m=>[39m {
    [31m[1m>[22m[39m[90m 69 |[39m     [36mconst[39m { root } [33m=[39m render(
     [90m    |[39m                            [31m[1m^[22m[39m
     [90m 70 |[39m       [33m<[39m[33mGuestCounter[39m 
     [90m 71 |[39m         count[33m=[39m{[35m2[39m} 
     [90m 72 |[39m         onIncrement[33m=[39m{() [33m=>[39m {}} [0m

      at createFiberFromTypeAndProps (node_modules/react-test-renderer/cjs/react-test-renderer.development.js:12185:28)
      at createFiberFromElement (node_modules/react-test-renderer/cjs/react-test-renderer.development.js:12199:14)
      at createChild (node_modules/react-test-renderer/cjs/react-test-renderer.development.js:4475:26)
      at reconcileChildrenArray (node_modules/react-test-renderer/cjs/react-test-renderer.development.js:4805:25)
      at reconcileChildFibersImpl (node_modules/react-test-renderer/cjs/react-test-renderer.development.js:5122:30)
      at node_modules/react-test-renderer/cjs/react-test-renderer.development.js:5227:33
      at reconcileChildren (node_modules/react-test-renderer/cjs/react-test-renderer.development.js:5735:13)
      at beginWork (node_modules/react-test-renderer/cjs/react-test-renderer.development.js:7551:13)
      at runWithFiberInDEV (node_modules/react-test-renderer/cjs/react-test-renderer.development.js:1574:13)
      at performUnitOfWork (node_modules/react-test-renderer/cjs/react-test-renderer.development.js:10972:22)
      at workLoopSync (node_modules/react-test-renderer/cjs/react-test-renderer.development.js:10816:41)
      at renderRootSync (node_modules/react-test-renderer/cjs/react-test-renderer.development.js:10797:11)
      at performWorkOnRoot (node_modules/react-test-renderer/cjs/react-test-renderer.development.js:10384:39)
      at performWorkOnRootViaSchedulerTask (node_modules/react-test-renderer/cjs/react-test-renderer.development.js:2094:7)
      at flushActQueue (node_modules/react/cjs/react.development.js:566:34)
      at Object.<anonymous>.process.env.NODE_ENV.exports.act (node_modules/react/cjs/react.development.js:859:10)
      at actImplementation (node_modules/@testing-library/react-native/src/act.ts:30:25)
      at renderWithAct (node_modules/@testing-library/react-native/src/render-act.ts:13:11)
      at renderInternal (node_modules/@testing-library/react-native/src/render.tsx:69:33)
      at renderInternal (node_modules/@testing-library/react-native/src/render.tsx:44:10)
      at Object.<anonymous> (__test__/components/GuestCounter.test.jsx:69:28)

  ● GuestCounter Component › should maintain count state through prop changes

    Element type is invalid: expected a string (for built-in components) or a class/function (for composite components) but got: undefined. You likely forgot to export your component from the file it's defined in, or you might have mixed up default and named imports.

    Check the render method of `GuestCounter`.

    [0m [90m 78 |[39m
     [90m 79 |[39m   test([32m'should maintain count state through prop changes'[39m[33m,[39m () [33m=>[39m {
    [31m[1m>[22m[39m[90m 80 |[39m     [36mconst[39m { rerender[33m,[39m getByText } [33m=[39m render(
     [90m    |[39m                                           [31m[1m^[22m[39m
     [90m 81 |[39m       [33m<[39m[33mGuestCounter[39m count[33m=[39m{[35m1[39m} onIncrement[33m=[39m{() [33m=>[39m {}} onDecrement[33m=[39m{() [33m=>[39m {}} [33m/[39m[33m>[39m
     [90m 82 |[39m     )[33m;[39m
     [90m 83 |[39m     expect(getByText([32m'1'[39m))[33m.[39mtoBeTruthy()[33m;[39m[0m

      at createFiberFromTypeAndProps (node_modules/react-test-renderer/cjs/react-test-renderer.development.js:12185:28)
      at createFiberFromElement (node_modules/react-test-renderer/cjs/react-test-renderer.development.js:12199:14)
      at createChild (node_modules/react-test-renderer/cjs/react-test-renderer.development.js:4475:26)
      at reconcileChildrenArray (node_modules/react-test-renderer/cjs/react-test-renderer.development.js:4805:25)
      at reconcileChildFibersImpl (node_modules/react-test-renderer/cjs/react-test-renderer.development.js:5122:30)
      at node_modules/react-test-renderer/cjs/react-test-renderer.development.js:5227:33
      at reconcileChildren (node_modules/react-test-renderer/cjs/react-test-renderer.development.js:5735:13)
      at beginWork (node_modules/react-test-renderer/cjs/react-test-renderer.development.js:7551:13)
      at runWithFiberInDEV (node_modules/react-test-renderer/cjs/react-test-renderer.development.js:1574:13)
      at performUnitOfWork (node_modules/react-test-renderer/cjs/react-test-renderer.development.js:10972:22)
      at workLoopSync (node_modules/react-test-renderer/cjs/react-test-renderer.development.js:10816:41)
      at renderRootSync (node_modules/react-test-renderer/cjs/react-test-renderer.development.js:10797:11)
      at performWorkOnRoot (node_modules/react-test-renderer/cjs/react-test-renderer.development.js:10384:39)
      at performWorkOnRootViaSchedulerTask (node_modules/react-test-renderer/cjs/react-test-renderer.development.js:2094:7)
      at flushActQueue (node_modules/react/cjs/react.development.js:566:34)
      at Object.<anonymous>.process.env.NODE_ENV.exports.act (node_modules/react/cjs/react.development.js:859:10)
      at actImplementation (node_modules/@testing-library/react-native/src/act.ts:30:25)
      at renderWithAct (node_modules/@testing-library/react-native/src/render-act.ts:13:11)
      at renderInternal (node_modules/@testing-library/react-native/src/render.tsx:69:33)
      at renderInternal (node_modules/@testing-library/react-native/src/render.tsx:44:10)
      at Object.<anonymous> (__test__/components/GuestCounter.test.jsx:80:43)

  ● GuestCounter Component › should render circular buttons for increment and decrement

    Element type is invalid: expected a string (for built-in components) or a class/function (for composite components) but got: undefined. You likely forgot to export your component from the file it's defined in, or you might have mixed up default and named imports.

    Check the render method of `GuestCounter`.

    [0m [90m  95 |[39m
     [90m  96 |[39m   test([32m'should render circular buttons for increment and decrement'[39m[33m,[39m () [33m=>[39m {
    [31m[1m>[22m[39m[90m  97 |[39m     [36mconst[39m { root } [33m=[39m render(
     [90m     |[39m                            [31m[1m^[22m[39m
     [90m  98 |[39m       [33m<[39m[33mGuestCounter[39m 
     [90m  99 |[39m         count[33m=[39m{[35m2[39m} 
     [90m 100 |[39m         onIncrement[33m=[39m{() [33m=>[39m {}} [0m

      at createFiberFromTypeAndProps (node_modules/react-test-renderer/cjs/react-test-renderer.development.js:12185:28)
      at createFiberFromElement (node_modules/react-test-renderer/cjs/react-test-renderer.development.js:12199:14)
      at createChild (node_modules/react-test-renderer/cjs/react-test-renderer.development.js:4475:26)
      at reconcileChildrenArray (node_modules/react-test-renderer/cjs/react-test-renderer.development.js:4805:25)
      at reconcileChildFibersImpl (node_modules/react-test-renderer/cjs/react-test-renderer.development.js:5122:30)
      at node_modules/react-test-renderer/cjs/react-test-renderer.development.js:5227:33
      at reconcileChildren (node_modules/react-test-renderer/cjs/react-test-renderer.development.js:5735:13)
      at beginWork (node_modules/react-test-renderer/cjs/react-test-renderer.development.js:7551:13)
      at runWithFiberInDEV (node_modules/react-test-renderer/cjs/react-test-renderer.development.js:1574:13)
      at performUnitOfWork (node_modules/react-test-renderer/cjs/react-test-renderer.development.js:10972:22)
      at workLoopSync (node_modules/react-test-renderer/cjs/react-test-renderer.development.js:10816:41)
      at renderRootSync (node_modules/react-test-renderer/cjs/react-test-renderer.development.js:10797:11)
      at performWorkOnRoot (node_modules/react-test-renderer/cjs/react-test-renderer.development.js:10384:39)
      at performWorkOnRootViaSchedulerTask (node_modules/react-test-renderer/cjs/react-test-renderer.development.js:2094:7)
      at flushActQueue (node_modules/react/cjs/react.development.js:566:34)
      at Object.<anonymous>.process.env.NODE_ENV.exports.act (node_modules/react/cjs/react.development.js:859:10)
      at actImplementation (node_modules/@testing-library/react-native/src/act.ts:30:25)
      at renderWithAct (node_modules/@testing-library/react-native/src/render-act.ts:13:11)
      at renderInternal (node_modules/@testing-library/react-native/src/render.tsx:69:33)
      at renderInternal (node_modules/@testing-library/react-native/src/render.tsx:44:10)
      at Object.<anonymous> (__test__/components/GuestCounter.test.jsx:97:28)

  ● GuestCounter Component › should work with controlled component pattern

    Element type is invalid: expected a string (for built-in components) or a class/function (for composite components) but got: undefined. You likely forgot to export your component from the file it's defined in, or you might have mixed up default and named imports.

    Check the render method of `GuestCounter`.

    [0m [90m 109 |[39m     [36mconst[39m mockOnDecrement [33m=[39m jest[33m.[39mfn()[33m;[39m
     [90m 110 |[39m     
    [31m[1m>[22m[39m[90m 111 |[39m     [36mconst[39m { rerender[33m,[39m getByText } [33m=[39m render(
     [90m     |[39m                                           [31m[1m^[22m[39m
     [90m 112 |[39m       [33m<[39m[33mGuestCounter[39m 
     [90m 113 |[39m         count[33m=[39m{[35m2[39m} 
     [90m 114 |[39m         onIncrement[33m=[39m{mockOnIncrement} [0m

      at createFiberFromTypeAndProps (node_modules/react-test-renderer/cjs/react-test-renderer.development.js:12185:28)
      at createFiberFromElement (node_modules/react-test-renderer/cjs/react-test-renderer.development.js:12199:14)
      at createChild (node_modules/react-test-renderer/cjs/react-test-renderer.development.js:4475:26)
      at reconcileChildrenArray (node_modules/react-test-renderer/cjs/react-test-renderer.development.js:4805:25)
      at reconcileChildFibersImpl (node_modules/react-test-renderer/cjs/react-test-renderer.development.js:5122:30)
      at node_modules/react-test-renderer/cjs/react-test-renderer.development.js:5227:33
      at reconcileChildren (node_modules/react-test-renderer/cjs/react-test-renderer.development.js:5735:13)
      at beginWork (node_modules/react-test-renderer/cjs/react-test-renderer.development.js:7551:13)
      at runWithFiberInDEV (node_modules/react-test-renderer/cjs/react-test-renderer.development.js:1574:13)
      at performUnitOfWork (node_modules/react-test-renderer/cjs/react-test-renderer.development.js:10972:22)
      at workLoopSync (node_modules/react-test-renderer/cjs/react-test-renderer.development.js:10816:41)
      at renderRootSync (node_modules/react-test-renderer/cjs/react-test-renderer.development.js:10797:11)
      at performWorkOnRoot (node_modules/react-test-renderer/cjs/react-test-renderer.development.js:10384:39)
      at performWorkOnRootViaSchedulerTask (node_modules/react-test-renderer/cjs/react-test-renderer.development.js:2094:7)
      at flushActQueue (node_modules/react/cjs/react.development.js:566:34)
      at Object.<anonymous>.process.env.NODE_ENV.exports.act (node_modules/react/cjs/react.development.js:859:10)
      at actImplementation (node_modules/@testing-library/react-native/src/act.ts:30:25)
      at renderWithAct (node_modules/@testing-library/react-native/src/render-act.ts:13:11)
      at renderInternal (node_modules/@testing-library/react-native/src/render.tsx:69:33)
      at renderInternal (node_modules/@testing-library/react-native/src/render.tsx:44:10)
      at Object.<anonymous> (__test__/components/GuestCounter.test.jsx:111:43)

PASS __test__/components/LoadingSpinner.test.jsx
PASS __test__/UserBookingsCreate.test.jsx
  ● Console

    console.error
      An update to BookingCreate inside a test was not wrapped in act(...).
      
      When testing, code that causes React state updates should be wrapped into act(...):
      
      act(() => {
        /* fire events that update state */
      });
      /* assert on the output */
      
      This ensures that you're testing the behavior the user would see in the browser. Learn more at https://react.dev/link/wrap-tests-with-act

    [0m [90m 44 |[39m       [36mconst[39m user [33m=[39m response[33m.[39mdata[33m.[39muser[33m;[39m
     [90m 45 |[39m
    [31m[1m>[22m[39m[90m 46 |[39m       setFormData((prev) [33m=>[39m ({
     [90m    |[39m       [31m[1m^[22m[39m
     [90m 47 |[39m         [33m...[39mprev[33m,[39m
     [90m 48 |[39m         guestName[33m:[39m user[33m.[39mdisplayName [33m||[39m [32m''[39m[33m,[39m
     [90m 49 |[39m         guestEmail[33m:[39m user[33m.[39memail [33m||[39m [32m''[39m[33m,[39m[0m

      at node_modules/react-test-renderer/cjs/react-test-renderer.development.js:11801:19
      at runWithFiberInDEV (node_modules/react-test-renderer/cjs/react-test-renderer.development.js:1574:13)
      at warnIfUpdatesNotWrappedWithActDEV (node_modules/react-test-renderer/cjs/react-test-renderer.development.js:11800:9)
      at scheduleUpdateOnFiber (node_modules/react-test-renderer/cjs/react-test-renderer.development.js:10326:9)
      at dispatchSetStateInternal (node_modules/react-test-renderer/cjs/react-test-renderer.development.js:4148:13)
      at dispatchSetState (node_modules/react-test-renderer/cjs/react-test-renderer.development.js:4107:7)
      at setFormData (app/user/bookings-create.jsx:46:7)
      at asyncGeneratorStep (node_modules/@babel/runtime/helpers/asyncToGenerator.js:3:17)
      at _next (node_modules/@babel/runtime/helpers/asyncToGenerator.js:17:9)

    console.error
      An update to BookingCreate inside a test was not wrapped in act(...).
      
      When testing, code that causes React state updates should be wrapped into act(...):
      
      act(() => {
        /* fire events that update state */
      });
      /* assert on the output */
      
      This ensures that you're testing the behavior the user would see in the browser. Learn more at https://react.dev/link/wrap-tests-with-act

    [0m [90m 44 |[39m       [36mconst[39m user [33m=[39m response[33m.[39mdata[33m.[39muser[33m;[39m
     [90m 45 |[39m
    [31m[1m>[22m[39m[90m 46 |[39m       setFormData((prev) [33m=>[39m ({
     [90m    |[39m       [31m[1m^[22m[39m
     [90m 47 |[39m         [33m...[39mprev[33m,[39m
     [90m 48 |[39m         guestName[33m:[39m user[33m.[39mdisplayName [33m||[39m [32m''[39m[33m,[39m
     [90m 49 |[39m         guestEmail[33m:[39m user[33m.[39memail [33m||[39m [32m''[39m[33m,[39m[0m

      at node_modules/react-test-renderer/cjs/react-test-renderer.development.js:11801:19
      at runWithFiberInDEV (node_modules/react-test-renderer/cjs/react-test-renderer.development.js:1574:13)
      at warnIfUpdatesNotWrappedWithActDEV (node_modules/react-test-renderer/cjs/react-test-renderer.development.js:11800:9)
      at scheduleUpdateOnFiber (node_modules/react-test-renderer/cjs/react-test-renderer.development.js:10326:9)
      at dispatchSetStateInternal (node_modules/react-test-renderer/cjs/react-test-renderer.development.js:4148:13)
      at dispatchSetState (node_modules/react-test-renderer/cjs/react-test-renderer.development.js:4107:7)
      at setFormData (app/user/bookings-create.jsx:46:7)
      at asyncGeneratorStep (node_modules/@babel/runtime/helpers/asyncToGenerator.js:3:17)
      at _next (node_modules/@babel/runtime/helpers/asyncToGenerator.js:17:9)

    console.error
      An update to BookingCreate inside a test was not wrapped in act(...).
      
      When testing, code that causes React state updates should be wrapped into act(...):
      
      act(() => {
        /* fire events that update state */
      });
      /* assert on the output */
      
      This ensures that you're testing the behavior the user would see in the browser. Learn more at https://react.dev/link/wrap-tests-with-act

    [0m [90m 44 |[39m       [36mconst[39m user [33m=[39m response[33m.[39mdata[33m.[39muser[33m;[39m
     [90m 45 |[39m
    [31m[1m>[22m[39m[90m 46 |[39m       setFormData((prev) [33m=>[39m ({
     [90m    |[39m       [31m[1m^[22m[39m
     [90m 47 |[39m         [33m...[39mprev[33m,[39m
     [90m 48 |[39m         guestName[33m:[39m user[33m.[39mdisplayName [33m||[39m [32m''[39m[33m,[39m
     [90m 49 |[39m         guestEmail[33m:[39m user[33m.[39memail [33m||[39m [32m''[39m[33m,[39m[0m

      at node_modules/react-test-renderer/cjs/react-test-renderer.development.js:11801:19
      at runWithFiberInDEV (node_modules/react-test-renderer/cjs/react-test-renderer.development.js:1574:13)
      at warnIfUpdatesNotWrappedWithActDEV (node_modules/react-test-renderer/cjs/react-test-renderer.development.js:11800:9)
      at scheduleUpdateOnFiber (node_modules/react-test-renderer/cjs/react-test-renderer.development.js:10326:9)
      at dispatchSetStateInternal (node_modules/react-test-renderer/cjs/react-test-renderer.development.js:4148:13)
      at dispatchSetState (node_modules/react-test-renderer/cjs/react-test-renderer.development.js:4107:7)
      at setFormData (app/user/bookings-create.jsx:46:7)
      at asyncGeneratorStep (node_modules/@babel/runtime/helpers/asyncToGenerator.js:3:17)
      at _next (node_modules/@babel/runtime/helpers/asyncToGenerator.js:17:9)

    console.error
      An update to BookingCreate inside a test was not wrapped in act(...).
      
      When testing, code that causes React state updates should be wrapped into act(...):
      
      act(() => {
        /* fire events that update state */
      });
      /* assert on the output */
      
      This ensures that you're testing the behavior the user would see in the browser. Learn more at https://react.dev/link/wrap-tests-with-act

    [0m [90m 44 |[39m       [36mconst[39m user [33m=[39m response[33m.[39mdata[33m.[39muser[33m;[39m
     [90m 45 |[39m
    [31m[1m>[22m[39m[90m 46 |[39m       setFormData((prev) [33m=>[39m ({
     [90m    |[39m       [31m[1m^[22m[39m
     [90m 47 |[39m         [33m...[39mprev[33m,[39m
     [90m 48 |[39m         guestName[33m:[39m user[33m.[39mdisplayName [33m||[39m [32m''[39m[33m,[39m
     [90m 49 |[39m         guestEmail[33m:[39m user[33m.[39memail [33m||[39m [32m''[39m[33m,[39m[0m

      at node_modules/react-test-renderer/cjs/react-test-renderer.development.js:11801:19
      at runWithFiberInDEV (node_modules/react-test-renderer/cjs/react-test-renderer.development.js:1574:13)
      at warnIfUpdatesNotWrappedWithActDEV (node_modules/react-test-renderer/cjs/react-test-renderer.development.js:11800:9)
      at scheduleUpdateOnFiber (node_modules/react-test-renderer/cjs/react-test-renderer.development.js:10326:9)
      at dispatchSetStateInternal (node_modules/react-test-renderer/cjs/react-test-renderer.development.js:4148:13)
      at dispatchSetState (node_modules/react-test-renderer/cjs/react-test-renderer.development.js:4107:7)
      at setFormData (app/user/bookings-create.jsx:46:7)
      at asyncGeneratorStep (node_modules/@babel/runtime/helpers/asyncToGenerator.js:3:17)
      at _next (node_modules/@babel/runtime/helpers/asyncToGenerator.js:17:9)

    console.error
      An update to BookingCreate inside a test was not wrapped in act(...).
      
      When testing, code that causes React state updates should be wrapped into act(...):
      
      act(() => {
        /* fire events that update state */
      });
      /* assert on the output */
      
      This ensures that you're testing the behavior the user would see in the browser. Learn more at https://react.dev/link/wrap-tests-with-act

    [0m [90m 44 |[39m       [36mconst[39m user [33m=[39m response[33m.[39mdata[33m.[39muser[33m;[39m
     [90m 45 |[39m
    [31m[1m>[22m[39m[90m 46 |[39m       setFormData((prev) [33m=>[39m ({
     [90m    |[39m       [31m[1m^[22m[39m
     [90m 47 |[39m         [33m...[39mprev[33m,[39m
     [90m 48 |[39m         guestName[33m:[39m user[33m.[39mdisplayName [33m||[39m [32m''[39m[33m,[39m
     [90m 49 |[39m         guestEmail[33m:[39m user[33m.[39memail [33m||[39m [32m''[39m[33m,[39m[0m

      at node_modules/react-test-renderer/cjs/react-test-renderer.development.js:11801:19
      at runWithFiberInDEV (node_modules/react-test-renderer/cjs/react-test-renderer.development.js:1574:13)
      at warnIfUpdatesNotWrappedWithActDEV (node_modules/react-test-renderer/cjs/react-test-renderer.development.js:11800:9)
      at scheduleUpdateOnFiber (node_modules/react-test-renderer/cjs/react-test-renderer.development.js:10326:9)
      at dispatchSetStateInternal (node_modules/react-test-renderer/cjs/react-test-renderer.development.js:4148:13)
      at dispatchSetState (node_modules/react-test-renderer/cjs/react-test-renderer.development.js:4107:7)
      at setFormData (app/user/bookings-create.jsx:46:7)
      at asyncGeneratorStep (node_modules/@babel/runtime/helpers/asyncToGenerator.js:3:17)
      at _next (node_modules/@babel/runtime/helpers/asyncToGenerator.js:17:9)

    console.error
      Error fetching user: Error: API Error
          at Object.<anonymous> (D:\Mobile\MobileProjectFinal\frontend\__test__\UserBookingsCreate.test.jsx:71:33)
          at Generator.next (<anonymous>)
          at asyncGeneratorStep (D:\Mobile\MobileProjectFinal\frontend\node_modules\@babel\runtime\helpers\asyncToGenerator.js:3:17)
          at _next (D:\Mobile\MobileProjectFinal\frontend\node_modules\@babel\runtime\helpers\asyncToGenerator.js:17:9)
          at D:\Mobile\MobileProjectFinal\frontend\node_modules\@babel\runtime\helpers\asyncToGenerator.js:22:7
          at new Promise (<anonymous>)
          at Object.<anonymous> (D:\Mobile\MobileProjectFinal\frontend\node_modules\@babel\runtime\helpers\asyncToGenerator.js:14:12)
          at Promise.then.completed (D:\Mobile\MobileProjectFinal\frontend\node_modules\jest-circus\build\utils.js:298:28)
          at new Promise (<anonymous>)
          at callAsyncCircusFn (D:\Mobile\MobileProjectFinal\frontend\node_modules\jest-circus\build\utils.js:231:10)
          at _callCircusTest (D:\Mobile\MobileProjectFinal\frontend\node_modules\jest-circus\build\run.js:316:40)
          at _runTest (D:\Mobile\MobileProjectFinal\frontend\node_modules\jest-circus\build\run.js:252:3)
          at _runTestsForDescribeBlock (D:\Mobile\MobileProjectFinal\frontend\node_modules\jest-circus\build\run.js:126:9)
          at _runTestsForDescribeBlock (D:\Mobile\MobileProjectFinal\frontend\node_modules\jest-circus\build\run.js:121:9)
          at run (D:\Mobile\MobileProjectFinal\frontend\node_modules\jest-circus\build\run.js:71:3)
          at runAndTransformResultsToJestFormat (D:\Mobile\MobileProjectFinal\frontend\node_modules\jest-circus\build\legacy-code-todo-rewrite\jestAdapterInit.js:122:21)
          at jestAdapter (D:\Mobile\MobileProjectFinal\frontend\node_modules\jest-circus\build\legacy-code-todo-rewrite\jestAdapter.js:79:19)
          at runTestInternal (d:\Mobile\MobileProjectFinal\frontend\node_modules\jest-runner\build\runTest.js:367:16)
          at runTest (d:\Mobile\MobileProjectFinal\frontend\node_modules\jest-runner\build\runTest.js:444:34)
          at Object.worker (d:\Mobile\MobileProjectFinal\frontend\node_modules\jest-runner\build\testWorker.js:106:12)

    [0m [90m 51 |[39m       }))[33m;[39m
     [90m 52 |[39m     } [36mcatch[39m (error) {
    [31m[1m>[22m[39m[90m 53 |[39m       console[33m.[39merror([32m'Error fetching user:'[39m[33m,[39m error)[33m;[39m
     [90m    |[39m               [31m[1m^[22m[39m
     [90m 54 |[39m     }
     [90m 55 |[39m   }[33m;[39m
     [90m 56 |[39m[0m

      at error (app/user/bookings-create.jsx:53:15)
          at Generator.throw (<anonymous>)
      at asyncGeneratorStep (node_modules/@babel/runtime/helpers/asyncToGenerator.js:3:17)
      at _throw (node_modules/@babel/runtime/helpers/asyncToGenerator.js:20:9)

PASS __test__/AdminDashboard.test.jsx
  ● Console

    console.error
      An update to AdminDashboard inside a test was not wrapped in act(...).
      
      When testing, code that causes React state updates should be wrapped into act(...):
      
      act(() => {
        /* fire events that update state */
      });
      /* assert on the output */
      
      This ensures that you're testing the behavior the user would see in the browser. Learn more at https://react.dev/link/wrap-tests-with-act

    [0m [90m 44 |[39m       ])[33m;[39m
     [90m 45 |[39m
    [31m[1m>[22m[39m[90m 46 |[39m       setStats({
     [90m    |[39m       [31m[1m^[22m[39m
     [90m 47 |[39m         totalRevenue[33m:[39m revenueRes[33m.[39mdata[33m.[39mtotalRevenue [33m||[39m [35m0[39m[33m,[39m
     [90m 48 |[39m         totalOrders[33m:[39m revenueRes[33m.[39mdata[33m.[39mtotalOrders [33m||[39m [35m0[39m[33m,[39m
     [90m 49 |[39m         availableTables[33m:[39m[0m

      at node_modules/react-test-renderer/cjs/react-test-renderer.development.js:11801:19
      at runWithFiberInDEV (node_modules/react-test-renderer/cjs/react-test-renderer.development.js:1574:13)
      at warnIfUpdatesNotWrappedWithActDEV (node_modules/react-test-renderer/cjs/react-test-renderer.development.js:11800:9)
      at scheduleUpdateOnFiber (node_modules/react-test-renderer/cjs/react-test-renderer.development.js:10326:9)
      at dispatchSetStateInternal (node_modules/react-test-renderer/cjs/react-test-renderer.development.js:4148:13)
      at dispatchSetState (node_modules/react-test-renderer/cjs/react-test-renderer.development.js:4107:7)
      at setStats (app/admin/index.jsx:46:7)
      at asyncGeneratorStep (node_modules/@babel/runtime/helpers/asyncToGenerator.js:3:17)
      at _next (node_modules/@babel/runtime/helpers/asyncToGenerator.js:17:9)

    console.error
      An update to AdminDashboard inside a test was not wrapped in act(...).
      
      When testing, code that causes React state updates should be wrapped into act(...):
      
      act(() => {
        /* fire events that update state */
      });
      /* assert on the output */
      
      This ensures that you're testing the behavior the user would see in the browser. Learn more at https://react.dev/link/wrap-tests-with-act

    [0m [90m 57 |[39m       [33mAlert[39m[33m.[39malert([32m'Error'[39m[33m,[39m [32m'Failed to load dashboard data'[39m)[33m;[39m
     [90m 58 |[39m     } [36mfinally[39m {
    [31m[1m>[22m[39m[90m 59 |[39m       setLoading([36mfalse[39m)[33m;[39m
     [90m    |[39m       [31m[1m^[22m[39m
     [90m 60 |[39m     }
     [90m 61 |[39m   }[33m;[39m
     [90m 62 |[39m[0m

      at node_modules/react-test-renderer/cjs/react-test-renderer.development.js:11801:19
      at runWithFiberInDEV (node_modules/react-test-renderer/cjs/react-test-renderer.development.js:1574:13)
      at warnIfUpdatesNotWrappedWithActDEV (node_modules/react-test-renderer/cjs/react-test-renderer.development.js:11800:9)
      at scheduleUpdateOnFiber (node_modules/react-test-renderer/cjs/react-test-renderer.development.js:10326:9)
      at dispatchSetStateInternal (node_modules/react-test-renderer/cjs/react-test-renderer.development.js:4148:13)
      at dispatchSetState (node_modules/react-test-renderer/cjs/react-test-renderer.development.js:4107:7)
      at setLoading (app/admin/index.jsx:59:7)
      at asyncGeneratorStep (node_modules/@babel/runtime/helpers/asyncToGenerator.js:3:17)
      at _next (node_modules/@babel/runtime/helpers/asyncToGenerator.js:17:9)

    console.error
      An update to AdminDashboard inside a test was not wrapped in act(...).
      
      When testing, code that causes React state updates should be wrapped into act(...):
      
      act(() => {
        /* fire events that update state */
      });
      /* assert on the output */
      
      This ensures that you're testing the behavior the user would see in the browser. Learn more at https://react.dev/link/wrap-tests-with-act

    [0m [90m 44 |[39m       ])[33m;[39m
     [90m 45 |[39m
    [31m[1m>[22m[39m[90m 46 |[39m       setStats({
     [90m    |[39m       [31m[1m^[22m[39m
     [90m 47 |[39m         totalRevenue[33m:[39m revenueRes[33m.[39mdata[33m.[39mtotalRevenue [33m||[39m [35m0[39m[33m,[39m
     [90m 48 |[39m         totalOrders[33m:[39m revenueRes[33m.[39mdata[33m.[39mtotalOrders [33m||[39m [35m0[39m[33m,[39m
     [90m 49 |[39m         availableTables[33m:[39m[0m

      at node_modules/react-test-renderer/cjs/react-test-renderer.development.js:11801:19
      at runWithFiberInDEV (node_modules/react-test-renderer/cjs/react-test-renderer.development.js:1574:13)
      at warnIfUpdatesNotWrappedWithActDEV (node_modules/react-test-renderer/cjs/react-test-renderer.development.js:11800:9)
      at scheduleUpdateOnFiber (node_modules/react-test-renderer/cjs/react-test-renderer.development.js:10326:9)
      at dispatchSetStateInternal (node_modules/react-test-renderer/cjs/react-test-renderer.development.js:4148:13)
      at dispatchSetState (node_modules/react-test-renderer/cjs/react-test-renderer.development.js:4107:7)
      at setStats (app/admin/index.jsx:46:7)
      at asyncGeneratorStep (node_modules/@babel/runtime/helpers/asyncToGenerator.js:3:17)
      at _next (node_modules/@babel/runtime/helpers/asyncToGenerator.js:17:9)

    console.error
      An update to AdminDashboard inside a test was not wrapped in act(...).
      
      When testing, code that causes React state updates should be wrapped into act(...):
      
      act(() => {
        /* fire events that update state */
      });
      /* assert on the output */
      
      This ensures that you're testing the behavior the user would see in the browser. Learn more at https://react.dev/link/wrap-tests-with-act

    [0m [90m 57 |[39m       [33mAlert[39m[33m.[39malert([32m'Error'[39m[33m,[39m [32m'Failed to load dashboard data'[39m)[33m;[39m
     [90m 58 |[39m     } [36mfinally[39m {
    [31m[1m>[22m[39m[90m 59 |[39m       setLoading([36mfalse[39m)[33m;[39m
     [90m    |[39m       [31m[1m^[22m[39m
     [90m 60 |[39m     }
     [90m 61 |[39m   }[33m;[39m
     [90m 62 |[39m[0m

      at node_modules/react-test-renderer/cjs/react-test-renderer.development.js:11801:19
      at runWithFiberInDEV (node_modules/react-test-renderer/cjs/react-test-renderer.development.js:1574:13)
      at warnIfUpdatesNotWrappedWithActDEV (node_modules/react-test-renderer/cjs/react-test-renderer.development.js:11800:9)
      at scheduleUpdateOnFiber (node_modules/react-test-renderer/cjs/react-test-renderer.development.js:10326:9)
      at dispatchSetStateInternal (node_modules/react-test-renderer/cjs/react-test-renderer.development.js:4148:13)
      at dispatchSetState (node_modules/react-test-renderer/cjs/react-test-renderer.development.js:4107:7)
      at setLoading (app/admin/index.jsx:59:7)
      at asyncGeneratorStep (node_modules/@babel/runtime/helpers/asyncToGenerator.js:3:17)
      at _next (node_modules/@babel/runtime/helpers/asyncToGenerator.js:17:9)

    console.error
      An update to AdminDashboard inside a test was not wrapped in act(...).
      
      When testing, code that causes React state updates should be wrapped into act(...):
      
      act(() => {
        /* fire events that update state */
      });
      /* assert on the output */
      
      This ensures that you're testing the behavior the user would see in the browser. Learn more at https://react.dev/link/wrap-tests-with-act

    [0m [90m 44 |[39m       ])[33m;[39m
     [90m 45 |[39m
    [31m[1m>[22m[39m[90m 46 |[39m       setStats({
     [90m    |[39m       [31m[1m^[22m[39m
     [90m 47 |[39m         totalRevenue[33m:[39m revenueRes[33m.[39mdata[33m.[39mtotalRevenue [33m||[39m [35m0[39m[33m,[39m
     [90m 48 |[39m         totalOrders[33m:[39m revenueRes[33m.[39mdata[33m.[39mtotalOrders [33m||[39m [35m0[39m[33m,[39m
     [90m 49 |[39m         availableTables[33m:[39m[0m

      at node_modules/react-test-renderer/cjs/react-test-renderer.development.js:11801:19
      at runWithFiberInDEV (node_modules/react-test-renderer/cjs/react-test-renderer.development.js:1574:13)
      at warnIfUpdatesNotWrappedWithActDEV (node_modules/react-test-renderer/cjs/react-test-renderer.development.js:11800:9)
      at scheduleUpdateOnFiber (node_modules/react-test-renderer/cjs/react-test-renderer.development.js:10326:9)
      at dispatchSetStateInternal (node_modules/react-test-renderer/cjs/react-test-renderer.development.js:4148:13)
      at dispatchSetState (node_modules/react-test-renderer/cjs/react-test-renderer.development.js:4107:7)
      at setStats (app/admin/index.jsx:46:7)
      at asyncGeneratorStep (node_modules/@babel/runtime/helpers/asyncToGenerator.js:3:17)
      at _next (node_modules/@babel/runtime/helpers/asyncToGenerator.js:17:9)

    console.error
      An update to AdminDashboard inside a test was not wrapped in act(...).
      
      When testing, code that causes React state updates should be wrapped into act(...):
      
      act(() => {
        /* fire events that update state */
      });
      /* assert on the output */
      
      This ensures that you're testing the behavior the user would see in the browser. Learn more at https://react.dev/link/wrap-tests-with-act

    [0m [90m 57 |[39m       [33mAlert[39m[33m.[39malert([32m'Error'[39m[33m,[39m [32m'Failed to load dashboard data'[39m)[33m;[39m
     [90m 58 |[39m     } [36mfinally[39m {
    [31m[1m>[22m[39m[90m 59 |[39m       setLoading([36mfalse[39m)[33m;[39m
     [90m    |[39m       [31m[1m^[22m[39m
     [90m 60 |[39m     }
     [90m 61 |[39m   }[33m;[39m
     [90m 62 |[39m[0m

      at node_modules/react-test-renderer/cjs/react-test-renderer.development.js:11801:19
      at runWithFiberInDEV (node_modules/react-test-renderer/cjs/react-test-renderer.development.js:1574:13)
      at warnIfUpdatesNotWrappedWithActDEV (node_modules/react-test-renderer/cjs/react-test-renderer.development.js:11800:9)
      at scheduleUpdateOnFiber (node_modules/react-test-renderer/cjs/react-test-renderer.development.js:10326:9)
      at dispatchSetStateInternal (node_modules/react-test-renderer/cjs/react-test-renderer.development.js:4148:13)
      at dispatchSetState (node_modules/react-test-renderer/cjs/react-test-renderer.development.js:4107:7)
      at setLoading (app/admin/index.jsx:59:7)
      at asyncGeneratorStep (node_modules/@babel/runtime/helpers/asyncToGenerator.js:3:17)
      at _next (node_modules/@babel/runtime/helpers/asyncToGenerator.js:17:9)

    console.error
      An update to AdminDashboard inside a test was not wrapped in act(...).
      
      When testing, code that causes React state updates should be wrapped into act(...):
      
      act(() => {
        /* fire events that update state */
      });
      /* assert on the output */
      
      This ensures that you're testing the behavior the user would see in the browser. Learn more at https://react.dev/link/wrap-tests-with-act

    [0m [90m 44 |[39m       ])[33m;[39m
     [90m 45 |[39m
    [31m[1m>[22m[39m[90m 46 |[39m       setStats({
     [90m    |[39m       [31m[1m^[22m[39m
     [90m 47 |[39m         totalRevenue[33m:[39m revenueRes[33m.[39mdata[33m.[39mtotalRevenue [33m||[39m [35m0[39m[33m,[39m
     [90m 48 |[39m         totalOrders[33m:[39m revenueRes[33m.[39mdata[33m.[39mtotalOrders [33m||[39m [35m0[39m[33m,[39m
     [90m 49 |[39m         availableTables[33m:[39m[0m

      at node_modules/react-test-renderer/cjs/react-test-renderer.development.js:11801:19
      at runWithFiberInDEV (node_modules/react-test-renderer/cjs/react-test-renderer.development.js:1574:13)
      at warnIfUpdatesNotWrappedWithActDEV (node_modules/react-test-renderer/cjs/react-test-renderer.development.js:11800:9)
      at scheduleUpdateOnFiber (node_modules/react-test-renderer/cjs/react-test-renderer.development.js:10326:9)
      at dispatchSetStateInternal (node_modules/react-test-renderer/cjs/react-test-renderer.development.js:4148:13)
      at dispatchSetState (node_modules/react-test-renderer/cjs/react-test-renderer.development.js:4107:7)
      at setStats (app/admin/index.jsx:46:7)
      at asyncGeneratorStep (node_modules/@babel/runtime/helpers/asyncToGenerator.js:3:17)
      at _next (node_modules/@babel/runtime/helpers/asyncToGenerator.js:17:9)

    console.error
      An update to AdminDashboard inside a test was not wrapped in act(...).
      
      When testing, code that causes React state updates should be wrapped into act(...):
      
      act(() => {
        /* fire events that update state */
      });
      /* assert on the output */
      
      This ensures that you're testing the behavior the user would see in the browser. Learn more at https://react.dev/link/wrap-tests-with-act

    [0m [90m 57 |[39m       [33mAlert[39m[33m.[39malert([32m'Error'[39m[33m,[39m [32m'Failed to load dashboard data'[39m)[33m;[39m
     [90m 58 |[39m     } [36mfinally[39m {
    [31m[1m>[22m[39m[90m 59 |[39m       setLoading([36mfalse[39m)[33m;[39m
     [90m    |[39m       [31m[1m^[22m[39m
     [90m 60 |[39m     }
     [90m 61 |[39m   }[33m;[39m
     [90m 62 |[39m[0m

      at node_modules/react-test-renderer/cjs/react-test-renderer.development.js:11801:19
      at runWithFiberInDEV (node_modules/react-test-renderer/cjs/react-test-renderer.development.js:1574:13)
      at warnIfUpdatesNotWrappedWithActDEV (node_modules/react-test-renderer/cjs/react-test-renderer.development.js:11800:9)
      at scheduleUpdateOnFiber (node_modules/react-test-renderer/cjs/react-test-renderer.development.js:10326:9)
      at dispatchSetStateInternal (node_modules/react-test-renderer/cjs/react-test-renderer.development.js:4148:13)
      at dispatchSetState (node_modules/react-test-renderer/cjs/react-test-renderer.development.js:4107:7)
      at setLoading (app/admin/index.jsx:59:7)
      at asyncGeneratorStep (node_modules/@babel/runtime/helpers/asyncToGenerator.js:3:17)
      at _next (node_modules/@babel/runtime/helpers/asyncToGenerator.js:17:9)

    console.error
      An update to AdminDashboard inside a test was not wrapped in act(...).
      
      When testing, code that causes React state updates should be wrapped into act(...):
      
      act(() => {
        /* fire events that update state */
      });
      /* assert on the output */
      
      This ensures that you're testing the behavior the user would see in the browser. Learn more at https://react.dev/link/wrap-tests-with-act

    [0m [90m 44 |[39m       ])[33m;[39m
     [90m 45 |[39m
    [31m[1m>[22m[39m[90m 46 |[39m       setStats({
     [90m    |[39m       [31m[1m^[22m[39m
     [90m 47 |[39m         totalRevenue[33m:[39m revenueRes[33m.[39mdata[33m.[39mtotalRevenue [33m||[39m [35m0[39m[33m,[39m
     [90m 48 |[39m         totalOrders[33m:[39m revenueRes[33m.[39mdata[33m.[39mtotalOrders [33m||[39m [35m0[39m[33m,[39m
     [90m 49 |[39m         availableTables[33m:[39m[0m

      at node_modules/react-test-renderer/cjs/react-test-renderer.development.js:11801:19
      at runWithFiberInDEV (node_modules/react-test-renderer/cjs/react-test-renderer.development.js:1574:13)
      at warnIfUpdatesNotWrappedWithActDEV (node_modules/react-test-renderer/cjs/react-test-renderer.development.js:11800:9)
      at scheduleUpdateOnFiber (node_modules/react-test-renderer/cjs/react-test-renderer.development.js:10326:9)
      at dispatchSetStateInternal (node_modules/react-test-renderer/cjs/react-test-renderer.development.js:4148:13)
      at dispatchSetState (node_modules/react-test-renderer/cjs/react-test-renderer.development.js:4107:7)
      at setStats (app/admin/index.jsx:46:7)
      at asyncGeneratorStep (node_modules/@babel/runtime/helpers/asyncToGenerator.js:3:17)
      at _next (node_modules/@babel/runtime/helpers/asyncToGenerator.js:17:9)

    console.error
      An update to AdminDashboard inside a test was not wrapped in act(...).
      
      When testing, code that causes React state updates should be wrapped into act(...):
      
      act(() => {
        /* fire events that update state */
      });
      /* assert on the output */
      
      This ensures that you're testing the behavior the user would see in the browser. Learn more at https://react.dev/link/wrap-tests-with-act

    [0m [90m 57 |[39m       [33mAlert[39m[33m.[39malert([32m'Error'[39m[33m,[39m [32m'Failed to load dashboard data'[39m)[33m;[39m
     [90m 58 |[39m     } [36mfinally[39m {
    [31m[1m>[22m[39m[90m 59 |[39m       setLoading([36mfalse[39m)[33m;[39m
     [90m    |[39m       [31m[1m^[22m[39m
     [90m 60 |[39m     }
     [90m 61 |[39m   }[33m;[39m
     [90m 62 |[39m[0m

      at node_modules/react-test-renderer/cjs/react-test-renderer.development.js:11801:19
      at runWithFiberInDEV (node_modules/react-test-renderer/cjs/react-test-renderer.development.js:1574:13)
      at warnIfUpdatesNotWrappedWithActDEV (node_modules/react-test-renderer/cjs/react-test-renderer.development.js:11800:9)
      at scheduleUpdateOnFiber (node_modules/react-test-renderer/cjs/react-test-renderer.development.js:10326:9)
      at dispatchSetStateInternal (node_modules/react-test-renderer/cjs/react-test-renderer.development.js:4148:13)
      at dispatchSetState (node_modules/react-test-renderer/cjs/react-test-renderer.development.js:4107:7)
      at setLoading (app/admin/index.jsx:59:7)
      at asyncGeneratorStep (node_modules/@babel/runtime/helpers/asyncToGenerator.js:3:17)
      at _next (node_modules/@babel/runtime/helpers/asyncToGenerator.js:17:9)

    console.error
      Error fetching dashboard data: Error: API Error
          at Object.<anonymous> (D:\Mobile\MobileProjectFinal\frontend\__test__\AdminDashboard.test.jsx:73:33)
          at Generator.next (<anonymous>)
          at asyncGeneratorStep (D:\Mobile\MobileProjectFinal\frontend\node_modules\@babel\runtime\helpers\asyncToGenerator.js:3:17)
          at _next (D:\Mobile\MobileProjectFinal\frontend\node_modules\@babel\runtime\helpers\asyncToGenerator.js:17:9)
          at D:\Mobile\MobileProjectFinal\frontend\node_modules\@babel\runtime\helpers\asyncToGenerator.js:22:7
          at new Promise (<anonymous>)
          at Object.<anonymous> (D:\Mobile\MobileProjectFinal\frontend\node_modules\@babel\runtime\helpers\asyncToGenerator.js:14:12)
          at Promise.then.completed (D:\Mobile\MobileProjectFinal\frontend\node_modules\jest-circus\build\utils.js:298:28)
          at new Promise (<anonymous>)
          at callAsyncCircusFn (D:\Mobile\MobileProjectFinal\frontend\node_modules\jest-circus\build\utils.js:231:10)
          at _callCircusTest (D:\Mobile\MobileProjectFinal\frontend\node_modules\jest-circus\build\run.js:316:40)
          at _runTest (D:\Mobile\MobileProjectFinal\frontend\node_modules\jest-circus\build\run.js:252:3)
          at _runTestsForDescribeBlock (D:\Mobile\MobileProjectFinal\frontend\node_modules\jest-circus\build\run.js:126:9)
          at _runTestsForDescribeBlock (D:\Mobile\MobileProjectFinal\frontend\node_modules\jest-circus\build\run.js:121:9)
          at run (D:\Mobile\MobileProjectFinal\frontend\node_modules\jest-circus\build\run.js:71:3)
          at runAndTransformResultsToJestFormat (D:\Mobile\MobileProjectFinal\frontend\node_modules\jest-circus\build\legacy-code-todo-rewrite\jestAdapterInit.js:122:21)
          at jestAdapter (D:\Mobile\MobileProjectFinal\frontend\node_modules\jest-circus\build\legacy-code-todo-rewrite\jestAdapter.js:79:19)
          at runTestInternal (d:\Mobile\MobileProjectFinal\frontend\node_modules\jest-runner\build\runTest.js:367:16)
          at runTest (d:\Mobile\MobileProjectFinal\frontend\node_modules\jest-runner\build\runTest.js:444:34)
          at Object.worker (d:\Mobile\MobileProjectFinal\frontend\node_modules\jest-runner\build\testWorker.js:106:12)

    [0m [90m 54 |[39m       })[33m;[39m
     [90m 55 |[39m     } [36mcatch[39m (error) {
    [31m[1m>[22m[39m[90m 56 |[39m       console[33m.[39merror([32m'Error fetching dashboard data:'[39m[33m,[39m error)[33m;[39m
     [90m    |[39m               [31m[1m^[22m[39m
     [90m 57 |[39m       [33mAlert[39m[33m.[39malert([32m'Error'[39m[33m,[39m [32m'Failed to load dashboard data'[39m)[33m;[39m
     [90m 58 |[39m     } [36mfinally[39m {
     [90m 59 |[39m       setLoading([36mfalse[39m)[33m;[39m[0m

      at error (app/admin/index.jsx:56:15)
          at Generator.throw (<anonymous>)
      at asyncGeneratorStep (node_modules/@babel/runtime/helpers/asyncToGenerator.js:3:17)
      at _throw (node_modules/@babel/runtime/helpers/asyncToGenerator.js:20:9)

    console.error
      An update to AdminDashboard inside a test was not wrapped in act(...).
      
      When testing, code that causes React state updates should be wrapped into act(...):
      
      act(() => {
        /* fire events that update state */
      });
      /* assert on the output */
      
      This ensures that you're testing the behavior the user would see in the browser. Learn more at https://react.dev/link/wrap-tests-with-act

    [0m [90m 57 |[39m       [33mAlert[39m[33m.[39malert([32m'Error'[39m[33m,[39m [32m'Failed to load dashboard data'[39m)[33m;[39m
     [90m 58 |[39m     } [36mfinally[39m {
    [31m[1m>[22m[39m[90m 59 |[39m       setLoading([36mfalse[39m)[33m;[39m
     [90m    |[39m       [31m[1m^[22m[39m
     [90m 60 |[39m     }
     [90m 61 |[39m   }[33m;[39m
     [90m 62 |[39m[0m

      at node_modules/react-test-renderer/cjs/react-test-renderer.development.js:11801:19
      at runWithFiberInDEV (node_modules/react-test-renderer/cjs/react-test-renderer.development.js:1574:13)
      at warnIfUpdatesNotWrappedWithActDEV (node_modules/react-test-renderer/cjs/react-test-renderer.development.js:11800:9)
      at scheduleUpdateOnFiber (node_modules/react-test-renderer/cjs/react-test-renderer.development.js:10326:9)
      at dispatchSetStateInternal (node_modules/react-test-renderer/cjs/react-test-renderer.development.js:4148:13)
      at dispatchSetState (node_modules/react-test-renderer/cjs/react-test-renderer.development.js:4107:7)
      at setLoading (app/admin/index.jsx:59:7)
          at Generator.throw (<anonymous>)
      at asyncGeneratorStep (node_modules/@babel/runtime/helpers/asyncToGenerator.js:3:17)
      at _throw (node_modules/@babel/runtime/helpers/asyncToGenerator.js:20:9)

PASS __test__/UserTables.test.jsx
  ● Console

    console.error
      An update to UserTables inside a test was not wrapped in act(...).
      
      When testing, code that causes React state updates should be wrapped into act(...):
      
      act(() => {
        /* fire events that update state */
      });
      /* assert on the output */
      
      This ensures that you're testing the behavior the user would see in the browser. Learn more at https://react.dev/link/wrap-tests-with-act

    [0m [90m 42 |[39m       })[33m;[39m
     [90m 43 |[39m
    [31m[1m>[22m[39m[90m 44 |[39m       setTables(response[33m.[39mdata[33m.[39mtables [33m||[39m [])[33m;[39m
     [90m    |[39m       [31m[1m^[22m[39m
     [90m 45 |[39m       setFilteredTables(response[33m.[39mdata[33m.[39mtables [33m||[39m [])[33m;[39m
     [90m 46 |[39m     } [36mcatch[39m (error) {
     [90m 47 |[39m       console[33m.[39merror([32m'Error fetching tables:'[39m[33m,[39m error)[33m;[39m[0m

      at node_modules/react-test-renderer/cjs/react-test-renderer.development.js:11801:19
      at runWithFiberInDEV (node_modules/react-test-renderer/cjs/react-test-renderer.development.js:1574:13)
      at warnIfUpdatesNotWrappedWithActDEV (node_modules/react-test-renderer/cjs/react-test-renderer.development.js:11800:9)
      at scheduleUpdateOnFiber (node_modules/react-test-renderer/cjs/react-test-renderer.development.js:10326:9)
      at dispatchSetStateInternal (node_modules/react-test-renderer/cjs/react-test-renderer.development.js:4148:13)
      at dispatchSetState (node_modules/react-test-renderer/cjs/react-test-renderer.development.js:4107:7)
      at setTables (app/user/tables.jsx:44:7)
      at asyncGeneratorStep (node_modules/@babel/runtime/helpers/asyncToGenerator.js:3:17)
      at _next (node_modules/@babel/runtime/helpers/asyncToGenerator.js:17:9)

    console.error
      An update to UserTables inside a test was not wrapped in act(...).
      
      When testing, code that causes React state updates should be wrapped into act(...):
      
      act(() => {
        /* fire events that update state */
      });
      /* assert on the output */
      
      This ensures that you're testing the behavior the user would see in the browser. Learn more at https://react.dev/link/wrap-tests-with-act

    [0m [90m 43 |[39m
     [90m 44 |[39m       setTables(response[33m.[39mdata[33m.[39mtables [33m||[39m [])[33m;[39m
    [31m[1m>[22m[39m[90m 45 |[39m       setFilteredTables(response[33m.[39mdata[33m.[39mtables [33m||[39m [])[33m;[39m
     [90m    |[39m       [31m[1m^[22m[39m
     [90m 46 |[39m     } [36mcatch[39m (error) {
     [90m 47 |[39m       console[33m.[39merror([32m'Error fetching tables:'[39m[33m,[39m error)[33m;[39m
     [90m 48 |[39m       [33mAlert[39m[33m.[39malert([32m'Error'[39m[33m,[39m [32m'Failed to load tables'[39m)[33m;[39m[0m

      at node_modules/react-test-renderer/cjs/react-test-renderer.development.js:11801:19
      at runWithFiberInDEV (node_modules/react-test-renderer/cjs/react-test-renderer.development.js:1574:13)
      at warnIfUpdatesNotWrappedWithActDEV (node_modules/react-test-renderer/cjs/react-test-renderer.development.js:11800:9)
      at scheduleUpdateOnFiber (node_modules/react-test-renderer/cjs/react-test-renderer.development.js:10326:9)
      at dispatchSetStateInternal (node_modules/react-test-renderer/cjs/react-test-renderer.development.js:4148:13)
      at dispatchSetState (node_modules/react-test-renderer/cjs/react-test-renderer.development.js:4107:7)
      at setFilteredTables (app/user/tables.jsx:45:7)
      at asyncGeneratorStep (node_modules/@babel/runtime/helpers/asyncToGenerator.js:3:17)
      at _next (node_modules/@babel/runtime/helpers/asyncToGenerator.js:17:9)

    console.error
      An update to UserTables inside a test was not wrapped in act(...).
      
      When testing, code that causes React state updates should be wrapped into act(...):
      
      act(() => {
        /* fire events that update state */
      });
      /* assert on the output */
      
      This ensures that you're testing the behavior the user would see in the browser. Learn more at https://react.dev/link/wrap-tests-with-act

    [0m [90m 48 |[39m       [33mAlert[39m[33m.[39malert([32m'Error'[39m[33m,[39m [32m'Failed to load tables'[39m)[33m;[39m
     [90m 49 |[39m     } [36mfinally[39m {
    [31m[1m>[22m[39m[90m 50 |[39m       setLoading([36mfalse[39m)[33m;[39m
     [90m    |[39m       [31m[1m^[22m[39m
     [90m 51 |[39m     }
     [90m 52 |[39m   }[33m;[39m
     [90m 53 |[39m[0m

      at node_modules/react-test-renderer/cjs/react-test-renderer.development.js:11801:19
      at runWithFiberInDEV (node_modules/react-test-renderer/cjs/react-test-renderer.development.js:1574:13)
      at warnIfUpdatesNotWrappedWithActDEV (node_modules/react-test-renderer/cjs/react-test-renderer.development.js:11800:9)
      at scheduleUpdateOnFiber (node_modules/react-test-renderer/cjs/react-test-renderer.development.js:10326:9)
      at dispatchSetStateInternal (node_modules/react-test-renderer/cjs/react-test-renderer.development.js:4148:13)
      at dispatchSetState (node_modules/react-test-renderer/cjs/react-test-renderer.development.js:4107:7)
      at setLoading (app/user/tables.jsx:50:7)
      at asyncGeneratorStep (node_modules/@babel/runtime/helpers/asyncToGenerator.js:3:17)
      at _next (node_modules/@babel/runtime/helpers/asyncToGenerator.js:17:9)

    console.error
      An update to UserTables inside a test was not wrapped in act(...).
      
      When testing, code that causes React state updates should be wrapped into act(...):
      
      act(() => {
        /* fire events that update state */
      });
      /* assert on the output */
      
      This ensures that you're testing the behavior the user would see in the browser. Learn more at https://react.dev/link/wrap-tests-with-act

    [0m [90m 42 |[39m       })[33m;[39m
     [90m 43 |[39m
    [31m[1m>[22m[39m[90m 44 |[39m       setTables(response[33m.[39mdata[33m.[39mtables [33m||[39m [])[33m;[39m
     [90m    |[39m       [31m[1m^[22m[39m
     [90m 45 |[39m       setFilteredTables(response[33m.[39mdata[33m.[39mtables [33m||[39m [])[33m;[39m
     [90m 46 |[39m     } [36mcatch[39m (error) {
     [90m 47 |[39m       console[33m.[39merror([32m'Error fetching tables:'[39m[33m,[39m error)[33m;[39m[0m

      at node_modules/react-test-renderer/cjs/react-test-renderer.development.js:11801:19
      at runWithFiberInDEV (node_modules/react-test-renderer/cjs/react-test-renderer.development.js:1574:13)
      at warnIfUpdatesNotWrappedWithActDEV (node_modules/react-test-renderer/cjs/react-test-renderer.development.js:11800:9)
      at scheduleUpdateOnFiber (node_modules/react-test-renderer/cjs/react-test-renderer.development.js:10326:9)
      at dispatchSetStateInternal (node_modules/react-test-renderer/cjs/react-test-renderer.development.js:4148:13)
      at dispatchSetState (node_modules/react-test-renderer/cjs/react-test-renderer.development.js:4107:7)
      at setTables (app/user/tables.jsx:44:7)
      at asyncGeneratorStep (node_modules/@babel/runtime/helpers/asyncToGenerator.js:3:17)
      at _next (node_modules/@babel/runtime/helpers/asyncToGenerator.js:17:9)

    console.error
      An update to UserTables inside a test was not wrapped in act(...).
      
      When testing, code that causes React state updates should be wrapped into act(...):
      
      act(() => {
        /* fire events that update state */
      });
      /* assert on the output */
      
      This ensures that you're testing the behavior the user would see in the browser. Learn more at https://react.dev/link/wrap-tests-with-act

    [0m [90m 43 |[39m
     [90m 44 |[39m       setTables(response[33m.[39mdata[33m.[39mtables [33m||[39m [])[33m;[39m
    [31m[1m>[22m[39m[90m 45 |[39m       setFilteredTables(response[33m.[39mdata[33m.[39mtables [33m||[39m [])[33m;[39m
     [90m    |[39m       [31m[1m^[22m[39m
     [90m 46 |[39m     } [36mcatch[39m (error) {
     [90m 47 |[39m       console[33m.[39merror([32m'Error fetching tables:'[39m[33m,[39m error)[33m;[39m
     [90m 48 |[39m       [33mAlert[39m[33m.[39malert([32m'Error'[39m[33m,[39m [32m'Failed to load tables'[39m)[33m;[39m[0m

      at node_modules/react-test-renderer/cjs/react-test-renderer.development.js:11801:19
      at runWithFiberInDEV (node_modules/react-test-renderer/cjs/react-test-renderer.development.js:1574:13)
      at warnIfUpdatesNotWrappedWithActDEV (node_modules/react-test-renderer/cjs/react-test-renderer.development.js:11800:9)
      at scheduleUpdateOnFiber (node_modules/react-test-renderer/cjs/react-test-renderer.development.js:10326:9)
      at dispatchSetStateInternal (node_modules/react-test-renderer/cjs/react-test-renderer.development.js:4148:13)
      at dispatchSetState (node_modules/react-test-renderer/cjs/react-test-renderer.development.js:4107:7)
      at setFilteredTables (app/user/tables.jsx:45:7)
      at asyncGeneratorStep (node_modules/@babel/runtime/helpers/asyncToGenerator.js:3:17)
      at _next (node_modules/@babel/runtime/helpers/asyncToGenerator.js:17:9)

    console.error
      An update to UserTables inside a test was not wrapped in act(...).
      
      When testing, code that causes React state updates should be wrapped into act(...):
      
      act(() => {
        /* fire events that update state */
      });
      /* assert on the output */
      
      This ensures that you're testing the behavior the user would see in the browser. Learn more at https://react.dev/link/wrap-tests-with-act

    [0m [90m 48 |[39m       [33mAlert[39m[33m.[39malert([32m'Error'[39m[33m,[39m [32m'Failed to load tables'[39m)[33m;[39m
     [90m 49 |[39m     } [36mfinally[39m {
    [31m[1m>[22m[39m[90m 50 |[39m       setLoading([36mfalse[39m)[33m;[39m
     [90m    |[39m       [31m[1m^[22m[39m
     [90m 51 |[39m     }
     [90m 52 |[39m   }[33m;[39m
     [90m 53 |[39m[0m

      at node_modules/react-test-renderer/cjs/react-test-renderer.development.js:11801:19
      at runWithFiberInDEV (node_modules/react-test-renderer/cjs/react-test-renderer.development.js:1574:13)
      at warnIfUpdatesNotWrappedWithActDEV (node_modules/react-test-renderer/cjs/react-test-renderer.development.js:11800:9)
      at scheduleUpdateOnFiber (node_modules/react-test-renderer/cjs/react-test-renderer.development.js:10326:9)
      at dispatchSetStateInternal (node_modules/react-test-renderer/cjs/react-test-renderer.development.js:4148:13)
      at dispatchSetState (node_modules/react-test-renderer/cjs/react-test-renderer.development.js:4107:7)
      at setLoading (app/user/tables.jsx:50:7)
      at asyncGeneratorStep (node_modules/@babel/runtime/helpers/asyncToGenerator.js:3:17)
      at _next (node_modules/@babel/runtime/helpers/asyncToGenerator.js:17:9)

    console.error
      An update to UserTables inside a test was not wrapped in act(...).
      
      When testing, code that causes React state updates should be wrapped into act(...):
      
      act(() => {
        /* fire events that update state */
      });
      /* assert on the output */
      
      This ensures that you're testing the behavior the user would see in the browser. Learn more at https://react.dev/link/wrap-tests-with-act

    [0m [90m 42 |[39m       })[33m;[39m
     [90m 43 |[39m
    [31m[1m>[22m[39m[90m 44 |[39m       setTables(response[33m.[39mdata[33m.[39mtables [33m||[39m [])[33m;[39m
     [90m    |[39m       [31m[1m^[22m[39m
     [90m 45 |[39m       setFilteredTables(response[33m.[39mdata[33m.[39mtables [33m||[39m [])[33m;[39m
     [90m 46 |[39m     } [36mcatch[39m (error) {
     [90m 47 |[39m       console[33m.[39merror([32m'Error fetching tables:'[39m[33m,[39m error)[33m;[39m[0m

      at node_modules/react-test-renderer/cjs/react-test-renderer.development.js:11801:19
      at runWithFiberInDEV (node_modules/react-test-renderer/cjs/react-test-renderer.development.js:1574:13)
      at warnIfUpdatesNotWrappedWithActDEV (node_modules/react-test-renderer/cjs/react-test-renderer.development.js:11800:9)
      at scheduleUpdateOnFiber (node_modules/react-test-renderer/cjs/react-test-renderer.development.js:10326:9)
      at dispatchSetStateInternal (node_modules/react-test-renderer/cjs/react-test-renderer.development.js:4148:13)
      at dispatchSetState (node_modules/react-test-renderer/cjs/react-test-renderer.development.js:4107:7)
      at setTables (app/user/tables.jsx:44:7)
      at asyncGeneratorStep (node_modules/@babel/runtime/helpers/asyncToGenerator.js:3:17)
      at _next (node_modules/@babel/runtime/helpers/asyncToGenerator.js:17:9)

    console.error
      An update to UserTables inside a test was not wrapped in act(...).
      
      When testing, code that causes React state updates should be wrapped into act(...):
      
      act(() => {
        /* fire events that update state */
      });
      /* assert on the output */
      
      This ensures that you're testing the behavior the user would see in the browser. Learn more at https://react.dev/link/wrap-tests-with-act

    [0m [90m 43 |[39m
     [90m 44 |[39m       setTables(response[33m.[39mdata[33m.[39mtables [33m||[39m [])[33m;[39m
    [31m[1m>[22m[39m[90m 45 |[39m       setFilteredTables(response[33m.[39mdata[33m.[39mtables [33m||[39m [])[33m;[39m
     [90m    |[39m       [31m[1m^[22m[39m
     [90m 46 |[39m     } [36mcatch[39m (error) {
     [90m 47 |[39m       console[33m.[39merror([32m'Error fetching tables:'[39m[33m,[39m error)[33m;[39m
     [90m 48 |[39m       [33mAlert[39m[33m.[39malert([32m'Error'[39m[33m,[39m [32m'Failed to load tables'[39m)[33m;[39m[0m

      at node_modules/react-test-renderer/cjs/react-test-renderer.development.js:11801:19
      at runWithFiberInDEV (node_modules/react-test-renderer/cjs/react-test-renderer.development.js:1574:13)
      at warnIfUpdatesNotWrappedWithActDEV (node_modules/react-test-renderer/cjs/react-test-renderer.development.js:11800:9)
      at scheduleUpdateOnFiber (node_modules/react-test-renderer/cjs/react-test-renderer.development.js:10326:9)
      at dispatchSetStateInternal (node_modules/react-test-renderer/cjs/react-test-renderer.development.js:4148:13)
      at dispatchSetState (node_modules/react-test-renderer/cjs/react-test-renderer.development.js:4107:7)
      at setFilteredTables (app/user/tables.jsx:45:7)
      at asyncGeneratorStep (node_modules/@babel/runtime/helpers/asyncToGenerator.js:3:17)
      at _next (node_modules/@babel/runtime/helpers/asyncToGenerator.js:17:9)

    console.error
      An update to UserTables inside a test was not wrapped in act(...).
      
      When testing, code that causes React state updates should be wrapped into act(...):
      
      act(() => {
        /* fire events that update state */
      });
      /* assert on the output */
      
      This ensures that you're testing the behavior the user would see in the browser. Learn more at https://react.dev/link/wrap-tests-with-act

    [0m [90m 48 |[39m       [33mAlert[39m[33m.[39malert([32m'Error'[39m[33m,[39m [32m'Failed to load tables'[39m)[33m;[39m
     [90m 49 |[39m     } [36mfinally[39m {
    [31m[1m>[22m[39m[90m 50 |[39m       setLoading([36mfalse[39m)[33m;[39m
     [90m    |[39m       [31m[1m^[22m[39m
     [90m 51 |[39m     }
     [90m 52 |[39m   }[33m;[39m
     [90m 53 |[39m[0m

      at node_modules/react-test-renderer/cjs/react-test-renderer.development.js:11801:19
      at runWithFiberInDEV (node_modules/react-test-renderer/cjs/react-test-renderer.development.js:1574:13)
      at warnIfUpdatesNotWrappedWithActDEV (node_modules/react-test-renderer/cjs/react-test-renderer.development.js:11800:9)
      at scheduleUpdateOnFiber (node_modules/react-test-renderer/cjs/react-test-renderer.development.js:10326:9)
      at dispatchSetStateInternal (node_modules/react-test-renderer/cjs/react-test-renderer.development.js:4148:13)
      at dispatchSetState (node_modules/react-test-renderer/cjs/react-test-renderer.development.js:4107:7)
      at setLoading (app/user/tables.jsx:50:7)
      at asyncGeneratorStep (node_modules/@babel/runtime/helpers/asyncToGenerator.js:3:17)
      at _next (node_modules/@babel/runtime/helpers/asyncToGenerator.js:17:9)

    console.error
      An update to UserTables inside a test was not wrapped in act(...).
      
      When testing, code that causes React state updates should be wrapped into act(...):
      
      act(() => {
        /* fire events that update state */
      });
      /* assert on the output */
      
      This ensures that you're testing the behavior the user would see in the browser. Learn more at https://react.dev/link/wrap-tests-with-act

    [0m [90m 42 |[39m       })[33m;[39m
     [90m 43 |[39m
    [31m[1m>[22m[39m[90m 44 |[39m       setTables(response[33m.[39mdata[33m.[39mtables [33m||[39m [])[33m;[39m
     [90m    |[39m       [31m[1m^[22m[39m
     [90m 45 |[39m       setFilteredTables(response[33m.[39mdata[33m.[39mtables [33m||[39m [])[33m;[39m
     [90m 46 |[39m     } [36mcatch[39m (error) {
     [90m 47 |[39m       console[33m.[39merror([32m'Error fetching tables:'[39m[33m,[39m error)[33m;[39m[0m

      at node_modules/react-test-renderer/cjs/react-test-renderer.development.js:11801:19
      at runWithFiberInDEV (node_modules/react-test-renderer/cjs/react-test-renderer.development.js:1574:13)
      at warnIfUpdatesNotWrappedWithActDEV (node_modules/react-test-renderer/cjs/react-test-renderer.development.js:11800:9)
      at scheduleUpdateOnFiber (node_modules/react-test-renderer/cjs/react-test-renderer.development.js:10326:9)
      at dispatchSetStateInternal (node_modules/react-test-renderer/cjs/react-test-renderer.development.js:4148:13)
      at dispatchSetState (node_modules/react-test-renderer/cjs/react-test-renderer.development.js:4107:7)
      at setTables (app/user/tables.jsx:44:7)
      at asyncGeneratorStep (node_modules/@babel/runtime/helpers/asyncToGenerator.js:3:17)
      at _next (node_modules/@babel/runtime/helpers/asyncToGenerator.js:17:9)

    console.error
      An update to UserTables inside a test was not wrapped in act(...).
      
      When testing, code that causes React state updates should be wrapped into act(...):
      
      act(() => {
        /* fire events that update state */
      });
      /* assert on the output */
      
      This ensures that you're testing the behavior the user would see in the browser. Learn more at https://react.dev/link/wrap-tests-with-act

    [0m [90m 43 |[39m
     [90m 44 |[39m       setTables(response[33m.[39mdata[33m.[39mtables [33m||[39m [])[33m;[39m
    [31m[1m>[22m[39m[90m 45 |[39m       setFilteredTables(response[33m.[39mdata[33m.[39mtables [33m||[39m [])[33m;[39m
     [90m    |[39m       [31m[1m^[22m[39m
     [90m 46 |[39m     } [36mcatch[39m (error) {
     [90m 47 |[39m       console[33m.[39merror([32m'Error fetching tables:'[39m[33m,[39m error)[33m;[39m
     [90m 48 |[39m       [33mAlert[39m[33m.[39malert([32m'Error'[39m[33m,[39m [32m'Failed to load tables'[39m)[33m;[39m[0m

      at node_modules/react-test-renderer/cjs/react-test-renderer.development.js:11801:19
      at runWithFiberInDEV (node_modules/react-test-renderer/cjs/react-test-renderer.development.js:1574:13)
      at warnIfUpdatesNotWrappedWithActDEV (node_modules/react-test-renderer/cjs/react-test-renderer.development.js:11800:9)
      at scheduleUpdateOnFiber (node_modules/react-test-renderer/cjs/react-test-renderer.development.js:10326:9)
      at dispatchSetStateInternal (node_modules/react-test-renderer/cjs/react-test-renderer.development.js:4148:13)
      at dispatchSetState (node_modules/react-test-renderer/cjs/react-test-renderer.development.js:4107:7)
      at setFilteredTables (app/user/tables.jsx:45:7)
      at asyncGeneratorStep (node_modules/@babel/runtime/helpers/asyncToGenerator.js:3:17)
      at _next (node_modules/@babel/runtime/helpers/asyncToGenerator.js:17:9)

    console.error
      An update to UserTables inside a test was not wrapped in act(...).
      
      When testing, code that causes React state updates should be wrapped into act(...):
      
      act(() => {
        /* fire events that update state */
      });
      /* assert on the output */
      
      This ensures that you're testing the behavior the user would see in the browser. Learn more at https://react.dev/link/wrap-tests-with-act

    [0m [90m 48 |[39m       [33mAlert[39m[33m.[39malert([32m'Error'[39m[33m,[39m [32m'Failed to load tables'[39m)[33m;[39m
     [90m 49 |[39m     } [36mfinally[39m {
    [31m[1m>[22m[39m[90m 50 |[39m       setLoading([36mfalse[39m)[33m;[39m
     [90m    |[39m       [31m[1m^[22m[39m
     [90m 51 |[39m     }
     [90m 52 |[39m   }[33m;[39m
     [90m 53 |[39m[0m

      at node_modules/react-test-renderer/cjs/react-test-renderer.development.js:11801:19
      at runWithFiberInDEV (node_modules/react-test-renderer/cjs/react-test-renderer.development.js:1574:13)
      at warnIfUpdatesNotWrappedWithActDEV (node_modules/react-test-renderer/cjs/react-test-renderer.development.js:11800:9)
      at scheduleUpdateOnFiber (node_modules/react-test-renderer/cjs/react-test-renderer.development.js:10326:9)
      at dispatchSetStateInternal (node_modules/react-test-renderer/cjs/react-test-renderer.development.js:4148:13)
      at dispatchSetState (node_modules/react-test-renderer/cjs/react-test-renderer.development.js:4107:7)
      at setLoading (app/user/tables.jsx:50:7)
      at asyncGeneratorStep (node_modules/@babel/runtime/helpers/asyncToGenerator.js:3:17)
      at _next (node_modules/@babel/runtime/helpers/asyncToGenerator.js:17:9)

    console.error
      Error fetching tables: Error: API Error
          at Object.<anonymous> (D:\Mobile\MobileProjectFinal\frontend\__test__\UserTables.test.jsx:63:33)
          at Generator.next (<anonymous>)
          at asyncGeneratorStep (D:\Mobile\MobileProjectFinal\frontend\node_modules\@babel\runtime\helpers\asyncToGenerator.js:3:17)
          at _next (D:\Mobile\MobileProjectFinal\frontend\node_modules\@babel\runtime\helpers\asyncToGenerator.js:17:9)
          at D:\Mobile\MobileProjectFinal\frontend\node_modules\@babel\runtime\helpers\asyncToGenerator.js:22:7
          at new Promise (<anonymous>)
          at Object.<anonymous> (D:\Mobile\MobileProjectFinal\frontend\node_modules\@babel\runtime\helpers\asyncToGenerator.js:14:12)
          at Promise.then.completed (D:\Mobile\MobileProjectFinal\frontend\node_modules\jest-circus\build\utils.js:298:28)
          at new Promise (<anonymous>)
          at callAsyncCircusFn (D:\Mobile\MobileProjectFinal\frontend\node_modules\jest-circus\build\utils.js:231:10)
          at _callCircusTest (D:\Mobile\MobileProjectFinal\frontend\node_modules\jest-circus\build\run.js:316:40)
          at _runTest (D:\Mobile\MobileProjectFinal\frontend\node_modules\jest-circus\build\run.js:252:3)
          at _runTestsForDescribeBlock (D:\Mobile\MobileProjectFinal\frontend\node_modules\jest-circus\build\run.js:126:9)
          at _runTestsForDescribeBlock (D:\Mobile\MobileProjectFinal\frontend\node_modules\jest-circus\build\run.js:121:9)
          at run (D:\Mobile\MobileProjectFinal\frontend\node_modules\jest-circus\build\run.js:71:3)
          at runAndTransformResultsToJestFormat (D:\Mobile\MobileProjectFinal\frontend\node_modules\jest-circus\build\legacy-code-todo-rewrite\jestAdapterInit.js:122:21)
          at jestAdapter (D:\Mobile\MobileProjectFinal\frontend\node_modules\jest-circus\build\legacy-code-todo-rewrite\jestAdapter.js:79:19)
          at runTestInternal (d:\Mobile\MobileProjectFinal\frontend\node_modules\jest-runner\build\runTest.js:367:16)
          at runTest (d:\Mobile\MobileProjectFinal\frontend\node_modules\jest-runner\build\runTest.js:444:34)
          at Object.worker (d:\Mobile\MobileProjectFinal\frontend\node_modules\jest-runner\build\testWorker.js:106:12)

    [0m [90m 45 |[39m       setFilteredTables(response[33m.[39mdata[33m.[39mtables [33m||[39m [])[33m;[39m
     [90m 46 |[39m     } [36mcatch[39m (error) {
    [31m[1m>[22m[39m[90m 47 |[39m       console[33m.[39merror([32m'Error fetching tables:'[39m[33m,[39m error)[33m;[39m
     [90m    |[39m               [31m[1m^[22m[39m
     [90m 48 |[39m       [33mAlert[39m[33m.[39malert([32m'Error'[39m[33m,[39m [32m'Failed to load tables'[39m)[33m;[39m
     [90m 49 |[39m     } [36mfinally[39m {
     [90m 50 |[39m       setLoading([36mfalse[39m)[33m;[39m[0m

      at error (app/user/tables.jsx:47:15)
          at Generator.throw (<anonymous>)
      at asyncGeneratorStep (node_modules/@babel/runtime/helpers/asyncToGenerator.js:3:17)
      at _throw (node_modules/@babel/runtime/helpers/asyncToGenerator.js:20:9)

    console.error
      An update to UserTables inside a test was not wrapped in act(...).
      
      When testing, code that causes React state updates should be wrapped into act(...):
      
      act(() => {
        /* fire events that update state */
      });
      /* assert on the output */
      
      This ensures that you're testing the behavior the user would see in the browser. Learn more at https://react.dev/link/wrap-tests-with-act

    [0m [90m 48 |[39m       [33mAlert[39m[33m.[39malert([32m'Error'[39m[33m,[39m [32m'Failed to load tables'[39m)[33m;[39m
     [90m 49 |[39m     } [36mfinally[39m {
    [31m[1m>[22m[39m[90m 50 |[39m       setLoading([36mfalse[39m)[33m;[39m
     [90m    |[39m       [31m[1m^[22m[39m
     [90m 51 |[39m     }
     [90m 52 |[39m   }[33m;[39m
     [90m 53 |[39m[0m

      at node_modules/react-test-renderer/cjs/react-test-renderer.development.js:11801:19
      at runWithFiberInDEV (node_modules/react-test-renderer/cjs/react-test-renderer.development.js:1574:13)
      at warnIfUpdatesNotWrappedWithActDEV (node_modules/react-test-renderer/cjs/react-test-renderer.development.js:11800:9)
      at scheduleUpdateOnFiber (node_modules/react-test-renderer/cjs/react-test-renderer.development.js:10326:9)
      at dispatchSetStateInternal (node_modules/react-test-renderer/cjs/react-test-renderer.development.js:4148:13)
      at dispatchSetState (node_modules/react-test-renderer/cjs/react-test-renderer.development.js:4107:7)
      at setLoading (app/user/tables.jsx:50:7)
          at Generator.throw (<anonymous>)
      at asyncGeneratorStep (node_modules/@babel/runtime/helpers/asyncToGenerator.js:3:17)
      at _throw (node_modules/@babel/runtime/helpers/asyncToGenerator.js:20:9)

PASS __test__/Signin.test.jsx
  ● Console

    console.log
      Error checking login status: Error: Storage error
          at Object.<anonymous> (D:\Mobile\MobileProjectFinal\frontend\__test__\Signin.test.jsx:58:44)
          at Generator.next (<anonymous>)
          at asyncGeneratorStep (D:\Mobile\MobileProjectFinal\frontend\node_modules\@babel\runtime\helpers\asyncToGenerator.js:3:17)
          at _next (D:\Mobile\MobileProjectFinal\frontend\node_modules\@babel\runtime\helpers\asyncToGenerator.js:17:9)
          at D:\Mobile\MobileProjectFinal\frontend\node_modules\@babel\runtime\helpers\asyncToGenerator.js:22:7
          at new Promise (<anonymous>)
          at Object.<anonymous> (D:\Mobile\MobileProjectFinal\frontend\node_modules\@babel\runtime\helpers\asyncToGenerator.js:14:12)
          at Promise.then.completed (D:\Mobile\MobileProjectFinal\frontend\node_modules\jest-circus\build\utils.js:298:28)
          at new Promise (<anonymous>)
          at callAsyncCircusFn (D:\Mobile\MobileProjectFinal\frontend\node_modules\jest-circus\build\utils.js:231:10)
          at _callCircusTest (D:\Mobile\MobileProjectFinal\frontend\node_modules\jest-circus\build\run.js:316:40)
          at _runTest (D:\Mobile\MobileProjectFinal\frontend\node_modules\jest-circus\build\run.js:252:3)
          at _runTestsForDescribeBlock (D:\Mobile\MobileProjectFinal\frontend\node_modules\jest-circus\build\run.js:126:9)
          at _runTestsForDescribeBlock (D:\Mobile\MobileProjectFinal\frontend\node_modules\jest-circus\build\run.js:121:9)
          at run (D:\Mobile\MobileProjectFinal\frontend\node_modules\jest-circus\build\run.js:71:3)
          at runAndTransformResultsToJestFormat (D:\Mobile\MobileProjectFinal\frontend\node_modules\jest-circus\build\legacy-code-todo-rewrite\jestAdapterInit.js:122:21)
          at jestAdapter (D:\Mobile\MobileProjectFinal\frontend\node_modules\jest-circus\build\legacy-code-todo-rewrite\jestAdapter.js:79:19)
          at runTestInternal (d:\Mobile\MobileProjectFinal\frontend\node_modules\jest-runner\build\runTest.js:367:16)
          at runTest (d:\Mobile\MobileProjectFinal\frontend\node_modules\jest-runner\build\runTest.js:444:34)
          at Object.worker (d:\Mobile\MobileProjectFinal\frontend\node_modules\jest-runner\build\testWorker.js:106:12)

      at log (app/screens/Signin.jsx:38:15)
          at Generator.throw (<anonymous>)

PASS __test__/UserProfile.test.jsx
  ● Console

    console.error
      An update to UserProfile inside a test was not wrapped in act(...).
      
      When testing, code that causes React state updates should be wrapped into act(...):
      
      act(() => {
        /* fire events that update state */
      });
      /* assert on the output */
      
      This ensures that you're testing the behavior the user would see in the browser. Learn more at https://react.dev/link/wrap-tests-with-act

    [0m [90m 40 |[39m
     [90m 41 |[39m       [36mconst[39m userData [33m=[39m response[33m.[39mdata[33m.[39muser[33m;[39m
    [31m[1m>[22m[39m[90m 42 |[39m       setUser(userData)[33m;[39m
     [90m    |[39m       [31m[1m^[22m[39m
     [90m 43 |[39m       setFormData({
     [90m 44 |[39m         displayName[33m:[39m userData[33m.[39mdisplayName [33m||[39m [32m''[39m[33m,[39m
     [90m 45 |[39m         bio[33m:[39m userData[33m.[39mbio [33m||[39m [32m''[39m[33m,[39m[0m

      at node_modules/react-test-renderer/cjs/react-test-renderer.development.js:11801:19
      at runWithFiberInDEV (node_modules/react-test-renderer/cjs/react-test-renderer.development.js:1574:13)
      at warnIfUpdatesNotWrappedWithActDEV (node_modules/react-test-renderer/cjs/react-test-renderer.development.js:11800:9)
      at scheduleUpdateOnFiber (node_modules/react-test-renderer/cjs/react-test-renderer.development.js:10326:9)
      at dispatchSetStateInternal (node_modules/react-test-renderer/cjs/react-test-renderer.development.js:4148:13)
      at dispatchSetState (node_modules/react-test-renderer/cjs/react-test-renderer.development.js:4107:7)
      at setUser (app/user/profile.jsx:42:7)
      at asyncGeneratorStep (node_modules/@babel/runtime/helpers/asyncToGenerator.js:3:17)
      at _next (node_modules/@babel/runtime/helpers/asyncToGenerator.js:17:9)

    console.error
      An update to UserProfile inside a test was not wrapped in act(...).
      
      When testing, code that causes React state updates should be wrapped into act(...):
      
      act(() => {
        /* fire events that update state */
      });
      /* assert on the output */
      
      This ensures that you're testing the behavior the user would see in the browser. Learn more at https://react.dev/link/wrap-tests-with-act

    [0m [90m 41 |[39m       [36mconst[39m userData [33m=[39m response[33m.[39mdata[33m.[39muser[33m;[39m
     [90m 42 |[39m       setUser(userData)[33m;[39m
    [31m[1m>[22m[39m[90m 43 |[39m       setFormData({
     [90m    |[39m       [31m[1m^[22m[39m
     [90m 44 |[39m         displayName[33m:[39m userData[33m.[39mdisplayName [33m||[39m [32m''[39m[33m,[39m
     [90m 45 |[39m         bio[33m:[39m userData[33m.[39mbio [33m||[39m [32m''[39m[33m,[39m
     [90m 46 |[39m         phone[33m:[39m userData[33m.[39mphone [33m||[39m [32m''[39m[33m,[39m[0m

      at node_modules/react-test-renderer/cjs/react-test-renderer.development.js:11801:19
      at runWithFiberInDEV (node_modules/react-test-renderer/cjs/react-test-renderer.development.js:1574:13)
      at warnIfUpdatesNotWrappedWithActDEV (node_modules/react-test-renderer/cjs/react-test-renderer.development.js:11800:9)
      at scheduleUpdateOnFiber (node_modules/react-test-renderer/cjs/react-test-renderer.development.js:10326:9)
      at dispatchSetStateInternal (node_modules/react-test-renderer/cjs/react-test-renderer.development.js:4148:13)
      at dispatchSetState (node_modules/react-test-renderer/cjs/react-test-renderer.development.js:4107:7)
      at setFormData (app/user/profile.jsx:43:7)
      at asyncGeneratorStep (node_modules/@babel/runtime/helpers/asyncToGenerator.js:3:17)
      at _next (node_modules/@babel/runtime/helpers/asyncToGenerator.js:17:9)

    console.error
      An update to UserProfile inside a test was not wrapped in act(...).
      
      When testing, code that causes React state updates should be wrapped into act(...):
      
      act(() => {
        /* fire events that update state */
      });
      /* assert on the output */
      
      This ensures that you're testing the behavior the user would see in the browser. Learn more at https://react.dev/link/wrap-tests-with-act

    [0m [90m 50 |[39m       [33mAlert[39m[33m.[39malert([32m'Error'[39m[33m,[39m [32m'Failed to load profile'[39m)[33m;[39m
     [90m 51 |[39m     } [36mfinally[39m {
    [31m[1m>[22m[39m[90m 52 |[39m       setLoading([36mfalse[39m)[33m;[39m
     [90m    |[39m       [31m[1m^[22m[39m
     [90m 53 |[39m     }
     [90m 54 |[39m   }[33m;[39m
     [90m 55 |[39m[0m

      at node_modules/react-test-renderer/cjs/react-test-renderer.development.js:11801:19
      at runWithFiberInDEV (node_modules/react-test-renderer/cjs/react-test-renderer.development.js:1574:13)
      at warnIfUpdatesNotWrappedWithActDEV (node_modules/react-test-renderer/cjs/react-test-renderer.development.js:11800:9)
      at scheduleUpdateOnFiber (node_modules/react-test-renderer/cjs/react-test-renderer.development.js:10326:9)
      at dispatchSetStateInternal (node_modules/react-test-renderer/cjs/react-test-renderer.development.js:4148:13)
      at dispatchSetState (node_modules/react-test-renderer/cjs/react-test-renderer.development.js:4107:7)
      at setLoading (app/user/profile.jsx:52:7)
      at asyncGeneratorStep (node_modules/@babel/runtime/helpers/asyncToGenerator.js:3:17)
      at _next (node_modules/@babel/runtime/helpers/asyncToGenerator.js:17:9)

    console.error
      An update to UserProfile inside a test was not wrapped in act(...).
      
      When testing, code that causes React state updates should be wrapped into act(...):
      
      act(() => {
        /* fire events that update state */
      });
      /* assert on the output */
      
      This ensures that you're testing the behavior the user would see in the browser. Learn more at https://react.dev/link/wrap-tests-with-act

    [0m [90m 40 |[39m
     [90m 41 |[39m       [36mconst[39m userData [33m=[39m response[33m.[39mdata[33m.[39muser[33m;[39m
    [31m[1m>[22m[39m[90m 42 |[39m       setUser(userData)[33m;[39m
     [90m    |[39m       [31m[1m^[22m[39m
     [90m 43 |[39m       setFormData({
     [90m 44 |[39m         displayName[33m:[39m userData[33m.[39mdisplayName [33m||[39m [32m''[39m[33m,[39m
     [90m 45 |[39m         bio[33m:[39m userData[33m.[39mbio [33m||[39m [32m''[39m[33m,[39m[0m

      at node_modules/react-test-renderer/cjs/react-test-renderer.development.js:11801:19
      at runWithFiberInDEV (node_modules/react-test-renderer/cjs/react-test-renderer.development.js:1574:13)
      at warnIfUpdatesNotWrappedWithActDEV (node_modules/react-test-renderer/cjs/react-test-renderer.development.js:11800:9)
      at scheduleUpdateOnFiber (node_modules/react-test-renderer/cjs/react-test-renderer.development.js:10326:9)
      at dispatchSetStateInternal (node_modules/react-test-renderer/cjs/react-test-renderer.development.js:4148:13)
      at dispatchSetState (node_modules/react-test-renderer/cjs/react-test-renderer.development.js:4107:7)
      at setUser (app/user/profile.jsx:42:7)
      at asyncGeneratorStep (node_modules/@babel/runtime/helpers/asyncToGenerator.js:3:17)
      at _next (node_modules/@babel/runtime/helpers/asyncToGenerator.js:17:9)

    console.error
      An update to UserProfile inside a test was not wrapped in act(...).
      
      When testing, code that causes React state updates should be wrapped into act(...):
      
      act(() => {
        /* fire events that update state */
      });
      /* assert on the output */
      
      This ensures that you're testing the behavior the user would see in the browser. Learn more at https://react.dev/link/wrap-tests-with-act

    [0m [90m 41 |[39m       [36mconst[39m userData [33m=[39m response[33m.[39mdata[33m.[39muser[33m;[39m
     [90m 42 |[39m       setUser(userData)[33m;[39m
    [31m[1m>[22m[39m[90m 43 |[39m       setFormData({
     [90m    |[39m       [31m[1m^[22m[39m
     [90m 44 |[39m         displayName[33m:[39m userData[33m.[39mdisplayName [33m||[39m [32m''[39m[33m,[39m
     [90m 45 |[39m         bio[33m:[39m userData[33m.[39mbio [33m||[39m [32m''[39m[33m,[39m
     [90m 46 |[39m         phone[33m:[39m userData[33m.[39mphone [33m||[39m [32m''[39m[33m,[39m[0m

      at node_modules/react-test-renderer/cjs/react-test-renderer.development.js:11801:19
      at runWithFiberInDEV (node_modules/react-test-renderer/cjs/react-test-renderer.development.js:1574:13)
      at warnIfUpdatesNotWrappedWithActDEV (node_modules/react-test-renderer/cjs/react-test-renderer.development.js:11800:9)
      at scheduleUpdateOnFiber (node_modules/react-test-renderer/cjs/react-test-renderer.development.js:10326:9)
      at dispatchSetStateInternal (node_modules/react-test-renderer/cjs/react-test-renderer.development.js:4148:13)
      at dispatchSetState (node_modules/react-test-renderer/cjs/react-test-renderer.development.js:4107:7)
      at setFormData (app/user/profile.jsx:43:7)
      at asyncGeneratorStep (node_modules/@babel/runtime/helpers/asyncToGenerator.js:3:17)
      at _next (node_modules/@babel/runtime/helpers/asyncToGenerator.js:17:9)

    console.error
      An update to UserProfile inside a test was not wrapped in act(...).
      
      When testing, code that causes React state updates should be wrapped into act(...):
      
      act(() => {
        /* fire events that update state */
      });
      /* assert on the output */
      
      This ensures that you're testing the behavior the user would see in the browser. Learn more at https://react.dev/link/wrap-tests-with-act

    [0m [90m 50 |[39m       [33mAlert[39m[33m.[39malert([32m'Error'[39m[33m,[39m [32m'Failed to load profile'[39m)[33m;[39m
     [90m 51 |[39m     } [36mfinally[39m {
    [31m[1m>[22m[39m[90m 52 |[39m       setLoading([36mfalse[39m)[33m;[39m
     [90m    |[39m       [31m[1m^[22m[39m
     [90m 53 |[39m     }
     [90m 54 |[39m   }[33m;[39m
     [90m 55 |[39m[0m

      at node_modules/react-test-renderer/cjs/react-test-renderer.development.js:11801:19
      at runWithFiberInDEV (node_modules/react-test-renderer/cjs/react-test-renderer.development.js:1574:13)
      at warnIfUpdatesNotWrappedWithActDEV (node_modules/react-test-renderer/cjs/react-test-renderer.development.js:11800:9)
      at scheduleUpdateOnFiber (node_modules/react-test-renderer/cjs/react-test-renderer.development.js:10326:9)
      at dispatchSetStateInternal (node_modules/react-test-renderer/cjs/react-test-renderer.development.js:4148:13)
      at dispatchSetState (node_modules/react-test-renderer/cjs/react-test-renderer.development.js:4107:7)
      at setLoading (app/user/profile.jsx:52:7)
      at asyncGeneratorStep (node_modules/@babel/runtime/helpers/asyncToGenerator.js:3:17)
      at _next (node_modules/@babel/runtime/helpers/asyncToGenerator.js:17:9)

    console.error
      An update to UserProfile inside a test was not wrapped in act(...).
      
      When testing, code that causes React state updates should be wrapped into act(...):
      
      act(() => {
        /* fire events that update state */
      });
      /* assert on the output */
      
      This ensures that you're testing the behavior the user would see in the browser. Learn more at https://react.dev/link/wrap-tests-with-act

    [0m [90m 40 |[39m
     [90m 41 |[39m       [36mconst[39m userData [33m=[39m response[33m.[39mdata[33m.[39muser[33m;[39m
    [31m[1m>[22m[39m[90m 42 |[39m       setUser(userData)[33m;[39m
     [90m    |[39m       [31m[1m^[22m[39m
     [90m 43 |[39m       setFormData({
     [90m 44 |[39m         displayName[33m:[39m userData[33m.[39mdisplayName [33m||[39m [32m''[39m[33m,[39m
     [90m 45 |[39m         bio[33m:[39m userData[33m.[39mbio [33m||[39m [32m''[39m[33m,[39m[0m

      at node_modules/react-test-renderer/cjs/react-test-renderer.development.js:11801:19
      at runWithFiberInDEV (node_modules/react-test-renderer/cjs/react-test-renderer.development.js:1574:13)
      at warnIfUpdatesNotWrappedWithActDEV (node_modules/react-test-renderer/cjs/react-test-renderer.development.js:11800:9)
      at scheduleUpdateOnFiber (node_modules/react-test-renderer/cjs/react-test-renderer.development.js:10326:9)
      at dispatchSetStateInternal (node_modules/react-test-renderer/cjs/react-test-renderer.development.js:4148:13)
      at dispatchSetState (node_modules/react-test-renderer/cjs/react-test-renderer.development.js:4107:7)
      at setUser (app/user/profile.jsx:42:7)
      at asyncGeneratorStep (node_modules/@babel/runtime/helpers/asyncToGenerator.js:3:17)
      at _next (node_modules/@babel/runtime/helpers/asyncToGenerator.js:17:9)

    console.error
      An update to UserProfile inside a test was not wrapped in act(...).
      
      When testing, code that causes React state updates should be wrapped into act(...):
      
      act(() => {
        /* fire events that update state */
      });
      /* assert on the output */
      
      This ensures that you're testing the behavior the user would see in the browser. Learn more at https://react.dev/link/wrap-tests-with-act

    [0m [90m 41 |[39m       [36mconst[39m userData [33m=[39m response[33m.[39mdata[33m.[39muser[33m;[39m
     [90m 42 |[39m       setUser(userData)[33m;[39m
    [31m[1m>[22m[39m[90m 43 |[39m       setFormData({
     [90m    |[39m       [31m[1m^[22m[39m
     [90m 44 |[39m         displayName[33m:[39m userData[33m.[39mdisplayName [33m||[39m [32m''[39m[33m,[39m
     [90m 45 |[39m         bio[33m:[39m userData[33m.[39mbio [33m||[39m [32m''[39m[33m,[39m
     [90m 46 |[39m         phone[33m:[39m userData[33m.[39mphone [33m||[39m [32m''[39m[33m,[39m[0m

      at node_modules/react-test-renderer/cjs/react-test-renderer.development.js:11801:19
      at runWithFiberInDEV (node_modules/react-test-renderer/cjs/react-test-renderer.development.js:1574:13)
      at warnIfUpdatesNotWrappedWithActDEV (node_modules/react-test-renderer/cjs/react-test-renderer.development.js:11800:9)
      at scheduleUpdateOnFiber (node_modules/react-test-renderer/cjs/react-test-renderer.development.js:10326:9)
      at dispatchSetStateInternal (node_modules/react-test-renderer/cjs/react-test-renderer.development.js:4148:13)
      at dispatchSetState (node_modules/react-test-renderer/cjs/react-test-renderer.development.js:4107:7)
      at setFormData (app/user/profile.jsx:43:7)
      at asyncGeneratorStep (node_modules/@babel/runtime/helpers/asyncToGenerator.js:3:17)
      at _next (node_modules/@babel/runtime/helpers/asyncToGenerator.js:17:9)

    console.error
      An update to UserProfile inside a test was not wrapped in act(...).
      
      When testing, code that causes React state updates should be wrapped into act(...):
      
      act(() => {
        /* fire events that update state */
      });
      /* assert on the output */
      
      This ensures that you're testing the behavior the user would see in the browser. Learn more at https://react.dev/link/wrap-tests-with-act

    [0m [90m 50 |[39m       [33mAlert[39m[33m.[39malert([32m'Error'[39m[33m,[39m [32m'Failed to load profile'[39m)[33m;[39m
     [90m 51 |[39m     } [36mfinally[39m {
    [31m[1m>[22m[39m[90m 52 |[39m       setLoading([36mfalse[39m)[33m;[39m
     [90m    |[39m       [31m[1m^[22m[39m
     [90m 53 |[39m     }
     [90m 54 |[39m   }[33m;[39m
     [90m 55 |[39m[0m

      at node_modules/react-test-renderer/cjs/react-test-renderer.development.js:11801:19
      at runWithFiberInDEV (node_modules/react-test-renderer/cjs/react-test-renderer.development.js:1574:13)
      at warnIfUpdatesNotWrappedWithActDEV (node_modules/react-test-renderer/cjs/react-test-renderer.development.js:11800:9)
      at scheduleUpdateOnFiber (node_modules/react-test-renderer/cjs/react-test-renderer.development.js:10326:9)
      at dispatchSetStateInternal (node_modules/react-test-renderer/cjs/react-test-renderer.development.js:4148:13)
      at dispatchSetState (node_modules/react-test-renderer/cjs/react-test-renderer.development.js:4107:7)
      at setLoading (app/user/profile.jsx:52:7)
      at asyncGeneratorStep (node_modules/@babel/runtime/helpers/asyncToGenerator.js:3:17)
      at _next (node_modules/@babel/runtime/helpers/asyncToGenerator.js:17:9)

    console.error
      An update to UserProfile inside a test was not wrapped in act(...).
      
      When testing, code that causes React state updates should be wrapped into act(...):
      
      act(() => {
        /* fire events that update state */
      });
      /* assert on the output */
      
      This ensures that you're testing the behavior the user would see in the browser. Learn more at https://react.dev/link/wrap-tests-with-act

    [0m [90m 40 |[39m
     [90m 41 |[39m       [36mconst[39m userData [33m=[39m response[33m.[39mdata[33m.[39muser[33m;[39m
    [31m[1m>[22m[39m[90m 42 |[39m       setUser(userData)[33m;[39m
     [90m    |[39m       [31m[1m^[22m[39m
     [90m 43 |[39m       setFormData({
     [90m 44 |[39m         displayName[33m:[39m userData[33m.[39mdisplayName [33m||[39m [32m''[39m[33m,[39m
     [90m 45 |[39m         bio[33m:[39m userData[33m.[39mbio [33m||[39m [32m''[39m[33m,[39m[0m

      at node_modules/react-test-renderer/cjs/react-test-renderer.development.js:11801:19
      at runWithFiberInDEV (node_modules/react-test-renderer/cjs/react-test-renderer.development.js:1574:13)
      at warnIfUpdatesNotWrappedWithActDEV (node_modules/react-test-renderer/cjs/react-test-renderer.development.js:11800:9)
      at scheduleUpdateOnFiber (node_modules/react-test-renderer/cjs/react-test-renderer.development.js:10326:9)
      at dispatchSetStateInternal (node_modules/react-test-renderer/cjs/react-test-renderer.development.js:4148:13)
      at dispatchSetState (node_modules/react-test-renderer/cjs/react-test-renderer.development.js:4107:7)
      at setUser (app/user/profile.jsx:42:7)
      at asyncGeneratorStep (node_modules/@babel/runtime/helpers/asyncToGenerator.js:3:17)
      at _next (node_modules/@babel/runtime/helpers/asyncToGenerator.js:17:9)

    console.error
      An update to UserProfile inside a test was not wrapped in act(...).
      
      When testing, code that causes React state updates should be wrapped into act(...):
      
      act(() => {
        /* fire events that update state */
      });
      /* assert on the output */
      
      This ensures that you're testing the behavior the user would see in the browser. Learn more at https://react.dev/link/wrap-tests-with-act

    [0m [90m 41 |[39m       [36mconst[39m userData [33m=[39m response[33m.[39mdata[33m.[39muser[33m;[39m
     [90m 42 |[39m       setUser(userData)[33m;[39m
    [31m[1m>[22m[39m[90m 43 |[39m       setFormData({
     [90m    |[39m       [31m[1m^[22m[39m
     [90m 44 |[39m         displayName[33m:[39m userData[33m.[39mdisplayName [33m||[39m [32m''[39m[33m,[39m
     [90m 45 |[39m         bio[33m:[39m userData[33m.[39mbio [33m||[39m [32m''[39m[33m,[39m
     [90m 46 |[39m         phone[33m:[39m userData[33m.[39mphone [33m||[39m [32m''[39m[33m,[39m[0m

      at node_modules/react-test-renderer/cjs/react-test-renderer.development.js:11801:19
      at runWithFiberInDEV (node_modules/react-test-renderer/cjs/react-test-renderer.development.js:1574:13)
      at warnIfUpdatesNotWrappedWithActDEV (node_modules/react-test-renderer/cjs/react-test-renderer.development.js:11800:9)
      at scheduleUpdateOnFiber (node_modules/react-test-renderer/cjs/react-test-renderer.development.js:10326:9)
      at dispatchSetStateInternal (node_modules/react-test-renderer/cjs/react-test-renderer.development.js:4148:13)
      at dispatchSetState (node_modules/react-test-renderer/cjs/react-test-renderer.development.js:4107:7)
      at setFormData (app/user/profile.jsx:43:7)
      at asyncGeneratorStep (node_modules/@babel/runtime/helpers/asyncToGenerator.js:3:17)
      at _next (node_modules/@babel/runtime/helpers/asyncToGenerator.js:17:9)

    console.error
      An update to UserProfile inside a test was not wrapped in act(...).
      
      When testing, code that causes React state updates should be wrapped into act(...):
      
      act(() => {
        /* fire events that update state */
      });
      /* assert on the output */
      
      This ensures that you're testing the behavior the user would see in the browser. Learn more at https://react.dev/link/wrap-tests-with-act

    [0m [90m 50 |[39m       [33mAlert[39m[33m.[39malert([32m'Error'[39m[33m,[39m [32m'Failed to load profile'[39m)[33m;[39m
     [90m 51 |[39m     } [36mfinally[39m {
    [31m[1m>[22m[39m[90m 52 |[39m       setLoading([36mfalse[39m)[33m;[39m
     [90m    |[39m       [31m[1m^[22m[39m
     [90m 53 |[39m     }
     [90m 54 |[39m   }[33m;[39m
     [90m 55 |[39m[0m

      at node_modules/react-test-renderer/cjs/react-test-renderer.development.js:11801:19
      at runWithFiberInDEV (node_modules/react-test-renderer/cjs/react-test-renderer.development.js:1574:13)
      at warnIfUpdatesNotWrappedWithActDEV (node_modules/react-test-renderer/cjs/react-test-renderer.development.js:11800:9)
      at scheduleUpdateOnFiber (node_modules/react-test-renderer/cjs/react-test-renderer.development.js:10326:9)
      at dispatchSetStateInternal (node_modules/react-test-renderer/cjs/react-test-renderer.development.js:4148:13)
      at dispatchSetState (node_modules/react-test-renderer/cjs/react-test-renderer.development.js:4107:7)
      at setLoading (app/user/profile.jsx:52:7)
      at asyncGeneratorStep (node_modules/@babel/runtime/helpers/asyncToGenerator.js:3:17)
      at _next (node_modules/@babel/runtime/helpers/asyncToGenerator.js:17:9)

    console.error
      An update to UserProfile inside a test was not wrapped in act(...).
      
      When testing, code that causes React state updates should be wrapped into act(...):
      
      act(() => {
        /* fire events that update state */
      });
      /* assert on the output */
      
      This ensures that you're testing the behavior the user would see in the browser. Learn more at https://react.dev/link/wrap-tests-with-act

    [0m [90m 40 |[39m
     [90m 41 |[39m       [36mconst[39m userData [33m=[39m response[33m.[39mdata[33m.[39muser[33m;[39m
    [31m[1m>[22m[39m[90m 42 |[39m       setUser(userData)[33m;[39m
     [90m    |[39m       [31m[1m^[22m[39m
     [90m 43 |[39m       setFormData({
     [90m 44 |[39m         displayName[33m:[39m userData[33m.[39mdisplayName [33m||[39m [32m''[39m[33m,[39m
     [90m 45 |[39m         bio[33m:[39m userData[33m.[39mbio [33m||[39m [32m''[39m[33m,[39m[0m

      at node_modules/react-test-renderer/cjs/react-test-renderer.development.js:11801:19
      at runWithFiberInDEV (node_modules/react-test-renderer/cjs/react-test-renderer.development.js:1574:13)
      at warnIfUpdatesNotWrappedWithActDEV (node_modules/react-test-renderer/cjs/react-test-renderer.development.js:11800:9)
      at scheduleUpdateOnFiber (node_modules/react-test-renderer/cjs/react-test-renderer.development.js:10326:9)
      at dispatchSetStateInternal (node_modules/react-test-renderer/cjs/react-test-renderer.development.js:4148:13)
      at dispatchSetState (node_modules/react-test-renderer/cjs/react-test-renderer.development.js:4107:7)
      at setUser (app/user/profile.jsx:42:7)
      at asyncGeneratorStep (node_modules/@babel/runtime/helpers/asyncToGenerator.js:3:17)
      at _next (node_modules/@babel/runtime/helpers/asyncToGenerator.js:17:9)

    console.error
      An update to UserProfile inside a test was not wrapped in act(...).
      
      When testing, code that causes React state updates should be wrapped into act(...):
      
      act(() => {
        /* fire events that update state */
      });
      /* assert on the output */
      
      This ensures that you're testing the behavior the user would see in the browser. Learn more at https://react.dev/link/wrap-tests-with-act

    [0m [90m 41 |[39m       [36mconst[39m userData [33m=[39m response[33m.[39mdata[33m.[39muser[33m;[39m
     [90m 42 |[39m       setUser(userData)[33m;[39m
    [31m[1m>[22m[39m[90m 43 |[39m       setFormData({
     [90m    |[39m       [31m[1m^[22m[39m
     [90m 44 |[39m         displayName[33m:[39m userData[33m.[39mdisplayName [33m||[39m [32m''[39m[33m,[39m
     [90m 45 |[39m         bio[33m:[39m userData[33m.[39mbio [33m||[39m [32m''[39m[33m,[39m
     [90m 46 |[39m         phone[33m:[39m userData[33m.[39mphone [33m||[39m [32m''[39m[33m,[39m[0m

      at node_modules/react-test-renderer/cjs/react-test-renderer.development.js:11801:19
      at runWithFiberInDEV (node_modules/react-test-renderer/cjs/react-test-renderer.development.js:1574:13)
      at warnIfUpdatesNotWrappedWithActDEV (node_modules/react-test-renderer/cjs/react-test-renderer.development.js:11800:9)
      at scheduleUpdateOnFiber (node_modules/react-test-renderer/cjs/react-test-renderer.development.js:10326:9)
      at dispatchSetStateInternal (node_modules/react-test-renderer/cjs/react-test-renderer.development.js:4148:13)
      at dispatchSetState (node_modules/react-test-renderer/cjs/react-test-renderer.development.js:4107:7)
      at setFormData (app/user/profile.jsx:43:7)
      at asyncGeneratorStep (node_modules/@babel/runtime/helpers/asyncToGenerator.js:3:17)
      at _next (node_modules/@babel/runtime/helpers/asyncToGenerator.js:17:9)

    console.error
      An update to UserProfile inside a test was not wrapped in act(...).
      
      When testing, code that causes React state updates should be wrapped into act(...):
      
      act(() => {
        /* fire events that update state */
      });
      /* assert on the output */
      
      This ensures that you're testing the behavior the user would see in the browser. Learn more at https://react.dev/link/wrap-tests-with-act

    [0m [90m 50 |[39m       [33mAlert[39m[33m.[39malert([32m'Error'[39m[33m,[39m [32m'Failed to load profile'[39m)[33m;[39m
     [90m 51 |[39m     } [36mfinally[39m {
    [31m[1m>[22m[39m[90m 52 |[39m       setLoading([36mfalse[39m)[33m;[39m
     [90m    |[39m       [31m[1m^[22m[39m
     [90m 53 |[39m     }
     [90m 54 |[39m   }[33m;[39m
     [90m 55 |[39m[0m

      at node_modules/react-test-renderer/cjs/react-test-renderer.development.js:11801:19
      at runWithFiberInDEV (node_modules/react-test-renderer/cjs/react-test-renderer.development.js:1574:13)
      at warnIfUpdatesNotWrappedWithActDEV (node_modules/react-test-renderer/cjs/react-test-renderer.development.js:11800:9)
      at scheduleUpdateOnFiber (node_modules/react-test-renderer/cjs/react-test-renderer.development.js:10326:9)
      at dispatchSetStateInternal (node_modules/react-test-renderer/cjs/react-test-renderer.development.js:4148:13)
      at dispatchSetState (node_modules/react-test-renderer/cjs/react-test-renderer.development.js:4107:7)
      at setLoading (app/user/profile.jsx:52:7)
      at asyncGeneratorStep (node_modules/@babel/runtime/helpers/asyncToGenerator.js:3:17)
      at _next (node_modules/@babel/runtime/helpers/asyncToGenerator.js:17:9)

    console.error
      Error fetching profile: Error: API Error
          at Object.<anonymous> (D:\Mobile\MobileProjectFinal\frontend\__test__\UserProfile.test.jsx:82:33)
          at Generator.next (<anonymous>)
          at asyncGeneratorStep (D:\Mobile\MobileProjectFinal\frontend\node_modules\@babel\runtime\helpers\asyncToGenerator.js:3:17)
          at _next (D:\Mobile\MobileProjectFinal\frontend\node_modules\@babel\runtime\helpers\asyncToGenerator.js:17:9)
          at D:\Mobile\MobileProjectFinal\frontend\node_modules\@babel\runtime\helpers\asyncToGenerator.js:22:7
          at new Promise (<anonymous>)
          at Object.<anonymous> (D:\Mobile\MobileProjectFinal\frontend\node_modules\@babel\runtime\helpers\asyncToGenerator.js:14:12)
          at Promise.then.completed (D:\Mobile\MobileProjectFinal\frontend\node_modules\jest-circus\build\utils.js:298:28)
          at new Promise (<anonymous>)
          at callAsyncCircusFn (D:\Mobile\MobileProjectFinal\frontend\node_modules\jest-circus\build\utils.js:231:10)
          at _callCircusTest (D:\Mobile\MobileProjectFinal\frontend\node_modules\jest-circus\build\run.js:316:40)
          at _runTest (D:\Mobile\MobileProjectFinal\frontend\node_modules\jest-circus\build\run.js:252:3)
          at _runTestsForDescribeBlock (D:\Mobile\MobileProjectFinal\frontend\node_modules\jest-circus\build\run.js:126:9)
          at _runTestsForDescribeBlock (D:\Mobile\MobileProjectFinal\frontend\node_modules\jest-circus\build\run.js:121:9)
          at run (D:\Mobile\MobileProjectFinal\frontend\node_modules\jest-circus\build\run.js:71:3)
          at runAndTransformResultsToJestFormat (D:\Mobile\MobileProjectFinal\frontend\node_modules\jest-circus\build\legacy-code-todo-rewrite\jestAdapterInit.js:122:21)
          at jestAdapter (D:\Mobile\MobileProjectFinal\frontend\node_modules\jest-circus\build\legacy-code-todo-rewrite\jestAdapter.js:79:19)
          at runTestInternal (d:\Mobile\MobileProjectFinal\frontend\node_modules\jest-runner\build\runTest.js:367:16)
          at runTest (d:\Mobile\MobileProjectFinal\frontend\node_modules\jest-runner\build\runTest.js:444:34)
          at Object.worker (d:\Mobile\MobileProjectFinal\frontend\node_modules\jest-runner\build\testWorker.js:106:12)

    [0m [90m 47 |[39m       })[33m;[39m
     [90m 48 |[39m     } [36mcatch[39m (error) {
    [31m[1m>[22m[39m[90m 49 |[39m       console[33m.[39merror([32m'Error fetching profile:'[39m[33m,[39m error)[33m;[39m
     [90m    |[39m               [31m[1m^[22m[39m
     [90m 50 |[39m       [33mAlert[39m[33m.[39malert([32m'Error'[39m[33m,[39m [32m'Failed to load profile'[39m)[33m;[39m
     [90m 51 |[39m     } [36mfinally[39m {
     [90m 52 |[39m       setLoading([36mfalse[39m)[33m;[39m[0m

      at error (app/user/profile.jsx:49:15)
          at Generator.throw (<anonymous>)
      at asyncGeneratorStep (node_modules/@babel/runtime/helpers/asyncToGenerator.js:3:17)
      at _throw (node_modules/@babel/runtime/helpers/asyncToGenerator.js:20:9)

    console.error
      An update to UserProfile inside a test was not wrapped in act(...).
      
      When testing, code that causes React state updates should be wrapped into act(...):
      
      act(() => {
        /* fire events that update state */
      });
      /* assert on the output */
      
      This ensures that you're testing the behavior the user would see in the browser. Learn more at https://react.dev/link/wrap-tests-with-act

    [0m [90m 50 |[39m       [33mAlert[39m[33m.[39malert([32m'Error'[39m[33m,[39m [32m'Failed to load profile'[39m)[33m;[39m
     [90m 51 |[39m     } [36mfinally[39m {
    [31m[1m>[22m[39m[90m 52 |[39m       setLoading([36mfalse[39m)[33m;[39m
     [90m    |[39m       [31m[1m^[22m[39m
     [90m 53 |[39m     }
     [90m 54 |[39m   }[33m;[39m
     [90m 55 |[39m[0m

      at node_modules/react-test-renderer/cjs/react-test-renderer.development.js:11801:19
      at runWithFiberInDEV (node_modules/react-test-renderer/cjs/react-test-renderer.development.js:1574:13)
      at warnIfUpdatesNotWrappedWithActDEV (node_modules/react-test-renderer/cjs/react-test-renderer.development.js:11800:9)
      at scheduleUpdateOnFiber (node_modules/react-test-renderer/cjs/react-test-renderer.development.js:10326:9)
      at dispatchSetStateInternal (node_modules/react-test-renderer/cjs/react-test-renderer.development.js:4148:13)
      at dispatchSetState (node_modules/react-test-renderer/cjs/react-test-renderer.development.js:4107:7)
      at setLoading (app/user/profile.jsx:52:7)
          at Generator.throw (<anonymous>)
      at asyncGeneratorStep (node_modules/@babel/runtime/helpers/asyncToGenerator.js:3:17)
      at _throw (node_modules/@babel/runtime/helpers/asyncToGenerator.js:20:9)

PASS __test__/AdminTables.test.jsx
  ● Console

    console.error
      An update to TablesScreen inside a test was not wrapped in act(...).
      
      When testing, code that causes React state updates should be wrapped into act(...):
      
      act(() => {
        /* fire events that update state */
      });
      /* assert on the output */
      
      This ensures that you're testing the behavior the user would see in the browser. Learn more at https://react.dev/link/wrap-tests-with-act

    [0m [90m 43 |[39m         headers[33m:[39m { [33mAuthorization[39m[33m:[39m [32m`Bearer ${token}`[39m }[33m,[39m
     [90m 44 |[39m       })[33m;[39m
    [31m[1m>[22m[39m[90m 45 |[39m       setTables(response[33m.[39mdata[33m.[39mtables [33m||[39m [])[33m;[39m
     [90m    |[39m       [31m[1m^[22m[39m
     [90m 46 |[39m       setFilteredTables(response[33m.[39mdata[33m.[39mtables [33m||[39m [])[33m;[39m
     [90m 47 |[39m     } [36mcatch[39m (error) {
     [90m 48 |[39m       console[33m.[39merror(error)[33m;[39m[0m

      at node_modules/react-test-renderer/cjs/react-test-renderer.development.js:11801:19
      at runWithFiberInDEV (node_modules/react-test-renderer/cjs/react-test-renderer.development.js:1574:13)
      at warnIfUpdatesNotWrappedWithActDEV (node_modules/react-test-renderer/cjs/react-test-renderer.development.js:11800:9)
      at scheduleUpdateOnFiber (node_modules/react-test-renderer/cjs/react-test-renderer.development.js:10326:9)
      at dispatchSetStateInternal (node_modules/react-test-renderer/cjs/react-test-renderer.development.js:4148:13)
      at dispatchSetState (node_modules/react-test-renderer/cjs/react-test-renderer.development.js:4107:7)
      at setTables (app/admin/tables.jsx:45:7)
      at asyncGeneratorStep (node_modules/@babel/runtime/helpers/asyncToGenerator.js:3:17)
      at _next (node_modules/@babel/runtime/helpers/asyncToGenerator.js:17:9)

    console.error
      An update to TablesScreen inside a test was not wrapped in act(...).
      
      When testing, code that causes React state updates should be wrapped into act(...):
      
      act(() => {
        /* fire events that update state */
      });
      /* assert on the output */
      
      This ensures that you're testing the behavior the user would see in the browser. Learn more at https://react.dev/link/wrap-tests-with-act

    [0m [90m 44 |[39m       })[33m;[39m
     [90m 45 |[39m       setTables(response[33m.[39mdata[33m.[39mtables [33m||[39m [])[33m;[39m
    [31m[1m>[22m[39m[90m 46 |[39m       setFilteredTables(response[33m.[39mdata[33m.[39mtables [33m||[39m [])[33m;[39m
     [90m    |[39m       [31m[1m^[22m[39m
     [90m 47 |[39m     } [36mcatch[39m (error) {
     [90m 48 |[39m       console[33m.[39merror(error)[33m;[39m
     [90m 49 |[39m       [33mAlert[39m[33m.[39malert([32m'Error'[39m[33m,[39m [32m'Failed to load tables'[39m)[33m;[39m[0m

      at node_modules/react-test-renderer/cjs/react-test-renderer.development.js:11801:19
      at runWithFiberInDEV (node_modules/react-test-renderer/cjs/react-test-renderer.development.js:1574:13)
      at warnIfUpdatesNotWrappedWithActDEV (node_modules/react-test-renderer/cjs/react-test-renderer.development.js:11800:9)
      at scheduleUpdateOnFiber (node_modules/react-test-renderer/cjs/react-test-renderer.development.js:10326:9)
      at dispatchSetStateInternal (node_modules/react-test-renderer/cjs/react-test-renderer.development.js:4148:13)
      at dispatchSetState (node_modules/react-test-renderer/cjs/react-test-renderer.development.js:4107:7)
      at setFilteredTables (app/admin/tables.jsx:46:7)
      at asyncGeneratorStep (node_modules/@babel/runtime/helpers/asyncToGenerator.js:3:17)
      at _next (node_modules/@babel/runtime/helpers/asyncToGenerator.js:17:9)

    console.error
      An update to TablesScreen inside a test was not wrapped in act(...).
      
      When testing, code that causes React state updates should be wrapped into act(...):
      
      act(() => {
        /* fire events that update state */
      });
      /* assert on the output */
      
      This ensures that you're testing the behavior the user would see in the browser. Learn more at https://react.dev/link/wrap-tests-with-act

    [0m [90m 49 |[39m       [33mAlert[39m[33m.[39malert([32m'Error'[39m[33m,[39m [32m'Failed to load tables'[39m)[33m;[39m
     [90m 50 |[39m     } [36mfinally[39m {
    [31m[1m>[22m[39m[90m 51 |[39m       setLoading([36mfalse[39m)[33m;[39m
     [90m    |[39m       [31m[1m^[22m[39m
     [90m 52 |[39m     }
     [90m 53 |[39m   }[33m;[39m
     [90m 54 |[39m[0m

      at node_modules/react-test-renderer/cjs/react-test-renderer.development.js:11801:19
      at runWithFiberInDEV (node_modules/react-test-renderer/cjs/react-test-renderer.development.js:1574:13)
      at warnIfUpdatesNotWrappedWithActDEV (node_modules/react-test-renderer/cjs/react-test-renderer.development.js:11800:9)
      at scheduleUpdateOnFiber (node_modules/react-test-renderer/cjs/react-test-renderer.development.js:10326:9)
      at dispatchSetStateInternal (node_modules/react-test-renderer/cjs/react-test-renderer.development.js:4148:13)
      at dispatchSetState (node_modules/react-test-renderer/cjs/react-test-renderer.development.js:4107:7)
      at setLoading (app/admin/tables.jsx:51:7)
      at asyncGeneratorStep (node_modules/@babel/runtime/helpers/asyncToGenerator.js:3:17)
      at _next (node_modules/@babel/runtime/helpers/asyncToGenerator.js:17:9)

    console.error
      An update to TablesScreen inside a test was not wrapped in act(...).
      
      When testing, code that causes React state updates should be wrapped into act(...):
      
      act(() => {
        /* fire events that update state */
      });
      /* assert on the output */
      
      This ensures that you're testing the behavior the user would see in the browser. Learn more at https://react.dev/link/wrap-tests-with-act

    [0m [90m 43 |[39m         headers[33m:[39m { [33mAuthorization[39m[33m:[39m [32m`Bearer ${token}`[39m }[33m,[39m
     [90m 44 |[39m       })[33m;[39m
    [31m[1m>[22m[39m[90m 45 |[39m       setTables(response[33m.[39mdata[33m.[39mtables [33m||[39m [])[33m;[39m
     [90m    |[39m       [31m[1m^[22m[39m
     [90m 46 |[39m       setFilteredTables(response[33m.[39mdata[33m.[39mtables [33m||[39m [])[33m;[39m
     [90m 47 |[39m     } [36mcatch[39m (error) {
     [90m 48 |[39m       console[33m.[39merror(error)[33m;[39m[0m

      at node_modules/react-test-renderer/cjs/react-test-renderer.development.js:11801:19
      at runWithFiberInDEV (node_modules/react-test-renderer/cjs/react-test-renderer.development.js:1574:13)
      at warnIfUpdatesNotWrappedWithActDEV (node_modules/react-test-renderer/cjs/react-test-renderer.development.js:11800:9)
      at scheduleUpdateOnFiber (node_modules/react-test-renderer/cjs/react-test-renderer.development.js:10326:9)
      at dispatchSetStateInternal (node_modules/react-test-renderer/cjs/react-test-renderer.development.js:4148:13)
      at dispatchSetState (node_modules/react-test-renderer/cjs/react-test-renderer.development.js:4107:7)
      at setTables (app/admin/tables.jsx:45:7)
      at asyncGeneratorStep (node_modules/@babel/runtime/helpers/asyncToGenerator.js:3:17)
      at _next (node_modules/@babel/runtime/helpers/asyncToGenerator.js:17:9)

    console.error
      An update to TablesScreen inside a test was not wrapped in act(...).
      
      When testing, code that causes React state updates should be wrapped into act(...):
      
      act(() => {
        /* fire events that update state */
      });
      /* assert on the output */
      
      This ensures that you're testing the behavior the user would see in the browser. Learn more at https://react.dev/link/wrap-tests-with-act

    [0m [90m 44 |[39m       })[33m;[39m
     [90m 45 |[39m       setTables(response[33m.[39mdata[33m.[39mtables [33m||[39m [])[33m;[39m
    [31m[1m>[22m[39m[90m 46 |[39m       setFilteredTables(response[33m.[39mdata[33m.[39mtables [33m||[39m [])[33m;[39m
     [90m    |[39m       [31m[1m^[22m[39m
     [90m 47 |[39m     } [36mcatch[39m (error) {
     [90m 48 |[39m       console[33m.[39merror(error)[33m;[39m
     [90m 49 |[39m       [33mAlert[39m[33m.[39malert([32m'Error'[39m[33m,[39m [32m'Failed to load tables'[39m)[33m;[39m[0m

      at node_modules/react-test-renderer/cjs/react-test-renderer.development.js:11801:19
      at runWithFiberInDEV (node_modules/react-test-renderer/cjs/react-test-renderer.development.js:1574:13)
      at warnIfUpdatesNotWrappedWithActDEV (node_modules/react-test-renderer/cjs/react-test-renderer.development.js:11800:9)
      at scheduleUpdateOnFiber (node_modules/react-test-renderer/cjs/react-test-renderer.development.js:10326:9)
      at dispatchSetStateInternal (node_modules/react-test-renderer/cjs/react-test-renderer.development.js:4148:13)
      at dispatchSetState (node_modules/react-test-renderer/cjs/react-test-renderer.development.js:4107:7)
      at setFilteredTables (app/admin/tables.jsx:46:7)
      at asyncGeneratorStep (node_modules/@babel/runtime/helpers/asyncToGenerator.js:3:17)
      at _next (node_modules/@babel/runtime/helpers/asyncToGenerator.js:17:9)

    console.error
      An update to TablesScreen inside a test was not wrapped in act(...).
      
      When testing, code that causes React state updates should be wrapped into act(...):
      
      act(() => {
        /* fire events that update state */
      });
      /* assert on the output */
      
      This ensures that you're testing the behavior the user would see in the browser. Learn more at https://react.dev/link/wrap-tests-with-act

    [0m [90m 49 |[39m       [33mAlert[39m[33m.[39malert([32m'Error'[39m[33m,[39m [32m'Failed to load tables'[39m)[33m;[39m
     [90m 50 |[39m     } [36mfinally[39m {
    [31m[1m>[22m[39m[90m 51 |[39m       setLoading([36mfalse[39m)[33m;[39m
     [90m    |[39m       [31m[1m^[22m[39m
     [90m 52 |[39m     }
     [90m 53 |[39m   }[33m;[39m
     [90m 54 |[39m[0m

      at node_modules/react-test-renderer/cjs/react-test-renderer.development.js:11801:19
      at runWithFiberInDEV (node_modules/react-test-renderer/cjs/react-test-renderer.development.js:1574:13)
      at warnIfUpdatesNotWrappedWithActDEV (node_modules/react-test-renderer/cjs/react-test-renderer.development.js:11800:9)
      at scheduleUpdateOnFiber (node_modules/react-test-renderer/cjs/react-test-renderer.development.js:10326:9)
      at dispatchSetStateInternal (node_modules/react-test-renderer/cjs/react-test-renderer.development.js:4148:13)
      at dispatchSetState (node_modules/react-test-renderer/cjs/react-test-renderer.development.js:4107:7)
      at setLoading (app/admin/tables.jsx:51:7)
      at asyncGeneratorStep (node_modules/@babel/runtime/helpers/asyncToGenerator.js:3:17)
      at _next (node_modules/@babel/runtime/helpers/asyncToGenerator.js:17:9)

    console.error
      An update to TablesScreen inside a test was not wrapped in act(...).
      
      When testing, code that causes React state updates should be wrapped into act(...):
      
      act(() => {
        /* fire events that update state */
      });
      /* assert on the output */
      
      This ensures that you're testing the behavior the user would see in the browser. Learn more at https://react.dev/link/wrap-tests-with-act

    [0m [90m 43 |[39m         headers[33m:[39m { [33mAuthorization[39m[33m:[39m [32m`Bearer ${token}`[39m }[33m,[39m
     [90m 44 |[39m       })[33m;[39m
    [31m[1m>[22m[39m[90m 45 |[39m       setTables(response[33m.[39mdata[33m.[39mtables [33m||[39m [])[33m;[39m
     [90m    |[39m       [31m[1m^[22m[39m
     [90m 46 |[39m       setFilteredTables(response[33m.[39mdata[33m.[39mtables [33m||[39m [])[33m;[39m
     [90m 47 |[39m     } [36mcatch[39m (error) {
     [90m 48 |[39m       console[33m.[39merror(error)[33m;[39m[0m

      at node_modules/react-test-renderer/cjs/react-test-renderer.development.js:11801:19
      at runWithFiberInDEV (node_modules/react-test-renderer/cjs/react-test-renderer.development.js:1574:13)
      at warnIfUpdatesNotWrappedWithActDEV (node_modules/react-test-renderer/cjs/react-test-renderer.development.js:11800:9)
      at scheduleUpdateOnFiber (node_modules/react-test-renderer/cjs/react-test-renderer.development.js:10326:9)
      at dispatchSetStateInternal (node_modules/react-test-renderer/cjs/react-test-renderer.development.js:4148:13)
      at dispatchSetState (node_modules/react-test-renderer/cjs/react-test-renderer.development.js:4107:7)
      at setTables (app/admin/tables.jsx:45:7)
      at asyncGeneratorStep (node_modules/@babel/runtime/helpers/asyncToGenerator.js:3:17)
      at _next (node_modules/@babel/runtime/helpers/asyncToGenerator.js:17:9)

    console.error
      An update to TablesScreen inside a test was not wrapped in act(...).
      
      When testing, code that causes React state updates should be wrapped into act(...):
      
      act(() => {
        /* fire events that update state */
      });
      /* assert on the output */
      
      This ensures that you're testing the behavior the user would see in the browser. Learn more at https://react.dev/link/wrap-tests-with-act

    [0m [90m 44 |[39m       })[33m;[39m
     [90m 45 |[39m       setTables(response[33m.[39mdata[33m.[39mtables [33m||[39m [])[33m;[39m
    [31m[1m>[22m[39m[90m 46 |[39m       setFilteredTables(response[33m.[39mdata[33m.[39mtables [33m||[39m [])[33m;[39m
     [90m    |[39m       [31m[1m^[22m[39m
     [90m 47 |[39m     } [36mcatch[39m (error) {
     [90m 48 |[39m       console[33m.[39merror(error)[33m;[39m
     [90m 49 |[39m       [33mAlert[39m[33m.[39malert([32m'Error'[39m[33m,[39m [32m'Failed to load tables'[39m)[33m;[39m[0m

      at node_modules/react-test-renderer/cjs/react-test-renderer.development.js:11801:19
      at runWithFiberInDEV (node_modules/react-test-renderer/cjs/react-test-renderer.development.js:1574:13)
      at warnIfUpdatesNotWrappedWithActDEV (node_modules/react-test-renderer/cjs/react-test-renderer.development.js:11800:9)
      at scheduleUpdateOnFiber (node_modules/react-test-renderer/cjs/react-test-renderer.development.js:10326:9)
      at dispatchSetStateInternal (node_modules/react-test-renderer/cjs/react-test-renderer.development.js:4148:13)
      at dispatchSetState (node_modules/react-test-renderer/cjs/react-test-renderer.development.js:4107:7)
      at setFilteredTables (app/admin/tables.jsx:46:7)
      at asyncGeneratorStep (node_modules/@babel/runtime/helpers/asyncToGenerator.js:3:17)
      at _next (node_modules/@babel/runtime/helpers/asyncToGenerator.js:17:9)

    console.error
      An update to TablesScreen inside a test was not wrapped in act(...).
      
      When testing, code that causes React state updates should be wrapped into act(...):
      
      act(() => {
        /* fire events that update state */
      });
      /* assert on the output */
      
      This ensures that you're testing the behavior the user would see in the browser. Learn more at https://react.dev/link/wrap-tests-with-act

    [0m [90m 49 |[39m       [33mAlert[39m[33m.[39malert([32m'Error'[39m[33m,[39m [32m'Failed to load tables'[39m)[33m;[39m
     [90m 50 |[39m     } [36mfinally[39m {
    [31m[1m>[22m[39m[90m 51 |[39m       setLoading([36mfalse[39m)[33m;[39m
     [90m    |[39m       [31m[1m^[22m[39m
     [90m 52 |[39m     }
     [90m 53 |[39m   }[33m;[39m
     [90m 54 |[39m[0m

      at node_modules/react-test-renderer/cjs/react-test-renderer.development.js:11801:19
      at runWithFiberInDEV (node_modules/react-test-renderer/cjs/react-test-renderer.development.js:1574:13)
      at warnIfUpdatesNotWrappedWithActDEV (node_modules/react-test-renderer/cjs/react-test-renderer.development.js:11800:9)
      at scheduleUpdateOnFiber (node_modules/react-test-renderer/cjs/react-test-renderer.development.js:10326:9)
      at dispatchSetStateInternal (node_modules/react-test-renderer/cjs/react-test-renderer.development.js:4148:13)
      at dispatchSetState (node_modules/react-test-renderer/cjs/react-test-renderer.development.js:4107:7)
      at setLoading (app/admin/tables.jsx:51:7)
      at asyncGeneratorStep (node_modules/@babel/runtime/helpers/asyncToGenerator.js:3:17)
      at _next (node_modules/@babel/runtime/helpers/asyncToGenerator.js:17:9)

    console.error
      An update to TablesScreen inside a test was not wrapped in act(...).
      
      When testing, code that causes React state updates should be wrapped into act(...):
      
      act(() => {
        /* fire events that update state */
      });
      /* assert on the output */
      
      This ensures that you're testing the behavior the user would see in the browser. Learn more at https://react.dev/link/wrap-tests-with-act

    [0m [90m 43 |[39m         headers[33m:[39m { [33mAuthorization[39m[33m:[39m [32m`Bearer ${token}`[39m }[33m,[39m
     [90m 44 |[39m       })[33m;[39m
    [31m[1m>[22m[39m[90m 45 |[39m       setTables(response[33m.[39mdata[33m.[39mtables [33m||[39m [])[33m;[39m
     [90m    |[39m       [31m[1m^[22m[39m
     [90m 46 |[39m       setFilteredTables(response[33m.[39mdata[33m.[39mtables [33m||[39m [])[33m;[39m
     [90m 47 |[39m     } [36mcatch[39m (error) {
     [90m 48 |[39m       console[33m.[39merror(error)[33m;[39m[0m

      at node_modules/react-test-renderer/cjs/react-test-renderer.development.js:11801:19
      at runWithFiberInDEV (node_modules/react-test-renderer/cjs/react-test-renderer.development.js:1574:13)
      at warnIfUpdatesNotWrappedWithActDEV (node_modules/react-test-renderer/cjs/react-test-renderer.development.js:11800:9)
      at scheduleUpdateOnFiber (node_modules/react-test-renderer/cjs/react-test-renderer.development.js:10326:9)
      at dispatchSetStateInternal (node_modules/react-test-renderer/cjs/react-test-renderer.development.js:4148:13)
      at dispatchSetState (node_modules/react-test-renderer/cjs/react-test-renderer.development.js:4107:7)
      at setTables (app/admin/tables.jsx:45:7)
      at asyncGeneratorStep (node_modules/@babel/runtime/helpers/asyncToGenerator.js:3:17)
      at _next (node_modules/@babel/runtime/helpers/asyncToGenerator.js:17:9)

    console.error
      An update to TablesScreen inside a test was not wrapped in act(...).
      
      When testing, code that causes React state updates should be wrapped into act(...):
      
      act(() => {
        /* fire events that update state */
      });
      /* assert on the output */
      
      This ensures that you're testing the behavior the user would see in the browser. Learn more at https://react.dev/link/wrap-tests-with-act

    [0m [90m 44 |[39m       })[33m;[39m
     [90m 45 |[39m       setTables(response[33m.[39mdata[33m.[39mtables [33m||[39m [])[33m;[39m
    [31m[1m>[22m[39m[90m 46 |[39m       setFilteredTables(response[33m.[39mdata[33m.[39mtables [33m||[39m [])[33m;[39m
     [90m    |[39m       [31m[1m^[22m[39m
     [90m 47 |[39m     } [36mcatch[39m (error) {
     [90m 48 |[39m       console[33m.[39merror(error)[33m;[39m
     [90m 49 |[39m       [33mAlert[39m[33m.[39malert([32m'Error'[39m[33m,[39m [32m'Failed to load tables'[39m)[33m;[39m[0m

      at node_modules/react-test-renderer/cjs/react-test-renderer.development.js:11801:19
      at runWithFiberInDEV (node_modules/react-test-renderer/cjs/react-test-renderer.development.js:1574:13)
      at warnIfUpdatesNotWrappedWithActDEV (node_modules/react-test-renderer/cjs/react-test-renderer.development.js:11800:9)
      at scheduleUpdateOnFiber (node_modules/react-test-renderer/cjs/react-test-renderer.development.js:10326:9)
      at dispatchSetStateInternal (node_modules/react-test-renderer/cjs/react-test-renderer.development.js:4148:13)
      at dispatchSetState (node_modules/react-test-renderer/cjs/react-test-renderer.development.js:4107:7)
      at setFilteredTables (app/admin/tables.jsx:46:7)
      at asyncGeneratorStep (node_modules/@babel/runtime/helpers/asyncToGenerator.js:3:17)
      at _next (node_modules/@babel/runtime/helpers/asyncToGenerator.js:17:9)

    console.error
      An update to TablesScreen inside a test was not wrapped in act(...).
      
      When testing, code that causes React state updates should be wrapped into act(...):
      
      act(() => {
        /* fire events that update state */
      });
      /* assert on the output */
      
      This ensures that you're testing the behavior the user would see in the browser. Learn more at https://react.dev/link/wrap-tests-with-act

    [0m [90m 49 |[39m       [33mAlert[39m[33m.[39malert([32m'Error'[39m[33m,[39m [32m'Failed to load tables'[39m)[33m;[39m
     [90m 50 |[39m     } [36mfinally[39m {
    [31m[1m>[22m[39m[90m 51 |[39m       setLoading([36mfalse[39m)[33m;[39m
     [90m    |[39m       [31m[1m^[22m[39m
     [90m 52 |[39m     }
     [90m 53 |[39m   }[33m;[39m
     [90m 54 |[39m[0m

      at node_modules/react-test-renderer/cjs/react-test-renderer.development.js:11801:19
      at runWithFiberInDEV (node_modules/react-test-renderer/cjs/react-test-renderer.development.js:1574:13)
      at warnIfUpdatesNotWrappedWithActDEV (node_modules/react-test-renderer/cjs/react-test-renderer.development.js:11800:9)
      at scheduleUpdateOnFiber (node_modules/react-test-renderer/cjs/react-test-renderer.development.js:10326:9)
      at dispatchSetStateInternal (node_modules/react-test-renderer/cjs/react-test-renderer.development.js:4148:13)
      at dispatchSetState (node_modules/react-test-renderer/cjs/react-test-renderer.development.js:4107:7)
      at setLoading (app/admin/tables.jsx:51:7)
      at asyncGeneratorStep (node_modules/@babel/runtime/helpers/asyncToGenerator.js:3:17)
      at _next (node_modules/@babel/runtime/helpers/asyncToGenerator.js:17:9)

    console.error
      An update to TablesScreen inside a test was not wrapped in act(...).
      
      When testing, code that causes React state updates should be wrapped into act(...):
      
      act(() => {
        /* fire events that update state */
      });
      /* assert on the output */
      
      This ensures that you're testing the behavior the user would see in the browser. Learn more at https://react.dev/link/wrap-tests-with-act

    [0m [90m 43 |[39m         headers[33m:[39m { [33mAuthorization[39m[33m:[39m [32m`Bearer ${token}`[39m }[33m,[39m
     [90m 44 |[39m       })[33m;[39m
    [31m[1m>[22m[39m[90m 45 |[39m       setTables(response[33m.[39mdata[33m.[39mtables [33m||[39m [])[33m;[39m
     [90m    |[39m       [31m[1m^[22m[39m
     [90m 46 |[39m       setFilteredTables(response[33m.[39mdata[33m.[39mtables [33m||[39m [])[33m;[39m
     [90m 47 |[39m     } [36mcatch[39m (error) {
     [90m 48 |[39m       console[33m.[39merror(error)[33m;[39m[0m

      at node_modules/react-test-renderer/cjs/react-test-renderer.development.js:11801:19
      at runWithFiberInDEV (node_modules/react-test-renderer/cjs/react-test-renderer.development.js:1574:13)
      at warnIfUpdatesNotWrappedWithActDEV (node_modules/react-test-renderer/cjs/react-test-renderer.development.js:11800:9)
      at scheduleUpdateOnFiber (node_modules/react-test-renderer/cjs/react-test-renderer.development.js:10326:9)
      at dispatchSetStateInternal (node_modules/react-test-renderer/cjs/react-test-renderer.development.js:4148:13)
      at dispatchSetState (node_modules/react-test-renderer/cjs/react-test-renderer.development.js:4107:7)
      at setTables (app/admin/tables.jsx:45:7)
      at asyncGeneratorStep (node_modules/@babel/runtime/helpers/asyncToGenerator.js:3:17)
      at _next (node_modules/@babel/runtime/helpers/asyncToGenerator.js:17:9)

    console.error
      An update to TablesScreen inside a test was not wrapped in act(...).
      
      When testing, code that causes React state updates should be wrapped into act(...):
      
      act(() => {
        /* fire events that update state */
      });
      /* assert on the output */
      
      This ensures that you're testing the behavior the user would see in the browser. Learn more at https://react.dev/link/wrap-tests-with-act

    [0m [90m 44 |[39m       })[33m;[39m
     [90m 45 |[39m       setTables(response[33m.[39mdata[33m.[39mtables [33m||[39m [])[33m;[39m
    [31m[1m>[22m[39m[90m 46 |[39m       setFilteredTables(response[33m.[39mdata[33m.[39mtables [33m||[39m [])[33m;[39m
     [90m    |[39m       [31m[1m^[22m[39m
     [90m 47 |[39m     } [36mcatch[39m (error) {
     [90m 48 |[39m       console[33m.[39merror(error)[33m;[39m
     [90m 49 |[39m       [33mAlert[39m[33m.[39malert([32m'Error'[39m[33m,[39m [32m'Failed to load tables'[39m)[33m;[39m[0m

      at node_modules/react-test-renderer/cjs/react-test-renderer.development.js:11801:19
      at runWithFiberInDEV (node_modules/react-test-renderer/cjs/react-test-renderer.development.js:1574:13)
      at warnIfUpdatesNotWrappedWithActDEV (node_modules/react-test-renderer/cjs/react-test-renderer.development.js:11800:9)
      at scheduleUpdateOnFiber (node_modules/react-test-renderer/cjs/react-test-renderer.development.js:10326:9)
      at dispatchSetStateInternal (node_modules/react-test-renderer/cjs/react-test-renderer.development.js:4148:13)
      at dispatchSetState (node_modules/react-test-renderer/cjs/react-test-renderer.development.js:4107:7)
      at setFilteredTables (app/admin/tables.jsx:46:7)
      at asyncGeneratorStep (node_modules/@babel/runtime/helpers/asyncToGenerator.js:3:17)
      at _next (node_modules/@babel/runtime/helpers/asyncToGenerator.js:17:9)

    console.error
      An update to TablesScreen inside a test was not wrapped in act(...).
      
      When testing, code that causes React state updates should be wrapped into act(...):
      
      act(() => {
        /* fire events that update state */
      });
      /* assert on the output */
      
      This ensures that you're testing the behavior the user would see in the browser. Learn more at https://react.dev/link/wrap-tests-with-act

    [0m [90m 49 |[39m       [33mAlert[39m[33m.[39malert([32m'Error'[39m[33m,[39m [32m'Failed to load tables'[39m)[33m;[39m
     [90m 50 |[39m     } [36mfinally[39m {
    [31m[1m>[22m[39m[90m 51 |[39m       setLoading([36mfalse[39m)[33m;[39m
     [90m    |[39m       [31m[1m^[22m[39m
     [90m 52 |[39m     }
     [90m 53 |[39m   }[33m;[39m
     [90m 54 |[39m[0m

      at node_modules/react-test-renderer/cjs/react-test-renderer.development.js:11801:19
      at runWithFiberInDEV (node_modules/react-test-renderer/cjs/react-test-renderer.development.js:1574:13)
      at warnIfUpdatesNotWrappedWithActDEV (node_modules/react-test-renderer/cjs/react-test-renderer.development.js:11800:9)
      at scheduleUpdateOnFiber (node_modules/react-test-renderer/cjs/react-test-renderer.development.js:10326:9)
      at dispatchSetStateInternal (node_modules/react-test-renderer/cjs/react-test-renderer.development.js:4148:13)
      at dispatchSetState (node_modules/react-test-renderer/cjs/react-test-renderer.development.js:4107:7)
      at setLoading (app/admin/tables.jsx:51:7)
      at asyncGeneratorStep (node_modules/@babel/runtime/helpers/asyncToGenerator.js:3:17)
      at _next (node_modules/@babel/runtime/helpers/asyncToGenerator.js:17:9)

    console.error
      An update to TablesScreen inside a test was not wrapped in act(...).
      
      When testing, code that causes React state updates should be wrapped into act(...):
      
      act(() => {
        /* fire events that update state */
      });
      /* assert on the output */
      
      This ensures that you're testing the behavior the user would see in the browser. Learn more at https://react.dev/link/wrap-tests-with-act

    [0m [90m 43 |[39m         headers[33m:[39m { [33mAuthorization[39m[33m:[39m [32m`Bearer ${token}`[39m }[33m,[39m
     [90m 44 |[39m       })[33m;[39m
    [31m[1m>[22m[39m[90m 45 |[39m       setTables(response[33m.[39mdata[33m.[39mtables [33m||[39m [])[33m;[39m
     [90m    |[39m       [31m[1m^[22m[39m
     [90m 46 |[39m       setFilteredTables(response[33m.[39mdata[33m.[39mtables [33m||[39m [])[33m;[39m
     [90m 47 |[39m     } [36mcatch[39m (error) {
     [90m 48 |[39m       console[33m.[39merror(error)[33m;[39m[0m

      at node_modules/react-test-renderer/cjs/react-test-renderer.development.js:11801:19
      at runWithFiberInDEV (node_modules/react-test-renderer/cjs/react-test-renderer.development.js:1574:13)
      at warnIfUpdatesNotWrappedWithActDEV (node_modules/react-test-renderer/cjs/react-test-renderer.development.js:11800:9)
      at scheduleUpdateOnFiber (node_modules/react-test-renderer/cjs/react-test-renderer.development.js:10326:9)
      at dispatchSetStateInternal (node_modules/react-test-renderer/cjs/react-test-renderer.development.js:4148:13)
      at dispatchSetState (node_modules/react-test-renderer/cjs/react-test-renderer.development.js:4107:7)
      at setTables (app/admin/tables.jsx:45:7)
      at asyncGeneratorStep (node_modules/@babel/runtime/helpers/asyncToGenerator.js:3:17)
      at _next (node_modules/@babel/runtime/helpers/asyncToGenerator.js:17:9)

    console.error
      An update to TablesScreen inside a test was not wrapped in act(...).
      
      When testing, code that causes React state updates should be wrapped into act(...):
      
      act(() => {
        /* fire events that update state */
      });
      /* assert on the output */
      
      This ensures that you're testing the behavior the user would see in the browser. Learn more at https://react.dev/link/wrap-tests-with-act

    [0m [90m 44 |[39m       })[33m;[39m
     [90m 45 |[39m       setTables(response[33m.[39mdata[33m.[39mtables [33m||[39m [])[33m;[39m
    [31m[1m>[22m[39m[90m 46 |[39m       setFilteredTables(response[33m.[39mdata[33m.[39mtables [33m||[39m [])[33m;[39m
     [90m    |[39m       [31m[1m^[22m[39m
     [90m 47 |[39m     } [36mcatch[39m (error) {
     [90m 48 |[39m       console[33m.[39merror(error)[33m;[39m
     [90m 49 |[39m       [33mAlert[39m[33m.[39malert([32m'Error'[39m[33m,[39m [32m'Failed to load tables'[39m)[33m;[39m[0m

      at node_modules/react-test-renderer/cjs/react-test-renderer.development.js:11801:19
      at runWithFiberInDEV (node_modules/react-test-renderer/cjs/react-test-renderer.development.js:1574:13)
      at warnIfUpdatesNotWrappedWithActDEV (node_modules/react-test-renderer/cjs/react-test-renderer.development.js:11800:9)
      at scheduleUpdateOnFiber (node_modules/react-test-renderer/cjs/react-test-renderer.development.js:10326:9)
      at dispatchSetStateInternal (node_modules/react-test-renderer/cjs/react-test-renderer.development.js:4148:13)
      at dispatchSetState (node_modules/react-test-renderer/cjs/react-test-renderer.development.js:4107:7)
      at setFilteredTables (app/admin/tables.jsx:46:7)
      at asyncGeneratorStep (node_modules/@babel/runtime/helpers/asyncToGenerator.js:3:17)
      at _next (node_modules/@babel/runtime/helpers/asyncToGenerator.js:17:9)

    console.error
      An update to TablesScreen inside a test was not wrapped in act(...).
      
      When testing, code that causes React state updates should be wrapped into act(...):
      
      act(() => {
        /* fire events that update state */
      });
      /* assert on the output */
      
      This ensures that you're testing the behavior the user would see in the browser. Learn more at https://react.dev/link/wrap-tests-with-act

    [0m [90m 49 |[39m       [33mAlert[39m[33m.[39malert([32m'Error'[39m[33m,[39m [32m'Failed to load tables'[39m)[33m;[39m
     [90m 50 |[39m     } [36mfinally[39m {
    [31m[1m>[22m[39m[90m 51 |[39m       setLoading([36mfalse[39m)[33m;[39m
     [90m    |[39m       [31m[1m^[22m[39m
     [90m 52 |[39m     }
     [90m 53 |[39m   }[33m;[39m
     [90m 54 |[39m[0m

      at node_modules/react-test-renderer/cjs/react-test-renderer.development.js:11801:19
      at runWithFiberInDEV (node_modules/react-test-renderer/cjs/react-test-renderer.development.js:1574:13)
      at warnIfUpdatesNotWrappedWithActDEV (node_modules/react-test-renderer/cjs/react-test-renderer.development.js:11800:9)
      at scheduleUpdateOnFiber (node_modules/react-test-renderer/cjs/react-test-renderer.development.js:10326:9)
      at dispatchSetStateInternal (node_modules/react-test-renderer/cjs/react-test-renderer.development.js:4148:13)
      at dispatchSetState (node_modules/react-test-renderer/cjs/react-test-renderer.development.js:4107:7)
      at setLoading (app/admin/tables.jsx:51:7)
      at asyncGeneratorStep (node_modules/@babel/runtime/helpers/asyncToGenerator.js:3:17)
      at _next (node_modules/@babel/runtime/helpers/asyncToGenerator.js:17:9)

    console.error
      Error: API Error
          at Object.<anonymous> (D:\Mobile\MobileProjectFinal\frontend\__test__\AdminTables.test.jsx:80:33)
          at Generator.next (<anonymous>)
          at asyncGeneratorStep (D:\Mobile\MobileProjectFinal\frontend\node_modules\@babel\runtime\helpers\asyncToGenerator.js:3:17)
          at _next (D:\Mobile\MobileProjectFinal\frontend\node_modules\@babel\runtime\helpers\asyncToGenerator.js:17:9)
          at D:\Mobile\MobileProjectFinal\frontend\node_modules\@babel\runtime\helpers\asyncToGenerator.js:22:7
          at new Promise (<anonymous>)
          at Object.<anonymous> (D:\Mobile\MobileProjectFinal\frontend\node_modules\@babel\runtime\helpers\asyncToGenerator.js:14:12)
          at Promise.then.completed (D:\Mobile\MobileProjectFinal\frontend\node_modules\jest-circus\build\utils.js:298:28)
          at new Promise (<anonymous>)
          at callAsyncCircusFn (D:\Mobile\MobileProjectFinal\frontend\node_modules\jest-circus\build\utils.js:231:10)
          at _callCircusTest (D:\Mobile\MobileProjectFinal\frontend\node_modules\jest-circus\build\run.js:316:40)
          at _runTest (D:\Mobile\MobileProjectFinal\frontend\node_modules\jest-circus\build\run.js:252:3)
          at _runTestsForDescribeBlock (D:\Mobile\MobileProjectFinal\frontend\node_modules\jest-circus\build\run.js:126:9)
          at _runTestsForDescribeBlock (D:\Mobile\MobileProjectFinal\frontend\node_modules\jest-circus\build\run.js:121:9)
          at run (D:\Mobile\MobileProjectFinal\frontend\node_modules\jest-circus\build\run.js:71:3)
          at runAndTransformResultsToJestFormat (D:\Mobile\MobileProjectFinal\frontend\node_modules\jest-circus\build\legacy-code-todo-rewrite\jestAdapterInit.js:122:21)
          at jestAdapter (D:\Mobile\MobileProjectFinal\frontend\node_modules\jest-circus\build\legacy-code-todo-rewrite\jestAdapter.js:79:19)
          at runTestInternal (d:\Mobile\MobileProjectFinal\frontend\node_modules\jest-runner\build\runTest.js:367:16)
          at runTest (d:\Mobile\MobileProjectFinal\frontend\node_modules\jest-runner\build\runTest.js:444:34)
          at Object.worker (d:\Mobile\MobileProjectFinal\frontend\node_modules\jest-runner\build\testWorker.js:106:12)

    [0m [90m 46 |[39m       setFilteredTables(response[33m.[39mdata[33m.[39mtables [33m||[39m [])[33m;[39m
     [90m 47 |[39m     } [36mcatch[39m (error) {
    [31m[1m>[22m[39m[90m 48 |[39m       console[33m.[39merror(error)[33m;[39m
     [90m    |[39m               [31m[1m^[22m[39m
     [90m 49 |[39m       [33mAlert[39m[33m.[39malert([32m'Error'[39m[33m,[39m [32m'Failed to load tables'[39m)[33m;[39m
     [90m 50 |[39m     } [36mfinally[39m {
     [90m 51 |[39m       setLoading([36mfalse[39m)[33m;[39m[0m

      at error (app/admin/tables.jsx:48:15)
          at Generator.throw (<anonymous>)
      at asyncGeneratorStep (node_modules/@babel/runtime/helpers/asyncToGenerator.js:3:17)
      at _throw (node_modules/@babel/runtime/helpers/asyncToGenerator.js:20:9)

    console.error
      An update to TablesScreen inside a test was not wrapped in act(...).
      
      When testing, code that causes React state updates should be wrapped into act(...):
      
      act(() => {
        /* fire events that update state */
      });
      /* assert on the output */
      
      This ensures that you're testing the behavior the user would see in the browser. Learn more at https://react.dev/link/wrap-tests-with-act

    [0m [90m 49 |[39m       [33mAlert[39m[33m.[39malert([32m'Error'[39m[33m,[39m [32m'Failed to load tables'[39m)[33m;[39m
     [90m 50 |[39m     } [36mfinally[39m {
    [31m[1m>[22m[39m[90m 51 |[39m       setLoading([36mfalse[39m)[33m;[39m
     [90m    |[39m       [31m[1m^[22m[39m
     [90m 52 |[39m     }
     [90m 53 |[39m   }[33m;[39m
     [90m 54 |[39m[0m

      at node_modules/react-test-renderer/cjs/react-test-renderer.development.js:11801:19
      at runWithFiberInDEV (node_modules/react-test-renderer/cjs/react-test-renderer.development.js:1574:13)
      at warnIfUpdatesNotWrappedWithActDEV (node_modules/react-test-renderer/cjs/react-test-renderer.development.js:11800:9)
      at scheduleUpdateOnFiber (node_modules/react-test-renderer/cjs/react-test-renderer.development.js:10326:9)
      at dispatchSetStateInternal (node_modules/react-test-renderer/cjs/react-test-renderer.development.js:4148:13)
      at dispatchSetState (node_modules/react-test-renderer/cjs/react-test-renderer.development.js:4107:7)
      at setLoading (app/admin/tables.jsx:51:7)
          at Generator.throw (<anonymous>)
      at asyncGeneratorStep (node_modules/@babel/runtime/helpers/asyncToGenerator.js:3:17)
      at _throw (node_modules/@babel/runtime/helpers/asyncToGenerator.js:20:9)

PASS __test__/AdminFoods.test.jsx
  ● Console

    console.error
      An update to FoodsScreen inside a test was not wrapped in act(...).
      
      When testing, code that causes React state updates should be wrapped into act(...):
      
      act(() => {
        /* fire events that update state */
      });
      /* assert on the output */
      
      This ensures that you're testing the behavior the user would see in the browser. Learn more at https://react.dev/link/wrap-tests-with-act

    [0m [90m 44 |[39m         headers[33m:[39m { [33mAuthorization[39m[33m:[39m [32m`Bearer ${token}`[39m }[33m,[39m
     [90m 45 |[39m       })[33m;[39m
    [31m[1m>[22m[39m[90m 46 |[39m       setFoods(response[33m.[39mdata[33m.[39mfoods [33m||[39m [])[33m;[39m
     [90m    |[39m       [31m[1m^[22m[39m
     [90m 47 |[39m     } [36mcatch[39m (error) {
     [90m 48 |[39m       console[33m.[39merror(error)[33m;[39m
     [90m 49 |[39m       [33mAlert[39m[33m.[39malert([32m'Error'[39m[33m,[39m [32m'Failed to load foods'[39m)[33m;[39m[0m

      at node_modules/react-test-renderer/cjs/react-test-renderer.development.js:11801:19
      at runWithFiberInDEV (node_modules/react-test-renderer/cjs/react-test-renderer.development.js:1574:13)
      at warnIfUpdatesNotWrappedWithActDEV (node_modules/react-test-renderer/cjs/react-test-renderer.development.js:11800:9)
      at scheduleUpdateOnFiber (node_modules/react-test-renderer/cjs/react-test-renderer.development.js:10326:9)
      at dispatchSetStateInternal (node_modules/react-test-renderer/cjs/react-test-renderer.development.js:4148:13)
      at dispatchSetState (node_modules/react-test-renderer/cjs/react-test-renderer.development.js:4107:7)
      at setFoods (app/admin/foods.jsx:46:7)
      at asyncGeneratorStep (node_modules/@babel/runtime/helpers/asyncToGenerator.js:3:17)
      at _next (node_modules/@babel/runtime/helpers/asyncToGenerator.js:17:9)

    console.error
      An update to FoodsScreen inside a test was not wrapped in act(...).
      
      When testing, code that causes React state updates should be wrapped into act(...):
      
      act(() => {
        /* fire events that update state */
      });
      /* assert on the output */
      
      This ensures that you're testing the behavior the user would see in the browser. Learn more at https://react.dev/link/wrap-tests-with-act

    [0m [90m 49 |[39m       [33mAlert[39m[33m.[39malert([32m'Error'[39m[33m,[39m [32m'Failed to load foods'[39m)[33m;[39m
     [90m 50 |[39m     } [36mfinally[39m {
    [31m[1m>[22m[39m[90m 51 |[39m       setLoading([36mfalse[39m)[33m;[39m
     [90m    |[39m       [31m[1m^[22m[39m
     [90m 52 |[39m     }
     [90m 53 |[39m   }[33m;[39m
     [90m 54 |[39m[0m

      at node_modules/react-test-renderer/cjs/react-test-renderer.development.js:11801:19
      at runWithFiberInDEV (node_modules/react-test-renderer/cjs/react-test-renderer.development.js:1574:13)
      at warnIfUpdatesNotWrappedWithActDEV (node_modules/react-test-renderer/cjs/react-test-renderer.development.js:11800:9)
      at scheduleUpdateOnFiber (node_modules/react-test-renderer/cjs/react-test-renderer.development.js:10326:9)
      at dispatchSetStateInternal (node_modules/react-test-renderer/cjs/react-test-renderer.development.js:4148:13)
      at dispatchSetState (node_modules/react-test-renderer/cjs/react-test-renderer.development.js:4107:7)
      at setLoading (app/admin/foods.jsx:51:7)
      at asyncGeneratorStep (node_modules/@babel/runtime/helpers/asyncToGenerator.js:3:17)
      at _next (node_modules/@babel/runtime/helpers/asyncToGenerator.js:17:9)

    console.error
      An update to FoodsScreen inside a test was not wrapped in act(...).
      
      When testing, code that causes React state updates should be wrapped into act(...):
      
      act(() => {
        /* fire events that update state */
      });
      /* assert on the output */
      
      This ensures that you're testing the behavior the user would see in the browser. Learn more at https://react.dev/link/wrap-tests-with-act

    [0m [90m 44 |[39m         headers[33m:[39m { [33mAuthorization[39m[33m:[39m [32m`Bearer ${token}`[39m }[33m,[39m
     [90m 45 |[39m       })[33m;[39m
    [31m[1m>[22m[39m[90m 46 |[39m       setFoods(response[33m.[39mdata[33m.[39mfoods [33m||[39m [])[33m;[39m
     [90m    |[39m       [31m[1m^[22m[39m
     [90m 47 |[39m     } [36mcatch[39m (error) {
     [90m 48 |[39m       console[33m.[39merror(error)[33m;[39m
     [90m 49 |[39m       [33mAlert[39m[33m.[39malert([32m'Error'[39m[33m,[39m [32m'Failed to load foods'[39m)[33m;[39m[0m

      at node_modules/react-test-renderer/cjs/react-test-renderer.development.js:11801:19
      at runWithFiberInDEV (node_modules/react-test-renderer/cjs/react-test-renderer.development.js:1574:13)
      at warnIfUpdatesNotWrappedWithActDEV (node_modules/react-test-renderer/cjs/react-test-renderer.development.js:11800:9)
      at scheduleUpdateOnFiber (node_modules/react-test-renderer/cjs/react-test-renderer.development.js:10326:9)
      at dispatchSetStateInternal (node_modules/react-test-renderer/cjs/react-test-renderer.development.js:4148:13)
      at dispatchSetState (node_modules/react-test-renderer/cjs/react-test-renderer.development.js:4107:7)
      at setFoods (app/admin/foods.jsx:46:7)
      at asyncGeneratorStep (node_modules/@babel/runtime/helpers/asyncToGenerator.js:3:17)
      at _next (node_modules/@babel/runtime/helpers/asyncToGenerator.js:17:9)

    console.error
      An update to FoodsScreen inside a test was not wrapped in act(...).
      
      When testing, code that causes React state updates should be wrapped into act(...):
      
      act(() => {
        /* fire events that update state */
      });
      /* assert on the output */
      
      This ensures that you're testing the behavior the user would see in the browser. Learn more at https://react.dev/link/wrap-tests-with-act

    [0m [90m 49 |[39m       [33mAlert[39m[33m.[39malert([32m'Error'[39m[33m,[39m [32m'Failed to load foods'[39m)[33m;[39m
     [90m 50 |[39m     } [36mfinally[39m {
    [31m[1m>[22m[39m[90m 51 |[39m       setLoading([36mfalse[39m)[33m;[39m
     [90m    |[39m       [31m[1m^[22m[39m
     [90m 52 |[39m     }
     [90m 53 |[39m   }[33m;[39m
     [90m 54 |[39m[0m

      at node_modules/react-test-renderer/cjs/react-test-renderer.development.js:11801:19
      at runWithFiberInDEV (node_modules/react-test-renderer/cjs/react-test-renderer.development.js:1574:13)
      at warnIfUpdatesNotWrappedWithActDEV (node_modules/react-test-renderer/cjs/react-test-renderer.development.js:11800:9)
      at scheduleUpdateOnFiber (node_modules/react-test-renderer/cjs/react-test-renderer.development.js:10326:9)
      at dispatchSetStateInternal (node_modules/react-test-renderer/cjs/react-test-renderer.development.js:4148:13)
      at dispatchSetState (node_modules/react-test-renderer/cjs/react-test-renderer.development.js:4107:7)
      at setLoading (app/admin/foods.jsx:51:7)
      at asyncGeneratorStep (node_modules/@babel/runtime/helpers/asyncToGenerator.js:3:17)
      at _next (node_modules/@babel/runtime/helpers/asyncToGenerator.js:17:9)

    console.error
      An update to FoodsScreen inside a test was not wrapped in act(...).
      
      When testing, code that causes React state updates should be wrapped into act(...):
      
      act(() => {
        /* fire events that update state */
      });
      /* assert on the output */
      
      This ensures that you're testing the behavior the user would see in the browser. Learn more at https://react.dev/link/wrap-tests-with-act

    [0m [90m 44 |[39m         headers[33m:[39m { [33mAuthorization[39m[33m:[39m [32m`Bearer ${token}`[39m }[33m,[39m
     [90m 45 |[39m       })[33m;[39m
    [31m[1m>[22m[39m[90m 46 |[39m       setFoods(response[33m.[39mdata[33m.[39mfoods [33m||[39m [])[33m;[39m
     [90m    |[39m       [31m[1m^[22m[39m
     [90m 47 |[39m     } [36mcatch[39m (error) {
     [90m 48 |[39m       console[33m.[39merror(error)[33m;[39m
     [90m 49 |[39m       [33mAlert[39m[33m.[39malert([32m'Error'[39m[33m,[39m [32m'Failed to load foods'[39m)[33m;[39m[0m

      at node_modules/react-test-renderer/cjs/react-test-renderer.development.js:11801:19
      at runWithFiberInDEV (node_modules/react-test-renderer/cjs/react-test-renderer.development.js:1574:13)
      at warnIfUpdatesNotWrappedWithActDEV (node_modules/react-test-renderer/cjs/react-test-renderer.development.js:11800:9)
      at scheduleUpdateOnFiber (node_modules/react-test-renderer/cjs/react-test-renderer.development.js:10326:9)
      at dispatchSetStateInternal (node_modules/react-test-renderer/cjs/react-test-renderer.development.js:4148:13)
      at dispatchSetState (node_modules/react-test-renderer/cjs/react-test-renderer.development.js:4107:7)
      at setFoods (app/admin/foods.jsx:46:7)
      at asyncGeneratorStep (node_modules/@babel/runtime/helpers/asyncToGenerator.js:3:17)
      at _next (node_modules/@babel/runtime/helpers/asyncToGenerator.js:17:9)

    console.error
      An update to FoodsScreen inside a test was not wrapped in act(...).
      
      When testing, code that causes React state updates should be wrapped into act(...):
      
      act(() => {
        /* fire events that update state */
      });
      /* assert on the output */
      
      This ensures that you're testing the behavior the user would see in the browser. Learn more at https://react.dev/link/wrap-tests-with-act

    [0m [90m 49 |[39m       [33mAlert[39m[33m.[39malert([32m'Error'[39m[33m,[39m [32m'Failed to load foods'[39m)[33m;[39m
     [90m 50 |[39m     } [36mfinally[39m {
    [31m[1m>[22m[39m[90m 51 |[39m       setLoading([36mfalse[39m)[33m;[39m
     [90m    |[39m       [31m[1m^[22m[39m
     [90m 52 |[39m     }
     [90m 53 |[39m   }[33m;[39m
     [90m 54 |[39m[0m

      at node_modules/react-test-renderer/cjs/react-test-renderer.development.js:11801:19
      at runWithFiberInDEV (node_modules/react-test-renderer/cjs/react-test-renderer.development.js:1574:13)
      at warnIfUpdatesNotWrappedWithActDEV (node_modules/react-test-renderer/cjs/react-test-renderer.development.js:11800:9)
      at scheduleUpdateOnFiber (node_modules/react-test-renderer/cjs/react-test-renderer.development.js:10326:9)
      at dispatchSetStateInternal (node_modules/react-test-renderer/cjs/react-test-renderer.development.js:4148:13)
      at dispatchSetState (node_modules/react-test-renderer/cjs/react-test-renderer.development.js:4107:7)
      at setLoading (app/admin/foods.jsx:51:7)
      at asyncGeneratorStep (node_modules/@babel/runtime/helpers/asyncToGenerator.js:3:17)
      at _next (node_modules/@babel/runtime/helpers/asyncToGenerator.js:17:9)

    console.error
      An update to FoodsScreen inside a test was not wrapped in act(...).
      
      When testing, code that causes React state updates should be wrapped into act(...):
      
      act(() => {
        /* fire events that update state */
      });
      /* assert on the output */
      
      This ensures that you're testing the behavior the user would see in the browser. Learn more at https://react.dev/link/wrap-tests-with-act

    [0m [90m 44 |[39m         headers[33m:[39m { [33mAuthorization[39m[33m:[39m [32m`Bearer ${token}`[39m }[33m,[39m
     [90m 45 |[39m       })[33m;[39m
    [31m[1m>[22m[39m[90m 46 |[39m       setFoods(response[33m.[39mdata[33m.[39mfoods [33m||[39m [])[33m;[39m
     [90m    |[39m       [31m[1m^[22m[39m
     [90m 47 |[39m     } [36mcatch[39m (error) {
     [90m 48 |[39m       console[33m.[39merror(error)[33m;[39m
     [90m 49 |[39m       [33mAlert[39m[33m.[39malert([32m'Error'[39m[33m,[39m [32m'Failed to load foods'[39m)[33m;[39m[0m

      at node_modules/react-test-renderer/cjs/react-test-renderer.development.js:11801:19
      at runWithFiberInDEV (node_modules/react-test-renderer/cjs/react-test-renderer.development.js:1574:13)
      at warnIfUpdatesNotWrappedWithActDEV (node_modules/react-test-renderer/cjs/react-test-renderer.development.js:11800:9)
      at scheduleUpdateOnFiber (node_modules/react-test-renderer/cjs/react-test-renderer.development.js:10326:9)
      at dispatchSetStateInternal (node_modules/react-test-renderer/cjs/react-test-renderer.development.js:4148:13)
      at dispatchSetState (node_modules/react-test-renderer/cjs/react-test-renderer.development.js:4107:7)
      at setFoods (app/admin/foods.jsx:46:7)
      at asyncGeneratorStep (node_modules/@babel/runtime/helpers/asyncToGenerator.js:3:17)
      at _next (node_modules/@babel/runtime/helpers/asyncToGenerator.js:17:9)

    console.error
      An update to FoodsScreen inside a test was not wrapped in act(...).
      
      When testing, code that causes React state updates should be wrapped into act(...):
      
      act(() => {
        /* fire events that update state */
      });
      /* assert on the output */
      
      This ensures that you're testing the behavior the user would see in the browser. Learn more at https://react.dev/link/wrap-tests-with-act

    [0m [90m 49 |[39m       [33mAlert[39m[33m.[39malert([32m'Error'[39m[33m,[39m [32m'Failed to load foods'[39m)[33m;[39m
     [90m 50 |[39m     } [36mfinally[39m {
    [31m[1m>[22m[39m[90m 51 |[39m       setLoading([36mfalse[39m)[33m;[39m
     [90m    |[39m       [31m[1m^[22m[39m
     [90m 52 |[39m     }
     [90m 53 |[39m   }[33m;[39m
     [90m 54 |[39m[0m

      at node_modules/react-test-renderer/cjs/react-test-renderer.development.js:11801:19
      at runWithFiberInDEV (node_modules/react-test-renderer/cjs/react-test-renderer.development.js:1574:13)
      at warnIfUpdatesNotWrappedWithActDEV (node_modules/react-test-renderer/cjs/react-test-renderer.development.js:11800:9)
      at scheduleUpdateOnFiber (node_modules/react-test-renderer/cjs/react-test-renderer.development.js:10326:9)
      at dispatchSetStateInternal (node_modules/react-test-renderer/cjs/react-test-renderer.development.js:4148:13)
      at dispatchSetState (node_modules/react-test-renderer/cjs/react-test-renderer.development.js:4107:7)
      at setLoading (app/admin/foods.jsx:51:7)
      at asyncGeneratorStep (node_modules/@babel/runtime/helpers/asyncToGenerator.js:3:17)
      at _next (node_modules/@babel/runtime/helpers/asyncToGenerator.js:17:9)

    console.error
      An update to FoodsScreen inside a test was not wrapped in act(...).
      
      When testing, code that causes React state updates should be wrapped into act(...):
      
      act(() => {
        /* fire events that update state */
      });
      /* assert on the output */
      
      This ensures that you're testing the behavior the user would see in the browser. Learn more at https://react.dev/link/wrap-tests-with-act

    [0m [90m 44 |[39m         headers[33m:[39m { [33mAuthorization[39m[33m:[39m [32m`Bearer ${token}`[39m }[33m,[39m
     [90m 45 |[39m       })[33m;[39m
    [31m[1m>[22m[39m[90m 46 |[39m       setFoods(response[33m.[39mdata[33m.[39mfoods [33m||[39m [])[33m;[39m
     [90m    |[39m       [31m[1m^[22m[39m
     [90m 47 |[39m     } [36mcatch[39m (error) {
     [90m 48 |[39m       console[33m.[39merror(error)[33m;[39m
     [90m 49 |[39m       [33mAlert[39m[33m.[39malert([32m'Error'[39m[33m,[39m [32m'Failed to load foods'[39m)[33m;[39m[0m

      at node_modules/react-test-renderer/cjs/react-test-renderer.development.js:11801:19
      at runWithFiberInDEV (node_modules/react-test-renderer/cjs/react-test-renderer.development.js:1574:13)
      at warnIfUpdatesNotWrappedWithActDEV (node_modules/react-test-renderer/cjs/react-test-renderer.development.js:11800:9)
      at scheduleUpdateOnFiber (node_modules/react-test-renderer/cjs/react-test-renderer.development.js:10326:9)
      at dispatchSetStateInternal (node_modules/react-test-renderer/cjs/react-test-renderer.development.js:4148:13)
      at dispatchSetState (node_modules/react-test-renderer/cjs/react-test-renderer.development.js:4107:7)
      at setFoods (app/admin/foods.jsx:46:7)
      at asyncGeneratorStep (node_modules/@babel/runtime/helpers/asyncToGenerator.js:3:17)
      at _next (node_modules/@babel/runtime/helpers/asyncToGenerator.js:17:9)

    console.error
      An update to FoodsScreen inside a test was not wrapped in act(...).
      
      When testing, code that causes React state updates should be wrapped into act(...):
      
      act(() => {
        /* fire events that update state */
      });
      /* assert on the output */
      
      This ensures that you're testing the behavior the user would see in the browser. Learn more at https://react.dev/link/wrap-tests-with-act

    [0m [90m 49 |[39m       [33mAlert[39m[33m.[39malert([32m'Error'[39m[33m,[39m [32m'Failed to load foods'[39m)[33m;[39m
     [90m 50 |[39m     } [36mfinally[39m {
    [31m[1m>[22m[39m[90m 51 |[39m       setLoading([36mfalse[39m)[33m;[39m
     [90m    |[39m       [31m[1m^[22m[39m
     [90m 52 |[39m     }
     [90m 53 |[39m   }[33m;[39m
     [90m 54 |[39m[0m

      at node_modules/react-test-renderer/cjs/react-test-renderer.development.js:11801:19
      at runWithFiberInDEV (node_modules/react-test-renderer/cjs/react-test-renderer.development.js:1574:13)
      at warnIfUpdatesNotWrappedWithActDEV (node_modules/react-test-renderer/cjs/react-test-renderer.development.js:11800:9)
      at scheduleUpdateOnFiber (node_modules/react-test-renderer/cjs/react-test-renderer.development.js:10326:9)
      at dispatchSetStateInternal (node_modules/react-test-renderer/cjs/react-test-renderer.development.js:4148:13)
      at dispatchSetState (node_modules/react-test-renderer/cjs/react-test-renderer.development.js:4107:7)
      at setLoading (app/admin/foods.jsx:51:7)
      at asyncGeneratorStep (node_modules/@babel/runtime/helpers/asyncToGenerator.js:3:17)
      at _next (node_modules/@babel/runtime/helpers/asyncToGenerator.js:17:9)

    console.error
      An update to FoodsScreen inside a test was not wrapped in act(...).
      
      When testing, code that causes React state updates should be wrapped into act(...):
      
      act(() => {
        /* fire events that update state */
      });
      /* assert on the output */
      
      This ensures that you're testing the behavior the user would see in the browser. Learn more at https://react.dev/link/wrap-tests-with-act

    [0m [90m 44 |[39m         headers[33m:[39m { [33mAuthorization[39m[33m:[39m [32m`Bearer ${token}`[39m }[33m,[39m
     [90m 45 |[39m       })[33m;[39m
    [31m[1m>[22m[39m[90m 46 |[39m       setFoods(response[33m.[39mdata[33m.[39mfoods [33m||[39m [])[33m;[39m
     [90m    |[39m       [31m[1m^[22m[39m
     [90m 47 |[39m     } [36mcatch[39m (error) {
     [90m 48 |[39m       console[33m.[39merror(error)[33m;[39m
     [90m 49 |[39m       [33mAlert[39m[33m.[39malert([32m'Error'[39m[33m,[39m [32m'Failed to load foods'[39m)[33m;[39m[0m

      at node_modules/react-test-renderer/cjs/react-test-renderer.development.js:11801:19
      at runWithFiberInDEV (node_modules/react-test-renderer/cjs/react-test-renderer.development.js:1574:13)
      at warnIfUpdatesNotWrappedWithActDEV (node_modules/react-test-renderer/cjs/react-test-renderer.development.js:11800:9)
      at scheduleUpdateOnFiber (node_modules/react-test-renderer/cjs/react-test-renderer.development.js:10326:9)
      at dispatchSetStateInternal (node_modules/react-test-renderer/cjs/react-test-renderer.development.js:4148:13)
      at dispatchSetState (node_modules/react-test-renderer/cjs/react-test-renderer.development.js:4107:7)
      at setFoods (app/admin/foods.jsx:46:7)
      at asyncGeneratorStep (node_modules/@babel/runtime/helpers/asyncToGenerator.js:3:17)
      at _next (node_modules/@babel/runtime/helpers/asyncToGenerator.js:17:9)

    console.error
      An update to FoodsScreen inside a test was not wrapped in act(...).
      
      When testing, code that causes React state updates should be wrapped into act(...):
      
      act(() => {
        /* fire events that update state */
      });
      /* assert on the output */
      
      This ensures that you're testing the behavior the user would see in the browser. Learn more at https://react.dev/link/wrap-tests-with-act

    [0m [90m 49 |[39m       [33mAlert[39m[33m.[39malert([32m'Error'[39m[33m,[39m [32m'Failed to load foods'[39m)[33m;[39m
     [90m 50 |[39m     } [36mfinally[39m {
    [31m[1m>[22m[39m[90m 51 |[39m       setLoading([36mfalse[39m)[33m;[39m
     [90m    |[39m       [31m[1m^[22m[39m
     [90m 52 |[39m     }
     [90m 53 |[39m   }[33m;[39m
     [90m 54 |[39m[0m

      at node_modules/react-test-renderer/cjs/react-test-renderer.development.js:11801:19
      at runWithFiberInDEV (node_modules/react-test-renderer/cjs/react-test-renderer.development.js:1574:13)
      at warnIfUpdatesNotWrappedWithActDEV (node_modules/react-test-renderer/cjs/react-test-renderer.development.js:11800:9)
      at scheduleUpdateOnFiber (node_modules/react-test-renderer/cjs/react-test-renderer.development.js:10326:9)
      at dispatchSetStateInternal (node_modules/react-test-renderer/cjs/react-test-renderer.development.js:4148:13)
      at dispatchSetState (node_modules/react-test-renderer/cjs/react-test-renderer.development.js:4107:7)
      at setLoading (app/admin/foods.jsx:51:7)
      at asyncGeneratorStep (node_modules/@babel/runtime/helpers/asyncToGenerator.js:3:17)
      at _next (node_modules/@babel/runtime/helpers/asyncToGenerator.js:17:9)

    console.error
      Error: API Error
          at Object.<anonymous> (D:\Mobile\MobileProjectFinal\frontend\__test__\AdminFoods.test.jsx:80:33)
          at Generator.next (<anonymous>)
          at asyncGeneratorStep (D:\Mobile\MobileProjectFinal\frontend\node_modules\@babel\runtime\helpers\asyncToGenerator.js:3:17)
          at _next (D:\Mobile\MobileProjectFinal\frontend\node_modules\@babel\runtime\helpers\asyncToGenerator.js:17:9)
          at D:\Mobile\MobileProjectFinal\frontend\node_modules\@babel\runtime\helpers\asyncToGenerator.js:22:7
          at new Promise (<anonymous>)
          at Object.<anonymous> (D:\Mobile\MobileProjectFinal\frontend\node_modules\@babel\runtime\helpers\asyncToGenerator.js:14:12)
          at Promise.then.completed (D:\Mobile\MobileProjectFinal\frontend\node_modules\jest-circus\build\utils.js:298:28)
          at new Promise (<anonymous>)
          at callAsyncCircusFn (D:\Mobile\MobileProjectFinal\frontend\node_modules\jest-circus\build\utils.js:231:10)
          at _callCircusTest (D:\Mobile\MobileProjectFinal\frontend\node_modules\jest-circus\build\run.js:316:40)
          at _runTest (D:\Mobile\MobileProjectFinal\frontend\node_modules\jest-circus\build\run.js:252:3)
          at _runTestsForDescribeBlock (D:\Mobile\MobileProjectFinal\frontend\node_modules\jest-circus\build\run.js:126:9)
          at _runTestsForDescribeBlock (D:\Mobile\MobileProjectFinal\frontend\node_modules\jest-circus\build\run.js:121:9)
          at run (D:\Mobile\MobileProjectFinal\frontend\node_modules\jest-circus\build\run.js:71:3)
          at runAndTransformResultsToJestFormat (D:\Mobile\MobileProjectFinal\frontend\node_modules\jest-circus\build\legacy-code-todo-rewrite\jestAdapterInit.js:122:21)
          at jestAdapter (D:\Mobile\MobileProjectFinal\frontend\node_modules\jest-circus\build\legacy-code-todo-rewrite\jestAdapter.js:79:19)
          at runTestInternal (d:\Mobile\MobileProjectFinal\frontend\node_modules\jest-runner\build\runTest.js:367:16)
          at runTest (d:\Mobile\MobileProjectFinal\frontend\node_modules\jest-runner\build\runTest.js:444:34)
          at Object.worker (d:\Mobile\MobileProjectFinal\frontend\node_modules\jest-runner\build\testWorker.js:106:12)

    [0m [90m 46 |[39m       setFoods(response[33m.[39mdata[33m.[39mfoods [33m||[39m [])[33m;[39m
     [90m 47 |[39m     } [36mcatch[39m (error) {
    [31m[1m>[22m[39m[90m 48 |[39m       console[33m.[39merror(error)[33m;[39m
     [90m    |[39m               [31m[1m^[22m[39m
     [90m 49 |[39m       [33mAlert[39m[33m.[39malert([32m'Error'[39m[33m,[39m [32m'Failed to load foods'[39m)[33m;[39m
     [90m 50 |[39m     } [36mfinally[39m {
     [90m 51 |[39m       setLoading([36mfalse[39m)[33m;[39m[0m

      at error (app/admin/foods.jsx:48:15)
          at Generator.throw (<anonymous>)
      at asyncGeneratorStep (node_modules/@babel/runtime/helpers/asyncToGenerator.js:3:17)
      at _throw (node_modules/@babel/runtime/helpers/asyncToGenerator.js:20:9)

    console.error
      An update to FoodsScreen inside a test was not wrapped in act(...).
      
      When testing, code that causes React state updates should be wrapped into act(...):
      
      act(() => {
        /* fire events that update state */
      });
      /* assert on the output */
      
      This ensures that you're testing the behavior the user would see in the browser. Learn more at https://react.dev/link/wrap-tests-with-act

    [0m [90m 49 |[39m       [33mAlert[39m[33m.[39malert([32m'Error'[39m[33m,[39m [32m'Failed to load foods'[39m)[33m;[39m
     [90m 50 |[39m     } [36mfinally[39m {
    [31m[1m>[22m[39m[90m 51 |[39m       setLoading([36mfalse[39m)[33m;[39m
     [90m    |[39m       [31m[1m^[22m[39m
     [90m 52 |[39m     }
     [90m 53 |[39m   }[33m;[39m
     [90m 54 |[39m[0m

      at node_modules/react-test-renderer/cjs/react-test-renderer.development.js:11801:19
      at runWithFiberInDEV (node_modules/react-test-renderer/cjs/react-test-renderer.development.js:1574:13)
      at warnIfUpdatesNotWrappedWithActDEV (node_modules/react-test-renderer/cjs/react-test-renderer.development.js:11800:9)
      at scheduleUpdateOnFiber (node_modules/react-test-renderer/cjs/react-test-renderer.development.js:10326:9)
      at dispatchSetStateInternal (node_modules/react-test-renderer/cjs/react-test-renderer.development.js:4148:13)
      at dispatchSetState (node_modules/react-test-renderer/cjs/react-test-renderer.development.js:4107:7)
      at setLoading (app/admin/foods.jsx:51:7)
          at Generator.throw (<anonymous>)
      at asyncGeneratorStep (node_modules/@babel/runtime/helpers/asyncToGenerator.js:3:17)
      at _throw (node_modules/@babel/runtime/helpers/asyncToGenerator.js:20:9)

PASS __test__/UserHome.test.jsx
PASS __test__/AdminOrders.test.jsx
  ● Console

    console.error
      An update to OrdersScreen inside a test was not wrapped in act(...).
      
      When testing, code that causes React state updates should be wrapped into act(...):
      
      act(() => {
        /* fire events that update state */
      });
      /* assert on the output */
      
      This ensures that you're testing the behavior the user would see in the browser. Learn more at https://react.dev/link/wrap-tests-with-act

    [0m [90m 42 |[39m       })[33m;[39m
     [90m 43 |[39m       [90m// For demo, using stats data[39m
    [31m[1m>[22m[39m[90m 44 |[39m       setOrders([])[33m;[39m
     [90m    |[39m       [31m[1m^[22m[39m
     [90m 45 |[39m     } [36mcatch[39m (error) {
     [90m 46 |[39m       console[33m.[39merror(error)[33m;[39m
     [90m 47 |[39m       [33mAlert[39m[33m.[39malert([32m'Error'[39m[33m,[39m [32m'Failed to load orders'[39m)[33m;[39m[0m

      at node_modules/react-test-renderer/cjs/react-test-renderer.development.js:11801:19
      at runWithFiberInDEV (node_modules/react-test-renderer/cjs/react-test-renderer.development.js:1574:13)
      at warnIfUpdatesNotWrappedWithActDEV (node_modules/react-test-renderer/cjs/react-test-renderer.development.js:11800:9)
      at scheduleUpdateOnFiber (node_modules/react-test-renderer/cjs/react-test-renderer.development.js:10326:9)
      at dispatchSetStateInternal (node_modules/react-test-renderer/cjs/react-test-renderer.development.js:4148:13)
      at dispatchSetState (node_modules/react-test-renderer/cjs/react-test-renderer.development.js:4107:7)
      at setOrders (app/admin/orders.jsx:44:7)
      at asyncGeneratorStep (node_modules/@babel/runtime/helpers/asyncToGenerator.js:3:17)
      at _next (node_modules/@babel/runtime/helpers/asyncToGenerator.js:17:9)

    console.error
      An update to OrdersScreen inside a test was not wrapped in act(...).
      
      When testing, code that causes React state updates should be wrapped into act(...):
      
      act(() => {
        /* fire events that update state */
      });
      /* assert on the output */
      
      This ensures that you're testing the behavior the user would see in the browser. Learn more at https://react.dev/link/wrap-tests-with-act

    [0m [90m 47 |[39m       [33mAlert[39m[33m.[39malert([32m'Error'[39m[33m,[39m [32m'Failed to load orders'[39m)[33m;[39m
     [90m 48 |[39m     } [36mfinally[39m {
    [31m[1m>[22m[39m[90m 49 |[39m       setLoading([36mfalse[39m)[33m;[39m
     [90m    |[39m       [31m[1m^[22m[39m
     [90m 50 |[39m     }
     [90m 51 |[39m   }[33m;[39m
     [90m 52 |[39m[0m

      at node_modules/react-test-renderer/cjs/react-test-renderer.development.js:11801:19
      at runWithFiberInDEV (node_modules/react-test-renderer/cjs/react-test-renderer.development.js:1574:13)
      at warnIfUpdatesNotWrappedWithActDEV (node_modules/react-test-renderer/cjs/react-test-renderer.development.js:11800:9)
      at scheduleUpdateOnFiber (node_modules/react-test-renderer/cjs/react-test-renderer.development.js:10326:9)
      at dispatchSetStateInternal (node_modules/react-test-renderer/cjs/react-test-renderer.development.js:4148:13)
      at dispatchSetState (node_modules/react-test-renderer/cjs/react-test-renderer.development.js:4107:7)
      at setLoading (app/admin/orders.jsx:49:7)
      at asyncGeneratorStep (node_modules/@babel/runtime/helpers/asyncToGenerator.js:3:17)
      at _next (node_modules/@babel/runtime/helpers/asyncToGenerator.js:17:9)

    console.error
      An update to OrdersScreen inside a test was not wrapped in act(...).
      
      When testing, code that causes React state updates should be wrapped into act(...):
      
      act(() => {
        /* fire events that update state */
      });
      /* assert on the output */
      
      This ensures that you're testing the behavior the user would see in the browser. Learn more at https://react.dev/link/wrap-tests-with-act

    [0m [90m 42 |[39m       })[33m;[39m
     [90m 43 |[39m       [90m// For demo, using stats data[39m
    [31m[1m>[22m[39m[90m 44 |[39m       setOrders([])[33m;[39m
     [90m    |[39m       [31m[1m^[22m[39m
     [90m 45 |[39m     } [36mcatch[39m (error) {
     [90m 46 |[39m       console[33m.[39merror(error)[33m;[39m
     [90m 47 |[39m       [33mAlert[39m[33m.[39malert([32m'Error'[39m[33m,[39m [32m'Failed to load orders'[39m)[33m;[39m[0m

      at node_modules/react-test-renderer/cjs/react-test-renderer.development.js:11801:19
      at runWithFiberInDEV (node_modules/react-test-renderer/cjs/react-test-renderer.development.js:1574:13)
      at warnIfUpdatesNotWrappedWithActDEV (node_modules/react-test-renderer/cjs/react-test-renderer.development.js:11800:9)
      at scheduleUpdateOnFiber (node_modules/react-test-renderer/cjs/react-test-renderer.development.js:10326:9)
      at dispatchSetStateInternal (node_modules/react-test-renderer/cjs/react-test-renderer.development.js:4148:13)
      at dispatchSetState (node_modules/react-test-renderer/cjs/react-test-renderer.development.js:4107:7)
      at setOrders (app/admin/orders.jsx:44:7)
      at asyncGeneratorStep (node_modules/@babel/runtime/helpers/asyncToGenerator.js:3:17)
      at _next (node_modules/@babel/runtime/helpers/asyncToGenerator.js:17:9)

    console.error
      An update to OrdersScreen inside a test was not wrapped in act(...).
      
      When testing, code that causes React state updates should be wrapped into act(...):
      
      act(() => {
        /* fire events that update state */
      });
      /* assert on the output */
      
      This ensures that you're testing the behavior the user would see in the browser. Learn more at https://react.dev/link/wrap-tests-with-act

    [0m [90m 47 |[39m       [33mAlert[39m[33m.[39malert([32m'Error'[39m[33m,[39m [32m'Failed to load orders'[39m)[33m;[39m
     [90m 48 |[39m     } [36mfinally[39m {
    [31m[1m>[22m[39m[90m 49 |[39m       setLoading([36mfalse[39m)[33m;[39m
     [90m    |[39m       [31m[1m^[22m[39m
     [90m 50 |[39m     }
     [90m 51 |[39m   }[33m;[39m
     [90m 52 |[39m[0m

      at node_modules/react-test-renderer/cjs/react-test-renderer.development.js:11801:19
      at runWithFiberInDEV (node_modules/react-test-renderer/cjs/react-test-renderer.development.js:1574:13)
      at warnIfUpdatesNotWrappedWithActDEV (node_modules/react-test-renderer/cjs/react-test-renderer.development.js:11800:9)
      at scheduleUpdateOnFiber (node_modules/react-test-renderer/cjs/react-test-renderer.development.js:10326:9)
      at dispatchSetStateInternal (node_modules/react-test-renderer/cjs/react-test-renderer.development.js:4148:13)
      at dispatchSetState (node_modules/react-test-renderer/cjs/react-test-renderer.development.js:4107:7)
      at setLoading (app/admin/orders.jsx:49:7)
      at asyncGeneratorStep (node_modules/@babel/runtime/helpers/asyncToGenerator.js:3:17)
      at _next (node_modules/@babel/runtime/helpers/asyncToGenerator.js:17:9)

    console.error
      An update to OrdersScreen inside a test was not wrapped in act(...).
      
      When testing, code that causes React state updates should be wrapped into act(...):
      
      act(() => {
        /* fire events that update state */
      });
      /* assert on the output */
      
      This ensures that you're testing the behavior the user would see in the browser. Learn more at https://react.dev/link/wrap-tests-with-act

    [0m [90m 42 |[39m       })[33m;[39m
     [90m 43 |[39m       [90m// For demo, using stats data[39m
    [31m[1m>[22m[39m[90m 44 |[39m       setOrders([])[33m;[39m
     [90m    |[39m       [31m[1m^[22m[39m
     [90m 45 |[39m     } [36mcatch[39m (error) {
     [90m 46 |[39m       console[33m.[39merror(error)[33m;[39m
     [90m 47 |[39m       [33mAlert[39m[33m.[39malert([32m'Error'[39m[33m,[39m [32m'Failed to load orders'[39m)[33m;[39m[0m

      at node_modules/react-test-renderer/cjs/react-test-renderer.development.js:11801:19
      at runWithFiberInDEV (node_modules/react-test-renderer/cjs/react-test-renderer.development.js:1574:13)
      at warnIfUpdatesNotWrappedWithActDEV (node_modules/react-test-renderer/cjs/react-test-renderer.development.js:11800:9)
      at scheduleUpdateOnFiber (node_modules/react-test-renderer/cjs/react-test-renderer.development.js:10326:9)
      at dispatchSetStateInternal (node_modules/react-test-renderer/cjs/react-test-renderer.development.js:4148:13)
      at dispatchSetState (node_modules/react-test-renderer/cjs/react-test-renderer.development.js:4107:7)
      at setOrders (app/admin/orders.jsx:44:7)
      at asyncGeneratorStep (node_modules/@babel/runtime/helpers/asyncToGenerator.js:3:17)
      at _next (node_modules/@babel/runtime/helpers/asyncToGenerator.js:17:9)

    console.error
      An update to OrdersScreen inside a test was not wrapped in act(...).
      
      When testing, code that causes React state updates should be wrapped into act(...):
      
      act(() => {
        /* fire events that update state */
      });
      /* assert on the output */
      
      This ensures that you're testing the behavior the user would see in the browser. Learn more at https://react.dev/link/wrap-tests-with-act

    [0m [90m 47 |[39m       [33mAlert[39m[33m.[39malert([32m'Error'[39m[33m,[39m [32m'Failed to load orders'[39m)[33m;[39m
     [90m 48 |[39m     } [36mfinally[39m {
    [31m[1m>[22m[39m[90m 49 |[39m       setLoading([36mfalse[39m)[33m;[39m
     [90m    |[39m       [31m[1m^[22m[39m
     [90m 50 |[39m     }
     [90m 51 |[39m   }[33m;[39m
     [90m 52 |[39m[0m

      at node_modules/react-test-renderer/cjs/react-test-renderer.development.js:11801:19
      at runWithFiberInDEV (node_modules/react-test-renderer/cjs/react-test-renderer.development.js:1574:13)
      at warnIfUpdatesNotWrappedWithActDEV (node_modules/react-test-renderer/cjs/react-test-renderer.development.js:11800:9)
      at scheduleUpdateOnFiber (node_modules/react-test-renderer/cjs/react-test-renderer.development.js:10326:9)
      at dispatchSetStateInternal (node_modules/react-test-renderer/cjs/react-test-renderer.development.js:4148:13)
      at dispatchSetState (node_modules/react-test-renderer/cjs/react-test-renderer.development.js:4107:7)
      at setLoading (app/admin/orders.jsx:49:7)
      at asyncGeneratorStep (node_modules/@babel/runtime/helpers/asyncToGenerator.js:3:17)
      at _next (node_modules/@babel/runtime/helpers/asyncToGenerator.js:17:9)

    console.error
      An update to OrdersScreen inside a test was not wrapped in act(...).
      
      When testing, code that causes React state updates should be wrapped into act(...):
      
      act(() => {
        /* fire events that update state */
      });
      /* assert on the output */
      
      This ensures that you're testing the behavior the user would see in the browser. Learn more at https://react.dev/link/wrap-tests-with-act

    [0m [90m 42 |[39m       })[33m;[39m
     [90m 43 |[39m       [90m// For demo, using stats data[39m
    [31m[1m>[22m[39m[90m 44 |[39m       setOrders([])[33m;[39m
     [90m    |[39m       [31m[1m^[22m[39m
     [90m 45 |[39m     } [36mcatch[39m (error) {
     [90m 46 |[39m       console[33m.[39merror(error)[33m;[39m
     [90m 47 |[39m       [33mAlert[39m[33m.[39malert([32m'Error'[39m[33m,[39m [32m'Failed to load orders'[39m)[33m;[39m[0m

      at node_modules/react-test-renderer/cjs/react-test-renderer.development.js:11801:19
      at runWithFiberInDEV (node_modules/react-test-renderer/cjs/react-test-renderer.development.js:1574:13)
      at warnIfUpdatesNotWrappedWithActDEV (node_modules/react-test-renderer/cjs/react-test-renderer.development.js:11800:9)
      at scheduleUpdateOnFiber (node_modules/react-test-renderer/cjs/react-test-renderer.development.js:10326:9)
      at dispatchSetStateInternal (node_modules/react-test-renderer/cjs/react-test-renderer.development.js:4148:13)
      at dispatchSetState (node_modules/react-test-renderer/cjs/react-test-renderer.development.js:4107:7)
      at setOrders (app/admin/orders.jsx:44:7)
      at asyncGeneratorStep (node_modules/@babel/runtime/helpers/asyncToGenerator.js:3:17)
      at _next (node_modules/@babel/runtime/helpers/asyncToGenerator.js:17:9)

    console.error
      An update to OrdersScreen inside a test was not wrapped in act(...).
      
      When testing, code that causes React state updates should be wrapped into act(...):
      
      act(() => {
        /* fire events that update state */
      });
      /* assert on the output */
      
      This ensures that you're testing the behavior the user would see in the browser. Learn more at https://react.dev/link/wrap-tests-with-act

    [0m [90m 47 |[39m       [33mAlert[39m[33m.[39malert([32m'Error'[39m[33m,[39m [32m'Failed to load orders'[39m)[33m;[39m
     [90m 48 |[39m     } [36mfinally[39m {
    [31m[1m>[22m[39m[90m 49 |[39m       setLoading([36mfalse[39m)[33m;[39m
     [90m    |[39m       [31m[1m^[22m[39m
     [90m 50 |[39m     }
     [90m 51 |[39m   }[33m;[39m
     [90m 52 |[39m[0m

      at node_modules/react-test-renderer/cjs/react-test-renderer.development.js:11801:19
      at runWithFiberInDEV (node_modules/react-test-renderer/cjs/react-test-renderer.development.js:1574:13)
      at warnIfUpdatesNotWrappedWithActDEV (node_modules/react-test-renderer/cjs/react-test-renderer.development.js:11800:9)
      at scheduleUpdateOnFiber (node_modules/react-test-renderer/cjs/react-test-renderer.development.js:10326:9)
      at dispatchSetStateInternal (node_modules/react-test-renderer/cjs/react-test-renderer.development.js:4148:13)
      at dispatchSetState (node_modules/react-test-renderer/cjs/react-test-renderer.development.js:4107:7)
      at setLoading (app/admin/orders.jsx:49:7)
      at asyncGeneratorStep (node_modules/@babel/runtime/helpers/asyncToGenerator.js:3:17)
      at _next (node_modules/@babel/runtime/helpers/asyncToGenerator.js:17:9)

    console.error
      An update to OrdersScreen inside a test was not wrapped in act(...).
      
      When testing, code that causes React state updates should be wrapped into act(...):
      
      act(() => {
        /* fire events that update state */
      });
      /* assert on the output */
      
      This ensures that you're testing the behavior the user would see in the browser. Learn more at https://react.dev/link/wrap-tests-with-act

    [0m [90m 42 |[39m       })[33m;[39m
     [90m 43 |[39m       [90m// For demo, using stats data[39m
    [31m[1m>[22m[39m[90m 44 |[39m       setOrders([])[33m;[39m
     [90m    |[39m       [31m[1m^[22m[39m
     [90m 45 |[39m     } [36mcatch[39m (error) {
     [90m 46 |[39m       console[33m.[39merror(error)[33m;[39m
     [90m 47 |[39m       [33mAlert[39m[33m.[39malert([32m'Error'[39m[33m,[39m [32m'Failed to load orders'[39m)[33m;[39m[0m

      at node_modules/react-test-renderer/cjs/react-test-renderer.development.js:11801:19
      at runWithFiberInDEV (node_modules/react-test-renderer/cjs/react-test-renderer.development.js:1574:13)
      at warnIfUpdatesNotWrappedWithActDEV (node_modules/react-test-renderer/cjs/react-test-renderer.development.js:11800:9)
      at scheduleUpdateOnFiber (node_modules/react-test-renderer/cjs/react-test-renderer.development.js:10326:9)
      at dispatchSetStateInternal (node_modules/react-test-renderer/cjs/react-test-renderer.development.js:4148:13)
      at dispatchSetState (node_modules/react-test-renderer/cjs/react-test-renderer.development.js:4107:7)
      at setOrders (app/admin/orders.jsx:44:7)
      at asyncGeneratorStep (node_modules/@babel/runtime/helpers/asyncToGenerator.js:3:17)
      at _next (node_modules/@babel/runtime/helpers/asyncToGenerator.js:17:9)

    console.error
      An update to OrdersScreen inside a test was not wrapped in act(...).
      
      When testing, code that causes React state updates should be wrapped into act(...):
      
      act(() => {
        /* fire events that update state */
      });
      /* assert on the output */
      
      This ensures that you're testing the behavior the user would see in the browser. Learn more at https://react.dev/link/wrap-tests-with-act

    [0m [90m 47 |[39m       [33mAlert[39m[33m.[39malert([32m'Error'[39m[33m,[39m [32m'Failed to load orders'[39m)[33m;[39m
     [90m 48 |[39m     } [36mfinally[39m {
    [31m[1m>[22m[39m[90m 49 |[39m       setLoading([36mfalse[39m)[33m;[39m
     [90m    |[39m       [31m[1m^[22m[39m
     [90m 50 |[39m     }
     [90m 51 |[39m   }[33m;[39m
     [90m 52 |[39m[0m

      at node_modules/react-test-renderer/cjs/react-test-renderer.development.js:11801:19
      at runWithFiberInDEV (node_modules/react-test-renderer/cjs/react-test-renderer.development.js:1574:13)
      at warnIfUpdatesNotWrappedWithActDEV (node_modules/react-test-renderer/cjs/react-test-renderer.development.js:11800:9)
      at scheduleUpdateOnFiber (node_modules/react-test-renderer/cjs/react-test-renderer.development.js:10326:9)
      at dispatchSetStateInternal (node_modules/react-test-renderer/cjs/react-test-renderer.development.js:4148:13)
      at dispatchSetState (node_modules/react-test-renderer/cjs/react-test-renderer.development.js:4107:7)
      at setLoading (app/admin/orders.jsx:49:7)
      at asyncGeneratorStep (node_modules/@babel/runtime/helpers/asyncToGenerator.js:3:17)
      at _next (node_modules/@babel/runtime/helpers/asyncToGenerator.js:17:9)

    console.error
      Error: API Error
          at Object.<anonymous> (D:\Mobile\MobileProjectFinal\frontend\__test__\AdminOrders.test.jsx:76:33)
          at Generator.next (<anonymous>)
          at asyncGeneratorStep (D:\Mobile\MobileProjectFinal\frontend\node_modules\@babel\runtime\helpers\asyncToGenerator.js:3:17)
          at _next (D:\Mobile\MobileProjectFinal\frontend\node_modules\@babel\runtime\helpers\asyncToGenerator.js:17:9)
          at D:\Mobile\MobileProjectFinal\frontend\node_modules\@babel\runtime\helpers\asyncToGenerator.js:22:7
          at new Promise (<anonymous>)
          at Object.<anonymous> (D:\Mobile\MobileProjectFinal\frontend\node_modules\@babel\runtime\helpers\asyncToGenerator.js:14:12)
          at Promise.then.completed (D:\Mobile\MobileProjectFinal\frontend\node_modules\jest-circus\build\utils.js:298:28)
          at new Promise (<anonymous>)
          at callAsyncCircusFn (D:\Mobile\MobileProjectFinal\frontend\node_modules\jest-circus\build\utils.js:231:10)
          at _callCircusTest (D:\Mobile\MobileProjectFinal\frontend\node_modules\jest-circus\build\run.js:316:40)
          at _runTest (D:\Mobile\MobileProjectFinal\frontend\node_modules\jest-circus\build\run.js:252:3)
          at _runTestsForDescribeBlock (D:\Mobile\MobileProjectFinal\frontend\node_modules\jest-circus\build\run.js:126:9)
          at _runTestsForDescribeBlock (D:\Mobile\MobileProjectFinal\frontend\node_modules\jest-circus\build\run.js:121:9)
          at run (D:\Mobile\MobileProjectFinal\frontend\node_modules\jest-circus\build\run.js:71:3)
          at runAndTransformResultsToJestFormat (D:\Mobile\MobileProjectFinal\frontend\node_modules\jest-circus\build\legacy-code-todo-rewrite\jestAdapterInit.js:122:21)
          at jestAdapter (D:\Mobile\MobileProjectFinal\frontend\node_modules\jest-circus\build\legacy-code-todo-rewrite\jestAdapter.js:79:19)
          at runTestInternal (d:\Mobile\MobileProjectFinal\frontend\node_modules\jest-runner\build\runTest.js:367:16)
          at runTest (d:\Mobile\MobileProjectFinal\frontend\node_modules\jest-runner\build\runTest.js:444:34)
          at Object.worker (d:\Mobile\MobileProjectFinal\frontend\node_modules\jest-runner\build\testWorker.js:106:12)

    [0m [90m 44 |[39m       setOrders([])[33m;[39m
     [90m 45 |[39m     } [36mcatch[39m (error) {
    [31m[1m>[22m[39m[90m 46 |[39m       console[33m.[39merror(error)[33m;[39m
     [90m    |[39m               [31m[1m^[22m[39m
     [90m 47 |[39m       [33mAlert[39m[33m.[39malert([32m'Error'[39m[33m,[39m [32m'Failed to load orders'[39m)[33m;[39m
     [90m 48 |[39m     } [36mfinally[39m {
     [90m 49 |[39m       setLoading([36mfalse[39m)[33m;[39m[0m

      at error (app/admin/orders.jsx:46:15)
          at Generator.throw (<anonymous>)
      at asyncGeneratorStep (node_modules/@babel/runtime/helpers/asyncToGenerator.js:3:17)
      at _throw (node_modules/@babel/runtime/helpers/asyncToGenerator.js:20:9)

    console.error
      An update to OrdersScreen inside a test was not wrapped in act(...).
      
      When testing, code that causes React state updates should be wrapped into act(...):
      
      act(() => {
        /* fire events that update state */
      });
      /* assert on the output */
      
      This ensures that you're testing the behavior the user would see in the browser. Learn more at https://react.dev/link/wrap-tests-with-act

    [0m [90m 47 |[39m       [33mAlert[39m[33m.[39malert([32m'Error'[39m[33m,[39m [32m'Failed to load orders'[39m)[33m;[39m
     [90m 48 |[39m     } [36mfinally[39m {
    [31m[1m>[22m[39m[90m 49 |[39m       setLoading([36mfalse[39m)[33m;[39m
     [90m    |[39m       [31m[1m^[22m[39m
     [90m 50 |[39m     }
     [90m 51 |[39m   }[33m;[39m
     [90m 52 |[39m[0m

      at node_modules/react-test-renderer/cjs/react-test-renderer.development.js:11801:19
      at runWithFiberInDEV (node_modules/react-test-renderer/cjs/react-test-renderer.development.js:1574:13)
      at warnIfUpdatesNotWrappedWithActDEV (node_modules/react-test-renderer/cjs/react-test-renderer.development.js:11800:9)
      at scheduleUpdateOnFiber (node_modules/react-test-renderer/cjs/react-test-renderer.development.js:10326:9)
      at dispatchSetStateInternal (node_modules/react-test-renderer/cjs/react-test-renderer.development.js:4148:13)
      at dispatchSetState (node_modules/react-test-renderer/cjs/react-test-renderer.development.js:4107:7)
      at setLoading (app/admin/orders.jsx:49:7)
          at Generator.throw (<anonymous>)
      at asyncGeneratorStep (node_modules/@babel/runtime/helpers/asyncToGenerator.js:3:17)
      at _throw (node_modules/@babel/runtime/helpers/asyncToGenerator.js:20:9)

PASS __test__/AdminRevenue.test.jsx
  ● Console

    console.error
      An update to RevenueScreen inside a test was not wrapped in act(...).
      
      When testing, code that causes React state updates should be wrapped into act(...):
      
      act(() => {
        /* fire events that update state */
      });
      /* assert on the output */
      
      This ensures that you're testing the behavior the user would see in the browser. Learn more at https://react.dev/link/wrap-tests-with-act

    [0m [90m 41 |[39m         { headers[33m:[39m { [33mAuthorization[39m[33m:[39m [32m`Bearer ${token}`[39m } }
     [90m 42 |[39m       )[33m;[39m
    [31m[1m>[22m[39m[90m 43 |[39m       setStats(response[33m.[39mdata)[33m;[39m
     [90m    |[39m       [31m[1m^[22m[39m
     [90m 44 |[39m     } [36mcatch[39m (error) {
     [90m 45 |[39m       console[33m.[39merror(error)[33m;[39m
     [90m 46 |[39m       [33mAlert[39m[33m.[39malert([32m'Error'[39m[33m,[39m [32m'Failed to load revenue data'[39m)[33m;[39m[0m

      at node_modules/react-test-renderer/cjs/react-test-renderer.development.js:11801:19
      at runWithFiberInDEV (node_modules/react-test-renderer/cjs/react-test-renderer.development.js:1574:13)
      at warnIfUpdatesNotWrappedWithActDEV (node_modules/react-test-renderer/cjs/react-test-renderer.development.js:11800:9)
      at scheduleUpdateOnFiber (node_modules/react-test-renderer/cjs/react-test-renderer.development.js:10326:9)
      at dispatchSetStateInternal (node_modules/react-test-renderer/cjs/react-test-renderer.development.js:4148:13)
      at dispatchSetState (node_modules/react-test-renderer/cjs/react-test-renderer.development.js:4107:7)
      at setStats (app/admin/revenue.jsx:43:7)
      at asyncGeneratorStep (node_modules/@babel/runtime/helpers/asyncToGenerator.js:3:17)
      at _next (node_modules/@babel/runtime/helpers/asyncToGenerator.js:17:9)

    console.error
      An update to RevenueScreen inside a test was not wrapped in act(...).
      
      When testing, code that causes React state updates should be wrapped into act(...):
      
      act(() => {
        /* fire events that update state */
      });
      /* assert on the output */
      
      This ensures that you're testing the behavior the user would see in the browser. Learn more at https://react.dev/link/wrap-tests-with-act

    [0m [90m 46 |[39m       [33mAlert[39m[33m.[39malert([32m'Error'[39m[33m,[39m [32m'Failed to load revenue data'[39m)[33m;[39m
     [90m 47 |[39m     } [36mfinally[39m {
    [31m[1m>[22m[39m[90m 48 |[39m       setLoading([36mfalse[39m)[33m;[39m
     [90m    |[39m       [31m[1m^[22m[39m
     [90m 49 |[39m     }
     [90m 50 |[39m   }[33m;[39m
     [90m 51 |[39m[0m

      at node_modules/react-test-renderer/cjs/react-test-renderer.development.js:11801:19
      at runWithFiberInDEV (node_modules/react-test-renderer/cjs/react-test-renderer.development.js:1574:13)
      at warnIfUpdatesNotWrappedWithActDEV (node_modules/react-test-renderer/cjs/react-test-renderer.development.js:11800:9)
      at scheduleUpdateOnFiber (node_modules/react-test-renderer/cjs/react-test-renderer.development.js:10326:9)
      at dispatchSetStateInternal (node_modules/react-test-renderer/cjs/react-test-renderer.development.js:4148:13)
      at dispatchSetState (node_modules/react-test-renderer/cjs/react-test-renderer.development.js:4107:7)
      at setLoading (app/admin/revenue.jsx:48:7)
      at asyncGeneratorStep (node_modules/@babel/runtime/helpers/asyncToGenerator.js:3:17)
      at _next (node_modules/@babel/runtime/helpers/asyncToGenerator.js:17:9)

    console.error
      An update to RevenueScreen inside a test was not wrapped in act(...).
      
      When testing, code that causes React state updates should be wrapped into act(...):
      
      act(() => {
        /* fire events that update state */
      });
      /* assert on the output */
      
      This ensures that you're testing the behavior the user would see in the browser. Learn more at https://react.dev/link/wrap-tests-with-act

    [0m [90m 41 |[39m         { headers[33m:[39m { [33mAuthorization[39m[33m:[39m [32m`Bearer ${token}`[39m } }
     [90m 42 |[39m       )[33m;[39m
    [31m[1m>[22m[39m[90m 43 |[39m       setStats(response[33m.[39mdata)[33m;[39m
     [90m    |[39m       [31m[1m^[22m[39m
     [90m 44 |[39m     } [36mcatch[39m (error) {
     [90m 45 |[39m       console[33m.[39merror(error)[33m;[39m
     [90m 46 |[39m       [33mAlert[39m[33m.[39malert([32m'Error'[39m[33m,[39m [32m'Failed to load revenue data'[39m)[33m;[39m[0m

      at node_modules/react-test-renderer/cjs/react-test-renderer.development.js:11801:19
      at runWithFiberInDEV (node_modules/react-test-renderer/cjs/react-test-renderer.development.js:1574:13)
      at warnIfUpdatesNotWrappedWithActDEV (node_modules/react-test-renderer/cjs/react-test-renderer.development.js:11800:9)
      at scheduleUpdateOnFiber (node_modules/react-test-renderer/cjs/react-test-renderer.development.js:10326:9)
      at dispatchSetStateInternal (node_modules/react-test-renderer/cjs/react-test-renderer.development.js:4148:13)
      at dispatchSetState (node_modules/react-test-renderer/cjs/react-test-renderer.development.js:4107:7)
      at setStats (app/admin/revenue.jsx:43:7)
      at asyncGeneratorStep (node_modules/@babel/runtime/helpers/asyncToGenerator.js:3:17)
      at _next (node_modules/@babel/runtime/helpers/asyncToGenerator.js:17:9)

    console.error
      An update to RevenueScreen inside a test was not wrapped in act(...).
      
      When testing, code that causes React state updates should be wrapped into act(...):
      
      act(() => {
        /* fire events that update state */
      });
      /* assert on the output */
      
      This ensures that you're testing the behavior the user would see in the browser. Learn more at https://react.dev/link/wrap-tests-with-act

    [0m [90m 46 |[39m       [33mAlert[39m[33m.[39malert([32m'Error'[39m[33m,[39m [32m'Failed to load revenue data'[39m)[33m;[39m
     [90m 47 |[39m     } [36mfinally[39m {
    [31m[1m>[22m[39m[90m 48 |[39m       setLoading([36mfalse[39m)[33m;[39m
     [90m    |[39m       [31m[1m^[22m[39m
     [90m 49 |[39m     }
     [90m 50 |[39m   }[33m;[39m
     [90m 51 |[39m[0m

      at node_modules/react-test-renderer/cjs/react-test-renderer.development.js:11801:19
      at runWithFiberInDEV (node_modules/react-test-renderer/cjs/react-test-renderer.development.js:1574:13)
      at warnIfUpdatesNotWrappedWithActDEV (node_modules/react-test-renderer/cjs/react-test-renderer.development.js:11800:9)
      at scheduleUpdateOnFiber (node_modules/react-test-renderer/cjs/react-test-renderer.development.js:10326:9)
      at dispatchSetStateInternal (node_modules/react-test-renderer/cjs/react-test-renderer.development.js:4148:13)
      at dispatchSetState (node_modules/react-test-renderer/cjs/react-test-renderer.development.js:4107:7)
      at setLoading (app/admin/revenue.jsx:48:7)
      at asyncGeneratorStep (node_modules/@babel/runtime/helpers/asyncToGenerator.js:3:17)
      at _next (node_modules/@babel/runtime/helpers/asyncToGenerator.js:17:9)

    console.error
      An update to RevenueScreen inside a test was not wrapped in act(...).
      
      When testing, code that causes React state updates should be wrapped into act(...):
      
      act(() => {
        /* fire events that update state */
      });
      /* assert on the output */
      
      This ensures that you're testing the behavior the user would see in the browser. Learn more at https://react.dev/link/wrap-tests-with-act

    [0m [90m 41 |[39m         { headers[33m:[39m { [33mAuthorization[39m[33m:[39m [32m`Bearer ${token}`[39m } }
     [90m 42 |[39m       )[33m;[39m
    [31m[1m>[22m[39m[90m 43 |[39m       setStats(response[33m.[39mdata)[33m;[39m
     [90m    |[39m       [31m[1m^[22m[39m
     [90m 44 |[39m     } [36mcatch[39m (error) {
     [90m 45 |[39m       console[33m.[39merror(error)[33m;[39m
     [90m 46 |[39m       [33mAlert[39m[33m.[39malert([32m'Error'[39m[33m,[39m [32m'Failed to load revenue data'[39m)[33m;[39m[0m

      at node_modules/react-test-renderer/cjs/react-test-renderer.development.js:11801:19
      at runWithFiberInDEV (node_modules/react-test-renderer/cjs/react-test-renderer.development.js:1574:13)
      at warnIfUpdatesNotWrappedWithActDEV (node_modules/react-test-renderer/cjs/react-test-renderer.development.js:11800:9)
      at scheduleUpdateOnFiber (node_modules/react-test-renderer/cjs/react-test-renderer.development.js:10326:9)
      at dispatchSetStateInternal (node_modules/react-test-renderer/cjs/react-test-renderer.development.js:4148:13)
      at dispatchSetState (node_modules/react-test-renderer/cjs/react-test-renderer.development.js:4107:7)
      at setStats (app/admin/revenue.jsx:43:7)
      at asyncGeneratorStep (node_modules/@babel/runtime/helpers/asyncToGenerator.js:3:17)
      at _next (node_modules/@babel/runtime/helpers/asyncToGenerator.js:17:9)

    console.error
      An update to RevenueScreen inside a test was not wrapped in act(...).
      
      When testing, code that causes React state updates should be wrapped into act(...):
      
      act(() => {
        /* fire events that update state */
      });
      /* assert on the output */
      
      This ensures that you're testing the behavior the user would see in the browser. Learn more at https://react.dev/link/wrap-tests-with-act

    [0m [90m 46 |[39m       [33mAlert[39m[33m.[39malert([32m'Error'[39m[33m,[39m [32m'Failed to load revenue data'[39m)[33m;[39m
     [90m 47 |[39m     } [36mfinally[39m {
    [31m[1m>[22m[39m[90m 48 |[39m       setLoading([36mfalse[39m)[33m;[39m
     [90m    |[39m       [31m[1m^[22m[39m
     [90m 49 |[39m     }
     [90m 50 |[39m   }[33m;[39m
     [90m 51 |[39m[0m

      at node_modules/react-test-renderer/cjs/react-test-renderer.development.js:11801:19
      at runWithFiberInDEV (node_modules/react-test-renderer/cjs/react-test-renderer.development.js:1574:13)
      at warnIfUpdatesNotWrappedWithActDEV (node_modules/react-test-renderer/cjs/react-test-renderer.development.js:11800:9)
      at scheduleUpdateOnFiber (node_modules/react-test-renderer/cjs/react-test-renderer.development.js:10326:9)
      at dispatchSetStateInternal (node_modules/react-test-renderer/cjs/react-test-renderer.development.js:4148:13)
      at dispatchSetState (node_modules/react-test-renderer/cjs/react-test-renderer.development.js:4107:7)
      at setLoading (app/admin/revenue.jsx:48:7)
      at asyncGeneratorStep (node_modules/@babel/runtime/helpers/asyncToGenerator.js:3:17)
      at _next (node_modules/@babel/runtime/helpers/asyncToGenerator.js:17:9)

    console.error
      An update to RevenueScreen inside a test was not wrapped in act(...).
      
      When testing, code that causes React state updates should be wrapped into act(...):
      
      act(() => {
        /* fire events that update state */
      });
      /* assert on the output */
      
      This ensures that you're testing the behavior the user would see in the browser. Learn more at https://react.dev/link/wrap-tests-with-act

    [0m [90m 41 |[39m         { headers[33m:[39m { [33mAuthorization[39m[33m:[39m [32m`Bearer ${token}`[39m } }
     [90m 42 |[39m       )[33m;[39m
    [31m[1m>[22m[39m[90m 43 |[39m       setStats(response[33m.[39mdata)[33m;[39m
     [90m    |[39m       [31m[1m^[22m[39m
     [90m 44 |[39m     } [36mcatch[39m (error) {
     [90m 45 |[39m       console[33m.[39merror(error)[33m;[39m
     [90m 46 |[39m       [33mAlert[39m[33m.[39malert([32m'Error'[39m[33m,[39m [32m'Failed to load revenue data'[39m)[33m;[39m[0m

      at node_modules/react-test-renderer/cjs/react-test-renderer.development.js:11801:19
      at runWithFiberInDEV (node_modules/react-test-renderer/cjs/react-test-renderer.development.js:1574:13)
      at warnIfUpdatesNotWrappedWithActDEV (node_modules/react-test-renderer/cjs/react-test-renderer.development.js:11800:9)
      at scheduleUpdateOnFiber (node_modules/react-test-renderer/cjs/react-test-renderer.development.js:10326:9)
      at dispatchSetStateInternal (node_modules/react-test-renderer/cjs/react-test-renderer.development.js:4148:13)
      at dispatchSetState (node_modules/react-test-renderer/cjs/react-test-renderer.development.js:4107:7)
      at setStats (app/admin/revenue.jsx:43:7)
      at asyncGeneratorStep (node_modules/@babel/runtime/helpers/asyncToGenerator.js:3:17)
      at _next (node_modules/@babel/runtime/helpers/asyncToGenerator.js:17:9)

    console.error
      An update to RevenueScreen inside a test was not wrapped in act(...).
      
      When testing, code that causes React state updates should be wrapped into act(...):
      
      act(() => {
        /* fire events that update state */
      });
      /* assert on the output */
      
      This ensures that you're testing the behavior the user would see in the browser. Learn more at https://react.dev/link/wrap-tests-with-act

    [0m [90m 46 |[39m       [33mAlert[39m[33m.[39malert([32m'Error'[39m[33m,[39m [32m'Failed to load revenue data'[39m)[33m;[39m
     [90m 47 |[39m     } [36mfinally[39m {
    [31m[1m>[22m[39m[90m 48 |[39m       setLoading([36mfalse[39m)[33m;[39m
     [90m    |[39m       [31m[1m^[22m[39m
     [90m 49 |[39m     }
     [90m 50 |[39m   }[33m;[39m
     [90m 51 |[39m[0m

      at node_modules/react-test-renderer/cjs/react-test-renderer.development.js:11801:19
      at runWithFiberInDEV (node_modules/react-test-renderer/cjs/react-test-renderer.development.js:1574:13)
      at warnIfUpdatesNotWrappedWithActDEV (node_modules/react-test-renderer/cjs/react-test-renderer.development.js:11800:9)
      at scheduleUpdateOnFiber (node_modules/react-test-renderer/cjs/react-test-renderer.development.js:10326:9)
      at dispatchSetStateInternal (node_modules/react-test-renderer/cjs/react-test-renderer.development.js:4148:13)
      at dispatchSetState (node_modules/react-test-renderer/cjs/react-test-renderer.development.js:4107:7)
      at setLoading (app/admin/revenue.jsx:48:7)
      at asyncGeneratorStep (node_modules/@babel/runtime/helpers/asyncToGenerator.js:3:17)
      at _next (node_modules/@babel/runtime/helpers/asyncToGenerator.js:17:9)

    console.error
      An update to RevenueScreen inside a test was not wrapped in act(...).
      
      When testing, code that causes React state updates should be wrapped into act(...):
      
      act(() => {
        /* fire events that update state */
      });
      /* assert on the output */
      
      This ensures that you're testing the behavior the user would see in the browser. Learn more at https://react.dev/link/wrap-tests-with-act

    [0m [90m 41 |[39m         { headers[33m:[39m { [33mAuthorization[39m[33m:[39m [32m`Bearer ${token}`[39m } }
     [90m 42 |[39m       )[33m;[39m
    [31m[1m>[22m[39m[90m 43 |[39m       setStats(response[33m.[39mdata)[33m;[39m
     [90m    |[39m       [31m[1m^[22m[39m
     [90m 44 |[39m     } [36mcatch[39m (error) {
     [90m 45 |[39m       console[33m.[39merror(error)[33m;[39m
     [90m 46 |[39m       [33mAlert[39m[33m.[39malert([32m'Error'[39m[33m,[39m [32m'Failed to load revenue data'[39m)[33m;[39m[0m

      at node_modules/react-test-renderer/cjs/react-test-renderer.development.js:11801:19
      at runWithFiberInDEV (node_modules/react-test-renderer/cjs/react-test-renderer.development.js:1574:13)
      at warnIfUpdatesNotWrappedWithActDEV (node_modules/react-test-renderer/cjs/react-test-renderer.development.js:11800:9)
      at scheduleUpdateOnFiber (node_modules/react-test-renderer/cjs/react-test-renderer.development.js:10326:9)
      at dispatchSetStateInternal (node_modules/react-test-renderer/cjs/react-test-renderer.development.js:4148:13)
      at dispatchSetState (node_modules/react-test-renderer/cjs/react-test-renderer.development.js:4107:7)
      at setStats (app/admin/revenue.jsx:43:7)
      at asyncGeneratorStep (node_modules/@babel/runtime/helpers/asyncToGenerator.js:3:17)
      at _next (node_modules/@babel/runtime/helpers/asyncToGenerator.js:17:9)

    console.error
      An update to RevenueScreen inside a test was not wrapped in act(...).
      
      When testing, code that causes React state updates should be wrapped into act(...):
      
      act(() => {
        /* fire events that update state */
      });
      /* assert on the output */
      
      This ensures that you're testing the behavior the user would see in the browser. Learn more at https://react.dev/link/wrap-tests-with-act

    [0m [90m 46 |[39m       [33mAlert[39m[33m.[39malert([32m'Error'[39m[33m,[39m [32m'Failed to load revenue data'[39m)[33m;[39m
     [90m 47 |[39m     } [36mfinally[39m {
    [31m[1m>[22m[39m[90m 48 |[39m       setLoading([36mfalse[39m)[33m;[39m
     [90m    |[39m       [31m[1m^[22m[39m
     [90m 49 |[39m     }
     [90m 50 |[39m   }[33m;[39m
     [90m 51 |[39m[0m

      at node_modules/react-test-renderer/cjs/react-test-renderer.development.js:11801:19
      at runWithFiberInDEV (node_modules/react-test-renderer/cjs/react-test-renderer.development.js:1574:13)
      at warnIfUpdatesNotWrappedWithActDEV (node_modules/react-test-renderer/cjs/react-test-renderer.development.js:11800:9)
      at scheduleUpdateOnFiber (node_modules/react-test-renderer/cjs/react-test-renderer.development.js:10326:9)
      at dispatchSetStateInternal (node_modules/react-test-renderer/cjs/react-test-renderer.development.js:4148:13)
      at dispatchSetState (node_modules/react-test-renderer/cjs/react-test-renderer.development.js:4107:7)
      at setLoading (app/admin/revenue.jsx:48:7)
      at asyncGeneratorStep (node_modules/@babel/runtime/helpers/asyncToGenerator.js:3:17)
      at _next (node_modules/@babel/runtime/helpers/asyncToGenerator.js:17:9)

    console.error
      An update to RevenueScreen inside a test was not wrapped in act(...).
      
      When testing, code that causes React state updates should be wrapped into act(...):
      
      act(() => {
        /* fire events that update state */
      });
      /* assert on the output */
      
      This ensures that you're testing the behavior the user would see in the browser. Learn more at https://react.dev/link/wrap-tests-with-act

    [0m [90m 41 |[39m         { headers[33m:[39m { [33mAuthorization[39m[33m:[39m [32m`Bearer ${token}`[39m } }
     [90m 42 |[39m       )[33m;[39m
    [31m[1m>[22m[39m[90m 43 |[39m       setStats(response[33m.[39mdata)[33m;[39m
     [90m    |[39m       [31m[1m^[22m[39m
     [90m 44 |[39m     } [36mcatch[39m (error) {
     [90m 45 |[39m       console[33m.[39merror(error)[33m;[39m
     [90m 46 |[39m       [33mAlert[39m[33m.[39malert([32m'Error'[39m[33m,[39m [32m'Failed to load revenue data'[39m)[33m;[39m[0m

      at node_modules/react-test-renderer/cjs/react-test-renderer.development.js:11801:19
      at runWithFiberInDEV (node_modules/react-test-renderer/cjs/react-test-renderer.development.js:1574:13)
      at warnIfUpdatesNotWrappedWithActDEV (node_modules/react-test-renderer/cjs/react-test-renderer.development.js:11800:9)
      at scheduleUpdateOnFiber (node_modules/react-test-renderer/cjs/react-test-renderer.development.js:10326:9)
      at dispatchSetStateInternal (node_modules/react-test-renderer/cjs/react-test-renderer.development.js:4148:13)
      at dispatchSetState (node_modules/react-test-renderer/cjs/react-test-renderer.development.js:4107:7)
      at setStats (app/admin/revenue.jsx:43:7)
      at asyncGeneratorStep (node_modules/@babel/runtime/helpers/asyncToGenerator.js:3:17)
      at _next (node_modules/@babel/runtime/helpers/asyncToGenerator.js:17:9)

    console.error
      An update to RevenueScreen inside a test was not wrapped in act(...).
      
      When testing, code that causes React state updates should be wrapped into act(...):
      
      act(() => {
        /* fire events that update state */
      });
      /* assert on the output */
      
      This ensures that you're testing the behavior the user would see in the browser. Learn more at https://react.dev/link/wrap-tests-with-act

    [0m [90m 46 |[39m       [33mAlert[39m[33m.[39malert([32m'Error'[39m[33m,[39m [32m'Failed to load revenue data'[39m)[33m;[39m
     [90m 47 |[39m     } [36mfinally[39m {
    [31m[1m>[22m[39m[90m 48 |[39m       setLoading([36mfalse[39m)[33m;[39m
     [90m    |[39m       [31m[1m^[22m[39m
     [90m 49 |[39m     }
     [90m 50 |[39m   }[33m;[39m
     [90m 51 |[39m[0m

      at node_modules/react-test-renderer/cjs/react-test-renderer.development.js:11801:19
      at runWithFiberInDEV (node_modules/react-test-renderer/cjs/react-test-renderer.development.js:1574:13)
      at warnIfUpdatesNotWrappedWithActDEV (node_modules/react-test-renderer/cjs/react-test-renderer.development.js:11800:9)
      at scheduleUpdateOnFiber (node_modules/react-test-renderer/cjs/react-test-renderer.development.js:10326:9)
      at dispatchSetStateInternal (node_modules/react-test-renderer/cjs/react-test-renderer.development.js:4148:13)
      at dispatchSetState (node_modules/react-test-renderer/cjs/react-test-renderer.development.js:4107:7)
      at setLoading (app/admin/revenue.jsx:48:7)
      at asyncGeneratorStep (node_modules/@babel/runtime/helpers/asyncToGenerator.js:3:17)
      at _next (node_modules/@babel/runtime/helpers/asyncToGenerator.js:17:9)

    console.error
      Error: API Error
          at Object.<anonymous> (D:\Mobile\MobileProjectFinal\frontend\__test__\AdminRevenue.test.jsx:77:33)
          at Generator.next (<anonymous>)
          at asyncGeneratorStep (D:\Mobile\MobileProjectFinal\frontend\node_modules\@babel\runtime\helpers\asyncToGenerator.js:3:17)
          at _next (D:\Mobile\MobileProjectFinal\frontend\node_modules\@babel\runtime\helpers\asyncToGenerator.js:17:9)
          at D:\Mobile\MobileProjectFinal\frontend\node_modules\@babel\runtime\helpers\asyncToGenerator.js:22:7
          at new Promise (<anonymous>)
          at Object.<anonymous> (D:\Mobile\MobileProjectFinal\frontend\node_modules\@babel\runtime\helpers\asyncToGenerator.js:14:12)
          at Promise.then.completed (D:\Mobile\MobileProjectFinal\frontend\node_modules\jest-circus\build\utils.js:298:28)
          at new Promise (<anonymous>)
          at callAsyncCircusFn (D:\Mobile\MobileProjectFinal\frontend\node_modules\jest-circus\build\utils.js:231:10)
          at _callCircusTest (D:\Mobile\MobileProjectFinal\frontend\node_modules\jest-circus\build\run.js:316:40)
          at _runTest (D:\Mobile\MobileProjectFinal\frontend\node_modules\jest-circus\build\run.js:252:3)
          at _runTestsForDescribeBlock (D:\Mobile\MobileProjectFinal\frontend\node_modules\jest-circus\build\run.js:126:9)
          at _runTestsForDescribeBlock (D:\Mobile\MobileProjectFinal\frontend\node_modules\jest-circus\build\run.js:121:9)
          at run (D:\Mobile\MobileProjectFinal\frontend\node_modules\jest-circus\build\run.js:71:3)
          at runAndTransformResultsToJestFormat (D:\Mobile\MobileProjectFinal\frontend\node_modules\jest-circus\build\legacy-code-todo-rewrite\jestAdapterInit.js:122:21)
          at jestAdapter (D:\Mobile\MobileProjectFinal\frontend\node_modules\jest-circus\build\legacy-code-todo-rewrite\jestAdapter.js:79:19)
          at runTestInternal (d:\Mobile\MobileProjectFinal\frontend\node_modules\jest-runner\build\runTest.js:367:16)
          at runTest (d:\Mobile\MobileProjectFinal\frontend\node_modules\jest-runner\build\runTest.js:444:34)
          at Object.worker (d:\Mobile\MobileProjectFinal\frontend\node_modules\jest-runner\build\testWorker.js:106:12)

    [0m [90m 43 |[39m       setStats(response[33m.[39mdata)[33m;[39m
     [90m 44 |[39m     } [36mcatch[39m (error) {
    [31m[1m>[22m[39m[90m 45 |[39m       console[33m.[39merror(error)[33m;[39m
     [90m    |[39m               [31m[1m^[22m[39m
     [90m 46 |[39m       [33mAlert[39m[33m.[39malert([32m'Error'[39m[33m,[39m [32m'Failed to load revenue data'[39m)[33m;[39m
     [90m 47 |[39m     } [36mfinally[39m {
     [90m 48 |[39m       setLoading([36mfalse[39m)[33m;[39m[0m

      at error (app/admin/revenue.jsx:45:15)
          at Generator.throw (<anonymous>)
      at asyncGeneratorStep (node_modules/@babel/runtime/helpers/asyncToGenerator.js:3:17)
      at _throw (node_modules/@babel/runtime/helpers/asyncToGenerator.js:20:9)

    console.error
      An update to RevenueScreen inside a test was not wrapped in act(...).
      
      When testing, code that causes React state updates should be wrapped into act(...):
      
      act(() => {
        /* fire events that update state */
      });
      /* assert on the output */
      
      This ensures that you're testing the behavior the user would see in the browser. Learn more at https://react.dev/link/wrap-tests-with-act

    [0m [90m 46 |[39m       [33mAlert[39m[33m.[39malert([32m'Error'[39m[33m,[39m [32m'Failed to load revenue data'[39m)[33m;[39m
     [90m 47 |[39m     } [36mfinally[39m {
    [31m[1m>[22m[39m[90m 48 |[39m       setLoading([36mfalse[39m)[33m;[39m
     [90m    |[39m       [31m[1m^[22m[39m
     [90m 49 |[39m     }
     [90m 50 |[39m   }[33m;[39m
     [90m 51 |[39m[0m

      at node_modules/react-test-renderer/cjs/react-test-renderer.development.js:11801:19
      at runWithFiberInDEV (node_modules/react-test-renderer/cjs/react-test-renderer.development.js:1574:13)
      at warnIfUpdatesNotWrappedWithActDEV (node_modules/react-test-renderer/cjs/react-test-renderer.development.js:11800:9)
      at scheduleUpdateOnFiber (node_modules/react-test-renderer/cjs/react-test-renderer.development.js:10326:9)
      at dispatchSetStateInternal (node_modules/react-test-renderer/cjs/react-test-renderer.development.js:4148:13)
      at dispatchSetState (node_modules/react-test-renderer/cjs/react-test-renderer.development.js:4107:7)
      at setLoading (app/admin/revenue.jsx:48:7)
          at Generator.throw (<anonymous>)
      at asyncGeneratorStep (node_modules/@babel/runtime/helpers/asyncToGenerator.js:3:17)
      at _throw (node_modules/@babel/runtime/helpers/asyncToGenerator.js:20:9)

PASS __test__/UserOrders.test.jsx
PASS __test__/AdminBookings.test.jsx
  ● Console

    console.error
      An update to BookingsScreen inside a test was not wrapped in act(...).
      
      When testing, code that causes React state updates should be wrapped into act(...):
      
      act(() => {
        /* fire events that update state */
      });
      /* assert on the output */
      
      This ensures that you're testing the behavior the user would see in the browser. Learn more at https://react.dev/link/wrap-tests-with-act

    [0m [90m 41 |[39m         headers[33m:[39m { [33mAuthorization[39m[33m:[39m [32m`Bearer ${token}`[39m }[33m,[39m
     [90m 42 |[39m       })[33m;[39m
    [31m[1m>[22m[39m[90m 43 |[39m       setBookings(response[33m.[39mdata[33m.[39mbookings [33m||[39m [])[33m;[39m
     [90m    |[39m       [31m[1m^[22m[39m
     [90m 44 |[39m     } [36mcatch[39m (error) {
     [90m 45 |[39m       console[33m.[39merror(error)[33m;[39m
     [90m 46 |[39m       [90m// Silently fail - endpoint may not exist yet[39m[0m

      at node_modules/react-test-renderer/cjs/react-test-renderer.development.js:11801:19
      at runWithFiberInDEV (node_modules/react-test-renderer/cjs/react-test-renderer.development.js:1574:13)
      at warnIfUpdatesNotWrappedWithActDEV (node_modules/react-test-renderer/cjs/react-test-renderer.development.js:11800:9)
      at scheduleUpdateOnFiber (node_modules/react-test-renderer/cjs/react-test-renderer.development.js:10326:9)
      at dispatchSetStateInternal (node_modules/react-test-renderer/cjs/react-test-renderer.development.js:4148:13)
      at dispatchSetState (node_modules/react-test-renderer/cjs/react-test-renderer.development.js:4107:7)
      at setBookings (app/admin/bookings.jsx:43:7)
      at asyncGeneratorStep (node_modules/@babel/runtime/helpers/asyncToGenerator.js:3:17)
      at _next (node_modules/@babel/runtime/helpers/asyncToGenerator.js:17:9)

    console.error
      An update to BookingsScreen inside a test was not wrapped in act(...).
      
      When testing, code that causes React state updates should be wrapped into act(...):
      
      act(() => {
        /* fire events that update state */
      });
      /* assert on the output */
      
      This ensures that you're testing the behavior the user would see in the browser. Learn more at https://react.dev/link/wrap-tests-with-act

    [0m [90m 47 |[39m       setBookings([])[33m;[39m
     [90m 48 |[39m     } [36mfinally[39m {
    [31m[1m>[22m[39m[90m 49 |[39m       setLoading([36mfalse[39m)[33m;[39m
     [90m    |[39m       [31m[1m^[22m[39m
     [90m 50 |[39m     }
     [90m 51 |[39m   }[33m;[39m
     [90m 52 |[39m[0m

      at node_modules/react-test-renderer/cjs/react-test-renderer.development.js:11801:19
      at runWithFiberInDEV (node_modules/react-test-renderer/cjs/react-test-renderer.development.js:1574:13)
      at warnIfUpdatesNotWrappedWithActDEV (node_modules/react-test-renderer/cjs/react-test-renderer.development.js:11800:9)
      at scheduleUpdateOnFiber (node_modules/react-test-renderer/cjs/react-test-renderer.development.js:10326:9)
      at dispatchSetStateInternal (node_modules/react-test-renderer/cjs/react-test-renderer.development.js:4148:13)
      at dispatchSetState (node_modules/react-test-renderer/cjs/react-test-renderer.development.js:4107:7)
      at setLoading (app/admin/bookings.jsx:49:7)
      at asyncGeneratorStep (node_modules/@babel/runtime/helpers/asyncToGenerator.js:3:17)
      at _next (node_modules/@babel/runtime/helpers/asyncToGenerator.js:17:9)

    console.error
      An update to BookingsScreen inside a test was not wrapped in act(...).
      
      When testing, code that causes React state updates should be wrapped into act(...):
      
      act(() => {
        /* fire events that update state */
      });
      /* assert on the output */
      
      This ensures that you're testing the behavior the user would see in the browser. Learn more at https://react.dev/link/wrap-tests-with-act

    [0m [90m 41 |[39m         headers[33m:[39m { [33mAuthorization[39m[33m:[39m [32m`Bearer ${token}`[39m }[33m,[39m
     [90m 42 |[39m       })[33m;[39m
    [31m[1m>[22m[39m[90m 43 |[39m       setBookings(response[33m.[39mdata[33m.[39mbookings [33m||[39m [])[33m;[39m
     [90m    |[39m       [31m[1m^[22m[39m
     [90m 44 |[39m     } [36mcatch[39m (error) {
     [90m 45 |[39m       console[33m.[39merror(error)[33m;[39m
     [90m 46 |[39m       [90m// Silently fail - endpoint may not exist yet[39m[0m

      at node_modules/react-test-renderer/cjs/react-test-renderer.development.js:11801:19
      at runWithFiberInDEV (node_modules/react-test-renderer/cjs/react-test-renderer.development.js:1574:13)
      at warnIfUpdatesNotWrappedWithActDEV (node_modules/react-test-renderer/cjs/react-test-renderer.development.js:11800:9)
      at scheduleUpdateOnFiber (node_modules/react-test-renderer/cjs/react-test-renderer.development.js:10326:9)
      at dispatchSetStateInternal (node_modules/react-test-renderer/cjs/react-test-renderer.development.js:4148:13)
      at dispatchSetState (node_modules/react-test-renderer/cjs/react-test-renderer.development.js:4107:7)
      at setBookings (app/admin/bookings.jsx:43:7)
      at asyncGeneratorStep (node_modules/@babel/runtime/helpers/asyncToGenerator.js:3:17)
      at _next (node_modules/@babel/runtime/helpers/asyncToGenerator.js:17:9)

    console.error
      An update to BookingsScreen inside a test was not wrapped in act(...).
      
      When testing, code that causes React state updates should be wrapped into act(...):
      
      act(() => {
        /* fire events that update state */
      });
      /* assert on the output */
      
      This ensures that you're testing the behavior the user would see in the browser. Learn more at https://react.dev/link/wrap-tests-with-act

    [0m [90m 47 |[39m       setBookings([])[33m;[39m
     [90m 48 |[39m     } [36mfinally[39m {
    [31m[1m>[22m[39m[90m 49 |[39m       setLoading([36mfalse[39m)[33m;[39m
     [90m    |[39m       [31m[1m^[22m[39m
     [90m 50 |[39m     }
     [90m 51 |[39m   }[33m;[39m
     [90m 52 |[39m[0m

      at node_modules/react-test-renderer/cjs/react-test-renderer.development.js:11801:19
      at runWithFiberInDEV (node_modules/react-test-renderer/cjs/react-test-renderer.development.js:1574:13)
      at warnIfUpdatesNotWrappedWithActDEV (node_modules/react-test-renderer/cjs/react-test-renderer.development.js:11800:9)
      at scheduleUpdateOnFiber (node_modules/react-test-renderer/cjs/react-test-renderer.development.js:10326:9)
      at dispatchSetStateInternal (node_modules/react-test-renderer/cjs/react-test-renderer.development.js:4148:13)
      at dispatchSetState (node_modules/react-test-renderer/cjs/react-test-renderer.development.js:4107:7)
      at setLoading (app/admin/bookings.jsx:49:7)
      at asyncGeneratorStep (node_modules/@babel/runtime/helpers/asyncToGenerator.js:3:17)
      at _next (node_modules/@babel/runtime/helpers/asyncToGenerator.js:17:9)

    console.error
      An update to BookingsScreen inside a test was not wrapped in act(...).
      
      When testing, code that causes React state updates should be wrapped into act(...):
      
      act(() => {
        /* fire events that update state */
      });
      /* assert on the output */
      
      This ensures that you're testing the behavior the user would see in the browser. Learn more at https://react.dev/link/wrap-tests-with-act

    [0m [90m 41 |[39m         headers[33m:[39m { [33mAuthorization[39m[33m:[39m [32m`Bearer ${token}`[39m }[33m,[39m
     [90m 42 |[39m       })[33m;[39m
    [31m[1m>[22m[39m[90m 43 |[39m       setBookings(response[33m.[39mdata[33m.[39mbookings [33m||[39m [])[33m;[39m
     [90m    |[39m       [31m[1m^[22m[39m
     [90m 44 |[39m     } [36mcatch[39m (error) {
     [90m 45 |[39m       console[33m.[39merror(error)[33m;[39m
     [90m 46 |[39m       [90m// Silently fail - endpoint may not exist yet[39m[0m

      at node_modules/react-test-renderer/cjs/react-test-renderer.development.js:11801:19
      at runWithFiberInDEV (node_modules/react-test-renderer/cjs/react-test-renderer.development.js:1574:13)
      at warnIfUpdatesNotWrappedWithActDEV (node_modules/react-test-renderer/cjs/react-test-renderer.development.js:11800:9)
      at scheduleUpdateOnFiber (node_modules/react-test-renderer/cjs/react-test-renderer.development.js:10326:9)
      at dispatchSetStateInternal (node_modules/react-test-renderer/cjs/react-test-renderer.development.js:4148:13)
      at dispatchSetState (node_modules/react-test-renderer/cjs/react-test-renderer.development.js:4107:7)
      at setBookings (app/admin/bookings.jsx:43:7)
      at asyncGeneratorStep (node_modules/@babel/runtime/helpers/asyncToGenerator.js:3:17)
      at _next (node_modules/@babel/runtime/helpers/asyncToGenerator.js:17:9)

    console.error
      An update to BookingsScreen inside a test was not wrapped in act(...).
      
      When testing, code that causes React state updates should be wrapped into act(...):
      
      act(() => {
        /* fire events that update state */
      });
      /* assert on the output */
      
      This ensures that you're testing the behavior the user would see in the browser. Learn more at https://react.dev/link/wrap-tests-with-act

    [0m [90m 47 |[39m       setBookings([])[33m;[39m
     [90m 48 |[39m     } [36mfinally[39m {
    [31m[1m>[22m[39m[90m 49 |[39m       setLoading([36mfalse[39m)[33m;[39m
     [90m    |[39m       [31m[1m^[22m[39m
     [90m 50 |[39m     }
     [90m 51 |[39m   }[33m;[39m
     [90m 52 |[39m[0m

      at node_modules/react-test-renderer/cjs/react-test-renderer.development.js:11801:19
      at runWithFiberInDEV (node_modules/react-test-renderer/cjs/react-test-renderer.development.js:1574:13)
      at warnIfUpdatesNotWrappedWithActDEV (node_modules/react-test-renderer/cjs/react-test-renderer.development.js:11800:9)
      at scheduleUpdateOnFiber (node_modules/react-test-renderer/cjs/react-test-renderer.development.js:10326:9)
      at dispatchSetStateInternal (node_modules/react-test-renderer/cjs/react-test-renderer.development.js:4148:13)
      at dispatchSetState (node_modules/react-test-renderer/cjs/react-test-renderer.development.js:4107:7)
      at setLoading (app/admin/bookings.jsx:49:7)
      at asyncGeneratorStep (node_modules/@babel/runtime/helpers/asyncToGenerator.js:3:17)
      at _next (node_modules/@babel/runtime/helpers/asyncToGenerator.js:17:9)

    console.error
      An update to BookingsScreen inside a test was not wrapped in act(...).
      
      When testing, code that causes React state updates should be wrapped into act(...):
      
      act(() => {
        /* fire events that update state */
      });
      /* assert on the output */
      
      This ensures that you're testing the behavior the user would see in the browser. Learn more at https://react.dev/link/wrap-tests-with-act

    [0m [90m 41 |[39m         headers[33m:[39m { [33mAuthorization[39m[33m:[39m [32m`Bearer ${token}`[39m }[33m,[39m
     [90m 42 |[39m       })[33m;[39m
    [31m[1m>[22m[39m[90m 43 |[39m       setBookings(response[33m.[39mdata[33m.[39mbookings [33m||[39m [])[33m;[39m
     [90m    |[39m       [31m[1m^[22m[39m
     [90m 44 |[39m     } [36mcatch[39m (error) {
     [90m 45 |[39m       console[33m.[39merror(error)[33m;[39m
     [90m 46 |[39m       [90m// Silently fail - endpoint may not exist yet[39m[0m

      at node_modules/react-test-renderer/cjs/react-test-renderer.development.js:11801:19
      at runWithFiberInDEV (node_modules/react-test-renderer/cjs/react-test-renderer.development.js:1574:13)
      at warnIfUpdatesNotWrappedWithActDEV (node_modules/react-test-renderer/cjs/react-test-renderer.development.js:11800:9)
      at scheduleUpdateOnFiber (node_modules/react-test-renderer/cjs/react-test-renderer.development.js:10326:9)
      at dispatchSetStateInternal (node_modules/react-test-renderer/cjs/react-test-renderer.development.js:4148:13)
      at dispatchSetState (node_modules/react-test-renderer/cjs/react-test-renderer.development.js:4107:7)
      at setBookings (app/admin/bookings.jsx:43:7)
      at asyncGeneratorStep (node_modules/@babel/runtime/helpers/asyncToGenerator.js:3:17)
      at _next (node_modules/@babel/runtime/helpers/asyncToGenerator.js:17:9)

    console.error
      An update to BookingsScreen inside a test was not wrapped in act(...).
      
      When testing, code that causes React state updates should be wrapped into act(...):
      
      act(() => {
        /* fire events that update state */
      });
      /* assert on the output */
      
      This ensures that you're testing the behavior the user would see in the browser. Learn more at https://react.dev/link/wrap-tests-with-act

    [0m [90m 47 |[39m       setBookings([])[33m;[39m
     [90m 48 |[39m     } [36mfinally[39m {
    [31m[1m>[22m[39m[90m 49 |[39m       setLoading([36mfalse[39m)[33m;[39m
     [90m    |[39m       [31m[1m^[22m[39m
     [90m 50 |[39m     }
     [90m 51 |[39m   }[33m;[39m
     [90m 52 |[39m[0m

      at node_modules/react-test-renderer/cjs/react-test-renderer.development.js:11801:19
      at runWithFiberInDEV (node_modules/react-test-renderer/cjs/react-test-renderer.development.js:1574:13)
      at warnIfUpdatesNotWrappedWithActDEV (node_modules/react-test-renderer/cjs/react-test-renderer.development.js:11800:9)
      at scheduleUpdateOnFiber (node_modules/react-test-renderer/cjs/react-test-renderer.development.js:10326:9)
      at dispatchSetStateInternal (node_modules/react-test-renderer/cjs/react-test-renderer.development.js:4148:13)
      at dispatchSetState (node_modules/react-test-renderer/cjs/react-test-renderer.development.js:4107:7)
      at setLoading (app/admin/bookings.jsx:49:7)
      at asyncGeneratorStep (node_modules/@babel/runtime/helpers/asyncToGenerator.js:3:17)
      at _next (node_modules/@babel/runtime/helpers/asyncToGenerator.js:17:9)

    console.error
      An update to BookingsScreen inside a test was not wrapped in act(...).
      
      When testing, code that causes React state updates should be wrapped into act(...):
      
      act(() => {
        /* fire events that update state */
      });
      /* assert on the output */
      
      This ensures that you're testing the behavior the user would see in the browser. Learn more at https://react.dev/link/wrap-tests-with-act

    [0m [90m 41 |[39m         headers[33m:[39m { [33mAuthorization[39m[33m:[39m [32m`Bearer ${token}`[39m }[33m,[39m
     [90m 42 |[39m       })[33m;[39m
    [31m[1m>[22m[39m[90m 43 |[39m       setBookings(response[33m.[39mdata[33m.[39mbookings [33m||[39m [])[33m;[39m
     [90m    |[39m       [31m[1m^[22m[39m
     [90m 44 |[39m     } [36mcatch[39m (error) {
     [90m 45 |[39m       console[33m.[39merror(error)[33m;[39m
     [90m 46 |[39m       [90m// Silently fail - endpoint may not exist yet[39m[0m

      at node_modules/react-test-renderer/cjs/react-test-renderer.development.js:11801:19
      at runWithFiberInDEV (node_modules/react-test-renderer/cjs/react-test-renderer.development.js:1574:13)
      at warnIfUpdatesNotWrappedWithActDEV (node_modules/react-test-renderer/cjs/react-test-renderer.development.js:11800:9)
      at scheduleUpdateOnFiber (node_modules/react-test-renderer/cjs/react-test-renderer.development.js:10326:9)
      at dispatchSetStateInternal (node_modules/react-test-renderer/cjs/react-test-renderer.development.js:4148:13)
      at dispatchSetState (node_modules/react-test-renderer/cjs/react-test-renderer.development.js:4107:7)
      at setBookings (app/admin/bookings.jsx:43:7)
      at asyncGeneratorStep (node_modules/@babel/runtime/helpers/asyncToGenerator.js:3:17)
      at _next (node_modules/@babel/runtime/helpers/asyncToGenerator.js:17:9)

    console.error
      An update to BookingsScreen inside a test was not wrapped in act(...).
      
      When testing, code that causes React state updates should be wrapped into act(...):
      
      act(() => {
        /* fire events that update state */
      });
      /* assert on the output */
      
      This ensures that you're testing the behavior the user would see in the browser. Learn more at https://react.dev/link/wrap-tests-with-act

    [0m [90m 47 |[39m       setBookings([])[33m;[39m
     [90m 48 |[39m     } [36mfinally[39m {
    [31m[1m>[22m[39m[90m 49 |[39m       setLoading([36mfalse[39m)[33m;[39m
     [90m    |[39m       [31m[1m^[22m[39m
     [90m 50 |[39m     }
     [90m 51 |[39m   }[33m;[39m
     [90m 52 |[39m[0m

      at node_modules/react-test-renderer/cjs/react-test-renderer.development.js:11801:19
      at runWithFiberInDEV (node_modules/react-test-renderer/cjs/react-test-renderer.development.js:1574:13)
      at warnIfUpdatesNotWrappedWithActDEV (node_modules/react-test-renderer/cjs/react-test-renderer.development.js:11800:9)
      at scheduleUpdateOnFiber (node_modules/react-test-renderer/cjs/react-test-renderer.development.js:10326:9)
      at dispatchSetStateInternal (node_modules/react-test-renderer/cjs/react-test-renderer.development.js:4148:13)
      at dispatchSetState (node_modules/react-test-renderer/cjs/react-test-renderer.development.js:4107:7)
      at setLoading (app/admin/bookings.jsx:49:7)
      at asyncGeneratorStep (node_modules/@babel/runtime/helpers/asyncToGenerator.js:3:17)
      at _next (node_modules/@babel/runtime/helpers/asyncToGenerator.js:17:9)

    console.error
      Error: API Error
          at Object.<anonymous> (D:\Mobile\MobileProjectFinal\frontend\__test__\AdminBookings.test.jsx:76:33)
          at Generator.next (<anonymous>)
          at asyncGeneratorStep (D:\Mobile\MobileProjectFinal\frontend\node_modules\@babel\runtime\helpers\asyncToGenerator.js:3:17)
          at _next (D:\Mobile\MobileProjectFinal\frontend\node_modules\@babel\runtime\helpers\asyncToGenerator.js:17:9)
          at D:\Mobile\MobileProjectFinal\frontend\node_modules\@babel\runtime\helpers\asyncToGenerator.js:22:7
          at new Promise (<anonymous>)
          at Object.<anonymous> (D:\Mobile\MobileProjectFinal\frontend\node_modules\@babel\runtime\helpers\asyncToGenerator.js:14:12)
          at Promise.then.completed (D:\Mobile\MobileProjectFinal\frontend\node_modules\jest-circus\build\utils.js:298:28)
          at new Promise (<anonymous>)
          at callAsyncCircusFn (D:\Mobile\MobileProjectFinal\frontend\node_modules\jest-circus\build\utils.js:231:10)
          at _callCircusTest (D:\Mobile\MobileProjectFinal\frontend\node_modules\jest-circus\build\run.js:316:40)
          at _runTest (D:\Mobile\MobileProjectFinal\frontend\node_modules\jest-circus\build\run.js:252:3)
          at _runTestsForDescribeBlock (D:\Mobile\MobileProjectFinal\frontend\node_modules\jest-circus\build\run.js:126:9)
          at _runTestsForDescribeBlock (D:\Mobile\MobileProjectFinal\frontend\node_modules\jest-circus\build\run.js:121:9)
          at run (D:\Mobile\MobileProjectFinal\frontend\node_modules\jest-circus\build\run.js:71:3)
          at runAndTransformResultsToJestFormat (D:\Mobile\MobileProjectFinal\frontend\node_modules\jest-circus\build\legacy-code-todo-rewrite\jestAdapterInit.js:122:21)
          at jestAdapter (D:\Mobile\MobileProjectFinal\frontend\node_modules\jest-circus\build\legacy-code-todo-rewrite\jestAdapter.js:79:19)
          at runTestInternal (d:\Mobile\MobileProjectFinal\frontend\node_modules\jest-runner\build\runTest.js:367:16)
          at runTest (d:\Mobile\MobileProjectFinal\frontend\node_modules\jest-runner\build\runTest.js:444:34)
          at Object.worker (d:\Mobile\MobileProjectFinal\frontend\node_modules\jest-runner\build\testWorker.js:106:12)

    [0m [90m 43 |[39m       setBookings(response[33m.[39mdata[33m.[39mbookings [33m||[39m [])[33m;[39m
     [90m 44 |[39m     } [36mcatch[39m (error) {
    [31m[1m>[22m[39m[90m 45 |[39m       console[33m.[39merror(error)[33m;[39m
     [90m    |[39m               [31m[1m^[22m[39m
     [90m 46 |[39m       [90m// Silently fail - endpoint may not exist yet[39m
     [90m 47 |[39m       setBookings([])[33m;[39m
     [90m 48 |[39m     } [36mfinally[39m {[0m

      at error (app/admin/bookings.jsx:45:15)
          at Generator.throw (<anonymous>)
      at asyncGeneratorStep (node_modules/@babel/runtime/helpers/asyncToGenerator.js:3:17)
      at _throw (node_modules/@babel/runtime/helpers/asyncToGenerator.js:20:9)

    console.error
      An update to BookingsScreen inside a test was not wrapped in act(...).
      
      When testing, code that causes React state updates should be wrapped into act(...):
      
      act(() => {
        /* fire events that update state */
      });
      /* assert on the output */
      
      This ensures that you're testing the behavior the user would see in the browser. Learn more at https://react.dev/link/wrap-tests-with-act

    [0m [90m 45 |[39m       console[33m.[39merror(error)[33m;[39m
     [90m 46 |[39m       [90m// Silently fail - endpoint may not exist yet[39m
    [31m[1m>[22m[39m[90m 47 |[39m       setBookings([])[33m;[39m
     [90m    |[39m       [31m[1m^[22m[39m
     [90m 48 |[39m     } [36mfinally[39m {
     [90m 49 |[39m       setLoading([36mfalse[39m)[33m;[39m
     [90m 50 |[39m     }[0m

      at node_modules/react-test-renderer/cjs/react-test-renderer.development.js:11801:19
      at runWithFiberInDEV (node_modules/react-test-renderer/cjs/react-test-renderer.development.js:1574:13)
      at warnIfUpdatesNotWrappedWithActDEV (node_modules/react-test-renderer/cjs/react-test-renderer.development.js:11800:9)
      at scheduleUpdateOnFiber (node_modules/react-test-renderer/cjs/react-test-renderer.development.js:10326:9)
      at dispatchSetStateInternal (node_modules/react-test-renderer/cjs/react-test-renderer.development.js:4148:13)
      at dispatchSetState (node_modules/react-test-renderer/cjs/react-test-renderer.development.js:4107:7)
      at setBookings (app/admin/bookings.jsx:47:7)
          at Generator.throw (<anonymous>)
      at asyncGeneratorStep (node_modules/@babel/runtime/helpers/asyncToGenerator.js:3:17)
      at _throw (node_modules/@babel/runtime/helpers/asyncToGenerator.js:20:9)

    console.error
      An update to BookingsScreen inside a test was not wrapped in act(...).
      
      When testing, code that causes React state updates should be wrapped into act(...):
      
      act(() => {
        /* fire events that update state */
      });
      /* assert on the output */
      
      This ensures that you're testing the behavior the user would see in the browser. Learn more at https://react.dev/link/wrap-tests-with-act

    [0m [90m 47 |[39m       setBookings([])[33m;[39m
     [90m 48 |[39m     } [36mfinally[39m {
    [31m[1m>[22m[39m[90m 49 |[39m       setLoading([36mfalse[39m)[33m;[39m
     [90m    |[39m       [31m[1m^[22m[39m
     [90m 50 |[39m     }
     [90m 51 |[39m   }[33m;[39m
     [90m 52 |[39m[0m

      at node_modules/react-test-renderer/cjs/react-test-renderer.development.js:11801:19
      at runWithFiberInDEV (node_modules/react-test-renderer/cjs/react-test-renderer.development.js:1574:13)
      at warnIfUpdatesNotWrappedWithActDEV (node_modules/react-test-renderer/cjs/react-test-renderer.development.js:11800:9)
      at scheduleUpdateOnFiber (node_modules/react-test-renderer/cjs/react-test-renderer.development.js:10326:9)
      at dispatchSetStateInternal (node_modules/react-test-renderer/cjs/react-test-renderer.development.js:4148:13)
      at dispatchSetState (node_modules/react-test-renderer/cjs/react-test-renderer.development.js:4107:7)
      at setLoading (app/admin/bookings.jsx:49:7)
          at Generator.throw (<anonymous>)
      at asyncGeneratorStep (node_modules/@babel/runtime/helpers/asyncToGenerator.js:3:17)
      at _throw (node_modules/@babel/runtime/helpers/asyncToGenerator.js:20:9)

PASS __test__/UserPayment.test.jsx
  ● Console

    console.error
      An update to PaymentScreen inside a test was not wrapped in act(...).
      
      When testing, code that causes React state updates should be wrapped into act(...):
      
      act(() => {
        /* fire events that update state */
      });
      /* assert on the output */
      
      This ensures that you're testing the behavior the user would see in the browser. Learn more at https://react.dev/link/wrap-tests-with-act

    [0m [90m 49 |[39m         { headers[33m:[39m { [33mAuthorization[39m[33m:[39m [32m`Bearer ${token}`[39m } }
     [90m 50 |[39m       )[33m;[39m
    [31m[1m>[22m[39m[90m 51 |[39m       setBooking(response[33m.[39mdata[33m.[39mbooking)[33m;[39m
     [90m    |[39m       [31m[1m^[22m[39m
     [90m 52 |[39m     } [36mcatch[39m (error) {
     [90m 53 |[39m       console[33m.[39merror([32m'Error fetching booking:'[39m[33m,[39m error)[33m;[39m
     [90m 54 |[39m       [33mAlert[39m[33m.[39malert([32m'Error'[39m[33m,[39m [32m'Failed to load booking details'[39m)[33m;[39m[0m

      at node_modules/react-test-renderer/cjs/react-test-renderer.development.js:11801:19
      at runWithFiberInDEV (node_modules/react-test-renderer/cjs/react-test-renderer.development.js:1574:13)
      at warnIfUpdatesNotWrappedWithActDEV (node_modules/react-test-renderer/cjs/react-test-renderer.development.js:11800:9)
      at scheduleUpdateOnFiber (node_modules/react-test-renderer/cjs/react-test-renderer.development.js:10326:9)
      at dispatchSetStateInternal (node_modules/react-test-renderer/cjs/react-test-renderer.development.js:4148:13)
      at dispatchSetState (node_modules/react-test-renderer/cjs/react-test-renderer.development.js:4107:7)
      at setBooking (app/user/payment.jsx:51:7)
      at asyncGeneratorStep (node_modules/@babel/runtime/helpers/asyncToGenerator.js:3:17)
      at _next (node_modules/@babel/runtime/helpers/asyncToGenerator.js:17:9)

    console.error
      An update to PaymentScreen inside a test was not wrapped in act(...).
      
      When testing, code that causes React state updates should be wrapped into act(...):
      
      act(() => {
        /* fire events that update state */
      });
      /* assert on the output */
      
      This ensures that you're testing the behavior the user would see in the browser. Learn more at https://react.dev/link/wrap-tests-with-act

    [0m [90m 54 |[39m       [33mAlert[39m[33m.[39malert([32m'Error'[39m[33m,[39m [32m'Failed to load booking details'[39m)[33m;[39m
     [90m 55 |[39m     } [36mfinally[39m {
    [31m[1m>[22m[39m[90m 56 |[39m       setLoading([36mfalse[39m)[33m;[39m
     [90m    |[39m       [31m[1m^[22m[39m
     [90m 57 |[39m     }
     [90m 58 |[39m   }[33m;[39m
     [90m 59 |[39m[0m

      at node_modules/react-test-renderer/cjs/react-test-renderer.development.js:11801:19
      at runWithFiberInDEV (node_modules/react-test-renderer/cjs/react-test-renderer.development.js:1574:13)
      at warnIfUpdatesNotWrappedWithActDEV (node_modules/react-test-renderer/cjs/react-test-renderer.development.js:11800:9)
      at scheduleUpdateOnFiber (node_modules/react-test-renderer/cjs/react-test-renderer.development.js:10326:9)
      at dispatchSetStateInternal (node_modules/react-test-renderer/cjs/react-test-renderer.development.js:4148:13)
      at dispatchSetState (node_modules/react-test-renderer/cjs/react-test-renderer.development.js:4107:7)
      at setLoading (app/user/payment.jsx:56:7)
      at asyncGeneratorStep (node_modules/@babel/runtime/helpers/asyncToGenerator.js:3:17)
      at _next (node_modules/@babel/runtime/helpers/asyncToGenerator.js:17:9)

    console.error
      An update to PaymentScreen inside a test was not wrapped in act(...).
      
      When testing, code that causes React state updates should be wrapped into act(...):
      
      act(() => {
        /* fire events that update state */
      });
      /* assert on the output */
      
      This ensures that you're testing the behavior the user would see in the browser. Learn more at https://react.dev/link/wrap-tests-with-act

    [0m [90m 49 |[39m         { headers[33m:[39m { [33mAuthorization[39m[33m:[39m [32m`Bearer ${token}`[39m } }
     [90m 50 |[39m       )[33m;[39m
    [31m[1m>[22m[39m[90m 51 |[39m       setBooking(response[33m.[39mdata[33m.[39mbooking)[33m;[39m
     [90m    |[39m       [31m[1m^[22m[39m
     [90m 52 |[39m     } [36mcatch[39m (error) {
     [90m 53 |[39m       console[33m.[39merror([32m'Error fetching booking:'[39m[33m,[39m error)[33m;[39m
     [90m 54 |[39m       [33mAlert[39m[33m.[39malert([32m'Error'[39m[33m,[39m [32m'Failed to load booking details'[39m)[33m;[39m[0m

      at node_modules/react-test-renderer/cjs/react-test-renderer.development.js:11801:19
      at runWithFiberInDEV (node_modules/react-test-renderer/cjs/react-test-renderer.development.js:1574:13)
      at warnIfUpdatesNotWrappedWithActDEV (node_modules/react-test-renderer/cjs/react-test-renderer.development.js:11800:9)
      at scheduleUpdateOnFiber (node_modules/react-test-renderer/cjs/react-test-renderer.development.js:10326:9)
      at dispatchSetStateInternal (node_modules/react-test-renderer/cjs/react-test-renderer.development.js:4148:13)
      at dispatchSetState (node_modules/react-test-renderer/cjs/react-test-renderer.development.js:4107:7)
      at setBooking (app/user/payment.jsx:51:7)
      at asyncGeneratorStep (node_modules/@babel/runtime/helpers/asyncToGenerator.js:3:17)
      at _next (node_modules/@babel/runtime/helpers/asyncToGenerator.js:17:9)

    console.error
      An update to PaymentScreen inside a test was not wrapped in act(...).
      
      When testing, code that causes React state updates should be wrapped into act(...):
      
      act(() => {
        /* fire events that update state */
      });
      /* assert on the output */
      
      This ensures that you're testing the behavior the user would see in the browser. Learn more at https://react.dev/link/wrap-tests-with-act

    [0m [90m 54 |[39m       [33mAlert[39m[33m.[39malert([32m'Error'[39m[33m,[39m [32m'Failed to load booking details'[39m)[33m;[39m
     [90m 55 |[39m     } [36mfinally[39m {
    [31m[1m>[22m[39m[90m 56 |[39m       setLoading([36mfalse[39m)[33m;[39m
     [90m    |[39m       [31m[1m^[22m[39m
     [90m 57 |[39m     }
     [90m 58 |[39m   }[33m;[39m
     [90m 59 |[39m[0m

      at node_modules/react-test-renderer/cjs/react-test-renderer.development.js:11801:19
      at runWithFiberInDEV (node_modules/react-test-renderer/cjs/react-test-renderer.development.js:1574:13)
      at warnIfUpdatesNotWrappedWithActDEV (node_modules/react-test-renderer/cjs/react-test-renderer.development.js:11800:9)
      at scheduleUpdateOnFiber (node_modules/react-test-renderer/cjs/react-test-renderer.development.js:10326:9)
      at dispatchSetStateInternal (node_modules/react-test-renderer/cjs/react-test-renderer.development.js:4148:13)
      at dispatchSetState (node_modules/react-test-renderer/cjs/react-test-renderer.development.js:4107:7)
      at setLoading (app/user/payment.jsx:56:7)
      at asyncGeneratorStep (node_modules/@babel/runtime/helpers/asyncToGenerator.js:3:17)
      at _next (node_modules/@babel/runtime/helpers/asyncToGenerator.js:17:9)

    console.error
      An update to PaymentScreen inside a test was not wrapped in act(...).
      
      When testing, code that causes React state updates should be wrapped into act(...):
      
      act(() => {
        /* fire events that update state */
      });
      /* assert on the output */
      
      This ensures that you're testing the behavior the user would see in the browser. Learn more at https://react.dev/link/wrap-tests-with-act

    [0m [90m 49 |[39m         { headers[33m:[39m { [33mAuthorization[39m[33m:[39m [32m`Bearer ${token}`[39m } }
     [90m 50 |[39m       )[33m;[39m
    [31m[1m>[22m[39m[90m 51 |[39m       setBooking(response[33m.[39mdata[33m.[39mbooking)[33m;[39m
     [90m    |[39m       [31m[1m^[22m[39m
     [90m 52 |[39m     } [36mcatch[39m (error) {
     [90m 53 |[39m       console[33m.[39merror([32m'Error fetching booking:'[39m[33m,[39m error)[33m;[39m
     [90m 54 |[39m       [33mAlert[39m[33m.[39malert([32m'Error'[39m[33m,[39m [32m'Failed to load booking details'[39m)[33m;[39m[0m

      at node_modules/react-test-renderer/cjs/react-test-renderer.development.js:11801:19
      at runWithFiberInDEV (node_modules/react-test-renderer/cjs/react-test-renderer.development.js:1574:13)
      at warnIfUpdatesNotWrappedWithActDEV (node_modules/react-test-renderer/cjs/react-test-renderer.development.js:11800:9)
      at scheduleUpdateOnFiber (node_modules/react-test-renderer/cjs/react-test-renderer.development.js:10326:9)
      at dispatchSetStateInternal (node_modules/react-test-renderer/cjs/react-test-renderer.development.js:4148:13)
      at dispatchSetState (node_modules/react-test-renderer/cjs/react-test-renderer.development.js:4107:7)
      at setBooking (app/user/payment.jsx:51:7)
      at asyncGeneratorStep (node_modules/@babel/runtime/helpers/asyncToGenerator.js:3:17)
      at _next (node_modules/@babel/runtime/helpers/asyncToGenerator.js:17:9)

    console.error
      An update to PaymentScreen inside a test was not wrapped in act(...).
      
      When testing, code that causes React state updates should be wrapped into act(...):
      
      act(() => {
        /* fire events that update state */
      });
      /* assert on the output */
      
      This ensures that you're testing the behavior the user would see in the browser. Learn more at https://react.dev/link/wrap-tests-with-act

    [0m [90m 54 |[39m       [33mAlert[39m[33m.[39malert([32m'Error'[39m[33m,[39m [32m'Failed to load booking details'[39m)[33m;[39m
     [90m 55 |[39m     } [36mfinally[39m {
    [31m[1m>[22m[39m[90m 56 |[39m       setLoading([36mfalse[39m)[33m;[39m
     [90m    |[39m       [31m[1m^[22m[39m
     [90m 57 |[39m     }
     [90m 58 |[39m   }[33m;[39m
     [90m 59 |[39m[0m

      at node_modules/react-test-renderer/cjs/react-test-renderer.development.js:11801:19
      at runWithFiberInDEV (node_modules/react-test-renderer/cjs/react-test-renderer.development.js:1574:13)
      at warnIfUpdatesNotWrappedWithActDEV (node_modules/react-test-renderer/cjs/react-test-renderer.development.js:11800:9)
      at scheduleUpdateOnFiber (node_modules/react-test-renderer/cjs/react-test-renderer.development.js:10326:9)
      at dispatchSetStateInternal (node_modules/react-test-renderer/cjs/react-test-renderer.development.js:4148:13)
      at dispatchSetState (node_modules/react-test-renderer/cjs/react-test-renderer.development.js:4107:7)
      at setLoading (app/user/payment.jsx:56:7)
      at asyncGeneratorStep (node_modules/@babel/runtime/helpers/asyncToGenerator.js:3:17)
      at _next (node_modules/@babel/runtime/helpers/asyncToGenerator.js:17:9)

    console.error
      An update to PaymentScreen inside a test was not wrapped in act(...).
      
      When testing, code that causes React state updates should be wrapped into act(...):
      
      act(() => {
        /* fire events that update state */
      });
      /* assert on the output */
      
      This ensures that you're testing the behavior the user would see in the browser. Learn more at https://react.dev/link/wrap-tests-with-act

    [0m [90m 49 |[39m         { headers[33m:[39m { [33mAuthorization[39m[33m:[39m [32m`Bearer ${token}`[39m } }
     [90m 50 |[39m       )[33m;[39m
    [31m[1m>[22m[39m[90m 51 |[39m       setBooking(response[33m.[39mdata[33m.[39mbooking)[33m;[39m
     [90m    |[39m       [31m[1m^[22m[39m
     [90m 52 |[39m     } [36mcatch[39m (error) {
     [90m 53 |[39m       console[33m.[39merror([32m'Error fetching booking:'[39m[33m,[39m error)[33m;[39m
     [90m 54 |[39m       [33mAlert[39m[33m.[39malert([32m'Error'[39m[33m,[39m [32m'Failed to load booking details'[39m)[33m;[39m[0m

      at node_modules/react-test-renderer/cjs/react-test-renderer.development.js:11801:19
      at runWithFiberInDEV (node_modules/react-test-renderer/cjs/react-test-renderer.development.js:1574:13)
      at warnIfUpdatesNotWrappedWithActDEV (node_modules/react-test-renderer/cjs/react-test-renderer.development.js:11800:9)
      at scheduleUpdateOnFiber (node_modules/react-test-renderer/cjs/react-test-renderer.development.js:10326:9)
      at dispatchSetStateInternal (node_modules/react-test-renderer/cjs/react-test-renderer.development.js:4148:13)
      at dispatchSetState (node_modules/react-test-renderer/cjs/react-test-renderer.development.js:4107:7)
      at setBooking (app/user/payment.jsx:51:7)
      at asyncGeneratorStep (node_modules/@babel/runtime/helpers/asyncToGenerator.js:3:17)
      at _next (node_modules/@babel/runtime/helpers/asyncToGenerator.js:17:9)

    console.error
      An update to PaymentScreen inside a test was not wrapped in act(...).
      
      When testing, code that causes React state updates should be wrapped into act(...):
      
      act(() => {
        /* fire events that update state */
      });
      /* assert on the output */
      
      This ensures that you're testing the behavior the user would see in the browser. Learn more at https://react.dev/link/wrap-tests-with-act

    [0m [90m 54 |[39m       [33mAlert[39m[33m.[39malert([32m'Error'[39m[33m,[39m [32m'Failed to load booking details'[39m)[33m;[39m
     [90m 55 |[39m     } [36mfinally[39m {
    [31m[1m>[22m[39m[90m 56 |[39m       setLoading([36mfalse[39m)[33m;[39m
     [90m    |[39m       [31m[1m^[22m[39m
     [90m 57 |[39m     }
     [90m 58 |[39m   }[33m;[39m
     [90m 59 |[39m[0m

      at node_modules/react-test-renderer/cjs/react-test-renderer.development.js:11801:19
      at runWithFiberInDEV (node_modules/react-test-renderer/cjs/react-test-renderer.development.js:1574:13)
      at warnIfUpdatesNotWrappedWithActDEV (node_modules/react-test-renderer/cjs/react-test-renderer.development.js:11800:9)
      at scheduleUpdateOnFiber (node_modules/react-test-renderer/cjs/react-test-renderer.development.js:10326:9)
      at dispatchSetStateInternal (node_modules/react-test-renderer/cjs/react-test-renderer.development.js:4148:13)
      at dispatchSetState (node_modules/react-test-renderer/cjs/react-test-renderer.development.js:4107:7)
      at setLoading (app/user/payment.jsx:56:7)
      at asyncGeneratorStep (node_modules/@babel/runtime/helpers/asyncToGenerator.js:3:17)
      at _next (node_modules/@babel/runtime/helpers/asyncToGenerator.js:17:9)

    console.error
      An update to PaymentScreen inside a test was not wrapped in act(...).
      
      When testing, code that causes React state updates should be wrapped into act(...):
      
      act(() => {
        /* fire events that update state */
      });
      /* assert on the output */
      
      This ensures that you're testing the behavior the user would see in the browser. Learn more at https://react.dev/link/wrap-tests-with-act

    [0m [90m 49 |[39m         { headers[33m:[39m { [33mAuthorization[39m[33m:[39m [32m`Bearer ${token}`[39m } }
     [90m 50 |[39m       )[33m;[39m
    [31m[1m>[22m[39m[90m 51 |[39m       setBooking(response[33m.[39mdata[33m.[39mbooking)[33m;[39m
     [90m    |[39m       [31m[1m^[22m[39m
     [90m 52 |[39m     } [36mcatch[39m (error) {
     [90m 53 |[39m       console[33m.[39merror([32m'Error fetching booking:'[39m[33m,[39m error)[33m;[39m
     [90m 54 |[39m       [33mAlert[39m[33m.[39malert([32m'Error'[39m[33m,[39m [32m'Failed to load booking details'[39m)[33m;[39m[0m

      at node_modules/react-test-renderer/cjs/react-test-renderer.development.js:11801:19
      at runWithFiberInDEV (node_modules/react-test-renderer/cjs/react-test-renderer.development.js:1574:13)
      at warnIfUpdatesNotWrappedWithActDEV (node_modules/react-test-renderer/cjs/react-test-renderer.development.js:11800:9)
      at scheduleUpdateOnFiber (node_modules/react-test-renderer/cjs/react-test-renderer.development.js:10326:9)
      at dispatchSetStateInternal (node_modules/react-test-renderer/cjs/react-test-renderer.development.js:4148:13)
      at dispatchSetState (node_modules/react-test-renderer/cjs/react-test-renderer.development.js:4107:7)
      at setBooking (app/user/payment.jsx:51:7)
      at asyncGeneratorStep (node_modules/@babel/runtime/helpers/asyncToGenerator.js:3:17)
      at _next (node_modules/@babel/runtime/helpers/asyncToGenerator.js:17:9)

    console.error
      An update to PaymentScreen inside a test was not wrapped in act(...).
      
      When testing, code that causes React state updates should be wrapped into act(...):
      
      act(() => {
        /* fire events that update state */
      });
      /* assert on the output */
      
      This ensures that you're testing the behavior the user would see in the browser. Learn more at https://react.dev/link/wrap-tests-with-act

    [0m [90m 54 |[39m       [33mAlert[39m[33m.[39malert([32m'Error'[39m[33m,[39m [32m'Failed to load booking details'[39m)[33m;[39m
     [90m 55 |[39m     } [36mfinally[39m {
    [31m[1m>[22m[39m[90m 56 |[39m       setLoading([36mfalse[39m)[33m;[39m
     [90m    |[39m       [31m[1m^[22m[39m
     [90m 57 |[39m     }
     [90m 58 |[39m   }[33m;[39m
     [90m 59 |[39m[0m

      at node_modules/react-test-renderer/cjs/react-test-renderer.development.js:11801:19
      at runWithFiberInDEV (node_modules/react-test-renderer/cjs/react-test-renderer.development.js:1574:13)
      at warnIfUpdatesNotWrappedWithActDEV (node_modules/react-test-renderer/cjs/react-test-renderer.development.js:11800:9)
      at scheduleUpdateOnFiber (node_modules/react-test-renderer/cjs/react-test-renderer.development.js:10326:9)
      at dispatchSetStateInternal (node_modules/react-test-renderer/cjs/react-test-renderer.development.js:4148:13)
      at dispatchSetState (node_modules/react-test-renderer/cjs/react-test-renderer.development.js:4107:7)
      at setLoading (app/user/payment.jsx:56:7)
      at asyncGeneratorStep (node_modules/@babel/runtime/helpers/asyncToGenerator.js:3:17)
      at _next (node_modules/@babel/runtime/helpers/asyncToGenerator.js:17:9)

    console.error
      An update to PaymentScreen inside a test was not wrapped in act(...).
      
      When testing, code that causes React state updates should be wrapped into act(...):
      
      act(() => {
        /* fire events that update state */
      });
      /* assert on the output */
      
      This ensures that you're testing the behavior the user would see in the browser. Learn more at https://react.dev/link/wrap-tests-with-act

    [0m [90m 49 |[39m         { headers[33m:[39m { [33mAuthorization[39m[33m:[39m [32m`Bearer ${token}`[39m } }
     [90m 50 |[39m       )[33m;[39m
    [31m[1m>[22m[39m[90m 51 |[39m       setBooking(response[33m.[39mdata[33m.[39mbooking)[33m;[39m
     [90m    |[39m       [31m[1m^[22m[39m
     [90m 52 |[39m     } [36mcatch[39m (error) {
     [90m 53 |[39m       console[33m.[39merror([32m'Error fetching booking:'[39m[33m,[39m error)[33m;[39m
     [90m 54 |[39m       [33mAlert[39m[33m.[39malert([32m'Error'[39m[33m,[39m [32m'Failed to load booking details'[39m)[33m;[39m[0m

      at node_modules/react-test-renderer/cjs/react-test-renderer.development.js:11801:19
      at runWithFiberInDEV (node_modules/react-test-renderer/cjs/react-test-renderer.development.js:1574:13)
      at warnIfUpdatesNotWrappedWithActDEV (node_modules/react-test-renderer/cjs/react-test-renderer.development.js:11800:9)
      at scheduleUpdateOnFiber (node_modules/react-test-renderer/cjs/react-test-renderer.development.js:10326:9)
      at dispatchSetStateInternal (node_modules/react-test-renderer/cjs/react-test-renderer.development.js:4148:13)
      at dispatchSetState (node_modules/react-test-renderer/cjs/react-test-renderer.development.js:4107:7)
      at setBooking (app/user/payment.jsx:51:7)
      at asyncGeneratorStep (node_modules/@babel/runtime/helpers/asyncToGenerator.js:3:17)
      at _next (node_modules/@babel/runtime/helpers/asyncToGenerator.js:17:9)

    console.error
      An update to PaymentScreen inside a test was not wrapped in act(...).
      
      When testing, code that causes React state updates should be wrapped into act(...):
      
      act(() => {
        /* fire events that update state */
      });
      /* assert on the output */
      
      This ensures that you're testing the behavior the user would see in the browser. Learn more at https://react.dev/link/wrap-tests-with-act

    [0m [90m 54 |[39m       [33mAlert[39m[33m.[39malert([32m'Error'[39m[33m,[39m [32m'Failed to load booking details'[39m)[33m;[39m
     [90m 55 |[39m     } [36mfinally[39m {
    [31m[1m>[22m[39m[90m 56 |[39m       setLoading([36mfalse[39m)[33m;[39m
     [90m    |[39m       [31m[1m^[22m[39m
     [90m 57 |[39m     }
     [90m 58 |[39m   }[33m;[39m
     [90m 59 |[39m[0m

      at node_modules/react-test-renderer/cjs/react-test-renderer.development.js:11801:19
      at runWithFiberInDEV (node_modules/react-test-renderer/cjs/react-test-renderer.development.js:1574:13)
      at warnIfUpdatesNotWrappedWithActDEV (node_modules/react-test-renderer/cjs/react-test-renderer.development.js:11800:9)
      at scheduleUpdateOnFiber (node_modules/react-test-renderer/cjs/react-test-renderer.development.js:10326:9)
      at dispatchSetStateInternal (node_modules/react-test-renderer/cjs/react-test-renderer.development.js:4148:13)
      at dispatchSetState (node_modules/react-test-renderer/cjs/react-test-renderer.development.js:4107:7)
      at setLoading (app/user/payment.jsx:56:7)
      at asyncGeneratorStep (node_modules/@babel/runtime/helpers/asyncToGenerator.js:3:17)
      at _next (node_modules/@babel/runtime/helpers/asyncToGenerator.js:17:9)

    console.error
      An update to PaymentScreen inside a test was not wrapped in act(...).
      
      When testing, code that causes React state updates should be wrapped into act(...):
      
      act(() => {
        /* fire events that update state */
      });
      /* assert on the output */
      
      This ensures that you're testing the behavior the user would see in the browser. Learn more at https://react.dev/link/wrap-tests-with-act

    [0m [90m 49 |[39m         { headers[33m:[39m { [33mAuthorization[39m[33m:[39m [32m`Bearer ${token}`[39m } }
     [90m 50 |[39m       )[33m;[39m
    [31m[1m>[22m[39m[90m 51 |[39m       setBooking(response[33m.[39mdata[33m.[39mbooking)[33m;[39m
     [90m    |[39m       [31m[1m^[22m[39m
     [90m 52 |[39m     } [36mcatch[39m (error) {
     [90m 53 |[39m       console[33m.[39merror([32m'Error fetching booking:'[39m[33m,[39m error)[33m;[39m
     [90m 54 |[39m       [33mAlert[39m[33m.[39malert([32m'Error'[39m[33m,[39m [32m'Failed to load booking details'[39m)[33m;[39m[0m

      at node_modules/react-test-renderer/cjs/react-test-renderer.development.js:11801:19
      at runWithFiberInDEV (node_modules/react-test-renderer/cjs/react-test-renderer.development.js:1574:13)
      at warnIfUpdatesNotWrappedWithActDEV (node_modules/react-test-renderer/cjs/react-test-renderer.development.js:11800:9)
      at scheduleUpdateOnFiber (node_modules/react-test-renderer/cjs/react-test-renderer.development.js:10326:9)
      at dispatchSetStateInternal (node_modules/react-test-renderer/cjs/react-test-renderer.development.js:4148:13)
      at dispatchSetState (node_modules/react-test-renderer/cjs/react-test-renderer.development.js:4107:7)
      at setBooking (app/user/payment.jsx:51:7)
      at asyncGeneratorStep (node_modules/@babel/runtime/helpers/asyncToGenerator.js:3:17)
      at _next (node_modules/@babel/runtime/helpers/asyncToGenerator.js:17:9)

    console.error
      An update to PaymentScreen inside a test was not wrapped in act(...).
      
      When testing, code that causes React state updates should be wrapped into act(...):
      
      act(() => {
        /* fire events that update state */
      });
      /* assert on the output */
      
      This ensures that you're testing the behavior the user would see in the browser. Learn more at https://react.dev/link/wrap-tests-with-act

    [0m [90m 54 |[39m       [33mAlert[39m[33m.[39malert([32m'Error'[39m[33m,[39m [32m'Failed to load booking details'[39m)[33m;[39m
     [90m 55 |[39m     } [36mfinally[39m {
    [31m[1m>[22m[39m[90m 56 |[39m       setLoading([36mfalse[39m)[33m;[39m
     [90m    |[39m       [31m[1m^[22m[39m
     [90m 57 |[39m     }
     [90m 58 |[39m   }[33m;[39m
     [90m 59 |[39m[0m

      at node_modules/react-test-renderer/cjs/react-test-renderer.development.js:11801:19
      at runWithFiberInDEV (node_modules/react-test-renderer/cjs/react-test-renderer.development.js:1574:13)
      at warnIfUpdatesNotWrappedWithActDEV (node_modules/react-test-renderer/cjs/react-test-renderer.development.js:11800:9)
      at scheduleUpdateOnFiber (node_modules/react-test-renderer/cjs/react-test-renderer.development.js:10326:9)
      at dispatchSetStateInternal (node_modules/react-test-renderer/cjs/react-test-renderer.development.js:4148:13)
      at dispatchSetState (node_modules/react-test-renderer/cjs/react-test-renderer.development.js:4107:7)
      at setLoading (app/user/payment.jsx:56:7)
      at asyncGeneratorStep (node_modules/@babel/runtime/helpers/asyncToGenerator.js:3:17)
      at _next (node_modules/@babel/runtime/helpers/asyncToGenerator.js:17:9)

    console.error
      An update to PaymentScreen inside a test was not wrapped in act(...).
      
      When testing, code that causes React state updates should be wrapped into act(...):
      
      act(() => {
        /* fire events that update state */
      });
      /* assert on the output */
      
      This ensures that you're testing the behavior the user would see in the browser. Learn more at https://react.dev/link/wrap-tests-with-act

    [0m [90m 49 |[39m         { headers[33m:[39m { [33mAuthorization[39m[33m:[39m [32m`Bearer ${token}`[39m } }
     [90m 50 |[39m       )[33m;[39m
    [31m[1m>[22m[39m[90m 51 |[39m       setBooking(response[33m.[39mdata[33m.[39mbooking)[33m;[39m
     [90m    |[39m       [31m[1m^[22m[39m
     [90m 52 |[39m     } [36mcatch[39m (error) {
     [90m 53 |[39m       console[33m.[39merror([32m'Error fetching booking:'[39m[33m,[39m error)[33m;[39m
     [90m 54 |[39m       [33mAlert[39m[33m.[39malert([32m'Error'[39m[33m,[39m [32m'Failed to load booking details'[39m)[33m;[39m[0m

      at node_modules/react-test-renderer/cjs/react-test-renderer.development.js:11801:19
      at runWithFiberInDEV (node_modules/react-test-renderer/cjs/react-test-renderer.development.js:1574:13)
      at warnIfUpdatesNotWrappedWithActDEV (node_modules/react-test-renderer/cjs/react-test-renderer.development.js:11800:9)
      at scheduleUpdateOnFiber (node_modules/react-test-renderer/cjs/react-test-renderer.development.js:10326:9)
      at dispatchSetStateInternal (node_modules/react-test-renderer/cjs/react-test-renderer.development.js:4148:13)
      at dispatchSetState (node_modules/react-test-renderer/cjs/react-test-renderer.development.js:4107:7)
      at setBooking (app/user/payment.jsx:51:7)
      at asyncGeneratorStep (node_modules/@babel/runtime/helpers/asyncToGenerator.js:3:17)
      at _next (node_modules/@babel/runtime/helpers/asyncToGenerator.js:17:9)

    console.error
      An update to PaymentScreen inside a test was not wrapped in act(...).
      
      When testing, code that causes React state updates should be wrapped into act(...):
      
      act(() => {
        /* fire events that update state */
      });
      /* assert on the output */
      
      This ensures that you're testing the behavior the user would see in the browser. Learn more at https://react.dev/link/wrap-tests-with-act

    [0m [90m 54 |[39m       [33mAlert[39m[33m.[39malert([32m'Error'[39m[33m,[39m [32m'Failed to load booking details'[39m)[33m;[39m
     [90m 55 |[39m     } [36mfinally[39m {
    [31m[1m>[22m[39m[90m 56 |[39m       setLoading([36mfalse[39m)[33m;[39m
     [90m    |[39m       [31m[1m^[22m[39m
     [90m 57 |[39m     }
     [90m 58 |[39m   }[33m;[39m
     [90m 59 |[39m[0m

      at node_modules/react-test-renderer/cjs/react-test-renderer.development.js:11801:19
      at runWithFiberInDEV (node_modules/react-test-renderer/cjs/react-test-renderer.development.js:1574:13)
      at warnIfUpdatesNotWrappedWithActDEV (node_modules/react-test-renderer/cjs/react-test-renderer.development.js:11800:9)
      at scheduleUpdateOnFiber (node_modules/react-test-renderer/cjs/react-test-renderer.development.js:10326:9)
      at dispatchSetStateInternal (node_modules/react-test-renderer/cjs/react-test-renderer.development.js:4148:13)
      at dispatchSetState (node_modules/react-test-renderer/cjs/react-test-renderer.development.js:4107:7)
      at setLoading (app/user/payment.jsx:56:7)
      at asyncGeneratorStep (node_modules/@babel/runtime/helpers/asyncToGenerator.js:3:17)
      at _next (node_modules/@babel/runtime/helpers/asyncToGenerator.js:17:9)

PASS __test__/Signup.test.jsx
PASS __test__/libs/dataUtils.test.js
PASS __test__/UserBookings.test.jsx

Summary of all failing tests
FAIL __test__/libs/axiosConfig.test.js
  ● Axios Configuration › Axios Module › should be able to create instances

    expect(received).toBeDefined()

    Received: undefined

    [0m [90m 21 |[39m     test([32m'should be able to create instances'[39m[33m,[39m () [33m=>[39m {
     [90m 22 |[39m       [36mconst[39m instance [33m=[39m axios[33m.[39mcreate()[33m;[39m
    [31m[1m>[22m[39m[90m 23 |[39m       expect(instance)[33m.[39mtoBeDefined()[33m;[39m
     [90m    |[39m                        [31m[1m^[22m[39m
     [90m 24 |[39m     })[33m;[39m
     [90m 25 |[39m   })[33m;[39m
     [90m 26 |[39m[0m

      at Object.toBeDefined (__test__/libs/axiosConfig.test.js:23:24)

  ● Axios Configuration › API Methods Structure › should support HTTP GET requests

    TypeError: Cannot read properties of undefined (reading 'get')

    [0m [90m 47 |[39m     test([32m'should support HTTP GET requests'[39m[33m,[39m () [33m=>[39m {
     [90m 48 |[39m       [36mconst[39m instance [33m=[39m axios[33m.[39mcreate()[33m;[39m
    [31m[1m>[22m[39m[90m 49 |[39m       expect(instance[33m.[39m[36mget[39m)[33m.[39mtoBeDefined()[33m;[39m
     [90m    |[39m                       [31m[1m^[22m[39m
     [90m 50 |[39m     })[33m;[39m
     [90m 51 |[39m
     [90m 52 |[39m     test([32m'should support HTTP POST requests'[39m[33m,[39m () [33m=>[39m {[0m

      at Object.get (__test__/libs/axiosConfig.test.js:49:23)

  ● Axios Configuration › API Methods Structure › should support HTTP POST requests

    TypeError: Cannot read properties of undefined (reading 'post')

    [0m [90m 52 |[39m     test([32m'should support HTTP POST requests'[39m[33m,[39m () [33m=>[39m {
     [90m 53 |[39m       [36mconst[39m instance [33m=[39m axios[33m.[39mcreate()[33m;[39m
    [31m[1m>[22m[39m[90m 54 |[39m       expect(instance[33m.[39mpost)[33m.[39mtoBeDefined()[33m;[39m
     [90m    |[39m                       [31m[1m^[22m[39m
     [90m 55 |[39m     })[33m;[39m
     [90m 56 |[39m
     [90m 57 |[39m     test([32m'should support HTTP PUT requests'[39m[33m,[39m () [33m=>[39m {[0m

      at Object.post (__test__/libs/axiosConfig.test.js:54:23)

  ● Axios Configuration › API Methods Structure › should support HTTP PUT requests

    TypeError: Cannot read properties of undefined (reading 'put')

    [0m [90m 57 |[39m     test([32m'should support HTTP PUT requests'[39m[33m,[39m () [33m=>[39m {
     [90m 58 |[39m       [36mconst[39m instance [33m=[39m axios[33m.[39mcreate()[33m;[39m
    [31m[1m>[22m[39m[90m 59 |[39m       expect(instance[33m.[39mput)[33m.[39mtoBeDefined()[33m;[39m
     [90m    |[39m                       [31m[1m^[22m[39m
     [90m 60 |[39m     })[33m;[39m
     [90m 61 |[39m
     [90m 62 |[39m     test([32m'should support HTTP DELETE requests'[39m[33m,[39m () [33m=>[39m {[0m

      at Object.put (__test__/libs/axiosConfig.test.js:59:23)

  ● Axios Configuration › API Methods Structure › should support HTTP DELETE requests

    TypeError: Cannot read properties of undefined (reading 'delete')

    [0m [90m 62 |[39m     test([32m'should support HTTP DELETE requests'[39m[33m,[39m () [33m=>[39m {
     [90m 63 |[39m       [36mconst[39m instance [33m=[39m axios[33m.[39mcreate()[33m;[39m
    [31m[1m>[22m[39m[90m 64 |[39m       expect(instance[33m.[39m[36mdelete[39m)[33m.[39mtoBeDefined()[33m;[39m
     [90m    |[39m                       [31m[1m^[22m[39m
     [90m 65 |[39m     })[33m;[39m
     [90m 66 |[39m   })[33m;[39m
     [90m 67 |[39m[0m

      at Object.delete (__test__/libs/axiosConfig.test.js:64:23)

FAIL __test__/components/GuestCounter.test.jsx
  ● GuestCounter Component › should render with initial count

    Element type is invalid: expected a string (for built-in components) or a class/function (for composite components) but got: undefined. You likely forgot to export your component from the file it's defined in, or you might have mixed up default and named imports.

    Check the render method of `GuestCounter`.

    [0m [90m  5 |[39m describe([32m'GuestCounter Component'[39m[33m,[39m () [33m=>[39m {
     [90m  6 |[39m   test([32m'should render with initial count'[39m[33m,[39m () [33m=>[39m {
    [31m[1m>[22m[39m[90m  7 |[39m     [36mconst[39m { getByText } [33m=[39m render(
     [90m    |[39m                                 [31m[1m^[22m[39m
     [90m  8 |[39m       [33m<[39m[33mGuestCounter[39m count[33m=[39m{[35m2[39m} onIncrement[33m=[39m{() [33m=>[39m {}} onDecrement[33m=[39m{() [33m=>[39m {}} [33m/[39m[33m>[39m
     [90m  9 |[39m     )[33m;[39m
     [90m 10 |[39m     [90m// Count should be displayed[39m[0m

      at createFiberFromTypeAndProps (node_modules/react-test-renderer/cjs/react-test-renderer.development.js:12185:28)
      at createFiberFromElement (node_modules/react-test-renderer/cjs/react-test-renderer.development.js:12199:14)
      at createChild (node_modules/react-test-renderer/cjs/react-test-renderer.development.js:4475:26)
      at reconcileChildrenArray (node_modules/react-test-renderer/cjs/react-test-renderer.development.js:4805:25)
      at reconcileChildFibersImpl (node_modules/react-test-renderer/cjs/react-test-renderer.development.js:5122:30)
      at node_modules/react-test-renderer/cjs/react-test-renderer.development.js:5227:33
      at reconcileChildren (node_modules/react-test-renderer/cjs/react-test-renderer.development.js:5735:13)
      at beginWork (node_modules/react-test-renderer/cjs/react-test-renderer.development.js:7551:13)
      at runWithFiberInDEV (node_modules/react-test-renderer/cjs/react-test-renderer.development.js:1574:13)
      at performUnitOfWork (node_modules/react-test-renderer/cjs/react-test-renderer.development.js:10972:22)
      at workLoopSync (node_modules/react-test-renderer/cjs/react-test-renderer.development.js:10816:41)
      at renderRootSync (node_modules/react-test-renderer/cjs/react-test-renderer.development.js:10797:11)
      at performWorkOnRoot (node_modules/react-test-renderer/cjs/react-test-renderer.development.js:10384:39)
      at performWorkOnRootViaSchedulerTask (node_modules/react-test-renderer/cjs/react-test-renderer.development.js:2094:7)
      at flushActQueue (node_modules/react/cjs/react.development.js:566:34)
      at Object.<anonymous>.process.env.NODE_ENV.exports.act (node_modules/react/cjs/react.development.js:859:10)
      at actImplementation (node_modules/@testing-library/react-native/src/act.ts:30:25)
      at renderWithAct (node_modules/@testing-library/react-native/src/render-act.ts:13:11)
      at renderInternal (node_modules/@testing-library/react-native/src/render.tsx:69:33)
      at renderInternal (node_modules/@testing-library/react-native/src/render.tsx:44:10)
      at Object.<anonymous> (__test__/components/GuestCounter.test.jsx:7:33)

  ● GuestCounter Component › should display count formatted with leading zero or as is

    Element type is invalid: expected a string (for built-in components) or a class/function (for composite components) but got: undefined. You likely forgot to export your component from the file it's defined in, or you might have mixed up default and named imports.

    Check the render method of `GuestCounter`.

    [0m [90m 13 |[39m
     [90m 14 |[39m   test([32m'should display count formatted with leading zero or as is'[39m[33m,[39m () [33m=>[39m {
    [31m[1m>[22m[39m[90m 15 |[39m     [36mconst[39m { root } [33m=[39m render(
     [90m    |[39m                            [31m[1m^[22m[39m
     [90m 16 |[39m       [33m<[39m[33mGuestCounter[39m count[33m=[39m{[35m1[39m} onIncrement[33m=[39m{() [33m=>[39m {}} onDecrement[33m=[39m{() [33m=>[39m {}} [33m/[39m[33m>[39m
     [90m 17 |[39m     )[33m;[39m
     [90m 18 |[39m     expect(root)[33m.[39mtoBeTruthy()[33m;[39m[0m

      at createFiberFromTypeAndProps (node_modules/react-test-renderer/cjs/react-test-renderer.development.js:12185:28)
      at createFiberFromElement (node_modules/react-test-renderer/cjs/react-test-renderer.development.js:12199:14)
      at createChild (node_modules/react-test-renderer/cjs/react-test-renderer.development.js:4475:26)
      at reconcileChildrenArray (node_modules/react-test-renderer/cjs/react-test-renderer.development.js:4805:25)
      at reconcileChildFibersImpl (node_modules/react-test-renderer/cjs/react-test-renderer.development.js:5122:30)
      at node_modules/react-test-renderer/cjs/react-test-renderer.development.js:5227:33
      at reconcileChildren (node_modules/react-test-renderer/cjs/react-test-renderer.development.js:5735:13)
      at beginWork (node_modules/react-test-renderer/cjs/react-test-renderer.development.js:7551:13)
      at runWithFiberInDEV (node_modules/react-test-renderer/cjs/react-test-renderer.development.js:1574:13)
      at performUnitOfWork (node_modules/react-test-renderer/cjs/react-test-renderer.development.js:10972:22)
      at workLoopSync (node_modules/react-test-renderer/cjs/react-test-renderer.development.js:10816:41)
      at renderRootSync (node_modules/react-test-renderer/cjs/react-test-renderer.development.js:10797:11)
      at performWorkOnRoot (node_modules/react-test-renderer/cjs/react-test-renderer.development.js:10384:39)
      at performWorkOnRootViaSchedulerTask (node_modules/react-test-renderer/cjs/react-test-renderer.development.js:2094:7)
      at flushActQueue (node_modules/react/cjs/react.development.js:566:34)
      at Object.<anonymous>.process.env.NODE_ENV.exports.act (node_modules/react/cjs/react.development.js:859:10)
      at actImplementation (node_modules/@testing-library/react-native/src/act.ts:30:25)
      at renderWithAct (node_modules/@testing-library/react-native/src/render-act.ts:13:11)
      at renderInternal (node_modules/@testing-library/react-native/src/render.tsx:69:33)
      at renderInternal (node_modules/@testing-library/react-native/src/render.tsx:44:10)
      at Object.<anonymous> (__test__/components/GuestCounter.test.jsx:15:28)

  ● GuestCounter Component › should call onIncrement when increment button is pressed

    Element type is invalid: expected a string (for built-in components) or a class/function (for composite components) but got: undefined. You likely forgot to export your component from the file it's defined in, or you might have mixed up default and named imports.

    Check the render method of `GuestCounter`.

    [0m [90m 21 |[39m   test([32m'should call onIncrement when increment button is pressed'[39m[33m,[39m () [33m=>[39m {
     [90m 22 |[39m     [36mconst[39m mockOnIncrement [33m=[39m jest[33m.[39mfn()[33m;[39m
    [31m[1m>[22m[39m[90m 23 |[39m     [36mconst[39m { getByText } [33m=[39m render(
     [90m    |[39m                                 [31m[1m^[22m[39m
     [90m 24 |[39m       [33m<[39m[33mGuestCounter[39m 
     [90m 25 |[39m         count[33m=[39m{[35m2[39m} 
     [90m 26 |[39m         onIncrement[33m=[39m{mockOnIncrement} [0m

      at createFiberFromTypeAndProps (node_modules/react-test-renderer/cjs/react-test-renderer.development.js:12185:28)
      at createFiberFromElement (node_modules/react-test-renderer/cjs/react-test-renderer.development.js:12199:14)
      at createChild (node_modules/react-test-renderer/cjs/react-test-renderer.development.js:4475:26)
      at reconcileChildrenArray (node_modules/react-test-renderer/cjs/react-test-renderer.development.js:4805:25)
      at reconcileChildFibersImpl (node_modules/react-test-renderer/cjs/react-test-renderer.development.js:5122:30)
      at node_modules/react-test-renderer/cjs/react-test-renderer.development.js:5227:33
      at reconcileChildren (node_modules/react-test-renderer/cjs/react-test-renderer.development.js:5735:13)
      at beginWork (node_modules/react-test-renderer/cjs/react-test-renderer.development.js:7551:13)
      at runWithFiberInDEV (node_modules/react-test-renderer/cjs/react-test-renderer.development.js:1574:13)
      at performUnitOfWork (node_modules/react-test-renderer/cjs/react-test-renderer.development.js:10972:22)
      at workLoopSync (node_modules/react-test-renderer/cjs/react-test-renderer.development.js:10816:41)
      at renderRootSync (node_modules/react-test-renderer/cjs/react-test-renderer.development.js:10797:11)
      at performWorkOnRoot (node_modules/react-test-renderer/cjs/react-test-renderer.development.js:10384:39)
      at performWorkOnRootViaSchedulerTask (node_modules/react-test-renderer/cjs/react-test-renderer.development.js:2094:7)
      at flushActQueue (node_modules/react/cjs/react.development.js:566:34)
      at Object.<anonymous>.process.env.NODE_ENV.exports.act (node_modules/react/cjs/react.development.js:859:10)
      at actImplementation (node_modules/@testing-library/react-native/src/act.ts:30:25)
      at renderWithAct (node_modules/@testing-library/react-native/src/render-act.ts:13:11)
      at renderInternal (node_modules/@testing-library/react-native/src/render.tsx:69:33)
      at renderInternal (node_modules/@testing-library/react-native/src/render.tsx:44:10)
      at Object.<anonymous> (__test__/components/GuestCounter.test.jsx:23:33)

  ● GuestCounter Component › should display count 1 through 20

    Element type is invalid: expected a string (for built-in components) or a class/function (for composite components) but got: undefined. You likely forgot to export your component from the file it's defined in, or you might have mixed up default and named imports.

    Check the render method of `GuestCounter`.

    [0m [90m 35 |[39m     
     [90m 36 |[39m     testCounts[33m.[39mforEach(count [33m=>[39m {
    [31m[1m>[22m[39m[90m 37 |[39m       [36mconst[39m { getByText } [33m=[39m render(
     [90m    |[39m                                   [31m[1m^[22m[39m
     [90m 38 |[39m         [33m<[39m[33mGuestCounter[39m 
     [90m 39 |[39m           count[33m=[39m{count} 
     [90m 40 |[39m           onIncrement[33m=[39m{() [33m=>[39m {}} [0m

      at createFiberFromTypeAndProps (node_modules/react-test-renderer/cjs/react-test-renderer.development.js:12185:28)
      at createFiberFromElement (node_modules/react-test-renderer/cjs/react-test-renderer.development.js:12199:14)
      at createChild (node_modules/react-test-renderer/cjs/react-test-renderer.development.js:4475:26)
      at reconcileChildrenArray (node_modules/react-test-renderer/cjs/react-test-renderer.development.js:4805:25)
      at reconcileChildFibersImpl (node_modules/react-test-renderer/cjs/react-test-renderer.development.js:5122:30)
      at node_modules/react-test-renderer/cjs/react-test-renderer.development.js:5227:33
      at reconcileChildren (node_modules/react-test-renderer/cjs/react-test-renderer.development.js:5735:13)
      at beginWork (node_modules/react-test-renderer/cjs/react-test-renderer.development.js:7551:13)
      at runWithFiberInDEV (node_modules/react-test-renderer/cjs/react-test-renderer.development.js:1574:13)
      at performUnitOfWork (node_modules/react-test-renderer/cjs/react-test-renderer.development.js:10972:22)
      at workLoopSync (node_modules/react-test-renderer/cjs/react-test-renderer.development.js:10816:41)
      at renderRootSync (node_modules/react-test-renderer/cjs/react-test-renderer.development.js:10797:11)
      at performWorkOnRoot (node_modules/react-test-renderer/cjs/react-test-renderer.development.js:10384:39)
      at performWorkOnRootViaSchedulerTask (node_modules/react-test-renderer/cjs/react-test-renderer.development.js:2094:7)
      at flushActQueue (node_modules/react/cjs/react.development.js:566:34)
      at Object.<anonymous>.process.env.NODE_ENV.exports.act (node_modules/react/cjs/react.development.js:859:10)
      at actImplementation (node_modules/@testing-library/react-native/src/act.ts:30:25)
      at renderWithAct (node_modules/@testing-library/react-native/src/render-act.ts:13:11)
      at renderInternal (node_modules/@testing-library/react-native/src/render.tsx:69:33)
      at renderInternal (node_modules/@testing-library/react-native/src/render.tsx:44:10)
      at __test__/components/GuestCounter.test.jsx:37:35
          at Array.forEach (<anonymous>)
      at Object.forEach (__test__/components/GuestCounter.test.jsx:36:16)

  ● GuestCounter Component › should handle count of 0

    Element type is invalid: expected a string (for built-in components) or a class/function (for composite components) but got: undefined. You likely forgot to export your component from the file it's defined in, or you might have mixed up default and named imports.

    Check the render method of `GuestCounter`.

    [0m [90m 47 |[39m
     [90m 48 |[39m   test([32m'should handle count of 0'[39m[33m,[39m () [33m=>[39m {
    [31m[1m>[22m[39m[90m 49 |[39m     [36mconst[39m { getByText } [33m=[39m render(
     [90m    |[39m                                 [31m[1m^[22m[39m
     [90m 50 |[39m       [33m<[39m[33mGuestCounter[39m count[33m=[39m{[35m0[39m} onIncrement[33m=[39m{() [33m=>[39m {}} onDecrement[33m=[39m{() [33m=>[39m {}} [33m/[39m[33m>[39m
     [90m 51 |[39m     )[33m;[39m
     [90m 52 |[39m     expect(getByText([32m'0'[39m))[33m.[39mtoBeTruthy()[33m;[39m[0m

      at createFiberFromTypeAndProps (node_modules/react-test-renderer/cjs/react-test-renderer.development.js:12185:28)
      at createFiberFromElement (node_modules/react-test-renderer/cjs/react-test-renderer.development.js:12199:14)
      at createChild (node_modules/react-test-renderer/cjs/react-test-renderer.development.js:4475:26)
      at reconcileChildrenArray (node_modules/react-test-renderer/cjs/react-test-renderer.development.js:4805:25)
      at reconcileChildFibersImpl (node_modules/react-test-renderer/cjs/react-test-renderer.development.js:5122:30)
      at node_modules/react-test-renderer/cjs/react-test-renderer.development.js:5227:33
      at reconcileChildren (node_modules/react-test-renderer/cjs/react-test-renderer.development.js:5735:13)
      at beginWork (node_modules/react-test-renderer/cjs/react-test-renderer.development.js:7551:13)
      at runWithFiberInDEV (node_modules/react-test-renderer/cjs/react-test-renderer.development.js:1574:13)
      at performUnitOfWork (node_modules/react-test-renderer/cjs/react-test-renderer.development.js:10972:22)
      at workLoopSync (node_modules/react-test-renderer/cjs/react-test-renderer.development.js:10816:41)
      at renderRootSync (node_modules/react-test-renderer/cjs/react-test-renderer.development.js:10797:11)
      at performWorkOnRoot (node_modules/react-test-renderer/cjs/react-test-renderer.development.js:10384:39)
      at performWorkOnRootViaSchedulerTask (node_modules/react-test-renderer/cjs/react-test-renderer.development.js:2094:7)
      at flushActQueue (node_modules/react/cjs/react.development.js:566:34)
      at Object.<anonymous>.process.env.NODE_ENV.exports.act (node_modules/react/cjs/react.development.js:859:10)
      at actImplementation (node_modules/@testing-library/react-native/src/act.ts:30:25)
      at renderWithAct (node_modules/@testing-library/react-native/src/render-act.ts:13:11)
      at renderInternal (node_modules/@testing-library/react-native/src/render.tsx:69:33)
      at renderInternal (node_modules/@testing-library/react-native/src/render.tsx:44:10)
      at Object.<anonymous> (__test__/components/GuestCounter.test.jsx:49:33)

  ● GuestCounter Component › should accept custom style

    Element type is invalid: expected a string (for built-in components) or a class/function (for composite components) but got: undefined. You likely forgot to export your component from the file it's defined in, or you might have mixed up default and named imports.

    Check the render method of `GuestCounter`.

    [0m [90m 55 |[39m   test([32m'should accept custom style'[39m[33m,[39m () [33m=>[39m {
     [90m 56 |[39m     [36mconst[39m customStyle [33m=[39m { marginBottom[33m:[39m [35m15[39m[33m,[39m paddingVertical[33m:[39m [35m10[39m }[33m;[39m
    [31m[1m>[22m[39m[90m 57 |[39m     [36mconst[39m { root } [33m=[39m render(
     [90m    |[39m                            [31m[1m^[22m[39m
     [90m 58 |[39m       [33m<[39m[33mGuestCounter[39m 
     [90m 59 |[39m         count[33m=[39m{[35m2[39m} 
     [90m 60 |[39m         onIncrement[33m=[39m{() [33m=>[39m {}} [0m

      at createFiberFromTypeAndProps (node_modules/react-test-renderer/cjs/react-test-renderer.development.js:12185:28)
      at createFiberFromElement (node_modules/react-test-renderer/cjs/react-test-renderer.development.js:12199:14)
      at createChild (node_modules/react-test-renderer/cjs/react-test-renderer.development.js:4475:26)
      at reconcileChildrenArray (node_modules/react-test-renderer/cjs/react-test-renderer.development.js:4805:25)
      at reconcileChildFibersImpl (node_modules/react-test-renderer/cjs/react-test-renderer.development.js:5122:30)
      at node_modules/react-test-renderer/cjs/react-test-renderer.development.js:5227:33
      at reconcileChildren (node_modules/react-test-renderer/cjs/react-test-renderer.development.js:5735:13)
      at beginWork (node_modules/react-test-renderer/cjs/react-test-renderer.development.js:7551:13)
      at runWithFiberInDEV (node_modules/react-test-renderer/cjs/react-test-renderer.development.js:1574:13)
      at performUnitOfWork (node_modules/react-test-renderer/cjs/react-test-renderer.development.js:10972:22)
      at workLoopSync (node_modules/react-test-renderer/cjs/react-test-renderer.development.js:10816:41)
      at renderRootSync (node_modules/react-test-renderer/cjs/react-test-renderer.development.js:10797:11)
      at performWorkOnRoot (node_modules/react-test-renderer/cjs/react-test-renderer.development.js:10384:39)
      at performWorkOnRootViaSchedulerTask (node_modules/react-test-renderer/cjs/react-test-renderer.development.js:2094:7)
      at flushActQueue (node_modules/react/cjs/react.development.js:566:34)
      at Object.<anonymous>.process.env.NODE_ENV.exports.act (node_modules/react/cjs/react.development.js:859:10)
      at actImplementation (node_modules/@testing-library/react-native/src/act.ts:30:25)
      at renderWithAct (node_modules/@testing-library/react-native/src/render-act.ts:13:11)
      at renderInternal (node_modules/@testing-library/react-native/src/render.tsx:69:33)
      at renderInternal (node_modules/@testing-library/react-native/src/render.tsx:44:10)
      at Object.<anonymous> (__test__/components/GuestCounter.test.jsx:57:28)

  ● GuestCounter Component › should have increment and decrement buttons

    Element type is invalid: expected a string (for built-in components) or a class/function (for composite components) but got: undefined. You likely forgot to export your component from the file it's defined in, or you might have mixed up default and named imports.

    Check the render method of `GuestCounter`.

    [0m [90m 67 |[39m
     [90m 68 |[39m   test([32m'should have increment and decrement buttons'[39m[33m,[39m () [33m=>[39m {
    [31m[1m>[22m[39m[90m 69 |[39m     [36mconst[39m { root } [33m=[39m render(
     [90m    |[39m                            [31m[1m^[22m[39m
     [90m 70 |[39m       [33m<[39m[33mGuestCounter[39m 
     [90m 71 |[39m         count[33m=[39m{[35m2[39m} 
     [90m 72 |[39m         onIncrement[33m=[39m{() [33m=>[39m {}} [0m

      at createFiberFromTypeAndProps (node_modules/react-test-renderer/cjs/react-test-renderer.development.js:12185:28)
      at createFiberFromElement (node_modules/react-test-renderer/cjs/react-test-renderer.development.js:12199:14)
      at createChild (node_modules/react-test-renderer/cjs/react-test-renderer.development.js:4475:26)
      at reconcileChildrenArray (node_modules/react-test-renderer/cjs/react-test-renderer.development.js:4805:25)
      at reconcileChildFibersImpl (node_modules/react-test-renderer/cjs/react-test-renderer.development.js:5122:30)
      at node_modules/react-test-renderer/cjs/react-test-renderer.development.js:5227:33
      at reconcileChildren (node_modules/react-test-renderer/cjs/react-test-renderer.development.js:5735:13)
      at beginWork (node_modules/react-test-renderer/cjs/react-test-renderer.development.js:7551:13)
      at runWithFiberInDEV (node_modules/react-test-renderer/cjs/react-test-renderer.development.js:1574:13)
      at performUnitOfWork (node_modules/react-test-renderer/cjs/react-test-renderer.development.js:10972:22)
      at workLoopSync (node_modules/react-test-renderer/cjs/react-test-renderer.development.js:10816:41)
      at renderRootSync (node_modules/react-test-renderer/cjs/react-test-renderer.development.js:10797:11)
      at performWorkOnRoot (node_modules/react-test-renderer/cjs/react-test-renderer.development.js:10384:39)
      at performWorkOnRootViaSchedulerTask (node_modules/react-test-renderer/cjs/react-test-renderer.development.js:2094:7)
      at flushActQueue (node_modules/react/cjs/react.development.js:566:34)
      at Object.<anonymous>.process.env.NODE_ENV.exports.act (node_modules/react/cjs/react.development.js:859:10)
      at actImplementation (node_modules/@testing-library/react-native/src/act.ts:30:25)
      at renderWithAct (node_modules/@testing-library/react-native/src/render-act.ts:13:11)
      at renderInternal (node_modules/@testing-library/react-native/src/render.tsx:69:33)
      at renderInternal (node_modules/@testing-library/react-native/src/render.tsx:44:10)
      at Object.<anonymous> (__test__/components/GuestCounter.test.jsx:69:28)

  ● GuestCounter Component › should maintain count state through prop changes

    Element type is invalid: expected a string (for built-in components) or a class/function (for composite components) but got: undefined. You likely forgot to export your component from the file it's defined in, or you might have mixed up default and named imports.

    Check the render method of `GuestCounter`.

    [0m [90m 78 |[39m
     [90m 79 |[39m   test([32m'should maintain count state through prop changes'[39m[33m,[39m () [33m=>[39m {
    [31m[1m>[22m[39m[90m 80 |[39m     [36mconst[39m { rerender[33m,[39m getByText } [33m=[39m render(
     [90m    |[39m                                           [31m[1m^[22m[39m
     [90m 81 |[39m       [33m<[39m[33mGuestCounter[39m count[33m=[39m{[35m1[39m} onIncrement[33m=[39m{() [33m=>[39m {}} onDecrement[33m=[39m{() [33m=>[39m {}} [33m/[39m[33m>[39m
     [90m 82 |[39m     )[33m;[39m
     [90m 83 |[39m     expect(getByText([32m'1'[39m))[33m.[39mtoBeTruthy()[33m;[39m[0m

      at createFiberFromTypeAndProps (node_modules/react-test-renderer/cjs/react-test-renderer.development.js:12185:28)
      at createFiberFromElement (node_modules/react-test-renderer/cjs/react-test-renderer.development.js:12199:14)
      at createChild (node_modules/react-test-renderer/cjs/react-test-renderer.development.js:4475:26)
      at reconcileChildrenArray (node_modules/react-test-renderer/cjs/react-test-renderer.development.js:4805:25)
      at reconcileChildFibersImpl (node_modules/react-test-renderer/cjs/react-test-renderer.development.js:5122:30)
      at node_modules/react-test-renderer/cjs/react-test-renderer.development.js:5227:33
      at reconcileChildren (node_modules/react-test-renderer/cjs/react-test-renderer.development.js:5735:13)
      at beginWork (node_modules/react-test-renderer/cjs/react-test-renderer.development.js:7551:13)
      at runWithFiberInDEV (node_modules/react-test-renderer/cjs/react-test-renderer.development.js:1574:13)
      at performUnitOfWork (node_modules/react-test-renderer/cjs/react-test-renderer.development.js:10972:22)
      at workLoopSync (node_modules/react-test-renderer/cjs/react-test-renderer.development.js:10816:41)
      at renderRootSync (node_modules/react-test-renderer/cjs/react-test-renderer.development.js:10797:11)
      at performWorkOnRoot (node_modules/react-test-renderer/cjs/react-test-renderer.development.js:10384:39)
      at performWorkOnRootViaSchedulerTask (node_modules/react-test-renderer/cjs/react-test-renderer.development.js:2094:7)
      at flushActQueue (node_modules/react/cjs/react.development.js:566:34)
      at Object.<anonymous>.process.env.NODE_ENV.exports.act (node_modules/react/cjs/react.development.js:859:10)
      at actImplementation (node_modules/@testing-library/react-native/src/act.ts:30:25)
      at renderWithAct (node_modules/@testing-library/react-native/src/render-act.ts:13:11)
      at renderInternal (node_modules/@testing-library/react-native/src/render.tsx:69:33)
      at renderInternal (node_modules/@testing-library/react-native/src/render.tsx:44:10)
      at Object.<anonymous> (__test__/components/GuestCounter.test.jsx:80:43)

  ● GuestCounter Component › should render circular buttons for increment and decrement

    Element type is invalid: expected a string (for built-in components) or a class/function (for composite components) but got: undefined. You likely forgot to export your component from the file it's defined in, or you might have mixed up default and named imports.

    Check the render method of `GuestCounter`.

    [0m [90m  95 |[39m
     [90m  96 |[39m   test([32m'should render circular buttons for increment and decrement'[39m[33m,[39m () [33m=>[39m {
    [31m[1m>[22m[39m[90m  97 |[39m     [36mconst[39m { root } [33m=[39m render(
     [90m     |[39m                            [31m[1m^[22m[39m
     [90m  98 |[39m       [33m<[39m[33mGuestCounter[39m 
     [90m  99 |[39m         count[33m=[39m{[35m2[39m} 
     [90m 100 |[39m         onIncrement[33m=[39m{() [33m=>[39m {}} [0m

      at createFiberFromTypeAndProps (node_modules/react-test-renderer/cjs/react-test-renderer.development.js:12185:28)
      at createFiberFromElement (node_modules/react-test-renderer/cjs/react-test-renderer.development.js:12199:14)
      at createChild (node_modules/react-test-renderer/cjs/react-test-renderer.development.js:4475:26)
      at reconcileChildrenArray (node_modules/react-test-renderer/cjs/react-test-renderer.development.js:4805:25)
      at reconcileChildFibersImpl (node_modules/react-test-renderer/cjs/react-test-renderer.development.js:5122:30)
      at node_modules/react-test-renderer/cjs/react-test-renderer.development.js:5227:33
      at reconcileChildren (node_modules/react-test-renderer/cjs/react-test-renderer.development.js:5735:13)
      at beginWork (node_modules/react-test-renderer/cjs/react-test-renderer.development.js:7551:13)
      at runWithFiberInDEV (node_modules/react-test-renderer/cjs/react-test-renderer.development.js:1574:13)
      at performUnitOfWork (node_modules/react-test-renderer/cjs/react-test-renderer.development.js:10972:22)
      at workLoopSync (node_modules/react-test-renderer/cjs/react-test-renderer.development.js:10816:41)
      at renderRootSync (node_modules/react-test-renderer/cjs/react-test-renderer.development.js:10797:11)
      at performWorkOnRoot (node_modules/react-test-renderer/cjs/react-test-renderer.development.js:10384:39)
      at performWorkOnRootViaSchedulerTask (node_modules/react-test-renderer/cjs/react-test-renderer.development.js:2094:7)
      at flushActQueue (node_modules/react/cjs/react.development.js:566:34)
      at Object.<anonymous>.process.env.NODE_ENV.exports.act (node_modules/react/cjs/react.development.js:859:10)
      at actImplementation (node_modules/@testing-library/react-native/src/act.ts:30:25)
      at renderWithAct (node_modules/@testing-library/react-native/src/render-act.ts:13:11)
      at renderInternal (node_modules/@testing-library/react-native/src/render.tsx:69:33)
      at renderInternal (node_modules/@testing-library/react-native/src/render.tsx:44:10)
      at Object.<anonymous> (__test__/components/GuestCounter.test.jsx:97:28)

  ● GuestCounter Component › should work with controlled component pattern

    Element type is invalid: expected a string (for built-in components) or a class/function (for composite components) but got: undefined. You likely forgot to export your component from the file it's defined in, or you might have mixed up default and named imports.

    Check the render method of `GuestCounter`.

    [0m [90m 109 |[39m     [36mconst[39m mockOnDecrement [33m=[39m jest[33m.[39mfn()[33m;[39m
     [90m 110 |[39m     
    [31m[1m>[22m[39m[90m 111 |[39m     [36mconst[39m { rerender[33m,[39m getByText } [33m=[39m render(
     [90m     |[39m                                           [31m[1m^[22m[39m
     [90m 112 |[39m       [33m<[39m[33mGuestCounter[39m 
     [90m 113 |[39m         count[33m=[39m{[35m2[39m} 
     [90m 114 |[39m         onIncrement[33m=[39m{mockOnIncrement} [0m

      at createFiberFromTypeAndProps (node_modules/react-test-renderer/cjs/react-test-renderer.development.js:12185:28)
      at createFiberFromElement (node_modules/react-test-renderer/cjs/react-test-renderer.development.js:12199:14)
      at createChild (node_modules/react-test-renderer/cjs/react-test-renderer.development.js:4475:26)
      at reconcileChildrenArray (node_modules/react-test-renderer/cjs/react-test-renderer.development.js:4805:25)
      at reconcileChildFibersImpl (node_modules/react-test-renderer/cjs/react-test-renderer.development.js:5122:30)
      at node_modules/react-test-renderer/cjs/react-test-renderer.development.js:5227:33
      at reconcileChildren (node_modules/react-test-renderer/cjs/react-test-renderer.development.js:5735:13)
      at beginWork (node_modules/react-test-renderer/cjs/react-test-renderer.development.js:7551:13)
      at runWithFiberInDEV (node_modules/react-test-renderer/cjs/react-test-renderer.development.js:1574:13)
      at performUnitOfWork (node_modules/react-test-renderer/cjs/react-test-renderer.development.js:10972:22)
      at workLoopSync (node_modules/react-test-renderer/cjs/react-test-renderer.development.js:10816:41)
      at renderRootSync (node_modules/react-test-renderer/cjs/react-test-renderer.development.js:10797:11)
      at performWorkOnRoot (node_modules/react-test-renderer/cjs/react-test-renderer.development.js:10384:39)
      at performWorkOnRootViaSchedulerTask (node_modules/react-test-renderer/cjs/react-test-renderer.development.js:2094:7)
      at flushActQueue (node_modules/react/cjs/react.development.js:566:34)
      at Object.<anonymous>.process.env.NODE_ENV.exports.act (node_modules/react/cjs/react.development.js:859:10)
      at actImplementation (node_modules/@testing-library/react-native/src/act.ts:30:25)
      at renderWithAct (node_modules/@testing-library/react-native/src/render-act.ts:13:11)
      at renderInternal (node_modules/@testing-library/react-native/src/render.tsx:69:33)
      at renderInternal (node_modules/@testing-library/react-native/src/render.tsx:44:10)
      at Object.<anonymous> (__test__/components/GuestCounter.test.jsx:111:43)


Test Suites: 2 failed, 23 passed, 25 total
Tests:       15 failed, 250 passed, 265 total
Snapshots:   0 total
Time:        3.664 s
Ran all test suites.
